Global exception caught: Instance '<User at 0x21a096e9230>' is not persistent within this Session
Traceback (most recent call last):
  File "D:\ControlledCopy\Inidawish\backend\venv\Lib\site-packages\starlette\middleware\errors.py", line 164, in __call__
    await self.app(scope, receive, _send)
  File "D:\ControlledCopy\Inidawish\backend\venv\Lib\site-packages\starlette\middleware\cors.py", line 87, in __call__
    await self.app(scope, receive, send)
  File "D:\ControlledCopy\Inidawish\backend\venv\Lib\site-packages\starlette\middleware\exceptions.py", line 63, in __call__
    await wrap_app_handling_exceptions(self.app, conn)(scope, receive, send)
  File "D:\ControlledCopy\Inidawish\backend\venv\Lib\site-packages\starlette\_exception_handler.py", line 53, in wrapped_app
    raise exc
  File "D:\ControlledCopy\Inidawish\backend\venv\Lib\site-packages\starlette\_exception_handler.py", line 42, in wrapped_app
    await app(scope, receive, sender)
  File "D:\ControlledCopy\Inidawish\backend\venv\Lib\site-packages\fastapi\middleware\asyncexitstack.py", line 18, in __call__
    await self.app(scope, receive, send)
  File "D:\ControlledCopy\Inidawish\backend\venv\Lib\site-packages\starlette\routing.py", line 716, in __call__
    await self.middleware_stack(scope, receive, send)
  File "D:\ControlledCopy\Inidawish\backend\venv\Lib\site-packages\starlette\routing.py", line 736, in app
    await route.handle(scope, receive, send)
  File "D:\ControlledCopy\Inidawish\backend\venv\Lib\site-packages\starlette\routing.py", line 290, in handle
    await self.app(scope, receive, send)
  File "D:\ControlledCopy\Inidawish\backend\venv\Lib\site-packages\fastapi\routing.py", line 122, in app
    await wrap_app_handling_exceptions(app, request)(scope, receive, send)
  File "D:\ControlledCopy\Inidawish\backend\venv\Lib\site-packages\starlette\_exception_handler.py", line 53, in wrapped_app
    raise exc
  File "D:\ControlledCopy\Inidawish\backend\venv\Lib\site-packages\starlette\_exception_handler.py", line 42, in wrapped_app
    await app(scope, receive, sender)
  File "D:\ControlledCopy\Inidawish\backend\venv\Lib\site-packages\fastapi\routing.py", line 108, in app
    response = await f(request)
               ^^^^^^^^^^^^^^^^
  File "D:\ControlledCopy\Inidawish\backend\venv\Lib\site-packages\fastapi\routing.py", line 532, in app
    raw_response = await run_endpoint_function(
                   ^^^^^^^^^^^^^^^^^^^^^^^^^^^^
    ...<3 lines>...
    )
    ^
  File "D:\ControlledCopy\Inidawish\backend\venv\Lib\site-packages\fastapi\routing.py", line 318, in run_endpoint_function
    return await run_in_threadpool(dependant.call, **values)
           ^^^^^^^^^^^^^^^^^^^^^^^^^^^^^^^^^^^^^^^^^^^^^^^^^
  File "D:\ControlledCopy\Inidawish\backend\venv\Lib\site-packages\starlette\concurrency.py", line 32, in run_in_threadpool
    return await anyio.to_thread.run_sync(func)
           ^^^^^^^^^^^^^^^^^^^^^^^^^^^^^^^^^^^^
  File "D:\ControlledCopy\Inidawish\backend\venv\Lib\site-packages\anyio\to_thread.py", line 63, in run_sync
    return await get_async_backend().run_sync_in_worker_thread(
           ^^^^^^^^^^^^^^^^^^^^^^^^^^^^^^^^^^^^^^^^^^^^^^^^^^^^
        func, args, abandon_on_cancel=abandon_on_cancel, limiter=limiter
        ^^^^^^^^^^^^^^^^^^^^^^^^^^^^^^^^^^^^^^^^^^^^^^^^^^^^^^^^^^^^^^^^
    )
    ^
  File "D:\ControlledCopy\Inidawish\backend\venv\Lib\site-packages\anyio\_backends\_asyncio.py", line 2502, in run_sync_in_worker_thread
    return await future
           ^^^^^^^^^^^^
  File "D:\ControlledCopy\Inidawish\backend\venv\Lib\site-packages\anyio\_backends\_asyncio.py", line 986, in run
    result = context.run(func, *args)
  File "D:\ControlledCopy\Inidawish\backend\app\api\endpoints\users.py", line 37, in update_profile
    db.refresh(current_user)
    ~~~~~~~~~~^^^^^^^^^^^^^^
  File "D:\ControlledCopy\Inidawish\backend\venv\Lib\site-packages\sqlalchemy\orm\session.py", line 3133, in refresh
    self._expire_state(state, attribute_names)
    ~~~~~~~~~~~~~~~~~~^^^^^^^^^^^^^^^^^^^^^^^^
  File "D:\ControlledCopy\Inidawish\backend\venv\Lib\site-packages\sqlalchemy\orm\session.py", line 3259, in _expire_state
    self._validate_persistent(state)
    ~~~~~~~~~~~~~~~~~~~~~~~~~^^^^^^^
  File "D:\ControlledCopy\Inidawish\backend\venv\Lib\site-packages\sqlalchemy\orm\session.py", line 4117, in _validate_persistent
    raise sa_exc.InvalidRequestError(
    ...<2 lines>...
    )
sqlalchemy.exc.InvalidRequestError: Instance '<User at 0x21a096e9230>' is not persistent within this Session

Global exception caught: Instance '<User at 0x21a096e97e0>' is not persistent within this Session
Traceback (most recent call last):
  File "D:\ControlledCopy\Inidawish\backend\venv\Lib\site-packages\starlette\middleware\errors.py", line 164, in __call__
    await self.app(scope, receive, _send)
  File "D:\ControlledCopy\Inidawish\backend\venv\Lib\site-packages\starlette\middleware\cors.py", line 87, in __call__
    await self.app(scope, receive, send)
  File "D:\ControlledCopy\Inidawish\backend\venv\Lib\site-packages\starlette\middleware\exceptions.py", line 63, in __call__
    await wrap_app_handling_exceptions(self.app, conn)(scope, receive, send)
  File "D:\ControlledCopy\Inidawish\backend\venv\Lib\site-packages\starlette\_exception_handler.py", line 53, in wrapped_app
    raise exc
  File "D:\ControlledCopy\Inidawish\backend\venv\Lib\site-packages\starlette\_exception_handler.py", line 42, in wrapped_app
    await app(scope, receive, sender)
  File "D:\ControlledCopy\Inidawish\backend\venv\Lib\site-packages\fastapi\middleware\asyncexitstack.py", line 18, in __call__
    await self.app(scope, receive, send)
  File "D:\ControlledCopy\Inidawish\backend\venv\Lib\site-packages\starlette\routing.py", line 716, in __call__
    await self.middleware_stack(scope, receive, send)
  File "D:\ControlledCopy\Inidawish\backend\venv\Lib\site-packages\starlette\routing.py", line 736, in app
    await route.handle(scope, receive, send)
  File "D:\ControlledCopy\Inidawish\backend\venv\Lib\site-packages\starlette\routing.py", line 290, in handle
    await self.app(scope, receive, send)
  File "D:\ControlledCopy\Inidawish\backend\venv\Lib\site-packages\fastapi\routing.py", line 122, in app
    await wrap_app_handling_exceptions(app, request)(scope, receive, send)
  File "D:\ControlledCopy\Inidawish\backend\venv\Lib\site-packages\starlette\_exception_handler.py", line 53, in wrapped_app
    raise exc
  File "D:\ControlledCopy\Inidawish\backend\venv\Lib\site-packages\starlette\_exception_handler.py", line 42, in wrapped_app
    await app(scope, receive, sender)
  File "D:\ControlledCopy\Inidawish\backend\venv\Lib\site-packages\fastapi\routing.py", line 108, in app
    response = await f(request)
               ^^^^^^^^^^^^^^^^
  File "D:\ControlledCopy\Inidawish\backend\venv\Lib\site-packages\fastapi\routing.py", line 532, in app
    raw_response = await run_endpoint_function(
                   ^^^^^^^^^^^^^^^^^^^^^^^^^^^^
    ...<3 lines>...
    )
    ^
  File "D:\ControlledCopy\Inidawish\backend\venv\Lib\site-packages\fastapi\routing.py", line 318, in run_endpoint_function
    return await run_in_threadpool(dependant.call, **values)
           ^^^^^^^^^^^^^^^^^^^^^^^^^^^^^^^^^^^^^^^^^^^^^^^^^
  File "D:\ControlledCopy\Inidawish\backend\venv\Lib\site-packages\starlette\concurrency.py", line 32, in run_in_threadpool
    return await anyio.to_thread.run_sync(func)
           ^^^^^^^^^^^^^^^^^^^^^^^^^^^^^^^^^^^^
  File "D:\ControlledCopy\Inidawish\backend\venv\Lib\site-packages\anyio\to_thread.py", line 63, in run_sync
    return await get_async_backend().run_sync_in_worker_thread(
           ^^^^^^^^^^^^^^^^^^^^^^^^^^^^^^^^^^^^^^^^^^^^^^^^^^^^
        func, args, abandon_on_cancel=abandon_on_cancel, limiter=limiter
        ^^^^^^^^^^^^^^^^^^^^^^^^^^^^^^^^^^^^^^^^^^^^^^^^^^^^^^^^^^^^^^^^
    )
    ^
  File "D:\ControlledCopy\Inidawish\backend\venv\Lib\site-packages\anyio\_backends\_asyncio.py", line 2502, in run_sync_in_worker_thread
    return await future
           ^^^^^^^^^^^^
  File "D:\ControlledCopy\Inidawish\backend\venv\Lib\site-packages\anyio\_backends\_asyncio.py", line 986, in run
    result = context.run(func, *args)
  File "D:\ControlledCopy\Inidawish\backend\app\api\endpoints\users.py", line 37, in update_profile
    db.refresh(current_user)
    ~~~~~~~~~~^^^^^^^^^^^^^^
  File "D:\ControlledCopy\Inidawish\backend\venv\Lib\site-packages\sqlalchemy\orm\session.py", line 3133, in refresh
    self._expire_state(state, attribute_names)
    ~~~~~~~~~~~~~~~~~~^^^^^^^^^^^^^^^^^^^^^^^^
  File "D:\ControlledCopy\Inidawish\backend\venv\Lib\site-packages\sqlalchemy\orm\session.py", line 3259, in _expire_state
    self._validate_persistent(state)
    ~~~~~~~~~~~~~~~~~~~~~~~~~^^^^^^^
  File "D:\ControlledCopy\Inidawish\backend\venv\Lib\site-packages\sqlalchemy\orm\session.py", line 4117, in _validate_persistent
    raise sa_exc.InvalidRequestError(
    ...<2 lines>...
    )
sqlalchemy.exc.InvalidRequestError: Instance '<User at 0x21a096e97e0>' is not persistent within this Session

Global exception caught: Instance '<User at 0x21a036281f0>' is not persistent within this Session
Traceback (most recent call last):
  File "D:\ControlledCopy\Inidawish\backend\venv\Lib\site-packages\starlette\middleware\errors.py", line 164, in __call__
    await self.app(scope, receive, _send)
  File "D:\ControlledCopy\Inidawish\backend\venv\Lib\site-packages\starlette\middleware\cors.py", line 87, in __call__
    await self.app(scope, receive, send)
  File "D:\ControlledCopy\Inidawish\backend\venv\Lib\site-packages\starlette\middleware\exceptions.py", line 63, in __call__
    await wrap_app_handling_exceptions(self.app, conn)(scope, receive, send)
  File "D:\ControlledCopy\Inidawish\backend\venv\Lib\site-packages\starlette\_exception_handler.py", line 53, in wrapped_app
    raise exc
  File "D:\ControlledCopy\Inidawish\backend\venv\Lib\site-packages\starlette\_exception_handler.py", line 42, in wrapped_app
    await app(scope, receive, sender)
  File "D:\ControlledCopy\Inidawish\backend\venv\Lib\site-packages\fastapi\middleware\asyncexitstack.py", line 18, in __call__
    await self.app(scope, receive, send)
  File "D:\ControlledCopy\Inidawish\backend\venv\Lib\site-packages\starlette\routing.py", line 716, in __call__
    await self.middleware_stack(scope, receive, send)
  File "D:\ControlledCopy\Inidawish\backend\venv\Lib\site-packages\starlette\routing.py", line 736, in app
    await route.handle(scope, receive, send)
  File "D:\ControlledCopy\Inidawish\backend\venv\Lib\site-packages\starlette\routing.py", line 290, in handle
    await self.app(scope, receive, send)
  File "D:\ControlledCopy\Inidawish\backend\venv\Lib\site-packages\fastapi\routing.py", line 122, in app
    await wrap_app_handling_exceptions(app, request)(scope, receive, send)
  File "D:\ControlledCopy\Inidawish\backend\venv\Lib\site-packages\starlette\_exception_handler.py", line 53, in wrapped_app
    raise exc
  File "D:\ControlledCopy\Inidawish\backend\venv\Lib\site-packages\starlette\_exception_handler.py", line 42, in wrapped_app
    await app(scope, receive, sender)
  File "D:\ControlledCopy\Inidawish\backend\venv\Lib\site-packages\fastapi\routing.py", line 108, in app
    response = await f(request)
               ^^^^^^^^^^^^^^^^
  File "D:\ControlledCopy\Inidawish\backend\venv\Lib\site-packages\fastapi\routing.py", line 532, in app
    raw_response = await run_endpoint_function(
                   ^^^^^^^^^^^^^^^^^^^^^^^^^^^^
    ...<3 lines>...
    )
    ^
  File "D:\ControlledCopy\Inidawish\backend\venv\Lib\site-packages\fastapi\routing.py", line 318, in run_endpoint_function
    return await run_in_threadpool(dependant.call, **values)
           ^^^^^^^^^^^^^^^^^^^^^^^^^^^^^^^^^^^^^^^^^^^^^^^^^
  File "D:\ControlledCopy\Inidawish\backend\venv\Lib\site-packages\starlette\concurrency.py", line 32, in run_in_threadpool
    return await anyio.to_thread.run_sync(func)
           ^^^^^^^^^^^^^^^^^^^^^^^^^^^^^^^^^^^^
  File "D:\ControlledCopy\Inidawish\backend\venv\Lib\site-packages\anyio\to_thread.py", line 63, in run_sync
    return await get_async_backend().run_sync_in_worker_thread(
           ^^^^^^^^^^^^^^^^^^^^^^^^^^^^^^^^^^^^^^^^^^^^^^^^^^^^
        func, args, abandon_on_cancel=abandon_on_cancel, limiter=limiter
        ^^^^^^^^^^^^^^^^^^^^^^^^^^^^^^^^^^^^^^^^^^^^^^^^^^^^^^^^^^^^^^^^
    )
    ^
  File "D:\ControlledCopy\Inidawish\backend\venv\Lib\site-packages\anyio\_backends\_asyncio.py", line 2502, in run_sync_in_worker_thread
    return await future
           ^^^^^^^^^^^^
  File "D:\ControlledCopy\Inidawish\backend\venv\Lib\site-packages\anyio\_backends\_asyncio.py", line 986, in run
    result = context.run(func, *args)
  File "D:\ControlledCopy\Inidawish\backend\app\api\endpoints\users.py", line 58, in toggle_elite
    db.refresh(current_user)
    ~~~~~~~~~~^^^^^^^^^^^^^^
  File "D:\ControlledCopy\Inidawish\backend\venv\Lib\site-packages\sqlalchemy\orm\session.py", line 3133, in refresh
    self._expire_state(state, attribute_names)
    ~~~~~~~~~~~~~~~~~~^^^^^^^^^^^^^^^^^^^^^^^^
  File "D:\ControlledCopy\Inidawish\backend\venv\Lib\site-packages\sqlalchemy\orm\session.py", line 3259, in _expire_state
    self._validate_persistent(state)
    ~~~~~~~~~~~~~~~~~~~~~~~~~^^^^^^^
  File "D:\ControlledCopy\Inidawish\backend\venv\Lib\site-packages\sqlalchemy\orm\session.py", line 4117, in _validate_persistent
    raise sa_exc.InvalidRequestError(
    ...<2 lines>...
    )
sqlalchemy.exc.InvalidRequestError: Instance '<User at 0x21a036281f0>' is not persistent within this Session

Global exception caught: Instance '<User at 0x21a09cd8fc0>' is not persistent within this Session
Traceback (most recent call last):
  File "D:\ControlledCopy\Inidawish\backend\venv\Lib\site-packages\starlette\middleware\errors.py", line 164, in __call__
    await self.app(scope, receive, _send)
  File "D:\ControlledCopy\Inidawish\backend\venv\Lib\site-packages\starlette\middleware\cors.py", line 87, in __call__
    await self.app(scope, receive, send)
  File "D:\ControlledCopy\Inidawish\backend\venv\Lib\site-packages\starlette\middleware\exceptions.py", line 63, in __call__
    await wrap_app_handling_exceptions(self.app, conn)(scope, receive, send)
  File "D:\ControlledCopy\Inidawish\backend\venv\Lib\site-packages\starlette\_exception_handler.py", line 53, in wrapped_app
    raise exc
  File "D:\ControlledCopy\Inidawish\backend\venv\Lib\site-packages\starlette\_exception_handler.py", line 42, in wrapped_app
    await app(scope, receive, sender)
  File "D:\ControlledCopy\Inidawish\backend\venv\Lib\site-packages\fastapi\middleware\asyncexitstack.py", line 18, in __call__
    await self.app(scope, receive, send)
  File "D:\ControlledCopy\Inidawish\backend\venv\Lib\site-packages\starlette\routing.py", line 716, in __call__
    await self.middleware_stack(scope, receive, send)
  File "D:\ControlledCopy\Inidawish\backend\venv\Lib\site-packages\starlette\routing.py", line 736, in app
    await route.handle(scope, receive, send)
  File "D:\ControlledCopy\Inidawish\backend\venv\Lib\site-packages\starlette\routing.py", line 290, in handle
    await self.app(scope, receive, send)
  File "D:\ControlledCopy\Inidawish\backend\venv\Lib\site-packages\fastapi\routing.py", line 122, in app
    await wrap_app_handling_exceptions(app, request)(scope, receive, send)
  File "D:\ControlledCopy\Inidawish\backend\venv\Lib\site-packages\starlette\_exception_handler.py", line 53, in wrapped_app
    raise exc
  File "D:\ControlledCopy\Inidawish\backend\venv\Lib\site-packages\starlette\_exception_handler.py", line 42, in wrapped_app
    await app(scope, receive, sender)
  File "D:\ControlledCopy\Inidawish\backend\venv\Lib\site-packages\fastapi\routing.py", line 108, in app
    response = await f(request)
               ^^^^^^^^^^^^^^^^
  File "D:\ControlledCopy\Inidawish\backend\venv\Lib\site-packages\fastapi\routing.py", line 532, in app
    raw_response = await run_endpoint_function(
                   ^^^^^^^^^^^^^^^^^^^^^^^^^^^^
    ...<3 lines>...
    )
    ^
  File "D:\ControlledCopy\Inidawish\backend\venv\Lib\site-packages\fastapi\routing.py", line 318, in run_endpoint_function
    return await run_in_threadpool(dependant.call, **values)
           ^^^^^^^^^^^^^^^^^^^^^^^^^^^^^^^^^^^^^^^^^^^^^^^^^
  File "D:\ControlledCopy\Inidawish\backend\venv\Lib\site-packages\starlette\concurrency.py", line 32, in run_in_threadpool
    return await anyio.to_thread.run_sync(func)
           ^^^^^^^^^^^^^^^^^^^^^^^^^^^^^^^^^^^^
  File "D:\ControlledCopy\Inidawish\backend\venv\Lib\site-packages\anyio\to_thread.py", line 63, in run_sync
    return await get_async_backend().run_sync_in_worker_thread(
           ^^^^^^^^^^^^^^^^^^^^^^^^^^^^^^^^^^^^^^^^^^^^^^^^^^^^
        func, args, abandon_on_cancel=abandon_on_cancel, limiter=limiter
        ^^^^^^^^^^^^^^^^^^^^^^^^^^^^^^^^^^^^^^^^^^^^^^^^^^^^^^^^^^^^^^^^
    )
    ^
  File "D:\ControlledCopy\Inidawish\backend\venv\Lib\site-packages\anyio\_backends\_asyncio.py", line 2502, in run_sync_in_worker_thread
    return await future
           ^^^^^^^^^^^^
  File "D:\ControlledCopy\Inidawish\backend\venv\Lib\site-packages\anyio\_backends\_asyncio.py", line 986, in run
    result = context.run(func, *args)
  File "D:\ControlledCopy\Inidawish\backend\app\api\endpoints\users.py", line 58, in toggle_elite
    db.refresh(current_user)
    ~~~~~~~~~~^^^^^^^^^^^^^^
  File "D:\ControlledCopy\Inidawish\backend\venv\Lib\site-packages\sqlalchemy\orm\session.py", line 3133, in refresh
    self._expire_state(state, attribute_names)
    ~~~~~~~~~~~~~~~~~~^^^^^^^^^^^^^^^^^^^^^^^^
  File "D:\ControlledCopy\Inidawish\backend\venv\Lib\site-packages\sqlalchemy\orm\session.py", line 3259, in _expire_state
    self._validate_persistent(state)
    ~~~~~~~~~~~~~~~~~~~~~~~~~^^^^^^^
  File "D:\ControlledCopy\Inidawish\backend\venv\Lib\site-packages\sqlalchemy\orm\session.py", line 4117, in _validate_persistent
    raise sa_exc.InvalidRequestError(
    ...<2 lines>...
    )
sqlalchemy.exc.InvalidRequestError: Instance '<User at 0x21a09cd8fc0>' is not persistent within this Session

Global exception caught: Instance '<User at 0x21a09cd8bb0>' is not persistent within this Session
Traceback (most recent call last):
  File "D:\ControlledCopy\Inidawish\backend\venv\Lib\site-packages\starlette\middleware\errors.py", line 164, in __call__
    await self.app(scope, receive, _send)
  File "D:\ControlledCopy\Inidawish\backend\venv\Lib\site-packages\starlette\middleware\cors.py", line 87, in __call__
    await self.app(scope, receive, send)
  File "D:\ControlledCopy\Inidawish\backend\venv\Lib\site-packages\starlette\middleware\exceptions.py", line 63, in __call__
    await wrap_app_handling_exceptions(self.app, conn)(scope, receive, send)
  File "D:\ControlledCopy\Inidawish\backend\venv\Lib\site-packages\starlette\_exception_handler.py", line 53, in wrapped_app
    raise exc
  File "D:\ControlledCopy\Inidawish\backend\venv\Lib\site-packages\starlette\_exception_handler.py", line 42, in wrapped_app
    await app(scope, receive, sender)
  File "D:\ControlledCopy\Inidawish\backend\venv\Lib\site-packages\fastapi\middleware\asyncexitstack.py", line 18, in __call__
    await self.app(scope, receive, send)
  File "D:\ControlledCopy\Inidawish\backend\venv\Lib\site-packages\starlette\routing.py", line 716, in __call__
    await self.middleware_stack(scope, receive, send)
  File "D:\ControlledCopy\Inidawish\backend\venv\Lib\site-packages\starlette\routing.py", line 736, in app
    await route.handle(scope, receive, send)
  File "D:\ControlledCopy\Inidawish\backend\venv\Lib\site-packages\starlette\routing.py", line 290, in handle
    await self.app(scope, receive, send)
  File "D:\ControlledCopy\Inidawish\backend\venv\Lib\site-packages\fastapi\routing.py", line 122, in app
    await wrap_app_handling_exceptions(app, request)(scope, receive, send)
  File "D:\ControlledCopy\Inidawish\backend\venv\Lib\site-packages\starlette\_exception_handler.py", line 53, in wrapped_app
    raise exc
  File "D:\ControlledCopy\Inidawish\backend\venv\Lib\site-packages\starlette\_exception_handler.py", line 42, in wrapped_app
    await app(scope, receive, sender)
  File "D:\ControlledCopy\Inidawish\backend\venv\Lib\site-packages\fastapi\routing.py", line 108, in app
    response = await f(request)
               ^^^^^^^^^^^^^^^^
  File "D:\ControlledCopy\Inidawish\backend\venv\Lib\site-packages\fastapi\routing.py", line 532, in app
    raw_response = await run_endpoint_function(
                   ^^^^^^^^^^^^^^^^^^^^^^^^^^^^
    ...<3 lines>...
    )
    ^
  File "D:\ControlledCopy\Inidawish\backend\venv\Lib\site-packages\fastapi\routing.py", line 318, in run_endpoint_function
    return await run_in_threadpool(dependant.call, **values)
           ^^^^^^^^^^^^^^^^^^^^^^^^^^^^^^^^^^^^^^^^^^^^^^^^^
  File "D:\ControlledCopy\Inidawish\backend\venv\Lib\site-packages\starlette\concurrency.py", line 32, in run_in_threadpool
    return await anyio.to_thread.run_sync(func)
           ^^^^^^^^^^^^^^^^^^^^^^^^^^^^^^^^^^^^
  File "D:\ControlledCopy\Inidawish\backend\venv\Lib\site-packages\anyio\to_thread.py", line 63, in run_sync
    return await get_async_backend().run_sync_in_worker_thread(
           ^^^^^^^^^^^^^^^^^^^^^^^^^^^^^^^^^^^^^^^^^^^^^^^^^^^^
        func, args, abandon_on_cancel=abandon_on_cancel, limiter=limiter
        ^^^^^^^^^^^^^^^^^^^^^^^^^^^^^^^^^^^^^^^^^^^^^^^^^^^^^^^^^^^^^^^^
    )
    ^
  File "D:\ControlledCopy\Inidawish\backend\venv\Lib\site-packages\anyio\_backends\_asyncio.py", line 2502, in run_sync_in_worker_thread
    return await future
           ^^^^^^^^^^^^
  File "D:\ControlledCopy\Inidawish\backend\venv\Lib\site-packages\anyio\_backends\_asyncio.py", line 986, in run
    result = context.run(func, *args)
  File "D:\ControlledCopy\Inidawish\backend\app\api\endpoints\users.py", line 58, in toggle_elite
    db.refresh(current_user)
    ~~~~~~~~~~^^^^^^^^^^^^^^
  File "D:\ControlledCopy\Inidawish\backend\venv\Lib\site-packages\sqlalchemy\orm\session.py", line 3133, in refresh
    self._expire_state(state, attribute_names)
    ~~~~~~~~~~~~~~~~~~^^^^^^^^^^^^^^^^^^^^^^^^
  File "D:\ControlledCopy\Inidawish\backend\venv\Lib\site-packages\sqlalchemy\orm\session.py", line 3259, in _expire_state
    self._validate_persistent(state)
    ~~~~~~~~~~~~~~~~~~~~~~~~~^^^^^^^
  File "D:\ControlledCopy\Inidawish\backend\venv\Lib\site-packages\sqlalchemy\orm\session.py", line 4117, in _validate_persistent
    raise sa_exc.InvalidRequestError(
    ...<2 lines>...
    )
sqlalchemy.exc.InvalidRequestError: Instance '<User at 0x21a09cd8bb0>' is not persistent within this Session

Global exception caught: Instance '<User at 0x21a036281f0>' is not persistent within this Session
Traceback (most recent call last):
  File "D:\ControlledCopy\Inidawish\backend\venv\Lib\site-packages\starlette\middleware\errors.py", line 164, in __call__
    await self.app(scope, receive, _send)
  File "D:\ControlledCopy\Inidawish\backend\venv\Lib\site-packages\starlette\middleware\cors.py", line 87, in __call__
    await self.app(scope, receive, send)
  File "D:\ControlledCopy\Inidawish\backend\venv\Lib\site-packages\starlette\middleware\exceptions.py", line 63, in __call__
    await wrap_app_handling_exceptions(self.app, conn)(scope, receive, send)
  File "D:\ControlledCopy\Inidawish\backend\venv\Lib\site-packages\starlette\_exception_handler.py", line 53, in wrapped_app
    raise exc
  File "D:\ControlledCopy\Inidawish\backend\venv\Lib\site-packages\starlette\_exception_handler.py", line 42, in wrapped_app
    await app(scope, receive, sender)
  File "D:\ControlledCopy\Inidawish\backend\venv\Lib\site-packages\fastapi\middleware\asyncexitstack.py", line 18, in __call__
    await self.app(scope, receive, send)
  File "D:\ControlledCopy\Inidawish\backend\venv\Lib\site-packages\starlette\routing.py", line 716, in __call__
    await self.middleware_stack(scope, receive, send)
  File "D:\ControlledCopy\Inidawish\backend\venv\Lib\site-packages\starlette\routing.py", line 736, in app
    await route.handle(scope, receive, send)
  File "D:\ControlledCopy\Inidawish\backend\venv\Lib\site-packages\starlette\routing.py", line 290, in handle
    await self.app(scope, receive, send)
  File "D:\ControlledCopy\Inidawish\backend\venv\Lib\site-packages\fastapi\routing.py", line 122, in app
    await wrap_app_handling_exceptions(app, request)(scope, receive, send)
  File "D:\ControlledCopy\Inidawish\backend\venv\Lib\site-packages\starlette\_exception_handler.py", line 53, in wrapped_app
    raise exc
  File "D:\ControlledCopy\Inidawish\backend\venv\Lib\site-packages\starlette\_exception_handler.py", line 42, in wrapped_app
    await app(scope, receive, sender)
  File "D:\ControlledCopy\Inidawish\backend\venv\Lib\site-packages\fastapi\routing.py", line 108, in app
    response = await f(request)
               ^^^^^^^^^^^^^^^^
  File "D:\ControlledCopy\Inidawish\backend\venv\Lib\site-packages\fastapi\routing.py", line 532, in app
    raw_response = await run_endpoint_function(
                   ^^^^^^^^^^^^^^^^^^^^^^^^^^^^
    ...<3 lines>...
    )
    ^
  File "D:\ControlledCopy\Inidawish\backend\venv\Lib\site-packages\fastapi\routing.py", line 318, in run_endpoint_function
    return await run_in_threadpool(dependant.call, **values)
           ^^^^^^^^^^^^^^^^^^^^^^^^^^^^^^^^^^^^^^^^^^^^^^^^^
  File "D:\ControlledCopy\Inidawish\backend\venv\Lib\site-packages\starlette\concurrency.py", line 32, in run_in_threadpool
    return await anyio.to_thread.run_sync(func)
           ^^^^^^^^^^^^^^^^^^^^^^^^^^^^^^^^^^^^
  File "D:\ControlledCopy\Inidawish\backend\venv\Lib\site-packages\anyio\to_thread.py", line 63, in run_sync
    return await get_async_backend().run_sync_in_worker_thread(
           ^^^^^^^^^^^^^^^^^^^^^^^^^^^^^^^^^^^^^^^^^^^^^^^^^^^^
        func, args, abandon_on_cancel=abandon_on_cancel, limiter=limiter
        ^^^^^^^^^^^^^^^^^^^^^^^^^^^^^^^^^^^^^^^^^^^^^^^^^^^^^^^^^^^^^^^^
    )
    ^
  File "D:\ControlledCopy\Inidawish\backend\venv\Lib\site-packages\anyio\_backends\_asyncio.py", line 2502, in run_sync_in_worker_thread
    return await future
           ^^^^^^^^^^^^
  File "D:\ControlledCopy\Inidawish\backend\venv\Lib\site-packages\anyio\_backends\_asyncio.py", line 986, in run
    result = context.run(func, *args)
  File "D:\ControlledCopy\Inidawish\backend\app\api\endpoints\users.py", line 37, in update_profile
    db.refresh(current_user)
    ~~~~~~~~~~^^^^^^^^^^^^^^
  File "D:\ControlledCopy\Inidawish\backend\venv\Lib\site-packages\sqlalchemy\orm\session.py", line 3133, in refresh
    self._expire_state(state, attribute_names)
    ~~~~~~~~~~~~~~~~~~^^^^^^^^^^^^^^^^^^^^^^^^
  File "D:\ControlledCopy\Inidawish\backend\venv\Lib\site-packages\sqlalchemy\orm\session.py", line 3259, in _expire_state
    self._validate_persistent(state)
    ~~~~~~~~~~~~~~~~~~~~~~~~~^^^^^^^
  File "D:\ControlledCopy\Inidawish\backend\venv\Lib\site-packages\sqlalchemy\orm\session.py", line 4117, in _validate_persistent
    raise sa_exc.InvalidRequestError(
    ...<2 lines>...
    )
sqlalchemy.exc.InvalidRequestError: Instance '<User at 0x21a036281f0>' is not persistent within this Session

Global exception caught: Instance '<User at 0x21a09cdb110>' is not persistent within this Session
Traceback (most recent call last):
  File "D:\ControlledCopy\Inidawish\backend\venv\Lib\site-packages\starlette\middleware\errors.py", line 164, in __call__
    await self.app(scope, receive, _send)
  File "D:\ControlledCopy\Inidawish\backend\venv\Lib\site-packages\starlette\middleware\cors.py", line 87, in __call__
    await self.app(scope, receive, send)
  File "D:\ControlledCopy\Inidawish\backend\venv\Lib\site-packages\starlette\middleware\exceptions.py", line 63, in __call__
    await wrap_app_handling_exceptions(self.app, conn)(scope, receive, send)
  File "D:\ControlledCopy\Inidawish\backend\venv\Lib\site-packages\starlette\_exception_handler.py", line 53, in wrapped_app
    raise exc
  File "D:\ControlledCopy\Inidawish\backend\venv\Lib\site-packages\starlette\_exception_handler.py", line 42, in wrapped_app
    await app(scope, receive, sender)
  File "D:\ControlledCopy\Inidawish\backend\venv\Lib\site-packages\fastapi\middleware\asyncexitstack.py", line 18, in __call__
    await self.app(scope, receive, send)
  File "D:\ControlledCopy\Inidawish\backend\venv\Lib\site-packages\starlette\routing.py", line 716, in __call__
    await self.middleware_stack(scope, receive, send)
  File "D:\ControlledCopy\Inidawish\backend\venv\Lib\site-packages\starlette\routing.py", line 736, in app
    await route.handle(scope, receive, send)
  File "D:\ControlledCopy\Inidawish\backend\venv\Lib\site-packages\starlette\routing.py", line 290, in handle
    await self.app(scope, receive, send)
  File "D:\ControlledCopy\Inidawish\backend\venv\Lib\site-packages\fastapi\routing.py", line 122, in app
    await wrap_app_handling_exceptions(app, request)(scope, receive, send)
  File "D:\ControlledCopy\Inidawish\backend\venv\Lib\site-packages\starlette\_exception_handler.py", line 53, in wrapped_app
    raise exc
  File "D:\ControlledCopy\Inidawish\backend\venv\Lib\site-packages\starlette\_exception_handler.py", line 42, in wrapped_app
    await app(scope, receive, sender)
  File "D:\ControlledCopy\Inidawish\backend\venv\Lib\site-packages\fastapi\routing.py", line 108, in app
    response = await f(request)
               ^^^^^^^^^^^^^^^^
  File "D:\ControlledCopy\Inidawish\backend\venv\Lib\site-packages\fastapi\routing.py", line 532, in app
    raw_response = await run_endpoint_function(
                   ^^^^^^^^^^^^^^^^^^^^^^^^^^^^
    ...<3 lines>...
    )
    ^
  File "D:\ControlledCopy\Inidawish\backend\venv\Lib\site-packages\fastapi\routing.py", line 318, in run_endpoint_function
    return await run_in_threadpool(dependant.call, **values)
           ^^^^^^^^^^^^^^^^^^^^^^^^^^^^^^^^^^^^^^^^^^^^^^^^^
  File "D:\ControlledCopy\Inidawish\backend\venv\Lib\site-packages\starlette\concurrency.py", line 32, in run_in_threadpool
    return await anyio.to_thread.run_sync(func)
           ^^^^^^^^^^^^^^^^^^^^^^^^^^^^^^^^^^^^
  File "D:\ControlledCopy\Inidawish\backend\venv\Lib\site-packages\anyio\to_thread.py", line 63, in run_sync
    return await get_async_backend().run_sync_in_worker_thread(
           ^^^^^^^^^^^^^^^^^^^^^^^^^^^^^^^^^^^^^^^^^^^^^^^^^^^^
        func, args, abandon_on_cancel=abandon_on_cancel, limiter=limiter
        ^^^^^^^^^^^^^^^^^^^^^^^^^^^^^^^^^^^^^^^^^^^^^^^^^^^^^^^^^^^^^^^^
    )
    ^
  File "D:\ControlledCopy\Inidawish\backend\venv\Lib\site-packages\anyio\_backends\_asyncio.py", line 2502, in run_sync_in_worker_thread
    return await future
           ^^^^^^^^^^^^
  File "D:\ControlledCopy\Inidawish\backend\venv\Lib\site-packages\anyio\_backends\_asyncio.py", line 986, in run
    result = context.run(func, *args)
  File "D:\ControlledCopy\Inidawish\backend\app\api\endpoints\users.py", line 37, in update_profile
    db.refresh(current_user)
    ~~~~~~~~~~^^^^^^^^^^^^^^
  File "D:\ControlledCopy\Inidawish\backend\venv\Lib\site-packages\sqlalchemy\orm\session.py", line 3133, in refresh
    self._expire_state(state, attribute_names)
    ~~~~~~~~~~~~~~~~~~^^^^^^^^^^^^^^^^^^^^^^^^
  File "D:\ControlledCopy\Inidawish\backend\venv\Lib\site-packages\sqlalchemy\orm\session.py", line 3259, in _expire_state
    self._validate_persistent(state)
    ~~~~~~~~~~~~~~~~~~~~~~~~~^^^^^^^
  File "D:\ControlledCopy\Inidawish\backend\venv\Lib\site-packages\sqlalchemy\orm\session.py", line 4117, in _validate_persistent
    raise sa_exc.InvalidRequestError(
    ...<2 lines>...
    )
sqlalchemy.exc.InvalidRequestError: Instance '<User at 0x21a09cdb110>' is not persistent within this Session

Global exception caught: (psycopg2.OperationalError) server closed the connection unexpectedly
	This probably means the server terminated abnormally
	before or while processing the request.

[SQL: SELECT listings.id AS listings_id, listings.title AS listings_title, listings.description AS listings_description, listings.price AS listings_price, listings.status AS listings_status, listings.images AS listings_images, listings.active_status AS listings_active_status, listings.category_id AS listings_category_id, listings.subcategory AS listings_subcategory, listings.subcategory_id AS listings_subcategory_id, listings.location AS listings_location, listings.user_id AS listings_user_id, listings.created_at AS listings_created_at, listings.updated_at AS listings_updated_at 
FROM listings 
WHERE listings.status = %(status_1)s AND listings.active_status = true]
[parameters: {'status_1': 'Active'}]
(Background on this error at: https://sqlalche.me/e/20/e3q8)
Traceback (most recent call last):
  File "D:\ControlledCopy\Inidawish\backend\venv\Lib\site-packages\sqlalchemy\engine\base.py", line 1967, in _exec_single_context
    self.dialect.do_execute(
    ~~~~~~~~~~~~~~~~~~~~~~~^
        cursor, str_statement, effective_parameters, context
        ^^^^^^^^^^^^^^^^^^^^^^^^^^^^^^^^^^^^^^^^^^^^^^^^^^^^
    )
    ^
  File "D:\ControlledCopy\Inidawish\backend\venv\Lib\site-packages\sqlalchemy\engine\default.py", line 952, in do_execute
    cursor.execute(statement, parameters)
    ~~~~~~~~~~~~~~^^^^^^^^^^^^^^^^^^^^^^^
psycopg2.OperationalError: server closed the connection unexpectedly
	This probably means the server terminated abnormally
	before or while processing the request.


The above exception was the direct cause of the following exception:

Traceback (most recent call last):
  File "D:\ControlledCopy\Inidawish\backend\venv\Lib\site-packages\starlette\middleware\errors.py", line 164, in __call__
    await self.app(scope, receive, _send)
  File "D:\ControlledCopy\Inidawish\backend\venv\Lib\site-packages\starlette\middleware\cors.py", line 95, in __call__
    await self.simple_response(scope, receive, send, request_headers=headers)
  File "D:\ControlledCopy\Inidawish\backend\venv\Lib\site-packages\starlette\middleware\cors.py", line 153, in simple_response
    await self.app(scope, receive, send)
  File "D:\ControlledCopy\Inidawish\backend\venv\Lib\site-packages\starlette\middleware\exceptions.py", line 63, in __call__
    await wrap_app_handling_exceptions(self.app, conn)(scope, receive, send)
  File "D:\ControlledCopy\Inidawish\backend\venv\Lib\site-packages\starlette\_exception_handler.py", line 53, in wrapped_app
    raise exc
  File "D:\ControlledCopy\Inidawish\backend\venv\Lib\site-packages\starlette\_exception_handler.py", line 42, in wrapped_app
    await app(scope, receive, sender)
  File "D:\ControlledCopy\Inidawish\backend\venv\Lib\site-packages\fastapi\middleware\asyncexitstack.py", line 18, in __call__
    await self.app(scope, receive, send)
  File "D:\ControlledCopy\Inidawish\backend\venv\Lib\site-packages\starlette\routing.py", line 716, in __call__
    await self.middleware_stack(scope, receive, send)
  File "D:\ControlledCopy\Inidawish\backend\venv\Lib\site-packages\starlette\routing.py", line 736, in app
    await route.handle(scope, receive, send)
  File "D:\ControlledCopy\Inidawish\backend\venv\Lib\site-packages\starlette\routing.py", line 290, in handle
    await self.app(scope, receive, send)
  File "D:\ControlledCopy\Inidawish\backend\venv\Lib\site-packages\fastapi\routing.py", line 122, in app
    await wrap_app_handling_exceptions(app, request)(scope, receive, send)
  File "D:\ControlledCopy\Inidawish\backend\venv\Lib\site-packages\starlette\_exception_handler.py", line 53, in wrapped_app
    raise exc
  File "D:\ControlledCopy\Inidawish\backend\venv\Lib\site-packages\starlette\_exception_handler.py", line 42, in wrapped_app
    await app(scope, receive, sender)
  File "D:\ControlledCopy\Inidawish\backend\venv\Lib\site-packages\fastapi\routing.py", line 108, in app
    response = await f(request)
               ^^^^^^^^^^^^^^^^
  File "D:\ControlledCopy\Inidawish\backend\venv\Lib\site-packages\fastapi\routing.py", line 532, in app
    raw_response = await run_endpoint_function(
                   ^^^^^^^^^^^^^^^^^^^^^^^^^^^^
    ...<3 lines>...
    )
    ^
  File "D:\ControlledCopy\Inidawish\backend\venv\Lib\site-packages\fastapi\routing.py", line 318, in run_endpoint_function
    return await run_in_threadpool(dependant.call, **values)
           ^^^^^^^^^^^^^^^^^^^^^^^^^^^^^^^^^^^^^^^^^^^^^^^^^
  File "D:\ControlledCopy\Inidawish\backend\venv\Lib\site-packages\starlette\concurrency.py", line 32, in run_in_threadpool
    return await anyio.to_thread.run_sync(func)
           ^^^^^^^^^^^^^^^^^^^^^^^^^^^^^^^^^^^^
  File "D:\ControlledCopy\Inidawish\backend\venv\Lib\site-packages\anyio\to_thread.py", line 63, in run_sync
    return await get_async_backend().run_sync_in_worker_thread(
           ^^^^^^^^^^^^^^^^^^^^^^^^^^^^^^^^^^^^^^^^^^^^^^^^^^^^
        func, args, abandon_on_cancel=abandon_on_cancel, limiter=limiter
        ^^^^^^^^^^^^^^^^^^^^^^^^^^^^^^^^^^^^^^^^^^^^^^^^^^^^^^^^^^^^^^^^
    )
    ^
  File "D:\ControlledCopy\Inidawish\backend\venv\Lib\site-packages\anyio\_backends\_asyncio.py", line 2502, in run_sync_in_worker_thread
    return await future
           ^^^^^^^^^^^^
  File "D:\ControlledCopy\Inidawish\backend\venv\Lib\site-packages\anyio\_backends\_asyncio.py", line 986, in run
    result = context.run(func, *args)
  File "D:\ControlledCopy\Inidawish\backend\app\api\endpoints\marketplace.py", line 26, in get_listings
    listings = db.query(Listing).filter(Listing.status == "Active", Listing.active_status == True).all()
  File "D:\ControlledCopy\Inidawish\backend\venv\Lib\site-packages\sqlalchemy\orm\query.py", line 2704, in all
    return self._iter().all()  # type: ignore
           ~~~~~~~~~~^^
  File "D:\ControlledCopy\Inidawish\backend\venv\Lib\site-packages\sqlalchemy\orm\query.py", line 2857, in _iter
    result: Union[ScalarResult[_T], Result[_T]] = self.session.execute(
                                                  ~~~~~~~~~~~~~~~~~~~~^
        statement,
        ^^^^^^^^^^
        params,
        ^^^^^^^
        execution_options={"_sa_orm_load_options": self.load_options},
        ^^^^^^^^^^^^^^^^^^^^^^^^^^^^^^^^^^^^^^^^^^^^^^^^^^^^^^^^^^^^^^
    )
    ^
  File "D:\ControlledCopy\Inidawish\backend\venv\Lib\site-packages\sqlalchemy\orm\session.py", line 2351, in execute
    return self._execute_internal(
           ~~~~~~~~~~~~~~~~~~~~~~^
        statement,
        ^^^^^^^^^^
    ...<4 lines>...
        _add_event=_add_event,
        ^^^^^^^^^^^^^^^^^^^^^^
    )
    ^
  File "D:\ControlledCopy\Inidawish\backend\venv\Lib\site-packages\sqlalchemy\orm\session.py", line 2249, in _execute_internal
    result: Result[Any] = compile_state_cls.orm_execute_statement(
                          ~~~~~~~~~~~~~~~~~~~~~~~~~~~~~~~~~~~~~~~^
        self,
        ^^^^^
    ...<4 lines>...
        conn,
        ^^^^^
    )
    ^
  File "D:\ControlledCopy\Inidawish\backend\venv\Lib\site-packages\sqlalchemy\orm\context.py", line 306, in orm_execute_statement
    result = conn.execute(
        statement, params or {}, execution_options=execution_options
    )
  File "D:\ControlledCopy\Inidawish\backend\venv\Lib\site-packages\sqlalchemy\engine\base.py", line 1419, in execute
    return meth(
        self,
        distilled_parameters,
        execution_options or NO_OPTIONS,
    )
  File "D:\ControlledCopy\Inidawish\backend\venv\Lib\site-packages\sqlalchemy\sql\elements.py", line 527, in _execute_on_connection
    return connection._execute_clauseelement(
           ~~~~~~~~~~~~~~~~~~~~~~~~~~~~~~~~~^
        self, distilled_params, execution_options
        ^^^^^^^^^^^^^^^^^^^^^^^^^^^^^^^^^^^^^^^^^
    )
    ^
  File "D:\ControlledCopy\Inidawish\backend\venv\Lib\site-packages\sqlalchemy\engine\base.py", line 1641, in _execute_clauseelement
    ret = self._execute_context(
        dialect,
    ...<8 lines>...
        cache_hit=cache_hit,
    )
  File "D:\ControlledCopy\Inidawish\backend\venv\Lib\site-packages\sqlalchemy\engine\base.py", line 1846, in _execute_context
    return self._exec_single_context(
           ~~~~~~~~~~~~~~~~~~~~~~~~~^
        dialect, context, statement, parameters
        ^^^^^^^^^^^^^^^^^^^^^^^^^^^^^^^^^^^^^^^
    )
    ^
  File "D:\ControlledCopy\Inidawish\backend\venv\Lib\site-packages\sqlalchemy\engine\base.py", line 1986, in _exec_single_context
    self._handle_dbapi_exception(
    ~~~~~~~~~~~~~~~~~~~~~~~~~~~~^
        e, str_statement, effective_parameters, cursor, context
        ^^^^^^^^^^^^^^^^^^^^^^^^^^^^^^^^^^^^^^^^^^^^^^^^^^^^^^^
    )
    ^
  File "D:\ControlledCopy\Inidawish\backend\venv\Lib\site-packages\sqlalchemy\engine\base.py", line 2363, in _handle_dbapi_exception
    raise sqlalchemy_exception.with_traceback(exc_info[2]) from e
  File "D:\ControlledCopy\Inidawish\backend\venv\Lib\site-packages\sqlalchemy\engine\base.py", line 1967, in _exec_single_context
    self.dialect.do_execute(
    ~~~~~~~~~~~~~~~~~~~~~~~^
        cursor, str_statement, effective_parameters, context
        ^^^^^^^^^^^^^^^^^^^^^^^^^^^^^^^^^^^^^^^^^^^^^^^^^^^^
    )
    ^
  File "D:\ControlledCopy\Inidawish\backend\venv\Lib\site-packages\sqlalchemy\engine\default.py", line 952, in do_execute
    cursor.execute(statement, parameters)
    ~~~~~~~~~~~~~~^^^^^^^^^^^^^^^^^^^^^^^
sqlalchemy.exc.OperationalError: (psycopg2.OperationalError) server closed the connection unexpectedly
	This probably means the server terminated abnormally
	before or while processing the request.

[SQL: SELECT listings.id AS listings_id, listings.title AS listings_title, listings.description AS listings_description, listings.price AS listings_price, listings.status AS listings_status, listings.images AS listings_images, listings.active_status AS listings_active_status, listings.category_id AS listings_category_id, listings.subcategory AS listings_subcategory, listings.subcategory_id AS listings_subcategory_id, listings.location AS listings_location, listings.user_id AS listings_user_id, listings.created_at AS listings_created_at, listings.updated_at AS listings_updated_at 
FROM listings 
WHERE listings.status = %(status_1)s AND listings.active_status = true]
[parameters: {'status_1': 'Active'}]
(Background on this error at: https://sqlalche.me/e/20/e3q8)

Global exception caught: (psycopg2.OperationalError) server closed the connection unexpectedly
	This probably means the server terminated abnormally
	before or while processing the request.

[SQL: SELECT properties.id AS properties_id, properties.title AS properties_title, properties.description AS properties_description, properties.price AS properties_price, properties.type AS properties_type, properties.status AS properties_status, properties.images AS properties_images, properties.active_status AS properties_active_status, properties.address AS properties_address, properties.city AS properties_city, properties.area AS properties_area, properties.bedrooms AS properties_bedrooms, properties.bathrooms AS properties_bathrooms, properties.user_id AS properties_user_id, properties.created_at AS properties_created_at, properties.updated_at AS properties_updated_at 
FROM properties 
WHERE properties.status = %(status_1)s]
[parameters: {'status_1': 'Active'}]
(Background on this error at: https://sqlalche.me/e/20/e3q8)
Traceback (most recent call last):
  File "D:\ControlledCopy\Inidawish\backend\venv\Lib\site-packages\sqlalchemy\engine\base.py", line 1967, in _exec_single_context
    self.dialect.do_execute(
    ~~~~~~~~~~~~~~~~~~~~~~~^
        cursor, str_statement, effective_parameters, context
        ^^^^^^^^^^^^^^^^^^^^^^^^^^^^^^^^^^^^^^^^^^^^^^^^^^^^
    )
    ^
  File "D:\ControlledCopy\Inidawish\backend\venv\Lib\site-packages\sqlalchemy\engine\default.py", line 952, in do_execute
    cursor.execute(statement, parameters)
    ~~~~~~~~~~~~~~^^^^^^^^^^^^^^^^^^^^^^^
psycopg2.OperationalError: server closed the connection unexpectedly
	This probably means the server terminated abnormally
	before or while processing the request.


The above exception was the direct cause of the following exception:

Traceback (most recent call last):
  File "D:\ControlledCopy\Inidawish\backend\venv\Lib\site-packages\starlette\middleware\errors.py", line 164, in __call__
    await self.app(scope, receive, _send)
  File "D:\ControlledCopy\Inidawish\backend\venv\Lib\site-packages\starlette\middleware\cors.py", line 95, in __call__
    await self.simple_response(scope, receive, send, request_headers=headers)
  File "D:\ControlledCopy\Inidawish\backend\venv\Lib\site-packages\starlette\middleware\cors.py", line 153, in simple_response
    await self.app(scope, receive, send)
  File "D:\ControlledCopy\Inidawish\backend\venv\Lib\site-packages\starlette\middleware\exceptions.py", line 63, in __call__
    await wrap_app_handling_exceptions(self.app, conn)(scope, receive, send)
  File "D:\ControlledCopy\Inidawish\backend\venv\Lib\site-packages\starlette\_exception_handler.py", line 53, in wrapped_app
    raise exc
  File "D:\ControlledCopy\Inidawish\backend\venv\Lib\site-packages\starlette\_exception_handler.py", line 42, in wrapped_app
    await app(scope, receive, sender)
  File "D:\ControlledCopy\Inidawish\backend\venv\Lib\site-packages\fastapi\middleware\asyncexitstack.py", line 18, in __call__
    await self.app(scope, receive, send)
  File "D:\ControlledCopy\Inidawish\backend\venv\Lib\site-packages\starlette\routing.py", line 716, in __call__
    await self.middleware_stack(scope, receive, send)
  File "D:\ControlledCopy\Inidawish\backend\venv\Lib\site-packages\starlette\routing.py", line 736, in app
    await route.handle(scope, receive, send)
  File "D:\ControlledCopy\Inidawish\backend\venv\Lib\site-packages\starlette\routing.py", line 290, in handle
    await self.app(scope, receive, send)
  File "D:\ControlledCopy\Inidawish\backend\venv\Lib\site-packages\fastapi\routing.py", line 122, in app
    await wrap_app_handling_exceptions(app, request)(scope, receive, send)
  File "D:\ControlledCopy\Inidawish\backend\venv\Lib\site-packages\starlette\_exception_handler.py", line 53, in wrapped_app
    raise exc
  File "D:\ControlledCopy\Inidawish\backend\venv\Lib\site-packages\starlette\_exception_handler.py", line 42, in wrapped_app
    await app(scope, receive, sender)
  File "D:\ControlledCopy\Inidawish\backend\venv\Lib\site-packages\fastapi\routing.py", line 108, in app
    response = await f(request)
               ^^^^^^^^^^^^^^^^
  File "D:\ControlledCopy\Inidawish\backend\venv\Lib\site-packages\fastapi\routing.py", line 532, in app
    raw_response = await run_endpoint_function(
                   ^^^^^^^^^^^^^^^^^^^^^^^^^^^^
    ...<3 lines>...
    )
    ^
  File "D:\ControlledCopy\Inidawish\backend\venv\Lib\site-packages\fastapi\routing.py", line 318, in run_endpoint_function
    return await run_in_threadpool(dependant.call, **values)
           ^^^^^^^^^^^^^^^^^^^^^^^^^^^^^^^^^^^^^^^^^^^^^^^^^
  File "D:\ControlledCopy\Inidawish\backend\venv\Lib\site-packages\starlette\concurrency.py", line 32, in run_in_threadpool
    return await anyio.to_thread.run_sync(func)
           ^^^^^^^^^^^^^^^^^^^^^^^^^^^^^^^^^^^^
  File "D:\ControlledCopy\Inidawish\backend\venv\Lib\site-packages\anyio\to_thread.py", line 63, in run_sync
    return await get_async_backend().run_sync_in_worker_thread(
           ^^^^^^^^^^^^^^^^^^^^^^^^^^^^^^^^^^^^^^^^^^^^^^^^^^^^
        func, args, abandon_on_cancel=abandon_on_cancel, limiter=limiter
        ^^^^^^^^^^^^^^^^^^^^^^^^^^^^^^^^^^^^^^^^^^^^^^^^^^^^^^^^^^^^^^^^
    )
    ^
  File "D:\ControlledCopy\Inidawish\backend\venv\Lib\site-packages\anyio\_backends\_asyncio.py", line 2502, in run_sync_in_worker_thread
    return await future
           ^^^^^^^^^^^^
  File "D:\ControlledCopy\Inidawish\backend\venv\Lib\site-packages\anyio\_backends\_asyncio.py", line 986, in run
    result = context.run(func, *args)
  File "D:\ControlledCopy\Inidawish\backend\app\api\endpoints\properties.py", line 14, in get_properties
    return db.query(Property).filter(Property.status == "Active").all()
           ~~~~~~~~~~~~~~~~~~~~~~~~~~~~~~~~~~~~~~~~~~~~~~~~~~~~~~~~~~^^
  File "D:\ControlledCopy\Inidawish\backend\venv\Lib\site-packages\sqlalchemy\orm\query.py", line 2704, in all
    return self._iter().all()  # type: ignore
           ~~~~~~~~~~^^
  File "D:\ControlledCopy\Inidawish\backend\venv\Lib\site-packages\sqlalchemy\orm\query.py", line 2857, in _iter
    result: Union[ScalarResult[_T], Result[_T]] = self.session.execute(
                                                  ~~~~~~~~~~~~~~~~~~~~^
        statement,
        ^^^^^^^^^^
        params,
        ^^^^^^^
        execution_options={"_sa_orm_load_options": self.load_options},
        ^^^^^^^^^^^^^^^^^^^^^^^^^^^^^^^^^^^^^^^^^^^^^^^^^^^^^^^^^^^^^^
    )
    ^
  File "D:\ControlledCopy\Inidawish\backend\venv\Lib\site-packages\sqlalchemy\orm\session.py", line 2351, in execute
    return self._execute_internal(
           ~~~~~~~~~~~~~~~~~~~~~~^
        statement,
        ^^^^^^^^^^
    ...<4 lines>...
        _add_event=_add_event,
        ^^^^^^^^^^^^^^^^^^^^^^
    )
    ^
  File "D:\ControlledCopy\Inidawish\backend\venv\Lib\site-packages\sqlalchemy\orm\session.py", line 2249, in _execute_internal
    result: Result[Any] = compile_state_cls.orm_execute_statement(
                          ~~~~~~~~~~~~~~~~~~~~~~~~~~~~~~~~~~~~~~~^
        self,
        ^^^^^
    ...<4 lines>...
        conn,
        ^^^^^
    )
    ^
  File "D:\ControlledCopy\Inidawish\backend\venv\Lib\site-packages\sqlalchemy\orm\context.py", line 306, in orm_execute_statement
    result = conn.execute(
        statement, params or {}, execution_options=execution_options
    )
  File "D:\ControlledCopy\Inidawish\backend\venv\Lib\site-packages\sqlalchemy\engine\base.py", line 1419, in execute
    return meth(
        self,
        distilled_parameters,
        execution_options or NO_OPTIONS,
    )
  File "D:\ControlledCopy\Inidawish\backend\venv\Lib\site-packages\sqlalchemy\sql\elements.py", line 527, in _execute_on_connection
    return connection._execute_clauseelement(
           ~~~~~~~~~~~~~~~~~~~~~~~~~~~~~~~~~^
        self, distilled_params, execution_options
        ^^^^^^^^^^^^^^^^^^^^^^^^^^^^^^^^^^^^^^^^^
    )
    ^
  File "D:\ControlledCopy\Inidawish\backend\venv\Lib\site-packages\sqlalchemy\engine\base.py", line 1641, in _execute_clauseelement
    ret = self._execute_context(
        dialect,
    ...<8 lines>...
        cache_hit=cache_hit,
    )
  File "D:\ControlledCopy\Inidawish\backend\venv\Lib\site-packages\sqlalchemy\engine\base.py", line 1846, in _execute_context
    return self._exec_single_context(
           ~~~~~~~~~~~~~~~~~~~~~~~~~^
        dialect, context, statement, parameters
        ^^^^^^^^^^^^^^^^^^^^^^^^^^^^^^^^^^^^^^^
    )
    ^
  File "D:\ControlledCopy\Inidawish\backend\venv\Lib\site-packages\sqlalchemy\engine\base.py", line 1986, in _exec_single_context
    self._handle_dbapi_exception(
    ~~~~~~~~~~~~~~~~~~~~~~~~~~~~^
        e, str_statement, effective_parameters, cursor, context
        ^^^^^^^^^^^^^^^^^^^^^^^^^^^^^^^^^^^^^^^^^^^^^^^^^^^^^^^
    )
    ^
  File "D:\ControlledCopy\Inidawish\backend\venv\Lib\site-packages\sqlalchemy\engine\base.py", line 2363, in _handle_dbapi_exception
    raise sqlalchemy_exception.with_traceback(exc_info[2]) from e
  File "D:\ControlledCopy\Inidawish\backend\venv\Lib\site-packages\sqlalchemy\engine\base.py", line 1967, in _exec_single_context
    self.dialect.do_execute(
    ~~~~~~~~~~~~~~~~~~~~~~~^
        cursor, str_statement, effective_parameters, context
        ^^^^^^^^^^^^^^^^^^^^^^^^^^^^^^^^^^^^^^^^^^^^^^^^^^^^
    )
    ^
  File "D:\ControlledCopy\Inidawish\backend\venv\Lib\site-packages\sqlalchemy\engine\default.py", line 952, in do_execute
    cursor.execute(statement, parameters)
    ~~~~~~~~~~~~~~^^^^^^^^^^^^^^^^^^^^^^^
sqlalchemy.exc.OperationalError: (psycopg2.OperationalError) server closed the connection unexpectedly
	This probably means the server terminated abnormally
	before or while processing the request.

[SQL: SELECT properties.id AS properties_id, properties.title AS properties_title, properties.description AS properties_description, properties.price AS properties_price, properties.type AS properties_type, properties.status AS properties_status, properties.images AS properties_images, properties.active_status AS properties_active_status, properties.address AS properties_address, properties.city AS properties_city, properties.area AS properties_area, properties.bedrooms AS properties_bedrooms, properties.bathrooms AS properties_bathrooms, properties.user_id AS properties_user_id, properties.created_at AS properties_created_at, properties.updated_at AS properties_updated_at 
FROM properties 
WHERE properties.status = %(status_1)s]
[parameters: {'status_1': 'Active'}]
(Background on this error at: https://sqlalche.me/e/20/e3q8)

Global exception caught: (psycopg2.OperationalError) connection to server at "localhost" (::1), port 5432 failed: Connection refused (0x0000274D/10061)
	Is the server running on that host and accepting TCP/IP connections?
connection to server at "localhost" (127.0.0.1), port 5432 failed: Connection refused (0x0000274D/10061)
	Is the server running on that host and accepting TCP/IP connections?

(Background on this error at: https://sqlalche.me/e/20/e3q8)
Traceback (most recent call last):
  File "D:\ControlledCopy\Inidawish\backend\venv\Lib\site-packages\sqlalchemy\engine\base.py", line 143, in __init__
    self._dbapi_connection = engine.raw_connection()
                             ~~~~~~~~~~~~~~~~~~~~~^^
  File "D:\ControlledCopy\Inidawish\backend\venv\Lib\site-packages\sqlalchemy\engine\base.py", line 3317, in raw_connection
    return self.pool.connect()
           ~~~~~~~~~~~~~~~~~^^
  File "D:\ControlledCopy\Inidawish\backend\venv\Lib\site-packages\sqlalchemy\pool\base.py", line 448, in connect
    return _ConnectionFairy._checkout(self)
           ~~~~~~~~~~~~~~~~~~~~~~~~~~^^^^^^
  File "D:\ControlledCopy\Inidawish\backend\venv\Lib\site-packages\sqlalchemy\pool\base.py", line 1272, in _checkout
    fairy = _ConnectionRecord.checkout(pool)
  File "D:\ControlledCopy\Inidawish\backend\venv\Lib\site-packages\sqlalchemy\pool\base.py", line 717, in checkout
    with util.safe_reraise():
         ~~~~~~~~~~~~~~~~~^^
  File "D:\ControlledCopy\Inidawish\backend\venv\Lib\site-packages\sqlalchemy\util\langhelpers.py", line 121, in __exit__
    raise exc_value.with_traceback(exc_tb)
  File "D:\ControlledCopy\Inidawish\backend\venv\Lib\site-packages\sqlalchemy\pool\base.py", line 715, in checkout
    dbapi_connection = rec.get_connection()
  File "D:\ControlledCopy\Inidawish\backend\venv\Lib\site-packages\sqlalchemy\pool\base.py", line 866, in get_connection
    self.__connect()
    ~~~~~~~~~~~~~~^^
  File "D:\ControlledCopy\Inidawish\backend\venv\Lib\site-packages\sqlalchemy\pool\base.py", line 900, in __connect
    with util.safe_reraise():
         ~~~~~~~~~~~~~~~~~^^
  File "D:\ControlledCopy\Inidawish\backend\venv\Lib\site-packages\sqlalchemy\util\langhelpers.py", line 121, in __exit__
    raise exc_value.with_traceback(exc_tb)
  File "D:\ControlledCopy\Inidawish\backend\venv\Lib\site-packages\sqlalchemy\pool\base.py", line 896, in __connect
    self.dbapi_connection = connection = pool._invoke_creator(self)
                                         ~~~~~~~~~~~~~~~~~~~~^^^^^^
  File "D:\ControlledCopy\Inidawish\backend\venv\Lib\site-packages\sqlalchemy\engine\create.py", line 661, in connect
    return dialect.connect(*cargs, **cparams)
           ~~~~~~~~~~~~~~~^^^^^^^^^^^^^^^^^^^
  File "D:\ControlledCopy\Inidawish\backend\venv\Lib\site-packages\sqlalchemy\engine\default.py", line 630, in connect
    return self.loaded_dbapi.connect(*cargs, **cparams)  # type: ignore[no-any-return]  # NOQA: E501
           ~~~~~~~~~~~~~~~~~~~~~~~~~^^^^^^^^^^^^^^^^^^^
  File "D:\ControlledCopy\Inidawish\backend\venv\Lib\site-packages\psycopg2\__init__.py", line 135, in connect
    conn = _connect(dsn, connection_factory=connection_factory, **kwasync)
psycopg2.OperationalError: connection to server at "localhost" (::1), port 5432 failed: Connection refused (0x0000274D/10061)
	Is the server running on that host and accepting TCP/IP connections?
connection to server at "localhost" (127.0.0.1), port 5432 failed: Connection refused (0x0000274D/10061)
	Is the server running on that host and accepting TCP/IP connections?


The above exception was the direct cause of the following exception:

Traceback (most recent call last):
  File "D:\ControlledCopy\Inidawish\backend\venv\Lib\site-packages\starlette\middleware\errors.py", line 164, in __call__
    await self.app(scope, receive, _send)
  File "D:\ControlledCopy\Inidawish\backend\venv\Lib\site-packages\starlette\middleware\cors.py", line 95, in __call__
    await self.simple_response(scope, receive, send, request_headers=headers)
  File "D:\ControlledCopy\Inidawish\backend\venv\Lib\site-packages\starlette\middleware\cors.py", line 153, in simple_response
    await self.app(scope, receive, send)
  File "D:\ControlledCopy\Inidawish\backend\venv\Lib\site-packages\starlette\middleware\exceptions.py", line 63, in __call__
    await wrap_app_handling_exceptions(self.app, conn)(scope, receive, send)
  File "D:\ControlledCopy\Inidawish\backend\venv\Lib\site-packages\starlette\_exception_handler.py", line 53, in wrapped_app
    raise exc
  File "D:\ControlledCopy\Inidawish\backend\venv\Lib\site-packages\starlette\_exception_handler.py", line 42, in wrapped_app
    await app(scope, receive, sender)
  File "D:\ControlledCopy\Inidawish\backend\venv\Lib\site-packages\fastapi\middleware\asyncexitstack.py", line 18, in __call__
    await self.app(scope, receive, send)
  File "D:\ControlledCopy\Inidawish\backend\venv\Lib\site-packages\starlette\routing.py", line 716, in __call__
    await self.middleware_stack(scope, receive, send)
  File "D:\ControlledCopy\Inidawish\backend\venv\Lib\site-packages\starlette\routing.py", line 736, in app
    await route.handle(scope, receive, send)
  File "D:\ControlledCopy\Inidawish\backend\venv\Lib\site-packages\starlette\routing.py", line 290, in handle
    await self.app(scope, receive, send)
  File "D:\ControlledCopy\Inidawish\backend\venv\Lib\site-packages\fastapi\routing.py", line 122, in app
    await wrap_app_handling_exceptions(app, request)(scope, receive, send)
  File "D:\ControlledCopy\Inidawish\backend\venv\Lib\site-packages\starlette\_exception_handler.py", line 53, in wrapped_app
    raise exc
  File "D:\ControlledCopy\Inidawish\backend\venv\Lib\site-packages\starlette\_exception_handler.py", line 42, in wrapped_app
    await app(scope, receive, sender)
  File "D:\ControlledCopy\Inidawish\backend\venv\Lib\site-packages\fastapi\routing.py", line 108, in app
    response = await f(request)
               ^^^^^^^^^^^^^^^^
  File "D:\ControlledCopy\Inidawish\backend\venv\Lib\site-packages\fastapi\routing.py", line 532, in app
    raw_response = await run_endpoint_function(
                   ^^^^^^^^^^^^^^^^^^^^^^^^^^^^
    ...<3 lines>...
    )
    ^
  File "D:\ControlledCopy\Inidawish\backend\venv\Lib\site-packages\fastapi\routing.py", line 318, in run_endpoint_function
    return await run_in_threadpool(dependant.call, **values)
           ^^^^^^^^^^^^^^^^^^^^^^^^^^^^^^^^^^^^^^^^^^^^^^^^^
  File "D:\ControlledCopy\Inidawish\backend\venv\Lib\site-packages\starlette\concurrency.py", line 32, in run_in_threadpool
    return await anyio.to_thread.run_sync(func)
           ^^^^^^^^^^^^^^^^^^^^^^^^^^^^^^^^^^^^
  File "D:\ControlledCopy\Inidawish\backend\venv\Lib\site-packages\anyio\to_thread.py", line 63, in run_sync
    return await get_async_backend().run_sync_in_worker_thread(
           ^^^^^^^^^^^^^^^^^^^^^^^^^^^^^^^^^^^^^^^^^^^^^^^^^^^^
        func, args, abandon_on_cancel=abandon_on_cancel, limiter=limiter
        ^^^^^^^^^^^^^^^^^^^^^^^^^^^^^^^^^^^^^^^^^^^^^^^^^^^^^^^^^^^^^^^^
    )
    ^
  File "D:\ControlledCopy\Inidawish\backend\venv\Lib\site-packages\anyio\_backends\_asyncio.py", line 2502, in run_sync_in_worker_thread
    return await future
           ^^^^^^^^^^^^
  File "D:\ControlledCopy\Inidawish\backend\venv\Lib\site-packages\anyio\_backends\_asyncio.py", line 986, in run
    result = context.run(func, *args)
  File "D:\ControlledCopy\Inidawish\backend\app\api\endpoints\marketplace.py", line 21, in get_categories
    return db.query(Category).filter(Category.active_status == True).all()
           ~~~~~~~~~~~~~~~~~~~~~~~~~~~~~~~~~~~~~~~~~~~~~~~~~~~~~~~~~~~~~^^
  File "D:\ControlledCopy\Inidawish\backend\venv\Lib\site-packages\sqlalchemy\orm\query.py", line 2704, in all
    return self._iter().all()  # type: ignore
           ~~~~~~~~~~^^
  File "D:\ControlledCopy\Inidawish\backend\venv\Lib\site-packages\sqlalchemy\orm\query.py", line 2857, in _iter
    result: Union[ScalarResult[_T], Result[_T]] = self.session.execute(
                                                  ~~~~~~~~~~~~~~~~~~~~^
        statement,
        ^^^^^^^^^^
        params,
        ^^^^^^^
        execution_options={"_sa_orm_load_options": self.load_options},
        ^^^^^^^^^^^^^^^^^^^^^^^^^^^^^^^^^^^^^^^^^^^^^^^^^^^^^^^^^^^^^^
    )
    ^
  File "D:\ControlledCopy\Inidawish\backend\venv\Lib\site-packages\sqlalchemy\orm\session.py", line 2351, in execute
    return self._execute_internal(
           ~~~~~~~~~~~~~~~~~~~~~~^
        statement,
        ^^^^^^^^^^
    ...<4 lines>...
        _add_event=_add_event,
        ^^^^^^^^^^^^^^^^^^^^^^
    )
    ^
  File "D:\ControlledCopy\Inidawish\backend\venv\Lib\site-packages\sqlalchemy\orm\session.py", line 2239, in _execute_internal
    conn = self._connection_for_bind(bind)
  File "D:\ControlledCopy\Inidawish\backend\venv\Lib\site-packages\sqlalchemy\orm\session.py", line 2108, in _connection_for_bind
    return trans._connection_for_bind(engine, execution_options)
           ~~~~~~~~~~~~~~~~~~~~~~~~~~^^^^^^^^^^^^^^^^^^^^^^^^^^^
  File "<string>", line 2, in _connection_for_bind
  File "D:\ControlledCopy\Inidawish\backend\venv\Lib\site-packages\sqlalchemy\orm\state_changes.py", line 137, in _go
    ret_value = fn(self, *arg, **kw)
  File "D:\ControlledCopy\Inidawish\backend\venv\Lib\site-packages\sqlalchemy\orm\session.py", line 1187, in _connection_for_bind
    conn = bind.connect()
  File "D:\ControlledCopy\Inidawish\backend\venv\Lib\site-packages\sqlalchemy\engine\base.py", line 3293, in connect
    return self._connection_cls(self)
           ~~~~~~~~~~~~~~~~~~~~^^^^^^
  File "D:\ControlledCopy\Inidawish\backend\venv\Lib\site-packages\sqlalchemy\engine\base.py", line 145, in __init__
    Connection._handle_dbapi_exception_noconnection(
    ~~~~~~~~~~~~~~~~~~~~~~~~~~~~~~~~~~~~~~~~~~~~~~~^
        err, dialect, engine
        ^^^^^^^^^^^^^^^^^^^^
    )
    ^
  File "D:\ControlledCopy\Inidawish\backend\venv\Lib\site-packages\sqlalchemy\engine\base.py", line 2448, in _handle_dbapi_exception_noconnection
    raise sqlalchemy_exception.with_traceback(exc_info[2]) from e
  File "D:\ControlledCopy\Inidawish\backend\venv\Lib\site-packages\sqlalchemy\engine\base.py", line 143, in __init__
    self._dbapi_connection = engine.raw_connection()
                             ~~~~~~~~~~~~~~~~~~~~~^^
  File "D:\ControlledCopy\Inidawish\backend\venv\Lib\site-packages\sqlalchemy\engine\base.py", line 3317, in raw_connection
    return self.pool.connect()
           ~~~~~~~~~~~~~~~~~^^
  File "D:\ControlledCopy\Inidawish\backend\venv\Lib\site-packages\sqlalchemy\pool\base.py", line 448, in connect
    return _ConnectionFairy._checkout(self)
           ~~~~~~~~~~~~~~~~~~~~~~~~~~^^^^^^
  File "D:\ControlledCopy\Inidawish\backend\venv\Lib\site-packages\sqlalchemy\pool\base.py", line 1272, in _checkout
    fairy = _ConnectionRecord.checkout(pool)
  File "D:\ControlledCopy\Inidawish\backend\venv\Lib\site-packages\sqlalchemy\pool\base.py", line 717, in checkout
    with util.safe_reraise():
         ~~~~~~~~~~~~~~~~~^^
  File "D:\ControlledCopy\Inidawish\backend\venv\Lib\site-packages\sqlalchemy\util\langhelpers.py", line 121, in __exit__
    raise exc_value.with_traceback(exc_tb)
  File "D:\ControlledCopy\Inidawish\backend\venv\Lib\site-packages\sqlalchemy\pool\base.py", line 715, in checkout
    dbapi_connection = rec.get_connection()
  File "D:\ControlledCopy\Inidawish\backend\venv\Lib\site-packages\sqlalchemy\pool\base.py", line 866, in get_connection
    self.__connect()
    ~~~~~~~~~~~~~~^^
  File "D:\ControlledCopy\Inidawish\backend\venv\Lib\site-packages\sqlalchemy\pool\base.py", line 900, in __connect
    with util.safe_reraise():
         ~~~~~~~~~~~~~~~~~^^
  File "D:\ControlledCopy\Inidawish\backend\venv\Lib\site-packages\sqlalchemy\util\langhelpers.py", line 121, in __exit__
    raise exc_value.with_traceback(exc_tb)
  File "D:\ControlledCopy\Inidawish\backend\venv\Lib\site-packages\sqlalchemy\pool\base.py", line 896, in __connect
    self.dbapi_connection = connection = pool._invoke_creator(self)
                                         ~~~~~~~~~~~~~~~~~~~~^^^^^^
  File "D:\ControlledCopy\Inidawish\backend\venv\Lib\site-packages\sqlalchemy\engine\create.py", line 661, in connect
    return dialect.connect(*cargs, **cparams)
           ~~~~~~~~~~~~~~~^^^^^^^^^^^^^^^^^^^
  File "D:\ControlledCopy\Inidawish\backend\venv\Lib\site-packages\sqlalchemy\engine\default.py", line 630, in connect
    return self.loaded_dbapi.connect(*cargs, **cparams)  # type: ignore[no-any-return]  # NOQA: E501
           ~~~~~~~~~~~~~~~~~~~~~~~~~^^^^^^^^^^^^^^^^^^^
  File "D:\ControlledCopy\Inidawish\backend\venv\Lib\site-packages\psycopg2\__init__.py", line 135, in connect
    conn = _connect(dsn, connection_factory=connection_factory, **kwasync)
sqlalchemy.exc.OperationalError: (psycopg2.OperationalError) connection to server at "localhost" (::1), port 5432 failed: Connection refused (0x0000274D/10061)
	Is the server running on that host and accepting TCP/IP connections?
connection to server at "localhost" (127.0.0.1), port 5432 failed: Connection refused (0x0000274D/10061)
	Is the server running on that host and accepting TCP/IP connections?

(Background on this error at: https://sqlalche.me/e/20/e3q8)

Global exception caught: (psycopg2.OperationalError) connection to server at "localhost" (::1), port 5432 failed: Connection refused (0x0000274D/10061)
	Is the server running on that host and accepting TCP/IP connections?
connection to server at "localhost" (127.0.0.1), port 5432 failed: Connection refused (0x0000274D/10061)
	Is the server running on that host and accepting TCP/IP connections?

(Background on this error at: https://sqlalche.me/e/20/e3q8)
Traceback (most recent call last):
  File "D:\ControlledCopy\Inidawish\backend\venv\Lib\site-packages\sqlalchemy\engine\base.py", line 143, in __init__
    self._dbapi_connection = engine.raw_connection()
                             ~~~~~~~~~~~~~~~~~~~~~^^
  File "D:\ControlledCopy\Inidawish\backend\venv\Lib\site-packages\sqlalchemy\engine\base.py", line 3317, in raw_connection
    return self.pool.connect()
           ~~~~~~~~~~~~~~~~~^^
  File "D:\ControlledCopy\Inidawish\backend\venv\Lib\site-packages\sqlalchemy\pool\base.py", line 448, in connect
    return _ConnectionFairy._checkout(self)
           ~~~~~~~~~~~~~~~~~~~~~~~~~~^^^^^^
  File "D:\ControlledCopy\Inidawish\backend\venv\Lib\site-packages\sqlalchemy\pool\base.py", line 1272, in _checkout
    fairy = _ConnectionRecord.checkout(pool)
  File "D:\ControlledCopy\Inidawish\backend\venv\Lib\site-packages\sqlalchemy\pool\base.py", line 717, in checkout
    with util.safe_reraise():
         ~~~~~~~~~~~~~~~~~^^
  File "D:\ControlledCopy\Inidawish\backend\venv\Lib\site-packages\sqlalchemy\util\langhelpers.py", line 121, in __exit__
    raise exc_value.with_traceback(exc_tb)
  File "D:\ControlledCopy\Inidawish\backend\venv\Lib\site-packages\sqlalchemy\pool\base.py", line 715, in checkout
    dbapi_connection = rec.get_connection()
  File "D:\ControlledCopy\Inidawish\backend\venv\Lib\site-packages\sqlalchemy\pool\base.py", line 866, in get_connection
    self.__connect()
    ~~~~~~~~~~~~~~^^
  File "D:\ControlledCopy\Inidawish\backend\venv\Lib\site-packages\sqlalchemy\pool\base.py", line 900, in __connect
    with util.safe_reraise():
         ~~~~~~~~~~~~~~~~~^^
  File "D:\ControlledCopy\Inidawish\backend\venv\Lib\site-packages\sqlalchemy\util\langhelpers.py", line 121, in __exit__
    raise exc_value.with_traceback(exc_tb)
  File "D:\ControlledCopy\Inidawish\backend\venv\Lib\site-packages\sqlalchemy\pool\base.py", line 896, in __connect
    self.dbapi_connection = connection = pool._invoke_creator(self)
                                         ~~~~~~~~~~~~~~~~~~~~^^^^^^
  File "D:\ControlledCopy\Inidawish\backend\venv\Lib\site-packages\sqlalchemy\engine\create.py", line 661, in connect
    return dialect.connect(*cargs, **cparams)
           ~~~~~~~~~~~~~~~^^^^^^^^^^^^^^^^^^^
  File "D:\ControlledCopy\Inidawish\backend\venv\Lib\site-packages\sqlalchemy\engine\default.py", line 630, in connect
    return self.loaded_dbapi.connect(*cargs, **cparams)  # type: ignore[no-any-return]  # NOQA: E501
           ~~~~~~~~~~~~~~~~~~~~~~~~~^^^^^^^^^^^^^^^^^^^
  File "D:\ControlledCopy\Inidawish\backend\venv\Lib\site-packages\psycopg2\__init__.py", line 135, in connect
    conn = _connect(dsn, connection_factory=connection_factory, **kwasync)
psycopg2.OperationalError: connection to server at "localhost" (::1), port 5432 failed: Connection refused (0x0000274D/10061)
	Is the server running on that host and accepting TCP/IP connections?
connection to server at "localhost" (127.0.0.1), port 5432 failed: Connection refused (0x0000274D/10061)
	Is the server running on that host and accepting TCP/IP connections?


The above exception was the direct cause of the following exception:

Traceback (most recent call last):
  File "D:\ControlledCopy\Inidawish\backend\venv\Lib\site-packages\starlette\middleware\errors.py", line 164, in __call__
    await self.app(scope, receive, _send)
  File "D:\ControlledCopy\Inidawish\backend\venv\Lib\site-packages\starlette\middleware\cors.py", line 95, in __call__
    await self.simple_response(scope, receive, send, request_headers=headers)
  File "D:\ControlledCopy\Inidawish\backend\venv\Lib\site-packages\starlette\middleware\cors.py", line 153, in simple_response
    await self.app(scope, receive, send)
  File "D:\ControlledCopy\Inidawish\backend\venv\Lib\site-packages\starlette\middleware\exceptions.py", line 63, in __call__
    await wrap_app_handling_exceptions(self.app, conn)(scope, receive, send)
  File "D:\ControlledCopy\Inidawish\backend\venv\Lib\site-packages\starlette\_exception_handler.py", line 53, in wrapped_app
    raise exc
  File "D:\ControlledCopy\Inidawish\backend\venv\Lib\site-packages\starlette\_exception_handler.py", line 42, in wrapped_app
    await app(scope, receive, sender)
  File "D:\ControlledCopy\Inidawish\backend\venv\Lib\site-packages\fastapi\middleware\asyncexitstack.py", line 18, in __call__
    await self.app(scope, receive, send)
  File "D:\ControlledCopy\Inidawish\backend\venv\Lib\site-packages\starlette\routing.py", line 716, in __call__
    await self.middleware_stack(scope, receive, send)
  File "D:\ControlledCopy\Inidawish\backend\venv\Lib\site-packages\starlette\routing.py", line 736, in app
    await route.handle(scope, receive, send)
  File "D:\ControlledCopy\Inidawish\backend\venv\Lib\site-packages\starlette\routing.py", line 290, in handle
    await self.app(scope, receive, send)
  File "D:\ControlledCopy\Inidawish\backend\venv\Lib\site-packages\fastapi\routing.py", line 122, in app
    await wrap_app_handling_exceptions(app, request)(scope, receive, send)
  File "D:\ControlledCopy\Inidawish\backend\venv\Lib\site-packages\starlette\_exception_handler.py", line 53, in wrapped_app
    raise exc
  File "D:\ControlledCopy\Inidawish\backend\venv\Lib\site-packages\starlette\_exception_handler.py", line 42, in wrapped_app
    await app(scope, receive, sender)
  File "D:\ControlledCopy\Inidawish\backend\venv\Lib\site-packages\fastapi\routing.py", line 108, in app
    response = await f(request)
               ^^^^^^^^^^^^^^^^
  File "D:\ControlledCopy\Inidawish\backend\venv\Lib\site-packages\fastapi\routing.py", line 532, in app
    raw_response = await run_endpoint_function(
                   ^^^^^^^^^^^^^^^^^^^^^^^^^^^^
    ...<3 lines>...
    )
    ^
  File "D:\ControlledCopy\Inidawish\backend\venv\Lib\site-packages\fastapi\routing.py", line 318, in run_endpoint_function
    return await run_in_threadpool(dependant.call, **values)
           ^^^^^^^^^^^^^^^^^^^^^^^^^^^^^^^^^^^^^^^^^^^^^^^^^
  File "D:\ControlledCopy\Inidawish\backend\venv\Lib\site-packages\starlette\concurrency.py", line 32, in run_in_threadpool
    return await anyio.to_thread.run_sync(func)
           ^^^^^^^^^^^^^^^^^^^^^^^^^^^^^^^^^^^^
  File "D:\ControlledCopy\Inidawish\backend\venv\Lib\site-packages\anyio\to_thread.py", line 63, in run_sync
    return await get_async_backend().run_sync_in_worker_thread(
           ^^^^^^^^^^^^^^^^^^^^^^^^^^^^^^^^^^^^^^^^^^^^^^^^^^^^
        func, args, abandon_on_cancel=abandon_on_cancel, limiter=limiter
        ^^^^^^^^^^^^^^^^^^^^^^^^^^^^^^^^^^^^^^^^^^^^^^^^^^^^^^^^^^^^^^^^
    )
    ^
  File "D:\ControlledCopy\Inidawish\backend\venv\Lib\site-packages\anyio\_backends\_asyncio.py", line 2502, in run_sync_in_worker_thread
    return await future
           ^^^^^^^^^^^^
  File "D:\ControlledCopy\Inidawish\backend\venv\Lib\site-packages\anyio\_backends\_asyncio.py", line 986, in run
    result = context.run(func, *args)
  File "D:\ControlledCopy\Inidawish\backend\app\api\endpoints\marketplace.py", line 54, in get_fresh_recommendations
    return db.query(Listing).filter(Listing.status == "Active", Listing.active_status == True).order_by(desc(Listing.created_at)).limit(20).all()
           ~~~~~~~~~~~~~~~~~~~~~~~~~~~~~~~~~~~~~~~~~~~~~~~~~~~~~~~~~~~~~~~~~~~~~~~~~~~~~~~~~~~~~~~~~~~~~~~~~~~~~~~~~~~~~~~~~~~~~~~~~~~~~~~~~~~~^^
  File "D:\ControlledCopy\Inidawish\backend\venv\Lib\site-packages\sqlalchemy\orm\query.py", line 2704, in all
    return self._iter().all()  # type: ignore
           ~~~~~~~~~~^^
  File "D:\ControlledCopy\Inidawish\backend\venv\Lib\site-packages\sqlalchemy\orm\query.py", line 2857, in _iter
    result: Union[ScalarResult[_T], Result[_T]] = self.session.execute(
                                                  ~~~~~~~~~~~~~~~~~~~~^
        statement,
        ^^^^^^^^^^
        params,
        ^^^^^^^
        execution_options={"_sa_orm_load_options": self.load_options},
        ^^^^^^^^^^^^^^^^^^^^^^^^^^^^^^^^^^^^^^^^^^^^^^^^^^^^^^^^^^^^^^
    )
    ^
  File "D:\ControlledCopy\Inidawish\backend\venv\Lib\site-packages\sqlalchemy\orm\session.py", line 2351, in execute
    return self._execute_internal(
           ~~~~~~~~~~~~~~~~~~~~~~^
        statement,
        ^^^^^^^^^^
    ...<4 lines>...
        _add_event=_add_event,
        ^^^^^^^^^^^^^^^^^^^^^^
    )
    ^
  File "D:\ControlledCopy\Inidawish\backend\venv\Lib\site-packages\sqlalchemy\orm\session.py", line 2239, in _execute_internal
    conn = self._connection_for_bind(bind)
  File "D:\ControlledCopy\Inidawish\backend\venv\Lib\site-packages\sqlalchemy\orm\session.py", line 2108, in _connection_for_bind
    return trans._connection_for_bind(engine, execution_options)
           ~~~~~~~~~~~~~~~~~~~~~~~~~~^^^^^^^^^^^^^^^^^^^^^^^^^^^
  File "<string>", line 2, in _connection_for_bind
  File "D:\ControlledCopy\Inidawish\backend\venv\Lib\site-packages\sqlalchemy\orm\state_changes.py", line 137, in _go
    ret_value = fn(self, *arg, **kw)
  File "D:\ControlledCopy\Inidawish\backend\venv\Lib\site-packages\sqlalchemy\orm\session.py", line 1187, in _connection_for_bind
    conn = bind.connect()
  File "D:\ControlledCopy\Inidawish\backend\venv\Lib\site-packages\sqlalchemy\engine\base.py", line 3293, in connect
    return self._connection_cls(self)
           ~~~~~~~~~~~~~~~~~~~~^^^^^^
  File "D:\ControlledCopy\Inidawish\backend\venv\Lib\site-packages\sqlalchemy\engine\base.py", line 145, in __init__
    Connection._handle_dbapi_exception_noconnection(
    ~~~~~~~~~~~~~~~~~~~~~~~~~~~~~~~~~~~~~~~~~~~~~~~^
        err, dialect, engine
        ^^^^^^^^^^^^^^^^^^^^
    )
    ^
  File "D:\ControlledCopy\Inidawish\backend\venv\Lib\site-packages\sqlalchemy\engine\base.py", line 2448, in _handle_dbapi_exception_noconnection
    raise sqlalchemy_exception.with_traceback(exc_info[2]) from e
  File "D:\ControlledCopy\Inidawish\backend\venv\Lib\site-packages\sqlalchemy\engine\base.py", line 143, in __init__
    self._dbapi_connection = engine.raw_connection()
                             ~~~~~~~~~~~~~~~~~~~~~^^
  File "D:\ControlledCopy\Inidawish\backend\venv\Lib\site-packages\sqlalchemy\engine\base.py", line 3317, in raw_connection
    return self.pool.connect()
           ~~~~~~~~~~~~~~~~~^^
  File "D:\ControlledCopy\Inidawish\backend\venv\Lib\site-packages\sqlalchemy\pool\base.py", line 448, in connect
    return _ConnectionFairy._checkout(self)
           ~~~~~~~~~~~~~~~~~~~~~~~~~~^^^^^^
  File "D:\ControlledCopy\Inidawish\backend\venv\Lib\site-packages\sqlalchemy\pool\base.py", line 1272, in _checkout
    fairy = _ConnectionRecord.checkout(pool)
  File "D:\ControlledCopy\Inidawish\backend\venv\Lib\site-packages\sqlalchemy\pool\base.py", line 717, in checkout
    with util.safe_reraise():
         ~~~~~~~~~~~~~~~~~^^
  File "D:\ControlledCopy\Inidawish\backend\venv\Lib\site-packages\sqlalchemy\util\langhelpers.py", line 121, in __exit__
    raise exc_value.with_traceback(exc_tb)
  File "D:\ControlledCopy\Inidawish\backend\venv\Lib\site-packages\sqlalchemy\pool\base.py", line 715, in checkout
    dbapi_connection = rec.get_connection()
  File "D:\ControlledCopy\Inidawish\backend\venv\Lib\site-packages\sqlalchemy\pool\base.py", line 866, in get_connection
    self.__connect()
    ~~~~~~~~~~~~~~^^
  File "D:\ControlledCopy\Inidawish\backend\venv\Lib\site-packages\sqlalchemy\pool\base.py", line 900, in __connect
    with util.safe_reraise():
         ~~~~~~~~~~~~~~~~~^^
  File "D:\ControlledCopy\Inidawish\backend\venv\Lib\site-packages\sqlalchemy\util\langhelpers.py", line 121, in __exit__
    raise exc_value.with_traceback(exc_tb)
  File "D:\ControlledCopy\Inidawish\backend\venv\Lib\site-packages\sqlalchemy\pool\base.py", line 896, in __connect
    self.dbapi_connection = connection = pool._invoke_creator(self)
                                         ~~~~~~~~~~~~~~~~~~~~^^^^^^
  File "D:\ControlledCopy\Inidawish\backend\venv\Lib\site-packages\sqlalchemy\engine\create.py", line 661, in connect
    return dialect.connect(*cargs, **cparams)
           ~~~~~~~~~~~~~~~^^^^^^^^^^^^^^^^^^^
  File "D:\ControlledCopy\Inidawish\backend\venv\Lib\site-packages\sqlalchemy\engine\default.py", line 630, in connect
    return self.loaded_dbapi.connect(*cargs, **cparams)  # type: ignore[no-any-return]  # NOQA: E501
           ~~~~~~~~~~~~~~~~~~~~~~~~~^^^^^^^^^^^^^^^^^^^
  File "D:\ControlledCopy\Inidawish\backend\venv\Lib\site-packages\psycopg2\__init__.py", line 135, in connect
    conn = _connect(dsn, connection_factory=connection_factory, **kwasync)
sqlalchemy.exc.OperationalError: (psycopg2.OperationalError) connection to server at "localhost" (::1), port 5432 failed: Connection refused (0x0000274D/10061)
	Is the server running on that host and accepting TCP/IP connections?
connection to server at "localhost" (127.0.0.1), port 5432 failed: Connection refused (0x0000274D/10061)
	Is the server running on that host and accepting TCP/IP connections?

(Background on this error at: https://sqlalche.me/e/20/e3q8)

Global exception caught: (psycopg2.OperationalError) connection to server at "localhost" (::1), port 5432 failed: Connection refused (0x0000274D/10061)
	Is the server running on that host and accepting TCP/IP connections?
connection to server at "localhost" (127.0.0.1), port 5432 failed: Connection refused (0x0000274D/10061)
	Is the server running on that host and accepting TCP/IP connections?

(Background on this error at: https://sqlalche.me/e/20/e3q8)
Traceback (most recent call last):
  File "D:\ControlledCopy\Inidawish\backend\venv\Lib\site-packages\sqlalchemy\engine\base.py", line 143, in __init__
    self._dbapi_connection = engine.raw_connection()
                             ~~~~~~~~~~~~~~~~~~~~~^^
  File "D:\ControlledCopy\Inidawish\backend\venv\Lib\site-packages\sqlalchemy\engine\base.py", line 3317, in raw_connection
    return self.pool.connect()
           ~~~~~~~~~~~~~~~~~^^
  File "D:\ControlledCopy\Inidawish\backend\venv\Lib\site-packages\sqlalchemy\pool\base.py", line 448, in connect
    return _ConnectionFairy._checkout(self)
           ~~~~~~~~~~~~~~~~~~~~~~~~~~^^^^^^
  File "D:\ControlledCopy\Inidawish\backend\venv\Lib\site-packages\sqlalchemy\pool\base.py", line 1272, in _checkout
    fairy = _ConnectionRecord.checkout(pool)
  File "D:\ControlledCopy\Inidawish\backend\venv\Lib\site-packages\sqlalchemy\pool\base.py", line 717, in checkout
    with util.safe_reraise():
         ~~~~~~~~~~~~~~~~~^^
  File "D:\ControlledCopy\Inidawish\backend\venv\Lib\site-packages\sqlalchemy\util\langhelpers.py", line 121, in __exit__
    raise exc_value.with_traceback(exc_tb)
  File "D:\ControlledCopy\Inidawish\backend\venv\Lib\site-packages\sqlalchemy\pool\base.py", line 715, in checkout
    dbapi_connection = rec.get_connection()
  File "D:\ControlledCopy\Inidawish\backend\venv\Lib\site-packages\sqlalchemy\pool\base.py", line 837, in get_connection
    self.__connect()
    ~~~~~~~~~~~~~~^^
  File "D:\ControlledCopy\Inidawish\backend\venv\Lib\site-packages\sqlalchemy\pool\base.py", line 900, in __connect
    with util.safe_reraise():
         ~~~~~~~~~~~~~~~~~^^
  File "D:\ControlledCopy\Inidawish\backend\venv\Lib\site-packages\sqlalchemy\util\langhelpers.py", line 121, in __exit__
    raise exc_value.with_traceback(exc_tb)
  File "D:\ControlledCopy\Inidawish\backend\venv\Lib\site-packages\sqlalchemy\pool\base.py", line 896, in __connect
    self.dbapi_connection = connection = pool._invoke_creator(self)
                                         ~~~~~~~~~~~~~~~~~~~~^^^^^^
  File "D:\ControlledCopy\Inidawish\backend\venv\Lib\site-packages\sqlalchemy\engine\create.py", line 661, in connect
    return dialect.connect(*cargs, **cparams)
           ~~~~~~~~~~~~~~~^^^^^^^^^^^^^^^^^^^
  File "D:\ControlledCopy\Inidawish\backend\venv\Lib\site-packages\sqlalchemy\engine\default.py", line 630, in connect
    return self.loaded_dbapi.connect(*cargs, **cparams)  # type: ignore[no-any-return]  # NOQA: E501
           ~~~~~~~~~~~~~~~~~~~~~~~~~^^^^^^^^^^^^^^^^^^^
  File "D:\ControlledCopy\Inidawish\backend\venv\Lib\site-packages\psycopg2\__init__.py", line 135, in connect
    conn = _connect(dsn, connection_factory=connection_factory, **kwasync)
psycopg2.OperationalError: connection to server at "localhost" (::1), port 5432 failed: Connection refused (0x0000274D/10061)
	Is the server running on that host and accepting TCP/IP connections?
connection to server at "localhost" (127.0.0.1), port 5432 failed: Connection refused (0x0000274D/10061)
	Is the server running on that host and accepting TCP/IP connections?


The above exception was the direct cause of the following exception:

Traceback (most recent call last):
  File "D:\ControlledCopy\Inidawish\backend\venv\Lib\site-packages\starlette\middleware\errors.py", line 164, in __call__
    await self.app(scope, receive, _send)
  File "D:\ControlledCopy\Inidawish\backend\venv\Lib\site-packages\starlette\middleware\cors.py", line 95, in __call__
    await self.simple_response(scope, receive, send, request_headers=headers)
  File "D:\ControlledCopy\Inidawish\backend\venv\Lib\site-packages\starlette\middleware\cors.py", line 153, in simple_response
    await self.app(scope, receive, send)
  File "D:\ControlledCopy\Inidawish\backend\venv\Lib\site-packages\starlette\middleware\exceptions.py", line 63, in __call__
    await wrap_app_handling_exceptions(self.app, conn)(scope, receive, send)
  File "D:\ControlledCopy\Inidawish\backend\venv\Lib\site-packages\starlette\_exception_handler.py", line 53, in wrapped_app
    raise exc
  File "D:\ControlledCopy\Inidawish\backend\venv\Lib\site-packages\starlette\_exception_handler.py", line 42, in wrapped_app
    await app(scope, receive, sender)
  File "D:\ControlledCopy\Inidawish\backend\venv\Lib\site-packages\fastapi\middleware\asyncexitstack.py", line 18, in __call__
    await self.app(scope, receive, send)
  File "D:\ControlledCopy\Inidawish\backend\venv\Lib\site-packages\starlette\routing.py", line 716, in __call__
    await self.middleware_stack(scope, receive, send)
  File "D:\ControlledCopy\Inidawish\backend\venv\Lib\site-packages\starlette\routing.py", line 736, in app
    await route.handle(scope, receive, send)
  File "D:\ControlledCopy\Inidawish\backend\venv\Lib\site-packages\starlette\routing.py", line 290, in handle
    await self.app(scope, receive, send)
  File "D:\ControlledCopy\Inidawish\backend\venv\Lib\site-packages\fastapi\routing.py", line 122, in app
    await wrap_app_handling_exceptions(app, request)(scope, receive, send)
  File "D:\ControlledCopy\Inidawish\backend\venv\Lib\site-packages\starlette\_exception_handler.py", line 53, in wrapped_app
    raise exc
  File "D:\ControlledCopy\Inidawish\backend\venv\Lib\site-packages\starlette\_exception_handler.py", line 42, in wrapped_app
    await app(scope, receive, sender)
  File "D:\ControlledCopy\Inidawish\backend\venv\Lib\site-packages\fastapi\routing.py", line 108, in app
    response = await f(request)
               ^^^^^^^^^^^^^^^^
  File "D:\ControlledCopy\Inidawish\backend\venv\Lib\site-packages\fastapi\routing.py", line 532, in app
    raw_response = await run_endpoint_function(
                   ^^^^^^^^^^^^^^^^^^^^^^^^^^^^
    ...<3 lines>...
    )
    ^
  File "D:\ControlledCopy\Inidawish\backend\venv\Lib\site-packages\fastapi\routing.py", line 318, in run_endpoint_function
    return await run_in_threadpool(dependant.call, **values)
           ^^^^^^^^^^^^^^^^^^^^^^^^^^^^^^^^^^^^^^^^^^^^^^^^^
  File "D:\ControlledCopy\Inidawish\backend\venv\Lib\site-packages\starlette\concurrency.py", line 32, in run_in_threadpool
    return await anyio.to_thread.run_sync(func)
           ^^^^^^^^^^^^^^^^^^^^^^^^^^^^^^^^^^^^
  File "D:\ControlledCopy\Inidawish\backend\venv\Lib\site-packages\anyio\to_thread.py", line 63, in run_sync
    return await get_async_backend().run_sync_in_worker_thread(
           ^^^^^^^^^^^^^^^^^^^^^^^^^^^^^^^^^^^^^^^^^^^^^^^^^^^^
        func, args, abandon_on_cancel=abandon_on_cancel, limiter=limiter
        ^^^^^^^^^^^^^^^^^^^^^^^^^^^^^^^^^^^^^^^^^^^^^^^^^^^^^^^^^^^^^^^^
    )
    ^
  File "D:\ControlledCopy\Inidawish\backend\venv\Lib\site-packages\anyio\_backends\_asyncio.py", line 2502, in run_sync_in_worker_thread
    return await future
           ^^^^^^^^^^^^
  File "D:\ControlledCopy\Inidawish\backend\venv\Lib\site-packages\anyio\_backends\_asyncio.py", line 986, in run
    result = context.run(func, *args)
  File "D:\ControlledCopy\Inidawish\backend\app\api\endpoints\marketplace.py", line 21, in get_categories
    return db.query(Category).filter(Category.active_status == True).all()
           ~~~~~~~~~~~~~~~~~~~~~~~~~~~~~~~~~~~~~~~~~~~~~~~~~~~~~~~~~~~~~^^
  File "D:\ControlledCopy\Inidawish\backend\venv\Lib\site-packages\sqlalchemy\orm\query.py", line 2704, in all
    return self._iter().all()  # type: ignore
           ~~~~~~~~~~^^
  File "D:\ControlledCopy\Inidawish\backend\venv\Lib\site-packages\sqlalchemy\orm\query.py", line 2857, in _iter
    result: Union[ScalarResult[_T], Result[_T]] = self.session.execute(
                                                  ~~~~~~~~~~~~~~~~~~~~^
        statement,
        ^^^^^^^^^^
        params,
        ^^^^^^^
        execution_options={"_sa_orm_load_options": self.load_options},
        ^^^^^^^^^^^^^^^^^^^^^^^^^^^^^^^^^^^^^^^^^^^^^^^^^^^^^^^^^^^^^^
    )
    ^
  File "D:\ControlledCopy\Inidawish\backend\venv\Lib\site-packages\sqlalchemy\orm\session.py", line 2351, in execute
    return self._execute_internal(
           ~~~~~~~~~~~~~~~~~~~~~~^
        statement,
        ^^^^^^^^^^
    ...<4 lines>...
        _add_event=_add_event,
        ^^^^^^^^^^^^^^^^^^^^^^
    )
    ^
  File "D:\ControlledCopy\Inidawish\backend\venv\Lib\site-packages\sqlalchemy\orm\session.py", line 2239, in _execute_internal
    conn = self._connection_for_bind(bind)
  File "D:\ControlledCopy\Inidawish\backend\venv\Lib\site-packages\sqlalchemy\orm\session.py", line 2108, in _connection_for_bind
    return trans._connection_for_bind(engine, execution_options)
           ~~~~~~~~~~~~~~~~~~~~~~~~~~^^^^^^^^^^^^^^^^^^^^^^^^^^^
  File "<string>", line 2, in _connection_for_bind
  File "D:\ControlledCopy\Inidawish\backend\venv\Lib\site-packages\sqlalchemy\orm\state_changes.py", line 137, in _go
    ret_value = fn(self, *arg, **kw)
  File "D:\ControlledCopy\Inidawish\backend\venv\Lib\site-packages\sqlalchemy\orm\session.py", line 1187, in _connection_for_bind
    conn = bind.connect()
  File "D:\ControlledCopy\Inidawish\backend\venv\Lib\site-packages\sqlalchemy\engine\base.py", line 3293, in connect
    return self._connection_cls(self)
           ~~~~~~~~~~~~~~~~~~~~^^^^^^
  File "D:\ControlledCopy\Inidawish\backend\venv\Lib\site-packages\sqlalchemy\engine\base.py", line 145, in __init__
    Connection._handle_dbapi_exception_noconnection(
    ~~~~~~~~~~~~~~~~~~~~~~~~~~~~~~~~~~~~~~~~~~~~~~~^
        err, dialect, engine
        ^^^^^^^^^^^^^^^^^^^^
    )
    ^
  File "D:\ControlledCopy\Inidawish\backend\venv\Lib\site-packages\sqlalchemy\engine\base.py", line 2448, in _handle_dbapi_exception_noconnection
    raise sqlalchemy_exception.with_traceback(exc_info[2]) from e
  File "D:\ControlledCopy\Inidawish\backend\venv\Lib\site-packages\sqlalchemy\engine\base.py", line 143, in __init__
    self._dbapi_connection = engine.raw_connection()
                             ~~~~~~~~~~~~~~~~~~~~~^^
  File "D:\ControlledCopy\Inidawish\backend\venv\Lib\site-packages\sqlalchemy\engine\base.py", line 3317, in raw_connection
    return self.pool.connect()
           ~~~~~~~~~~~~~~~~~^^
  File "D:\ControlledCopy\Inidawish\backend\venv\Lib\site-packages\sqlalchemy\pool\base.py", line 448, in connect
    return _ConnectionFairy._checkout(self)
           ~~~~~~~~~~~~~~~~~~~~~~~~~~^^^^^^
  File "D:\ControlledCopy\Inidawish\backend\venv\Lib\site-packages\sqlalchemy\pool\base.py", line 1272, in _checkout
    fairy = _ConnectionRecord.checkout(pool)
  File "D:\ControlledCopy\Inidawish\backend\venv\Lib\site-packages\sqlalchemy\pool\base.py", line 717, in checkout
    with util.safe_reraise():
         ~~~~~~~~~~~~~~~~~^^
  File "D:\ControlledCopy\Inidawish\backend\venv\Lib\site-packages\sqlalchemy\util\langhelpers.py", line 121, in __exit__
    raise exc_value.with_traceback(exc_tb)
  File "D:\ControlledCopy\Inidawish\backend\venv\Lib\site-packages\sqlalchemy\pool\base.py", line 715, in checkout
    dbapi_connection = rec.get_connection()
  File "D:\ControlledCopy\Inidawish\backend\venv\Lib\site-packages\sqlalchemy\pool\base.py", line 837, in get_connection
    self.__connect()
    ~~~~~~~~~~~~~~^^
  File "D:\ControlledCopy\Inidawish\backend\venv\Lib\site-packages\sqlalchemy\pool\base.py", line 900, in __connect
    with util.safe_reraise():
         ~~~~~~~~~~~~~~~~~^^
  File "D:\ControlledCopy\Inidawish\backend\venv\Lib\site-packages\sqlalchemy\util\langhelpers.py", line 121, in __exit__
    raise exc_value.with_traceback(exc_tb)
  File "D:\ControlledCopy\Inidawish\backend\venv\Lib\site-packages\sqlalchemy\pool\base.py", line 896, in __connect
    self.dbapi_connection = connection = pool._invoke_creator(self)
                                         ~~~~~~~~~~~~~~~~~~~~^^^^^^
  File "D:\ControlledCopy\Inidawish\backend\venv\Lib\site-packages\sqlalchemy\engine\create.py", line 661, in connect
    return dialect.connect(*cargs, **cparams)
           ~~~~~~~~~~~~~~~^^^^^^^^^^^^^^^^^^^
  File "D:\ControlledCopy\Inidawish\backend\venv\Lib\site-packages\sqlalchemy\engine\default.py", line 630, in connect
    return self.loaded_dbapi.connect(*cargs, **cparams)  # type: ignore[no-any-return]  # NOQA: E501
           ~~~~~~~~~~~~~~~~~~~~~~~~~^^^^^^^^^^^^^^^^^^^
  File "D:\ControlledCopy\Inidawish\backend\venv\Lib\site-packages\psycopg2\__init__.py", line 135, in connect
    conn = _connect(dsn, connection_factory=connection_factory, **kwasync)
sqlalchemy.exc.OperationalError: (psycopg2.OperationalError) connection to server at "localhost" (::1), port 5432 failed: Connection refused (0x0000274D/10061)
	Is the server running on that host and accepting TCP/IP connections?
connection to server at "localhost" (127.0.0.1), port 5432 failed: Connection refused (0x0000274D/10061)
	Is the server running on that host and accepting TCP/IP connections?

(Background on this error at: https://sqlalche.me/e/20/e3q8)

Global exception caught: (psycopg2.errors.ForeignKeyViolation) update or delete on table "listings" violates foreign key constraint "conversations_listing_id_fkey" on table "conversations"
DETAIL:  Key (id)=(7b52e74c-a1c6-4c85-adc1-c18a6673138f) is still referenced from table "conversations".

[SQL: DELETE FROM listings WHERE listings.id = %(id)s]
[parameters: {'id': '7b52e74c-a1c6-4c85-adc1-c18a6673138f'}]
(Background on this error at: https://sqlalche.me/e/20/gkpj)
Traceback (most recent call last):
  File "D:\ControlledCopy\Inidawish\backend\venv\Lib\site-packages\sqlalchemy\engine\base.py", line 1967, in _exec_single_context
    self.dialect.do_execute(
    ~~~~~~~~~~~~~~~~~~~~~~~^
        cursor, str_statement, effective_parameters, context
        ^^^^^^^^^^^^^^^^^^^^^^^^^^^^^^^^^^^^^^^^^^^^^^^^^^^^
    )
    ^
  File "D:\ControlledCopy\Inidawish\backend\venv\Lib\site-packages\sqlalchemy\engine\default.py", line 952, in do_execute
    cursor.execute(statement, parameters)
    ~~~~~~~~~~~~~~^^^^^^^^^^^^^^^^^^^^^^^
psycopg2.errors.ForeignKeyViolation: update or delete on table "listings" violates foreign key constraint "conversations_listing_id_fkey" on table "conversations"
DETAIL:  Key (id)=(7b52e74c-a1c6-4c85-adc1-c18a6673138f) is still referenced from table "conversations".


The above exception was the direct cause of the following exception:

Traceback (most recent call last):
  File "D:\ControlledCopy\Inidawish\backend\venv\Lib\site-packages\starlette\middleware\errors.py", line 164, in __call__
    await self.app(scope, receive, _send)
  File "D:\ControlledCopy\Inidawish\backend\venv\Lib\site-packages\starlette\middleware\cors.py", line 95, in __call__
    await self.simple_response(scope, receive, send, request_headers=headers)
  File "D:\ControlledCopy\Inidawish\backend\venv\Lib\site-packages\starlette\middleware\cors.py", line 153, in simple_response
    await self.app(scope, receive, send)
  File "D:\ControlledCopy\Inidawish\backend\venv\Lib\site-packages\starlette\middleware\exceptions.py", line 63, in __call__
    await wrap_app_handling_exceptions(self.app, conn)(scope, receive, send)
  File "D:\ControlledCopy\Inidawish\backend\venv\Lib\site-packages\starlette\_exception_handler.py", line 53, in wrapped_app
    raise exc
  File "D:\ControlledCopy\Inidawish\backend\venv\Lib\site-packages\starlette\_exception_handler.py", line 42, in wrapped_app
    await app(scope, receive, sender)
  File "D:\ControlledCopy\Inidawish\backend\venv\Lib\site-packages\fastapi\middleware\asyncexitstack.py", line 18, in __call__
    await self.app(scope, receive, send)
  File "D:\ControlledCopy\Inidawish\backend\venv\Lib\site-packages\starlette\routing.py", line 716, in __call__
    await self.middleware_stack(scope, receive, send)
  File "D:\ControlledCopy\Inidawish\backend\venv\Lib\site-packages\starlette\routing.py", line 736, in app
    await route.handle(scope, receive, send)
  File "D:\ControlledCopy\Inidawish\backend\venv\Lib\site-packages\starlette\routing.py", line 290, in handle
    await self.app(scope, receive, send)
  File "D:\ControlledCopy\Inidawish\backend\venv\Lib\site-packages\fastapi\routing.py", line 122, in app
    await wrap_app_handling_exceptions(app, request)(scope, receive, send)
  File "D:\ControlledCopy\Inidawish\backend\venv\Lib\site-packages\starlette\_exception_handler.py", line 53, in wrapped_app
    raise exc
  File "D:\ControlledCopy\Inidawish\backend\venv\Lib\site-packages\starlette\_exception_handler.py", line 42, in wrapped_app
    await app(scope, receive, sender)
  File "D:\ControlledCopy\Inidawish\backend\venv\Lib\site-packages\fastapi\routing.py", line 108, in app
    response = await f(request)
               ^^^^^^^^^^^^^^^^
  File "D:\ControlledCopy\Inidawish\backend\venv\Lib\site-packages\fastapi\routing.py", line 532, in app
    raw_response = await run_endpoint_function(
                   ^^^^^^^^^^^^^^^^^^^^^^^^^^^^
    ...<3 lines>...
    )
    ^
  File "D:\ControlledCopy\Inidawish\backend\venv\Lib\site-packages\fastapi\routing.py", line 318, in run_endpoint_function
    return await run_in_threadpool(dependant.call, **values)
           ^^^^^^^^^^^^^^^^^^^^^^^^^^^^^^^^^^^^^^^^^^^^^^^^^
  File "D:\ControlledCopy\Inidawish\backend\venv\Lib\site-packages\starlette\concurrency.py", line 32, in run_in_threadpool
    return await anyio.to_thread.run_sync(func)
           ^^^^^^^^^^^^^^^^^^^^^^^^^^^^^^^^^^^^
  File "D:\ControlledCopy\Inidawish\backend\venv\Lib\site-packages\anyio\to_thread.py", line 63, in run_sync
    return await get_async_backend().run_sync_in_worker_thread(
           ^^^^^^^^^^^^^^^^^^^^^^^^^^^^^^^^^^^^^^^^^^^^^^^^^^^^
        func, args, abandon_on_cancel=abandon_on_cancel, limiter=limiter
        ^^^^^^^^^^^^^^^^^^^^^^^^^^^^^^^^^^^^^^^^^^^^^^^^^^^^^^^^^^^^^^^^
    )
    ^
  File "D:\ControlledCopy\Inidawish\backend\venv\Lib\site-packages\anyio\_backends\_asyncio.py", line 2502, in run_sync_in_worker_thread
    return await future
           ^^^^^^^^^^^^
  File "D:\ControlledCopy\Inidawish\backend\venv\Lib\site-packages\anyio\_backends\_asyncio.py", line 986, in run
    result = context.run(func, *args)
  File "D:\ControlledCopy\Inidawish\backend\app\api\endpoints\admin.py", line 248, in delete_listing
    db.commit()
    ~~~~~~~~~^^
  File "D:\ControlledCopy\Inidawish\backend\venv\Lib\site-packages\sqlalchemy\orm\session.py", line 2030, in commit
    trans.commit(_to_root=True)
    ~~~~~~~~~~~~^^^^^^^^^^^^^^^
  File "<string>", line 2, in commit
  File "D:\ControlledCopy\Inidawish\backend\venv\Lib\site-packages\sqlalchemy\orm\state_changes.py", line 137, in _go
    ret_value = fn(self, *arg, **kw)
  File "D:\ControlledCopy\Inidawish\backend\venv\Lib\site-packages\sqlalchemy\orm\session.py", line 1311, in commit
    self._prepare_impl()
    ~~~~~~~~~~~~~~~~~~^^
  File "<string>", line 2, in _prepare_impl
  File "D:\ControlledCopy\Inidawish\backend\venv\Lib\site-packages\sqlalchemy\orm\state_changes.py", line 137, in _go
    ret_value = fn(self, *arg, **kw)
  File "D:\ControlledCopy\Inidawish\backend\venv\Lib\site-packages\sqlalchemy\orm\session.py", line 1286, in _prepare_impl
    self.session.flush()
    ~~~~~~~~~~~~~~~~~~^^
  File "D:\ControlledCopy\Inidawish\backend\venv\Lib\site-packages\sqlalchemy\orm\session.py", line 4331, in flush
    self._flush(objects)
    ~~~~~~~~~~~^^^^^^^^^
  File "D:\ControlledCopy\Inidawish\backend\venv\Lib\site-packages\sqlalchemy\orm\session.py", line 4466, in _flush
    with util.safe_reraise():
         ~~~~~~~~~~~~~~~~~^^
  File "D:\ControlledCopy\Inidawish\backend\venv\Lib\site-packages\sqlalchemy\util\langhelpers.py", line 121, in __exit__
    raise exc_value.with_traceback(exc_tb)
  File "D:\ControlledCopy\Inidawish\backend\venv\Lib\site-packages\sqlalchemy\orm\session.py", line 4427, in _flush
    flush_context.execute()
    ~~~~~~~~~~~~~~~~~~~~~^^
  File "D:\ControlledCopy\Inidawish\backend\venv\Lib\site-packages\sqlalchemy\orm\unitofwork.py", line 466, in execute
    rec.execute(self)
    ~~~~~~~~~~~^^^^^^
  File "D:\ControlledCopy\Inidawish\backend\venv\Lib\site-packages\sqlalchemy\orm\unitofwork.py", line 679, in execute
    util.preloaded.orm_persistence.delete_obj(
    ~~~~~~~~~~~~~~~~~~~~~~~~~~~~~~~~~~~~~~~~~^
        self.mapper,
        ^^^^^^^^^^^^
        uow.states_for_mapper_hierarchy(self.mapper, True, False),
        ^^^^^^^^^^^^^^^^^^^^^^^^^^^^^^^^^^^^^^^^^^^^^^^^^^^^^^^^^^
        uow,
        ^^^^
    )
    ^
  File "D:\ControlledCopy\Inidawish\backend\venv\Lib\site-packages\sqlalchemy\orm\persistence.py", line 193, in delete_obj
    _emit_delete_statements(
    ~~~~~~~~~~~~~~~~~~~~~~~^
        base_mapper,
        ^^^^^^^^^^^^
    ...<3 lines>...
        delete,
        ^^^^^^^
    )
    ^
  File "D:\ControlledCopy\Inidawish\backend\venv\Lib\site-packages\sqlalchemy\orm\persistence.py", line 1471, in _emit_delete_statements
    c = connection.execute(
        statement, del_objects, execution_options=execution_options
    )
  File "D:\ControlledCopy\Inidawish\backend\venv\Lib\site-packages\sqlalchemy\engine\base.py", line 1419, in execute
    return meth(
        self,
        distilled_parameters,
        execution_options or NO_OPTIONS,
    )
  File "D:\ControlledCopy\Inidawish\backend\venv\Lib\site-packages\sqlalchemy\sql\elements.py", line 527, in _execute_on_connection
    return connection._execute_clauseelement(
           ~~~~~~~~~~~~~~~~~~~~~~~~~~~~~~~~~^
        self, distilled_params, execution_options
        ^^^^^^^^^^^^^^^^^^^^^^^^^^^^^^^^^^^^^^^^^
    )
    ^
  File "D:\ControlledCopy\Inidawish\backend\venv\Lib\site-packages\sqlalchemy\engine\base.py", line 1641, in _execute_clauseelement
    ret = self._execute_context(
        dialect,
    ...<8 lines>...
        cache_hit=cache_hit,
    )
  File "D:\ControlledCopy\Inidawish\backend\venv\Lib\site-packages\sqlalchemy\engine\base.py", line 1846, in _execute_context
    return self._exec_single_context(
           ~~~~~~~~~~~~~~~~~~~~~~~~~^
        dialect, context, statement, parameters
        ^^^^^^^^^^^^^^^^^^^^^^^^^^^^^^^^^^^^^^^
    )
    ^
  File "D:\ControlledCopy\Inidawish\backend\venv\Lib\site-packages\sqlalchemy\engine\base.py", line 1986, in _exec_single_context
    self._handle_dbapi_exception(
    ~~~~~~~~~~~~~~~~~~~~~~~~~~~~^
        e, str_statement, effective_parameters, cursor, context
        ^^^^^^^^^^^^^^^^^^^^^^^^^^^^^^^^^^^^^^^^^^^^^^^^^^^^^^^
    )
    ^
  File "D:\ControlledCopy\Inidawish\backend\venv\Lib\site-packages\sqlalchemy\engine\base.py", line 2363, in _handle_dbapi_exception
    raise sqlalchemy_exception.with_traceback(exc_info[2]) from e
  File "D:\ControlledCopy\Inidawish\backend\venv\Lib\site-packages\sqlalchemy\engine\base.py", line 1967, in _exec_single_context
    self.dialect.do_execute(
    ~~~~~~~~~~~~~~~~~~~~~~~^
        cursor, str_statement, effective_parameters, context
        ^^^^^^^^^^^^^^^^^^^^^^^^^^^^^^^^^^^^^^^^^^^^^^^^^^^^
    )
    ^
  File "D:\ControlledCopy\Inidawish\backend\venv\Lib\site-packages\sqlalchemy\engine\default.py", line 952, in do_execute
    cursor.execute(statement, parameters)
    ~~~~~~~~~~~~~~^^^^^^^^^^^^^^^^^^^^^^^
sqlalchemy.exc.IntegrityError: (psycopg2.errors.ForeignKeyViolation) update or delete on table "listings" violates foreign key constraint "conversations_listing_id_fkey" on table "conversations"
DETAIL:  Key (id)=(7b52e74c-a1c6-4c85-adc1-c18a6673138f) is still referenced from table "conversations".

[SQL: DELETE FROM listings WHERE listings.id = %(id)s]
[parameters: {'id': '7b52e74c-a1c6-4c85-adc1-c18a6673138f'}]
(Background on this error at: https://sqlalche.me/e/20/gkpj)

Global exception caught: (psycopg2.errors.ForeignKeyViolation) update or delete on table "listings" violates foreign key constraint "conversations_listing_id_fkey" on table "conversations"
DETAIL:  Key (id)=(7b52e74c-a1c6-4c85-adc1-c18a6673138f) is still referenced from table "conversations".

[SQL: DELETE FROM listings WHERE listings.id = %(id)s]
[parameters: {'id': '7b52e74c-a1c6-4c85-adc1-c18a6673138f'}]
(Background on this error at: https://sqlalche.me/e/20/gkpj)
Traceback (most recent call last):
  File "D:\ControlledCopy\Inidawish\backend\venv\Lib\site-packages\sqlalchemy\engine\base.py", line 1967, in _exec_single_context
    self.dialect.do_execute(
    ~~~~~~~~~~~~~~~~~~~~~~~^
        cursor, str_statement, effective_parameters, context
        ^^^^^^^^^^^^^^^^^^^^^^^^^^^^^^^^^^^^^^^^^^^^^^^^^^^^
    )
    ^
  File "D:\ControlledCopy\Inidawish\backend\venv\Lib\site-packages\sqlalchemy\engine\default.py", line 952, in do_execute
    cursor.execute(statement, parameters)
    ~~~~~~~~~~~~~~^^^^^^^^^^^^^^^^^^^^^^^
psycopg2.errors.ForeignKeyViolation: update or delete on table "listings" violates foreign key constraint "conversations_listing_id_fkey" on table "conversations"
DETAIL:  Key (id)=(7b52e74c-a1c6-4c85-adc1-c18a6673138f) is still referenced from table "conversations".


The above exception was the direct cause of the following exception:

Traceback (most recent call last):
  File "D:\ControlledCopy\Inidawish\backend\venv\Lib\site-packages\starlette\middleware\errors.py", line 164, in __call__
    await self.app(scope, receive, _send)
  File "D:\ControlledCopy\Inidawish\backend\venv\Lib\site-packages\starlette\middleware\cors.py", line 95, in __call__
    await self.simple_response(scope, receive, send, request_headers=headers)
  File "D:\ControlledCopy\Inidawish\backend\venv\Lib\site-packages\starlette\middleware\cors.py", line 153, in simple_response
    await self.app(scope, receive, send)
  File "D:\ControlledCopy\Inidawish\backend\venv\Lib\site-packages\starlette\middleware\exceptions.py", line 63, in __call__
    await wrap_app_handling_exceptions(self.app, conn)(scope, receive, send)
  File "D:\ControlledCopy\Inidawish\backend\venv\Lib\site-packages\starlette\_exception_handler.py", line 53, in wrapped_app
    raise exc
  File "D:\ControlledCopy\Inidawish\backend\venv\Lib\site-packages\starlette\_exception_handler.py", line 42, in wrapped_app
    await app(scope, receive, sender)
  File "D:\ControlledCopy\Inidawish\backend\venv\Lib\site-packages\fastapi\middleware\asyncexitstack.py", line 18, in __call__
    await self.app(scope, receive, send)
  File "D:\ControlledCopy\Inidawish\backend\venv\Lib\site-packages\starlette\routing.py", line 716, in __call__
    await self.middleware_stack(scope, receive, send)
  File "D:\ControlledCopy\Inidawish\backend\venv\Lib\site-packages\starlette\routing.py", line 736, in app
    await route.handle(scope, receive, send)
  File "D:\ControlledCopy\Inidawish\backend\venv\Lib\site-packages\starlette\routing.py", line 290, in handle
    await self.app(scope, receive, send)
  File "D:\ControlledCopy\Inidawish\backend\venv\Lib\site-packages\fastapi\routing.py", line 122, in app
    await wrap_app_handling_exceptions(app, request)(scope, receive, send)
  File "D:\ControlledCopy\Inidawish\backend\venv\Lib\site-packages\starlette\_exception_handler.py", line 53, in wrapped_app
    raise exc
  File "D:\ControlledCopy\Inidawish\backend\venv\Lib\site-packages\starlette\_exception_handler.py", line 42, in wrapped_app
    await app(scope, receive, sender)
  File "D:\ControlledCopy\Inidawish\backend\venv\Lib\site-packages\fastapi\routing.py", line 108, in app
    response = await f(request)
               ^^^^^^^^^^^^^^^^
  File "D:\ControlledCopy\Inidawish\backend\venv\Lib\site-packages\fastapi\routing.py", line 532, in app
    raw_response = await run_endpoint_function(
                   ^^^^^^^^^^^^^^^^^^^^^^^^^^^^
    ...<3 lines>...
    )
    ^
  File "D:\ControlledCopy\Inidawish\backend\venv\Lib\site-packages\fastapi\routing.py", line 318, in run_endpoint_function
    return await run_in_threadpool(dependant.call, **values)
           ^^^^^^^^^^^^^^^^^^^^^^^^^^^^^^^^^^^^^^^^^^^^^^^^^
  File "D:\ControlledCopy\Inidawish\backend\venv\Lib\site-packages\starlette\concurrency.py", line 32, in run_in_threadpool
    return await anyio.to_thread.run_sync(func)
           ^^^^^^^^^^^^^^^^^^^^^^^^^^^^^^^^^^^^
  File "D:\ControlledCopy\Inidawish\backend\venv\Lib\site-packages\anyio\to_thread.py", line 63, in run_sync
    return await get_async_backend().run_sync_in_worker_thread(
           ^^^^^^^^^^^^^^^^^^^^^^^^^^^^^^^^^^^^^^^^^^^^^^^^^^^^
        func, args, abandon_on_cancel=abandon_on_cancel, limiter=limiter
        ^^^^^^^^^^^^^^^^^^^^^^^^^^^^^^^^^^^^^^^^^^^^^^^^^^^^^^^^^^^^^^^^
    )
    ^
  File "D:\ControlledCopy\Inidawish\backend\venv\Lib\site-packages\anyio\_backends\_asyncio.py", line 2502, in run_sync_in_worker_thread
    return await future
           ^^^^^^^^^^^^
  File "D:\ControlledCopy\Inidawish\backend\venv\Lib\site-packages\anyio\_backends\_asyncio.py", line 986, in run
    result = context.run(func, *args)
  File "D:\ControlledCopy\Inidawish\backend\app\api\endpoints\admin.py", line 248, in delete_listing
    db.commit()
    ~~~~~~~~~^^
  File "D:\ControlledCopy\Inidawish\backend\venv\Lib\site-packages\sqlalchemy\orm\session.py", line 2030, in commit
    trans.commit(_to_root=True)
    ~~~~~~~~~~~~^^^^^^^^^^^^^^^
  File "<string>", line 2, in commit
  File "D:\ControlledCopy\Inidawish\backend\venv\Lib\site-packages\sqlalchemy\orm\state_changes.py", line 137, in _go
    ret_value = fn(self, *arg, **kw)
  File "D:\ControlledCopy\Inidawish\backend\venv\Lib\site-packages\sqlalchemy\orm\session.py", line 1311, in commit
    self._prepare_impl()
    ~~~~~~~~~~~~~~~~~~^^
  File "<string>", line 2, in _prepare_impl
  File "D:\ControlledCopy\Inidawish\backend\venv\Lib\site-packages\sqlalchemy\orm\state_changes.py", line 137, in _go
    ret_value = fn(self, *arg, **kw)
  File "D:\ControlledCopy\Inidawish\backend\venv\Lib\site-packages\sqlalchemy\orm\session.py", line 1286, in _prepare_impl
    self.session.flush()
    ~~~~~~~~~~~~~~~~~~^^
  File "D:\ControlledCopy\Inidawish\backend\venv\Lib\site-packages\sqlalchemy\orm\session.py", line 4331, in flush
    self._flush(objects)
    ~~~~~~~~~~~^^^^^^^^^
  File "D:\ControlledCopy\Inidawish\backend\venv\Lib\site-packages\sqlalchemy\orm\session.py", line 4466, in _flush
    with util.safe_reraise():
         ~~~~~~~~~~~~~~~~~^^
  File "D:\ControlledCopy\Inidawish\backend\venv\Lib\site-packages\sqlalchemy\util\langhelpers.py", line 121, in __exit__
    raise exc_value.with_traceback(exc_tb)
  File "D:\ControlledCopy\Inidawish\backend\venv\Lib\site-packages\sqlalchemy\orm\session.py", line 4427, in _flush
    flush_context.execute()
    ~~~~~~~~~~~~~~~~~~~~~^^
  File "D:\ControlledCopy\Inidawish\backend\venv\Lib\site-packages\sqlalchemy\orm\unitofwork.py", line 466, in execute
    rec.execute(self)
    ~~~~~~~~~~~^^^^^^
  File "D:\ControlledCopy\Inidawish\backend\venv\Lib\site-packages\sqlalchemy\orm\unitofwork.py", line 679, in execute
    util.preloaded.orm_persistence.delete_obj(
    ~~~~~~~~~~~~~~~~~~~~~~~~~~~~~~~~~~~~~~~~~^
        self.mapper,
        ^^^^^^^^^^^^
        uow.states_for_mapper_hierarchy(self.mapper, True, False),
        ^^^^^^^^^^^^^^^^^^^^^^^^^^^^^^^^^^^^^^^^^^^^^^^^^^^^^^^^^^
        uow,
        ^^^^
    )
    ^
  File "D:\ControlledCopy\Inidawish\backend\venv\Lib\site-packages\sqlalchemy\orm\persistence.py", line 193, in delete_obj
    _emit_delete_statements(
    ~~~~~~~~~~~~~~~~~~~~~~~^
        base_mapper,
        ^^^^^^^^^^^^
    ...<3 lines>...
        delete,
        ^^^^^^^
    )
    ^
  File "D:\ControlledCopy\Inidawish\backend\venv\Lib\site-packages\sqlalchemy\orm\persistence.py", line 1471, in _emit_delete_statements
    c = connection.execute(
        statement, del_objects, execution_options=execution_options
    )
  File "D:\ControlledCopy\Inidawish\backend\venv\Lib\site-packages\sqlalchemy\engine\base.py", line 1419, in execute
    return meth(
        self,
        distilled_parameters,
        execution_options or NO_OPTIONS,
    )
  File "D:\ControlledCopy\Inidawish\backend\venv\Lib\site-packages\sqlalchemy\sql\elements.py", line 527, in _execute_on_connection
    return connection._execute_clauseelement(
           ~~~~~~~~~~~~~~~~~~~~~~~~~~~~~~~~~^
        self, distilled_params, execution_options
        ^^^^^^^^^^^^^^^^^^^^^^^^^^^^^^^^^^^^^^^^^
    )
    ^
  File "D:\ControlledCopy\Inidawish\backend\venv\Lib\site-packages\sqlalchemy\engine\base.py", line 1641, in _execute_clauseelement
    ret = self._execute_context(
        dialect,
    ...<8 lines>...
        cache_hit=cache_hit,
    )
  File "D:\ControlledCopy\Inidawish\backend\venv\Lib\site-packages\sqlalchemy\engine\base.py", line 1846, in _execute_context
    return self._exec_single_context(
           ~~~~~~~~~~~~~~~~~~~~~~~~~^
        dialect, context, statement, parameters
        ^^^^^^^^^^^^^^^^^^^^^^^^^^^^^^^^^^^^^^^
    )
    ^
  File "D:\ControlledCopy\Inidawish\backend\venv\Lib\site-packages\sqlalchemy\engine\base.py", line 1986, in _exec_single_context
    self._handle_dbapi_exception(
    ~~~~~~~~~~~~~~~~~~~~~~~~~~~~^
        e, str_statement, effective_parameters, cursor, context
        ^^^^^^^^^^^^^^^^^^^^^^^^^^^^^^^^^^^^^^^^^^^^^^^^^^^^^^^
    )
    ^
  File "D:\ControlledCopy\Inidawish\backend\venv\Lib\site-packages\sqlalchemy\engine\base.py", line 2363, in _handle_dbapi_exception
    raise sqlalchemy_exception.with_traceback(exc_info[2]) from e
  File "D:\ControlledCopy\Inidawish\backend\venv\Lib\site-packages\sqlalchemy\engine\base.py", line 1967, in _exec_single_context
    self.dialect.do_execute(
    ~~~~~~~~~~~~~~~~~~~~~~~^
        cursor, str_statement, effective_parameters, context
        ^^^^^^^^^^^^^^^^^^^^^^^^^^^^^^^^^^^^^^^^^^^^^^^^^^^^
    )
    ^
  File "D:\ControlledCopy\Inidawish\backend\venv\Lib\site-packages\sqlalchemy\engine\default.py", line 952, in do_execute
    cursor.execute(statement, parameters)
    ~~~~~~~~~~~~~~^^^^^^^^^^^^^^^^^^^^^^^
sqlalchemy.exc.IntegrityError: (psycopg2.errors.ForeignKeyViolation) update or delete on table "listings" violates foreign key constraint "conversations_listing_id_fkey" on table "conversations"
DETAIL:  Key (id)=(7b52e74c-a1c6-4c85-adc1-c18a6673138f) is still referenced from table "conversations".

[SQL: DELETE FROM listings WHERE listings.id = %(id)s]
[parameters: {'id': '7b52e74c-a1c6-4c85-adc1-c18a6673138f'}]
(Background on this error at: https://sqlalche.me/e/20/gkpj)

Global exception caught: 12 validation errors:
  {'type': 'string_type', 'loc': ('response', 0, 'category_id'), 'msg': 'Input should be a valid string', 'input': None}
  {'type': 'string_type', 'loc': ('response', 1, 'category_id'), 'msg': 'Input should be a valid string', 'input': None}
  {'type': 'string_type', 'loc': ('response', 2, 'category_id'), 'msg': 'Input should be a valid string', 'input': None}
  {'type': 'string_type', 'loc': ('response', 3, 'category_id'), 'msg': 'Input should be a valid string', 'input': None}
  {'type': 'string_type', 'loc': ('response', 4, 'category_id'), 'msg': 'Input should be a valid string', 'input': None}
  {'type': 'string_type', 'loc': ('response', 5, 'category_id'), 'msg': 'Input should be a valid string', 'input': None}
  {'type': 'string_type', 'loc': ('response', 6, 'category_id'), 'msg': 'Input should be a valid string', 'input': None}
  {'type': 'string_type', 'loc': ('response', 7, 'category_id'), 'msg': 'Input should be a valid string', 'input': None}
  {'type': 'string_type', 'loc': ('response', 8, 'category_id'), 'msg': 'Input should be a valid string', 'input': None}
  {'type': 'string_type', 'loc': ('response', 9, 'category_id'), 'msg': 'Input should be a valid string', 'input': None}
  {'type': 'string_type', 'loc': ('response', 10, 'category_id'), 'msg': 'Input should be a valid string', 'input': None}
  {'type': 'string_type', 'loc': ('response', 12, 'category_id'), 'msg': 'Input should be a valid string', 'input': None}

  File "D:\ControlledCopy\Inidawish\backend\app\api\endpoints\marketplace.py", line 51, in get_fresh_recommendations
    GET /api/listings/home/fresh
Traceback (most recent call last):
  File "D:\ControlledCopy\Inidawish\backend\venv\Lib\site-packages\starlette\middleware\errors.py", line 164, in __call__
    await self.app(scope, receive, _send)
  File "D:\ControlledCopy\Inidawish\backend\venv\Lib\site-packages\starlette\middleware\cors.py", line 95, in __call__
    await self.simple_response(scope, receive, send, request_headers=headers)
  File "D:\ControlledCopy\Inidawish\backend\venv\Lib\site-packages\starlette\middleware\cors.py", line 153, in simple_response
    await self.app(scope, receive, send)
  File "D:\ControlledCopy\Inidawish\backend\venv\Lib\site-packages\starlette\middleware\exceptions.py", line 63, in __call__
    await wrap_app_handling_exceptions(self.app, conn)(scope, receive, send)
  File "D:\ControlledCopy\Inidawish\backend\venv\Lib\site-packages\starlette\_exception_handler.py", line 53, in wrapped_app
    raise exc
  File "D:\ControlledCopy\Inidawish\backend\venv\Lib\site-packages\starlette\_exception_handler.py", line 42, in wrapped_app
    await app(scope, receive, sender)
  File "D:\ControlledCopy\Inidawish\backend\venv\Lib\site-packages\fastapi\middleware\asyncexitstack.py", line 18, in __call__
    await self.app(scope, receive, send)
  File "D:\ControlledCopy\Inidawish\backend\venv\Lib\site-packages\starlette\routing.py", line 716, in __call__
    await self.middleware_stack(scope, receive, send)
  File "D:\ControlledCopy\Inidawish\backend\venv\Lib\site-packages\starlette\routing.py", line 736, in app
    await route.handle(scope, receive, send)
  File "D:\ControlledCopy\Inidawish\backend\venv\Lib\site-packages\starlette\routing.py", line 290, in handle
    await self.app(scope, receive, send)
  File "D:\ControlledCopy\Inidawish\backend\venv\Lib\site-packages\fastapi\routing.py", line 122, in app
    await wrap_app_handling_exceptions(app, request)(scope, receive, send)
  File "D:\ControlledCopy\Inidawish\backend\venv\Lib\site-packages\starlette\_exception_handler.py", line 53, in wrapped_app
    raise exc
  File "D:\ControlledCopy\Inidawish\backend\venv\Lib\site-packages\starlette\_exception_handler.py", line 42, in wrapped_app
    await app(scope, receive, sender)
  File "D:\ControlledCopy\Inidawish\backend\venv\Lib\site-packages\fastapi\routing.py", line 108, in app
    response = await f(request)
               ^^^^^^^^^^^^^^^^
  File "D:\ControlledCopy\Inidawish\backend\venv\Lib\site-packages\fastapi\routing.py", line 553, in app
    content = await serialize_response(
              ^^^^^^^^^^^^^^^^^^^^^^^^^
    ...<11 lines>...
    )
    ^
  File "D:\ControlledCopy\Inidawish\backend\venv\Lib\site-packages\fastapi\routing.py", line 288, in serialize_response
    raise ResponseValidationError(
    ...<3 lines>...
    )
fastapi.exceptions.ResponseValidationError: 12 validation errors:
  {'type': 'string_type', 'loc': ('response', 0, 'category_id'), 'msg': 'Input should be a valid string', 'input': None}
  {'type': 'string_type', 'loc': ('response', 1, 'category_id'), 'msg': 'Input should be a valid string', 'input': None}
  {'type': 'string_type', 'loc': ('response', 2, 'category_id'), 'msg': 'Input should be a valid string', 'input': None}
  {'type': 'string_type', 'loc': ('response', 3, 'category_id'), 'msg': 'Input should be a valid string', 'input': None}
  {'type': 'string_type', 'loc': ('response', 4, 'category_id'), 'msg': 'Input should be a valid string', 'input': None}
  {'type': 'string_type', 'loc': ('response', 5, 'category_id'), 'msg': 'Input should be a valid string', 'input': None}
  {'type': 'string_type', 'loc': ('response', 6, 'category_id'), 'msg': 'Input should be a valid string', 'input': None}
  {'type': 'string_type', 'loc': ('response', 7, 'category_id'), 'msg': 'Input should be a valid string', 'input': None}
  {'type': 'string_type', 'loc': ('response', 8, 'category_id'), 'msg': 'Input should be a valid string', 'input': None}
  {'type': 'string_type', 'loc': ('response', 9, 'category_id'), 'msg': 'Input should be a valid string', 'input': None}
  {'type': 'string_type', 'loc': ('response', 10, 'category_id'), 'msg': 'Input should be a valid string', 'input': None}
  {'type': 'string_type', 'loc': ('response', 12, 'category_id'), 'msg': 'Input should be a valid string', 'input': None}

  File "D:\ControlledCopy\Inidawish\backend\app\api\endpoints\marketplace.py", line 51, in get_fresh_recommendations
    GET /api/listings/home/fresh

Global exception caught: 12 validation errors:
  {'type': 'string_type', 'loc': ('response', 1, 'category_id'), 'msg': 'Input should be a valid string', 'input': None}
  {'type': 'string_type', 'loc': ('response', 2, 'category_id'), 'msg': 'Input should be a valid string', 'input': None}
  {'type': 'string_type', 'loc': ('response', 3, 'category_id'), 'msg': 'Input should be a valid string', 'input': None}
  {'type': 'string_type', 'loc': ('response', 4, 'category_id'), 'msg': 'Input should be a valid string', 'input': None}
  {'type': 'string_type', 'loc': ('response', 5, 'category_id'), 'msg': 'Input should be a valid string', 'input': None}
  {'type': 'string_type', 'loc': ('response', 6, 'category_id'), 'msg': 'Input should be a valid string', 'input': None}
  {'type': 'string_type', 'loc': ('response', 7, 'category_id'), 'msg': 'Input should be a valid string', 'input': None}
  {'type': 'string_type', 'loc': ('response', 8, 'category_id'), 'msg': 'Input should be a valid string', 'input': None}
  {'type': 'string_type', 'loc': ('response', 9, 'category_id'), 'msg': 'Input should be a valid string', 'input': None}
  {'type': 'string_type', 'loc': ('response', 10, 'category_id'), 'msg': 'Input should be a valid string', 'input': None}
  {'type': 'string_type', 'loc': ('response', 11, 'category_id'), 'msg': 'Input should be a valid string', 'input': None}
  {'type': 'string_type', 'loc': ('response', 12, 'category_id'), 'msg': 'Input should be a valid string', 'input': None}

  File "D:\ControlledCopy\Inidawish\backend\app\api\endpoints\marketplace.py", line 23, in get_listings
    GET /api/listings
Traceback (most recent call last):
  File "D:\ControlledCopy\Inidawish\backend\venv\Lib\site-packages\starlette\middleware\errors.py", line 164, in __call__
    await self.app(scope, receive, _send)
  File "D:\ControlledCopy\Inidawish\backend\venv\Lib\site-packages\starlette\middleware\cors.py", line 95, in __call__
    await self.simple_response(scope, receive, send, request_headers=headers)
  File "D:\ControlledCopy\Inidawish\backend\venv\Lib\site-packages\starlette\middleware\cors.py", line 153, in simple_response
    await self.app(scope, receive, send)
  File "D:\ControlledCopy\Inidawish\backend\venv\Lib\site-packages\starlette\middleware\exceptions.py", line 63, in __call__
    await wrap_app_handling_exceptions(self.app, conn)(scope, receive, send)
  File "D:\ControlledCopy\Inidawish\backend\venv\Lib\site-packages\starlette\_exception_handler.py", line 53, in wrapped_app
    raise exc
  File "D:\ControlledCopy\Inidawish\backend\venv\Lib\site-packages\starlette\_exception_handler.py", line 42, in wrapped_app
    await app(scope, receive, sender)
  File "D:\ControlledCopy\Inidawish\backend\venv\Lib\site-packages\fastapi\middleware\asyncexitstack.py", line 18, in __call__
    await self.app(scope, receive, send)
  File "D:\ControlledCopy\Inidawish\backend\venv\Lib\site-packages\starlette\routing.py", line 716, in __call__
    await self.middleware_stack(scope, receive, send)
  File "D:\ControlledCopy\Inidawish\backend\venv\Lib\site-packages\starlette\routing.py", line 736, in app
    await route.handle(scope, receive, send)
  File "D:\ControlledCopy\Inidawish\backend\venv\Lib\site-packages\starlette\routing.py", line 290, in handle
    await self.app(scope, receive, send)
  File "D:\ControlledCopy\Inidawish\backend\venv\Lib\site-packages\fastapi\routing.py", line 122, in app
    await wrap_app_handling_exceptions(app, request)(scope, receive, send)
  File "D:\ControlledCopy\Inidawish\backend\venv\Lib\site-packages\starlette\_exception_handler.py", line 53, in wrapped_app
    raise exc
  File "D:\ControlledCopy\Inidawish\backend\venv\Lib\site-packages\starlette\_exception_handler.py", line 42, in wrapped_app
    await app(scope, receive, sender)
  File "D:\ControlledCopy\Inidawish\backend\venv\Lib\site-packages\fastapi\routing.py", line 108, in app
    response = await f(request)
               ^^^^^^^^^^^^^^^^
  File "D:\ControlledCopy\Inidawish\backend\venv\Lib\site-packages\fastapi\routing.py", line 553, in app
    content = await serialize_response(
              ^^^^^^^^^^^^^^^^^^^^^^^^^
    ...<11 lines>...
    )
    ^
  File "D:\ControlledCopy\Inidawish\backend\venv\Lib\site-packages\fastapi\routing.py", line 288, in serialize_response
    raise ResponseValidationError(
    ...<3 lines>...
    )
fastapi.exceptions.ResponseValidationError: 12 validation errors:
  {'type': 'string_type', 'loc': ('response', 1, 'category_id'), 'msg': 'Input should be a valid string', 'input': None}
  {'type': 'string_type', 'loc': ('response', 2, 'category_id'), 'msg': 'Input should be a valid string', 'input': None}
  {'type': 'string_type', 'loc': ('response', 3, 'category_id'), 'msg': 'Input should be a valid string', 'input': None}
  {'type': 'string_type', 'loc': ('response', 4, 'category_id'), 'msg': 'Input should be a valid string', 'input': None}
  {'type': 'string_type', 'loc': ('response', 5, 'category_id'), 'msg': 'Input should be a valid string', 'input': None}
  {'type': 'string_type', 'loc': ('response', 6, 'category_id'), 'msg': 'Input should be a valid string', 'input': None}
  {'type': 'string_type', 'loc': ('response', 7, 'category_id'), 'msg': 'Input should be a valid string', 'input': None}
  {'type': 'string_type', 'loc': ('response', 8, 'category_id'), 'msg': 'Input should be a valid string', 'input': None}
  {'type': 'string_type', 'loc': ('response', 9, 'category_id'), 'msg': 'Input should be a valid string', 'input': None}
  {'type': 'string_type', 'loc': ('response', 10, 'category_id'), 'msg': 'Input should be a valid string', 'input': None}
  {'type': 'string_type', 'loc': ('response', 11, 'category_id'), 'msg': 'Input should be a valid string', 'input': None}
  {'type': 'string_type', 'loc': ('response', 12, 'category_id'), 'msg': 'Input should be a valid string', 'input': None}

  File "D:\ControlledCopy\Inidawish\backend\app\api\endpoints\marketplace.py", line 23, in get_listings
    GET /api/listings

Global exception caught: 12 validation errors:
  {'type': 'string_type', 'loc': ('response', 1, 'category_id'), 'msg': 'Input should be a valid string', 'input': None}
  {'type': 'string_type', 'loc': ('response', 2, 'category_id'), 'msg': 'Input should be a valid string', 'input': None}
  {'type': 'string_type', 'loc': ('response', 3, 'category_id'), 'msg': 'Input should be a valid string', 'input': None}
  {'type': 'string_type', 'loc': ('response', 4, 'category_id'), 'msg': 'Input should be a valid string', 'input': None}
  {'type': 'string_type', 'loc': ('response', 5, 'category_id'), 'msg': 'Input should be a valid string', 'input': None}
  {'type': 'string_type', 'loc': ('response', 6, 'category_id'), 'msg': 'Input should be a valid string', 'input': None}
  {'type': 'string_type', 'loc': ('response', 7, 'category_id'), 'msg': 'Input should be a valid string', 'input': None}
  {'type': 'string_type', 'loc': ('response', 8, 'category_id'), 'msg': 'Input should be a valid string', 'input': None}
  {'type': 'string_type', 'loc': ('response', 9, 'category_id'), 'msg': 'Input should be a valid string', 'input': None}
  {'type': 'string_type', 'loc': ('response', 10, 'category_id'), 'msg': 'Input should be a valid string', 'input': None}
  {'type': 'string_type', 'loc': ('response', 11, 'category_id'), 'msg': 'Input should be a valid string', 'input': None}
  {'type': 'string_type', 'loc': ('response', 12, 'category_id'), 'msg': 'Input should be a valid string', 'input': None}

  File "D:\ControlledCopy\Inidawish\backend\app\api\endpoints\marketplace.py", line 23, in get_listings
    GET /api/listings
Traceback (most recent call last):
  File "D:\ControlledCopy\Inidawish\backend\venv\Lib\site-packages\starlette\middleware\errors.py", line 164, in __call__
    await self.app(scope, receive, _send)
  File "D:\ControlledCopy\Inidawish\backend\venv\Lib\site-packages\starlette\middleware\cors.py", line 95, in __call__
    await self.simple_response(scope, receive, send, request_headers=headers)
  File "D:\ControlledCopy\Inidawish\backend\venv\Lib\site-packages\starlette\middleware\cors.py", line 153, in simple_response
    await self.app(scope, receive, send)
  File "D:\ControlledCopy\Inidawish\backend\venv\Lib\site-packages\starlette\middleware\exceptions.py", line 63, in __call__
    await wrap_app_handling_exceptions(self.app, conn)(scope, receive, send)
  File "D:\ControlledCopy\Inidawish\backend\venv\Lib\site-packages\starlette\_exception_handler.py", line 53, in wrapped_app
    raise exc
  File "D:\ControlledCopy\Inidawish\backend\venv\Lib\site-packages\starlette\_exception_handler.py", line 42, in wrapped_app
    await app(scope, receive, sender)
  File "D:\ControlledCopy\Inidawish\backend\venv\Lib\site-packages\fastapi\middleware\asyncexitstack.py", line 18, in __call__
    await self.app(scope, receive, send)
  File "D:\ControlledCopy\Inidawish\backend\venv\Lib\site-packages\starlette\routing.py", line 716, in __call__
    await self.middleware_stack(scope, receive, send)
  File "D:\ControlledCopy\Inidawish\backend\venv\Lib\site-packages\starlette\routing.py", line 736, in app
    await route.handle(scope, receive, send)
  File "D:\ControlledCopy\Inidawish\backend\venv\Lib\site-packages\starlette\routing.py", line 290, in handle
    await self.app(scope, receive, send)
  File "D:\ControlledCopy\Inidawish\backend\venv\Lib\site-packages\fastapi\routing.py", line 122, in app
    await wrap_app_handling_exceptions(app, request)(scope, receive, send)
  File "D:\ControlledCopy\Inidawish\backend\venv\Lib\site-packages\starlette\_exception_handler.py", line 53, in wrapped_app
    raise exc
  File "D:\ControlledCopy\Inidawish\backend\venv\Lib\site-packages\starlette\_exception_handler.py", line 42, in wrapped_app
    await app(scope, receive, sender)
  File "D:\ControlledCopy\Inidawish\backend\venv\Lib\site-packages\fastapi\routing.py", line 108, in app
    response = await f(request)
               ^^^^^^^^^^^^^^^^
  File "D:\ControlledCopy\Inidawish\backend\venv\Lib\site-packages\fastapi\routing.py", line 553, in app
    content = await serialize_response(
              ^^^^^^^^^^^^^^^^^^^^^^^^^
    ...<11 lines>...
    )
    ^
  File "D:\ControlledCopy\Inidawish\backend\venv\Lib\site-packages\fastapi\routing.py", line 288, in serialize_response
    raise ResponseValidationError(
    ...<3 lines>...
    )
fastapi.exceptions.ResponseValidationError: 12 validation errors:
  {'type': 'string_type', 'loc': ('response', 1, 'category_id'), 'msg': 'Input should be a valid string', 'input': None}
  {'type': 'string_type', 'loc': ('response', 2, 'category_id'), 'msg': 'Input should be a valid string', 'input': None}
  {'type': 'string_type', 'loc': ('response', 3, 'category_id'), 'msg': 'Input should be a valid string', 'input': None}
  {'type': 'string_type', 'loc': ('response', 4, 'category_id'), 'msg': 'Input should be a valid string', 'input': None}
  {'type': 'string_type', 'loc': ('response', 5, 'category_id'), 'msg': 'Input should be a valid string', 'input': None}
  {'type': 'string_type', 'loc': ('response', 6, 'category_id'), 'msg': 'Input should be a valid string', 'input': None}
  {'type': 'string_type', 'loc': ('response', 7, 'category_id'), 'msg': 'Input should be a valid string', 'input': None}
  {'type': 'string_type', 'loc': ('response', 8, 'category_id'), 'msg': 'Input should be a valid string', 'input': None}
  {'type': 'string_type', 'loc': ('response', 9, 'category_id'), 'msg': 'Input should be a valid string', 'input': None}
  {'type': 'string_type', 'loc': ('response', 10, 'category_id'), 'msg': 'Input should be a valid string', 'input': None}
  {'type': 'string_type', 'loc': ('response', 11, 'category_id'), 'msg': 'Input should be a valid string', 'input': None}
  {'type': 'string_type', 'loc': ('response', 12, 'category_id'), 'msg': 'Input should be a valid string', 'input': None}

  File "D:\ControlledCopy\Inidawish\backend\app\api\endpoints\marketplace.py", line 23, in get_listings
    GET /api/listings

Global exception caught: 12 validation errors:
  {'type': 'string_type', 'loc': ('response', 0, 'category_id'), 'msg': 'Input should be a valid string', 'input': None}
  {'type': 'string_type', 'loc': ('response', 1, 'category_id'), 'msg': 'Input should be a valid string', 'input': None}
  {'type': 'string_type', 'loc': ('response', 2, 'category_id'), 'msg': 'Input should be a valid string', 'input': None}
  {'type': 'string_type', 'loc': ('response', 3, 'category_id'), 'msg': 'Input should be a valid string', 'input': None}
  {'type': 'string_type', 'loc': ('response', 4, 'category_id'), 'msg': 'Input should be a valid string', 'input': None}
  {'type': 'string_type', 'loc': ('response', 5, 'category_id'), 'msg': 'Input should be a valid string', 'input': None}
  {'type': 'string_type', 'loc': ('response', 6, 'category_id'), 'msg': 'Input should be a valid string', 'input': None}
  {'type': 'string_type', 'loc': ('response', 7, 'category_id'), 'msg': 'Input should be a valid string', 'input': None}
  {'type': 'string_type', 'loc': ('response', 8, 'category_id'), 'msg': 'Input should be a valid string', 'input': None}
  {'type': 'string_type', 'loc': ('response', 9, 'category_id'), 'msg': 'Input should be a valid string', 'input': None}
  {'type': 'string_type', 'loc': ('response', 10, 'category_id'), 'msg': 'Input should be a valid string', 'input': None}
  {'type': 'string_type', 'loc': ('response', 12, 'category_id'), 'msg': 'Input should be a valid string', 'input': None}

  File "D:\ControlledCopy\Inidawish\backend\app\api\endpoints\marketplace.py", line 51, in get_fresh_recommendations
    GET /api/listings/home/fresh
Traceback (most recent call last):
  File "D:\ControlledCopy\Inidawish\backend\venv\Lib\site-packages\starlette\middleware\errors.py", line 164, in __call__
    await self.app(scope, receive, _send)
  File "D:\ControlledCopy\Inidawish\backend\venv\Lib\site-packages\starlette\middleware\cors.py", line 95, in __call__
    await self.simple_response(scope, receive, send, request_headers=headers)
  File "D:\ControlledCopy\Inidawish\backend\venv\Lib\site-packages\starlette\middleware\cors.py", line 153, in simple_response
    await self.app(scope, receive, send)
  File "D:\ControlledCopy\Inidawish\backend\venv\Lib\site-packages\starlette\middleware\exceptions.py", line 63, in __call__
    await wrap_app_handling_exceptions(self.app, conn)(scope, receive, send)
  File "D:\ControlledCopy\Inidawish\backend\venv\Lib\site-packages\starlette\_exception_handler.py", line 53, in wrapped_app
    raise exc
  File "D:\ControlledCopy\Inidawish\backend\venv\Lib\site-packages\starlette\_exception_handler.py", line 42, in wrapped_app
    await app(scope, receive, sender)
  File "D:\ControlledCopy\Inidawish\backend\venv\Lib\site-packages\fastapi\middleware\asyncexitstack.py", line 18, in __call__
    await self.app(scope, receive, send)
  File "D:\ControlledCopy\Inidawish\backend\venv\Lib\site-packages\starlette\routing.py", line 716, in __call__
    await self.middleware_stack(scope, receive, send)
  File "D:\ControlledCopy\Inidawish\backend\venv\Lib\site-packages\starlette\routing.py", line 736, in app
    await route.handle(scope, receive, send)
  File "D:\ControlledCopy\Inidawish\backend\venv\Lib\site-packages\starlette\routing.py", line 290, in handle
    await self.app(scope, receive, send)
  File "D:\ControlledCopy\Inidawish\backend\venv\Lib\site-packages\fastapi\routing.py", line 122, in app
    await wrap_app_handling_exceptions(app, request)(scope, receive, send)
  File "D:\ControlledCopy\Inidawish\backend\venv\Lib\site-packages\starlette\_exception_handler.py", line 53, in wrapped_app
    raise exc
  File "D:\ControlledCopy\Inidawish\backend\venv\Lib\site-packages\starlette\_exception_handler.py", line 42, in wrapped_app
    await app(scope, receive, sender)
  File "D:\ControlledCopy\Inidawish\backend\venv\Lib\site-packages\fastapi\routing.py", line 108, in app
    response = await f(request)
               ^^^^^^^^^^^^^^^^
  File "D:\ControlledCopy\Inidawish\backend\venv\Lib\site-packages\fastapi\routing.py", line 553, in app
    content = await serialize_response(
              ^^^^^^^^^^^^^^^^^^^^^^^^^
    ...<11 lines>...
    )
    ^
  File "D:\ControlledCopy\Inidawish\backend\venv\Lib\site-packages\fastapi\routing.py", line 288, in serialize_response
    raise ResponseValidationError(
    ...<3 lines>...
    )
fastapi.exceptions.ResponseValidationError: 12 validation errors:
  {'type': 'string_type', 'loc': ('response', 0, 'category_id'), 'msg': 'Input should be a valid string', 'input': None}
  {'type': 'string_type', 'loc': ('response', 1, 'category_id'), 'msg': 'Input should be a valid string', 'input': None}
  {'type': 'string_type', 'loc': ('response', 2, 'category_id'), 'msg': 'Input should be a valid string', 'input': None}
  {'type': 'string_type', 'loc': ('response', 3, 'category_id'), 'msg': 'Input should be a valid string', 'input': None}
  {'type': 'string_type', 'loc': ('response', 4, 'category_id'), 'msg': 'Input should be a valid string', 'input': None}
  {'type': 'string_type', 'loc': ('response', 5, 'category_id'), 'msg': 'Input should be a valid string', 'input': None}
  {'type': 'string_type', 'loc': ('response', 6, 'category_id'), 'msg': 'Input should be a valid string', 'input': None}
  {'type': 'string_type', 'loc': ('response', 7, 'category_id'), 'msg': 'Input should be a valid string', 'input': None}
  {'type': 'string_type', 'loc': ('response', 8, 'category_id'), 'msg': 'Input should be a valid string', 'input': None}
  {'type': 'string_type', 'loc': ('response', 9, 'category_id'), 'msg': 'Input should be a valid string', 'input': None}
  {'type': 'string_type', 'loc': ('response', 10, 'category_id'), 'msg': 'Input should be a valid string', 'input': None}
  {'type': 'string_type', 'loc': ('response', 12, 'category_id'), 'msg': 'Input should be a valid string', 'input': None}

  File "D:\ControlledCopy\Inidawish\backend\app\api\endpoints\marketplace.py", line 51, in get_fresh_recommendations
    GET /api/listings/home/fresh

Global exception caught: (psycopg2.errors.ForeignKeyViolation) update or delete on table "listings" violates foreign key constraint "conversations_listing_id_fkey" on table "conversations"
DETAIL:  Key (id)=(7b52e74c-a1c6-4c85-adc1-c18a6673138f) is still referenced from table "conversations".

[SQL: DELETE FROM listings WHERE listings.id = %(id)s]
[parameters: {'id': '7b52e74c-a1c6-4c85-adc1-c18a6673138f'}]
(Background on this error at: https://sqlalche.me/e/20/gkpj)
Traceback (most recent call last):
  File "D:\ControlledCopy\Inidawish\backend\venv\Lib\site-packages\sqlalchemy\engine\base.py", line 1967, in _exec_single_context
    self.dialect.do_execute(
    ~~~~~~~~~~~~~~~~~~~~~~~^
        cursor, str_statement, effective_parameters, context
        ^^^^^^^^^^^^^^^^^^^^^^^^^^^^^^^^^^^^^^^^^^^^^^^^^^^^
    )
    ^
  File "D:\ControlledCopy\Inidawish\backend\venv\Lib\site-packages\sqlalchemy\engine\default.py", line 952, in do_execute
    cursor.execute(statement, parameters)
    ~~~~~~~~~~~~~~^^^^^^^^^^^^^^^^^^^^^^^
psycopg2.errors.ForeignKeyViolation: update or delete on table "listings" violates foreign key constraint "conversations_listing_id_fkey" on table "conversations"
DETAIL:  Key (id)=(7b52e74c-a1c6-4c85-adc1-c18a6673138f) is still referenced from table "conversations".


The above exception was the direct cause of the following exception:

Traceback (most recent call last):
  File "D:\ControlledCopy\Inidawish\backend\venv\Lib\site-packages\starlette\middleware\errors.py", line 164, in __call__
    await self.app(scope, receive, _send)
  File "D:\ControlledCopy\Inidawish\backend\venv\Lib\site-packages\starlette\middleware\cors.py", line 95, in __call__
    await self.simple_response(scope, receive, send, request_headers=headers)
  File "D:\ControlledCopy\Inidawish\backend\venv\Lib\site-packages\starlette\middleware\cors.py", line 153, in simple_response
    await self.app(scope, receive, send)
  File "D:\ControlledCopy\Inidawish\backend\venv\Lib\site-packages\starlette\middleware\exceptions.py", line 63, in __call__
    await wrap_app_handling_exceptions(self.app, conn)(scope, receive, send)
  File "D:\ControlledCopy\Inidawish\backend\venv\Lib\site-packages\starlette\_exception_handler.py", line 53, in wrapped_app
    raise exc
  File "D:\ControlledCopy\Inidawish\backend\venv\Lib\site-packages\starlette\_exception_handler.py", line 42, in wrapped_app
    await app(scope, receive, sender)
  File "D:\ControlledCopy\Inidawish\backend\venv\Lib\site-packages\fastapi\middleware\asyncexitstack.py", line 18, in __call__
    await self.app(scope, receive, send)
  File "D:\ControlledCopy\Inidawish\backend\venv\Lib\site-packages\starlette\routing.py", line 716, in __call__
    await self.middleware_stack(scope, receive, send)
  File "D:\ControlledCopy\Inidawish\backend\venv\Lib\site-packages\starlette\routing.py", line 736, in app
    await route.handle(scope, receive, send)
  File "D:\ControlledCopy\Inidawish\backend\venv\Lib\site-packages\starlette\routing.py", line 290, in handle
    await self.app(scope, receive, send)
  File "D:\ControlledCopy\Inidawish\backend\venv\Lib\site-packages\fastapi\routing.py", line 122, in app
    await wrap_app_handling_exceptions(app, request)(scope, receive, send)
  File "D:\ControlledCopy\Inidawish\backend\venv\Lib\site-packages\starlette\_exception_handler.py", line 53, in wrapped_app
    raise exc
  File "D:\ControlledCopy\Inidawish\backend\venv\Lib\site-packages\starlette\_exception_handler.py", line 42, in wrapped_app
    await app(scope, receive, sender)
  File "D:\ControlledCopy\Inidawish\backend\venv\Lib\site-packages\fastapi\routing.py", line 108, in app
    response = await f(request)
               ^^^^^^^^^^^^^^^^
  File "D:\ControlledCopy\Inidawish\backend\venv\Lib\site-packages\fastapi\routing.py", line 532, in app
    raw_response = await run_endpoint_function(
                   ^^^^^^^^^^^^^^^^^^^^^^^^^^^^
    ...<3 lines>...
    )
    ^
  File "D:\ControlledCopy\Inidawish\backend\venv\Lib\site-packages\fastapi\routing.py", line 318, in run_endpoint_function
    return await run_in_threadpool(dependant.call, **values)
           ^^^^^^^^^^^^^^^^^^^^^^^^^^^^^^^^^^^^^^^^^^^^^^^^^
  File "D:\ControlledCopy\Inidawish\backend\venv\Lib\site-packages\starlette\concurrency.py", line 32, in run_in_threadpool
    return await anyio.to_thread.run_sync(func)
           ^^^^^^^^^^^^^^^^^^^^^^^^^^^^^^^^^^^^
  File "D:\ControlledCopy\Inidawish\backend\venv\Lib\site-packages\anyio\to_thread.py", line 63, in run_sync
    return await get_async_backend().run_sync_in_worker_thread(
           ^^^^^^^^^^^^^^^^^^^^^^^^^^^^^^^^^^^^^^^^^^^^^^^^^^^^
        func, args, abandon_on_cancel=abandon_on_cancel, limiter=limiter
        ^^^^^^^^^^^^^^^^^^^^^^^^^^^^^^^^^^^^^^^^^^^^^^^^^^^^^^^^^^^^^^^^
    )
    ^
  File "D:\ControlledCopy\Inidawish\backend\venv\Lib\site-packages\anyio\_backends\_asyncio.py", line 2502, in run_sync_in_worker_thread
    return await future
           ^^^^^^^^^^^^
  File "D:\ControlledCopy\Inidawish\backend\venv\Lib\site-packages\anyio\_backends\_asyncio.py", line 986, in run
    result = context.run(func, *args)
  File "D:\ControlledCopy\Inidawish\backend\app\api\endpoints\admin.py", line 248, in delete_listing
    db.commit()
    ~~~~~~~~~^^
  File "D:\ControlledCopy\Inidawish\backend\venv\Lib\site-packages\sqlalchemy\orm\session.py", line 2030, in commit
    trans.commit(_to_root=True)
    ~~~~~~~~~~~~^^^^^^^^^^^^^^^
  File "<string>", line 2, in commit
  File "D:\ControlledCopy\Inidawish\backend\venv\Lib\site-packages\sqlalchemy\orm\state_changes.py", line 137, in _go
    ret_value = fn(self, *arg, **kw)
  File "D:\ControlledCopy\Inidawish\backend\venv\Lib\site-packages\sqlalchemy\orm\session.py", line 1311, in commit
    self._prepare_impl()
    ~~~~~~~~~~~~~~~~~~^^
  File "<string>", line 2, in _prepare_impl
  File "D:\ControlledCopy\Inidawish\backend\venv\Lib\site-packages\sqlalchemy\orm\state_changes.py", line 137, in _go
    ret_value = fn(self, *arg, **kw)
  File "D:\ControlledCopy\Inidawish\backend\venv\Lib\site-packages\sqlalchemy\orm\session.py", line 1286, in _prepare_impl
    self.session.flush()
    ~~~~~~~~~~~~~~~~~~^^
  File "D:\ControlledCopy\Inidawish\backend\venv\Lib\site-packages\sqlalchemy\orm\session.py", line 4331, in flush
    self._flush(objects)
    ~~~~~~~~~~~^^^^^^^^^
  File "D:\ControlledCopy\Inidawish\backend\venv\Lib\site-packages\sqlalchemy\orm\session.py", line 4466, in _flush
    with util.safe_reraise():
         ~~~~~~~~~~~~~~~~~^^
  File "D:\ControlledCopy\Inidawish\backend\venv\Lib\site-packages\sqlalchemy\util\langhelpers.py", line 121, in __exit__
    raise exc_value.with_traceback(exc_tb)
  File "D:\ControlledCopy\Inidawish\backend\venv\Lib\site-packages\sqlalchemy\orm\session.py", line 4427, in _flush
    flush_context.execute()
    ~~~~~~~~~~~~~~~~~~~~~^^
  File "D:\ControlledCopy\Inidawish\backend\venv\Lib\site-packages\sqlalchemy\orm\unitofwork.py", line 466, in execute
    rec.execute(self)
    ~~~~~~~~~~~^^^^^^
  File "D:\ControlledCopy\Inidawish\backend\venv\Lib\site-packages\sqlalchemy\orm\unitofwork.py", line 679, in execute
    util.preloaded.orm_persistence.delete_obj(
    ~~~~~~~~~~~~~~~~~~~~~~~~~~~~~~~~~~~~~~~~~^
        self.mapper,
        ^^^^^^^^^^^^
        uow.states_for_mapper_hierarchy(self.mapper, True, False),
        ^^^^^^^^^^^^^^^^^^^^^^^^^^^^^^^^^^^^^^^^^^^^^^^^^^^^^^^^^^
        uow,
        ^^^^
    )
    ^
  File "D:\ControlledCopy\Inidawish\backend\venv\Lib\site-packages\sqlalchemy\orm\persistence.py", line 193, in delete_obj
    _emit_delete_statements(
    ~~~~~~~~~~~~~~~~~~~~~~~^
        base_mapper,
        ^^^^^^^^^^^^
    ...<3 lines>...
        delete,
        ^^^^^^^
    )
    ^
  File "D:\ControlledCopy\Inidawish\backend\venv\Lib\site-packages\sqlalchemy\orm\persistence.py", line 1471, in _emit_delete_statements
    c = connection.execute(
        statement, del_objects, execution_options=execution_options
    )
  File "D:\ControlledCopy\Inidawish\backend\venv\Lib\site-packages\sqlalchemy\engine\base.py", line 1419, in execute
    return meth(
        self,
        distilled_parameters,
        execution_options or NO_OPTIONS,
    )
  File "D:\ControlledCopy\Inidawish\backend\venv\Lib\site-packages\sqlalchemy\sql\elements.py", line 527, in _execute_on_connection
    return connection._execute_clauseelement(
           ~~~~~~~~~~~~~~~~~~~~~~~~~~~~~~~~~^
        self, distilled_params, execution_options
        ^^^^^^^^^^^^^^^^^^^^^^^^^^^^^^^^^^^^^^^^^
    )
    ^
  File "D:\ControlledCopy\Inidawish\backend\venv\Lib\site-packages\sqlalchemy\engine\base.py", line 1641, in _execute_clauseelement
    ret = self._execute_context(
        dialect,
    ...<8 lines>...
        cache_hit=cache_hit,
    )
  File "D:\ControlledCopy\Inidawish\backend\venv\Lib\site-packages\sqlalchemy\engine\base.py", line 1846, in _execute_context
    return self._exec_single_context(
           ~~~~~~~~~~~~~~~~~~~~~~~~~^
        dialect, context, statement, parameters
        ^^^^^^^^^^^^^^^^^^^^^^^^^^^^^^^^^^^^^^^
    )
    ^
  File "D:\ControlledCopy\Inidawish\backend\venv\Lib\site-packages\sqlalchemy\engine\base.py", line 1986, in _exec_single_context
    self._handle_dbapi_exception(
    ~~~~~~~~~~~~~~~~~~~~~~~~~~~~^
        e, str_statement, effective_parameters, cursor, context
        ^^^^^^^^^^^^^^^^^^^^^^^^^^^^^^^^^^^^^^^^^^^^^^^^^^^^^^^
    )
    ^
  File "D:\ControlledCopy\Inidawish\backend\venv\Lib\site-packages\sqlalchemy\engine\base.py", line 2363, in _handle_dbapi_exception
    raise sqlalchemy_exception.with_traceback(exc_info[2]) from e
  File "D:\ControlledCopy\Inidawish\backend\venv\Lib\site-packages\sqlalchemy\engine\base.py", line 1967, in _exec_single_context
    self.dialect.do_execute(
    ~~~~~~~~~~~~~~~~~~~~~~~^
        cursor, str_statement, effective_parameters, context
        ^^^^^^^^^^^^^^^^^^^^^^^^^^^^^^^^^^^^^^^^^^^^^^^^^^^^
    )
    ^
  File "D:\ControlledCopy\Inidawish\backend\venv\Lib\site-packages\sqlalchemy\engine\default.py", line 952, in do_execute
    cursor.execute(statement, parameters)
    ~~~~~~~~~~~~~~^^^^^^^^^^^^^^^^^^^^^^^
sqlalchemy.exc.IntegrityError: (psycopg2.errors.ForeignKeyViolation) update or delete on table "listings" violates foreign key constraint "conversations_listing_id_fkey" on table "conversations"
DETAIL:  Key (id)=(7b52e74c-a1c6-4c85-adc1-c18a6673138f) is still referenced from table "conversations".

[SQL: DELETE FROM listings WHERE listings.id = %(id)s]
[parameters: {'id': '7b52e74c-a1c6-4c85-adc1-c18a6673138f'}]
(Background on this error at: https://sqlalche.me/e/20/gkpj)

Global exception caught: (psycopg2.errors.ForeignKeyViolation) update or delete on table "listings" violates foreign key constraint "conversations_listing_id_fkey" on table "conversations"
DETAIL:  Key (id)=(7b52e74c-a1c6-4c85-adc1-c18a6673138f) is still referenced from table "conversations".

[SQL: DELETE FROM listings WHERE listings.id = %(id)s]
[parameters: {'id': '7b52e74c-a1c6-4c85-adc1-c18a6673138f'}]
(Background on this error at: https://sqlalche.me/e/20/gkpj)
Traceback (most recent call last):
  File "D:\ControlledCopy\Inidawish\backend\venv\Lib\site-packages\sqlalchemy\engine\base.py", line 1967, in _exec_single_context
    self.dialect.do_execute(
    ~~~~~~~~~~~~~~~~~~~~~~~^
        cursor, str_statement, effective_parameters, context
        ^^^^^^^^^^^^^^^^^^^^^^^^^^^^^^^^^^^^^^^^^^^^^^^^^^^^
    )
    ^
  File "D:\ControlledCopy\Inidawish\backend\venv\Lib\site-packages\sqlalchemy\engine\default.py", line 952, in do_execute
    cursor.execute(statement, parameters)
    ~~~~~~~~~~~~~~^^^^^^^^^^^^^^^^^^^^^^^
psycopg2.errors.ForeignKeyViolation: update or delete on table "listings" violates foreign key constraint "conversations_listing_id_fkey" on table "conversations"
DETAIL:  Key (id)=(7b52e74c-a1c6-4c85-adc1-c18a6673138f) is still referenced from table "conversations".


The above exception was the direct cause of the following exception:

Traceback (most recent call last):
  File "D:\ControlledCopy\Inidawish\backend\venv\Lib\site-packages\starlette\middleware\errors.py", line 164, in __call__
    await self.app(scope, receive, _send)
  File "D:\ControlledCopy\Inidawish\backend\venv\Lib\site-packages\starlette\middleware\cors.py", line 95, in __call__
    await self.simple_response(scope, receive, send, request_headers=headers)
  File "D:\ControlledCopy\Inidawish\backend\venv\Lib\site-packages\starlette\middleware\cors.py", line 153, in simple_response
    await self.app(scope, receive, send)
  File "D:\ControlledCopy\Inidawish\backend\venv\Lib\site-packages\starlette\middleware\exceptions.py", line 63, in __call__
    await wrap_app_handling_exceptions(self.app, conn)(scope, receive, send)
  File "D:\ControlledCopy\Inidawish\backend\venv\Lib\site-packages\starlette\_exception_handler.py", line 53, in wrapped_app
    raise exc
  File "D:\ControlledCopy\Inidawish\backend\venv\Lib\site-packages\starlette\_exception_handler.py", line 42, in wrapped_app
    await app(scope, receive, sender)
  File "D:\ControlledCopy\Inidawish\backend\venv\Lib\site-packages\fastapi\middleware\asyncexitstack.py", line 18, in __call__
    await self.app(scope, receive, send)
  File "D:\ControlledCopy\Inidawish\backend\venv\Lib\site-packages\starlette\routing.py", line 716, in __call__
    await self.middleware_stack(scope, receive, send)
  File "D:\ControlledCopy\Inidawish\backend\venv\Lib\site-packages\starlette\routing.py", line 736, in app
    await route.handle(scope, receive, send)
  File "D:\ControlledCopy\Inidawish\backend\venv\Lib\site-packages\starlette\routing.py", line 290, in handle
    await self.app(scope, receive, send)
  File "D:\ControlledCopy\Inidawish\backend\venv\Lib\site-packages\fastapi\routing.py", line 122, in app
    await wrap_app_handling_exceptions(app, request)(scope, receive, send)
  File "D:\ControlledCopy\Inidawish\backend\venv\Lib\site-packages\starlette\_exception_handler.py", line 53, in wrapped_app
    raise exc
  File "D:\ControlledCopy\Inidawish\backend\venv\Lib\site-packages\starlette\_exception_handler.py", line 42, in wrapped_app
    await app(scope, receive, sender)
  File "D:\ControlledCopy\Inidawish\backend\venv\Lib\site-packages\fastapi\routing.py", line 108, in app
    response = await f(request)
               ^^^^^^^^^^^^^^^^
  File "D:\ControlledCopy\Inidawish\backend\venv\Lib\site-packages\fastapi\routing.py", line 532, in app
    raw_response = await run_endpoint_function(
                   ^^^^^^^^^^^^^^^^^^^^^^^^^^^^
    ...<3 lines>...
    )
    ^
  File "D:\ControlledCopy\Inidawish\backend\venv\Lib\site-packages\fastapi\routing.py", line 318, in run_endpoint_function
    return await run_in_threadpool(dependant.call, **values)
           ^^^^^^^^^^^^^^^^^^^^^^^^^^^^^^^^^^^^^^^^^^^^^^^^^
  File "D:\ControlledCopy\Inidawish\backend\venv\Lib\site-packages\starlette\concurrency.py", line 32, in run_in_threadpool
    return await anyio.to_thread.run_sync(func)
           ^^^^^^^^^^^^^^^^^^^^^^^^^^^^^^^^^^^^
  File "D:\ControlledCopy\Inidawish\backend\venv\Lib\site-packages\anyio\to_thread.py", line 63, in run_sync
    return await get_async_backend().run_sync_in_worker_thread(
           ^^^^^^^^^^^^^^^^^^^^^^^^^^^^^^^^^^^^^^^^^^^^^^^^^^^^
        func, args, abandon_on_cancel=abandon_on_cancel, limiter=limiter
        ^^^^^^^^^^^^^^^^^^^^^^^^^^^^^^^^^^^^^^^^^^^^^^^^^^^^^^^^^^^^^^^^
    )
    ^
  File "D:\ControlledCopy\Inidawish\backend\venv\Lib\site-packages\anyio\_backends\_asyncio.py", line 2502, in run_sync_in_worker_thread
    return await future
           ^^^^^^^^^^^^
  File "D:\ControlledCopy\Inidawish\backend\venv\Lib\site-packages\anyio\_backends\_asyncio.py", line 986, in run
    result = context.run(func, *args)
  File "D:\ControlledCopy\Inidawish\backend\app\api\endpoints\admin.py", line 248, in delete_listing
    db.commit()
    ~~~~~~~~~^^
  File "D:\ControlledCopy\Inidawish\backend\venv\Lib\site-packages\sqlalchemy\orm\session.py", line 2030, in commit
    trans.commit(_to_root=True)
    ~~~~~~~~~~~~^^^^^^^^^^^^^^^
  File "<string>", line 2, in commit
  File "D:\ControlledCopy\Inidawish\backend\venv\Lib\site-packages\sqlalchemy\orm\state_changes.py", line 137, in _go
    ret_value = fn(self, *arg, **kw)
  File "D:\ControlledCopy\Inidawish\backend\venv\Lib\site-packages\sqlalchemy\orm\session.py", line 1311, in commit
    self._prepare_impl()
    ~~~~~~~~~~~~~~~~~~^^
  File "<string>", line 2, in _prepare_impl
  File "D:\ControlledCopy\Inidawish\backend\venv\Lib\site-packages\sqlalchemy\orm\state_changes.py", line 137, in _go
    ret_value = fn(self, *arg, **kw)
  File "D:\ControlledCopy\Inidawish\backend\venv\Lib\site-packages\sqlalchemy\orm\session.py", line 1286, in _prepare_impl
    self.session.flush()
    ~~~~~~~~~~~~~~~~~~^^
  File "D:\ControlledCopy\Inidawish\backend\venv\Lib\site-packages\sqlalchemy\orm\session.py", line 4331, in flush
    self._flush(objects)
    ~~~~~~~~~~~^^^^^^^^^
  File "D:\ControlledCopy\Inidawish\backend\venv\Lib\site-packages\sqlalchemy\orm\session.py", line 4466, in _flush
    with util.safe_reraise():
         ~~~~~~~~~~~~~~~~~^^
  File "D:\ControlledCopy\Inidawish\backend\venv\Lib\site-packages\sqlalchemy\util\langhelpers.py", line 121, in __exit__
    raise exc_value.with_traceback(exc_tb)
  File "D:\ControlledCopy\Inidawish\backend\venv\Lib\site-packages\sqlalchemy\orm\session.py", line 4427, in _flush
    flush_context.execute()
    ~~~~~~~~~~~~~~~~~~~~~^^
  File "D:\ControlledCopy\Inidawish\backend\venv\Lib\site-packages\sqlalchemy\orm\unitofwork.py", line 466, in execute
    rec.execute(self)
    ~~~~~~~~~~~^^^^^^
  File "D:\ControlledCopy\Inidawish\backend\venv\Lib\site-packages\sqlalchemy\orm\unitofwork.py", line 679, in execute
    util.preloaded.orm_persistence.delete_obj(
    ~~~~~~~~~~~~~~~~~~~~~~~~~~~~~~~~~~~~~~~~~^
        self.mapper,
        ^^^^^^^^^^^^
        uow.states_for_mapper_hierarchy(self.mapper, True, False),
        ^^^^^^^^^^^^^^^^^^^^^^^^^^^^^^^^^^^^^^^^^^^^^^^^^^^^^^^^^^
        uow,
        ^^^^
    )
    ^
  File "D:\ControlledCopy\Inidawish\backend\venv\Lib\site-packages\sqlalchemy\orm\persistence.py", line 193, in delete_obj
    _emit_delete_statements(
    ~~~~~~~~~~~~~~~~~~~~~~~^
        base_mapper,
        ^^^^^^^^^^^^
    ...<3 lines>...
        delete,
        ^^^^^^^
    )
    ^
  File "D:\ControlledCopy\Inidawish\backend\venv\Lib\site-packages\sqlalchemy\orm\persistence.py", line 1471, in _emit_delete_statements
    c = connection.execute(
        statement, del_objects, execution_options=execution_options
    )
  File "D:\ControlledCopy\Inidawish\backend\venv\Lib\site-packages\sqlalchemy\engine\base.py", line 1419, in execute
    return meth(
        self,
        distilled_parameters,
        execution_options or NO_OPTIONS,
    )
  File "D:\ControlledCopy\Inidawish\backend\venv\Lib\site-packages\sqlalchemy\sql\elements.py", line 527, in _execute_on_connection
    return connection._execute_clauseelement(
           ~~~~~~~~~~~~~~~~~~~~~~~~~~~~~~~~~^
        self, distilled_params, execution_options
        ^^^^^^^^^^^^^^^^^^^^^^^^^^^^^^^^^^^^^^^^^
    )
    ^
  File "D:\ControlledCopy\Inidawish\backend\venv\Lib\site-packages\sqlalchemy\engine\base.py", line 1641, in _execute_clauseelement
    ret = self._execute_context(
        dialect,
    ...<8 lines>...
        cache_hit=cache_hit,
    )
  File "D:\ControlledCopy\Inidawish\backend\venv\Lib\site-packages\sqlalchemy\engine\base.py", line 1846, in _execute_context
    return self._exec_single_context(
           ~~~~~~~~~~~~~~~~~~~~~~~~~^
        dialect, context, statement, parameters
        ^^^^^^^^^^^^^^^^^^^^^^^^^^^^^^^^^^^^^^^
    )
    ^
  File "D:\ControlledCopy\Inidawish\backend\venv\Lib\site-packages\sqlalchemy\engine\base.py", line 1986, in _exec_single_context
    self._handle_dbapi_exception(
    ~~~~~~~~~~~~~~~~~~~~~~~~~~~~^
        e, str_statement, effective_parameters, cursor, context
        ^^^^^^^^^^^^^^^^^^^^^^^^^^^^^^^^^^^^^^^^^^^^^^^^^^^^^^^
    )
    ^
  File "D:\ControlledCopy\Inidawish\backend\venv\Lib\site-packages\sqlalchemy\engine\base.py", line 2363, in _handle_dbapi_exception
    raise sqlalchemy_exception.with_traceback(exc_info[2]) from e
  File "D:\ControlledCopy\Inidawish\backend\venv\Lib\site-packages\sqlalchemy\engine\base.py", line 1967, in _exec_single_context
    self.dialect.do_execute(
    ~~~~~~~~~~~~~~~~~~~~~~~^
        cursor, str_statement, effective_parameters, context
        ^^^^^^^^^^^^^^^^^^^^^^^^^^^^^^^^^^^^^^^^^^^^^^^^^^^^
    )
    ^
  File "D:\ControlledCopy\Inidawish\backend\venv\Lib\site-packages\sqlalchemy\engine\default.py", line 952, in do_execute
    cursor.execute(statement, parameters)
    ~~~~~~~~~~~~~~^^^^^^^^^^^^^^^^^^^^^^^
sqlalchemy.exc.IntegrityError: (psycopg2.errors.ForeignKeyViolation) update or delete on table "listings" violates foreign key constraint "conversations_listing_id_fkey" on table "conversations"
DETAIL:  Key (id)=(7b52e74c-a1c6-4c85-adc1-c18a6673138f) is still referenced from table "conversations".

[SQL: DELETE FROM listings WHERE listings.id = %(id)s]
[parameters: {'id': '7b52e74c-a1c6-4c85-adc1-c18a6673138f'}]
(Background on this error at: https://sqlalche.me/e/20/gkpj)

Global exception caught: (psycopg2.errors.ForeignKeyViolation) update or delete on table "listings" violates foreign key constraint "conversations_listing_id_fkey" on table "conversations"
DETAIL:  Key (id)=(7b52e74c-a1c6-4c85-adc1-c18a6673138f) is still referenced from table "conversations".

[SQL: DELETE FROM listings WHERE listings.id = %(id)s]
[parameters: {'id': '7b52e74c-a1c6-4c85-adc1-c18a6673138f'}]
(Background on this error at: https://sqlalche.me/e/20/gkpj)
Traceback (most recent call last):
  File "D:\ControlledCopy\Inidawish\backend\venv\Lib\site-packages\sqlalchemy\engine\base.py", line 1967, in _exec_single_context
    self.dialect.do_execute(
    ~~~~~~~~~~~~~~~~~~~~~~~^
        cursor, str_statement, effective_parameters, context
        ^^^^^^^^^^^^^^^^^^^^^^^^^^^^^^^^^^^^^^^^^^^^^^^^^^^^
    )
    ^
  File "D:\ControlledCopy\Inidawish\backend\venv\Lib\site-packages\sqlalchemy\engine\default.py", line 952, in do_execute
    cursor.execute(statement, parameters)
    ~~~~~~~~~~~~~~^^^^^^^^^^^^^^^^^^^^^^^
psycopg2.errors.ForeignKeyViolation: update or delete on table "listings" violates foreign key constraint "conversations_listing_id_fkey" on table "conversations"
DETAIL:  Key (id)=(7b52e74c-a1c6-4c85-adc1-c18a6673138f) is still referenced from table "conversations".


The above exception was the direct cause of the following exception:

Traceback (most recent call last):
  File "D:\ControlledCopy\Inidawish\backend\venv\Lib\site-packages\starlette\middleware\errors.py", line 164, in __call__
    await self.app(scope, receive, _send)
  File "D:\ControlledCopy\Inidawish\backend\venv\Lib\site-packages\starlette\middleware\cors.py", line 95, in __call__
    await self.simple_response(scope, receive, send, request_headers=headers)
  File "D:\ControlledCopy\Inidawish\backend\venv\Lib\site-packages\starlette\middleware\cors.py", line 153, in simple_response
    await self.app(scope, receive, send)
  File "D:\ControlledCopy\Inidawish\backend\venv\Lib\site-packages\starlette\middleware\exceptions.py", line 63, in __call__
    await wrap_app_handling_exceptions(self.app, conn)(scope, receive, send)
  File "D:\ControlledCopy\Inidawish\backend\venv\Lib\site-packages\starlette\_exception_handler.py", line 53, in wrapped_app
    raise exc
  File "D:\ControlledCopy\Inidawish\backend\venv\Lib\site-packages\starlette\_exception_handler.py", line 42, in wrapped_app
    await app(scope, receive, sender)
  File "D:\ControlledCopy\Inidawish\backend\venv\Lib\site-packages\fastapi\middleware\asyncexitstack.py", line 18, in __call__
    await self.app(scope, receive, send)
  File "D:\ControlledCopy\Inidawish\backend\venv\Lib\site-packages\starlette\routing.py", line 716, in __call__
    await self.middleware_stack(scope, receive, send)
  File "D:\ControlledCopy\Inidawish\backend\venv\Lib\site-packages\starlette\routing.py", line 736, in app
    await route.handle(scope, receive, send)
  File "D:\ControlledCopy\Inidawish\backend\venv\Lib\site-packages\starlette\routing.py", line 290, in handle
    await self.app(scope, receive, send)
  File "D:\ControlledCopy\Inidawish\backend\venv\Lib\site-packages\fastapi\routing.py", line 122, in app
    await wrap_app_handling_exceptions(app, request)(scope, receive, send)
  File "D:\ControlledCopy\Inidawish\backend\venv\Lib\site-packages\starlette\_exception_handler.py", line 53, in wrapped_app
    raise exc
  File "D:\ControlledCopy\Inidawish\backend\venv\Lib\site-packages\starlette\_exception_handler.py", line 42, in wrapped_app
    await app(scope, receive, sender)
  File "D:\ControlledCopy\Inidawish\backend\venv\Lib\site-packages\fastapi\routing.py", line 108, in app
    response = await f(request)
               ^^^^^^^^^^^^^^^^
  File "D:\ControlledCopy\Inidawish\backend\venv\Lib\site-packages\fastapi\routing.py", line 532, in app
    raw_response = await run_endpoint_function(
                   ^^^^^^^^^^^^^^^^^^^^^^^^^^^^
    ...<3 lines>...
    )
    ^
  File "D:\ControlledCopy\Inidawish\backend\venv\Lib\site-packages\fastapi\routing.py", line 318, in run_endpoint_function
    return await run_in_threadpool(dependant.call, **values)
           ^^^^^^^^^^^^^^^^^^^^^^^^^^^^^^^^^^^^^^^^^^^^^^^^^
  File "D:\ControlledCopy\Inidawish\backend\venv\Lib\site-packages\starlette\concurrency.py", line 32, in run_in_threadpool
    return await anyio.to_thread.run_sync(func)
           ^^^^^^^^^^^^^^^^^^^^^^^^^^^^^^^^^^^^
  File "D:\ControlledCopy\Inidawish\backend\venv\Lib\site-packages\anyio\to_thread.py", line 63, in run_sync
    return await get_async_backend().run_sync_in_worker_thread(
           ^^^^^^^^^^^^^^^^^^^^^^^^^^^^^^^^^^^^^^^^^^^^^^^^^^^^
        func, args, abandon_on_cancel=abandon_on_cancel, limiter=limiter
        ^^^^^^^^^^^^^^^^^^^^^^^^^^^^^^^^^^^^^^^^^^^^^^^^^^^^^^^^^^^^^^^^
    )
    ^
  File "D:\ControlledCopy\Inidawish\backend\venv\Lib\site-packages\anyio\_backends\_asyncio.py", line 2502, in run_sync_in_worker_thread
    return await future
           ^^^^^^^^^^^^
  File "D:\ControlledCopy\Inidawish\backend\venv\Lib\site-packages\anyio\_backends\_asyncio.py", line 986, in run
    result = context.run(func, *args)
  File "D:\ControlledCopy\Inidawish\backend\app\api\endpoints\admin.py", line 248, in delete_listing
    db.commit()
    ~~~~~~~~~^^
  File "D:\ControlledCopy\Inidawish\backend\venv\Lib\site-packages\sqlalchemy\orm\session.py", line 2030, in commit
    trans.commit(_to_root=True)
    ~~~~~~~~~~~~^^^^^^^^^^^^^^^
  File "<string>", line 2, in commit
  File "D:\ControlledCopy\Inidawish\backend\venv\Lib\site-packages\sqlalchemy\orm\state_changes.py", line 137, in _go
    ret_value = fn(self, *arg, **kw)
  File "D:\ControlledCopy\Inidawish\backend\venv\Lib\site-packages\sqlalchemy\orm\session.py", line 1311, in commit
    self._prepare_impl()
    ~~~~~~~~~~~~~~~~~~^^
  File "<string>", line 2, in _prepare_impl
  File "D:\ControlledCopy\Inidawish\backend\venv\Lib\site-packages\sqlalchemy\orm\state_changes.py", line 137, in _go
    ret_value = fn(self, *arg, **kw)
  File "D:\ControlledCopy\Inidawish\backend\venv\Lib\site-packages\sqlalchemy\orm\session.py", line 1286, in _prepare_impl
    self.session.flush()
    ~~~~~~~~~~~~~~~~~~^^
  File "D:\ControlledCopy\Inidawish\backend\venv\Lib\site-packages\sqlalchemy\orm\session.py", line 4331, in flush
    self._flush(objects)
    ~~~~~~~~~~~^^^^^^^^^
  File "D:\ControlledCopy\Inidawish\backend\venv\Lib\site-packages\sqlalchemy\orm\session.py", line 4466, in _flush
    with util.safe_reraise():
         ~~~~~~~~~~~~~~~~~^^
  File "D:\ControlledCopy\Inidawish\backend\venv\Lib\site-packages\sqlalchemy\util\langhelpers.py", line 121, in __exit__
    raise exc_value.with_traceback(exc_tb)
  File "D:\ControlledCopy\Inidawish\backend\venv\Lib\site-packages\sqlalchemy\orm\session.py", line 4427, in _flush
    flush_context.execute()
    ~~~~~~~~~~~~~~~~~~~~~^^
  File "D:\ControlledCopy\Inidawish\backend\venv\Lib\site-packages\sqlalchemy\orm\unitofwork.py", line 466, in execute
    rec.execute(self)
    ~~~~~~~~~~~^^^^^^
  File "D:\ControlledCopy\Inidawish\backend\venv\Lib\site-packages\sqlalchemy\orm\unitofwork.py", line 679, in execute
    util.preloaded.orm_persistence.delete_obj(
    ~~~~~~~~~~~~~~~~~~~~~~~~~~~~~~~~~~~~~~~~~^
        self.mapper,
        ^^^^^^^^^^^^
        uow.states_for_mapper_hierarchy(self.mapper, True, False),
        ^^^^^^^^^^^^^^^^^^^^^^^^^^^^^^^^^^^^^^^^^^^^^^^^^^^^^^^^^^
        uow,
        ^^^^
    )
    ^
  File "D:\ControlledCopy\Inidawish\backend\venv\Lib\site-packages\sqlalchemy\orm\persistence.py", line 193, in delete_obj
    _emit_delete_statements(
    ~~~~~~~~~~~~~~~~~~~~~~~^
        base_mapper,
        ^^^^^^^^^^^^
    ...<3 lines>...
        delete,
        ^^^^^^^
    )
    ^
  File "D:\ControlledCopy\Inidawish\backend\venv\Lib\site-packages\sqlalchemy\orm\persistence.py", line 1471, in _emit_delete_statements
    c = connection.execute(
        statement, del_objects, execution_options=execution_options
    )
  File "D:\ControlledCopy\Inidawish\backend\venv\Lib\site-packages\sqlalchemy\engine\base.py", line 1419, in execute
    return meth(
        self,
        distilled_parameters,
        execution_options or NO_OPTIONS,
    )
  File "D:\ControlledCopy\Inidawish\backend\venv\Lib\site-packages\sqlalchemy\sql\elements.py", line 527, in _execute_on_connection
    return connection._execute_clauseelement(
           ~~~~~~~~~~~~~~~~~~~~~~~~~~~~~~~~~^
        self, distilled_params, execution_options
        ^^^^^^^^^^^^^^^^^^^^^^^^^^^^^^^^^^^^^^^^^
    )
    ^
  File "D:\ControlledCopy\Inidawish\backend\venv\Lib\site-packages\sqlalchemy\engine\base.py", line 1641, in _execute_clauseelement
    ret = self._execute_context(
        dialect,
    ...<8 lines>...
        cache_hit=cache_hit,
    )
  File "D:\ControlledCopy\Inidawish\backend\venv\Lib\site-packages\sqlalchemy\engine\base.py", line 1846, in _execute_context
    return self._exec_single_context(
           ~~~~~~~~~~~~~~~~~~~~~~~~~^
        dialect, context, statement, parameters
        ^^^^^^^^^^^^^^^^^^^^^^^^^^^^^^^^^^^^^^^
    )
    ^
  File "D:\ControlledCopy\Inidawish\backend\venv\Lib\site-packages\sqlalchemy\engine\base.py", line 1986, in _exec_single_context
    self._handle_dbapi_exception(
    ~~~~~~~~~~~~~~~~~~~~~~~~~~~~^
        e, str_statement, effective_parameters, cursor, context
        ^^^^^^^^^^^^^^^^^^^^^^^^^^^^^^^^^^^^^^^^^^^^^^^^^^^^^^^
    )
    ^
  File "D:\ControlledCopy\Inidawish\backend\venv\Lib\site-packages\sqlalchemy\engine\base.py", line 2363, in _handle_dbapi_exception
    raise sqlalchemy_exception.with_traceback(exc_info[2]) from e
  File "D:\ControlledCopy\Inidawish\backend\venv\Lib\site-packages\sqlalchemy\engine\base.py", line 1967, in _exec_single_context
    self.dialect.do_execute(
    ~~~~~~~~~~~~~~~~~~~~~~~^
        cursor, str_statement, effective_parameters, context
        ^^^^^^^^^^^^^^^^^^^^^^^^^^^^^^^^^^^^^^^^^^^^^^^^^^^^
    )
    ^
  File "D:\ControlledCopy\Inidawish\backend\venv\Lib\site-packages\sqlalchemy\engine\default.py", line 952, in do_execute
    cursor.execute(statement, parameters)
    ~~~~~~~~~~~~~~^^^^^^^^^^^^^^^^^^^^^^^
sqlalchemy.exc.IntegrityError: (psycopg2.errors.ForeignKeyViolation) update or delete on table "listings" violates foreign key constraint "conversations_listing_id_fkey" on table "conversations"
DETAIL:  Key (id)=(7b52e74c-a1c6-4c85-adc1-c18a6673138f) is still referenced from table "conversations".

[SQL: DELETE FROM listings WHERE listings.id = %(id)s]
[parameters: {'id': '7b52e74c-a1c6-4c85-adc1-c18a6673138f'}]
(Background on this error at: https://sqlalche.me/e/20/gkpj)

Global exception caught: 12 validation errors:
  {'type': 'string_type', 'loc': ('response', 1, 'category_id'), 'msg': 'Input should be a valid string', 'input': None}
  {'type': 'string_type', 'loc': ('response', 2, 'category_id'), 'msg': 'Input should be a valid string', 'input': None}
  {'type': 'string_type', 'loc': ('response', 3, 'category_id'), 'msg': 'Input should be a valid string', 'input': None}
  {'type': 'string_type', 'loc': ('response', 4, 'category_id'), 'msg': 'Input should be a valid string', 'input': None}
  {'type': 'string_type', 'loc': ('response', 5, 'category_id'), 'msg': 'Input should be a valid string', 'input': None}
  {'type': 'string_type', 'loc': ('response', 6, 'category_id'), 'msg': 'Input should be a valid string', 'input': None}
  {'type': 'string_type', 'loc': ('response', 7, 'category_id'), 'msg': 'Input should be a valid string', 'input': None}
  {'type': 'string_type', 'loc': ('response', 8, 'category_id'), 'msg': 'Input should be a valid string', 'input': None}
  {'type': 'string_type', 'loc': ('response', 9, 'category_id'), 'msg': 'Input should be a valid string', 'input': None}
  {'type': 'string_type', 'loc': ('response', 10, 'category_id'), 'msg': 'Input should be a valid string', 'input': None}
  {'type': 'string_type', 'loc': ('response', 11, 'category_id'), 'msg': 'Input should be a valid string', 'input': None}
  {'type': 'string_type', 'loc': ('response', 12, 'category_id'), 'msg': 'Input should be a valid string', 'input': None}

  File "D:\ControlledCopy\Inidawish\backend\app\api\endpoints\marketplace.py", line 23, in get_listings
    GET /api/listings
Traceback (most recent call last):
  File "D:\ControlledCopy\Inidawish\backend\venv\Lib\site-packages\starlette\middleware\errors.py", line 164, in __call__
    await self.app(scope, receive, _send)
  File "D:\ControlledCopy\Inidawish\backend\venv\Lib\site-packages\starlette\middleware\cors.py", line 95, in __call__
    await self.simple_response(scope, receive, send, request_headers=headers)
  File "D:\ControlledCopy\Inidawish\backend\venv\Lib\site-packages\starlette\middleware\cors.py", line 153, in simple_response
    await self.app(scope, receive, send)
  File "D:\ControlledCopy\Inidawish\backend\venv\Lib\site-packages\starlette\middleware\exceptions.py", line 63, in __call__
    await wrap_app_handling_exceptions(self.app, conn)(scope, receive, send)
  File "D:\ControlledCopy\Inidawish\backend\venv\Lib\site-packages\starlette\_exception_handler.py", line 53, in wrapped_app
    raise exc
  File "D:\ControlledCopy\Inidawish\backend\venv\Lib\site-packages\starlette\_exception_handler.py", line 42, in wrapped_app
    await app(scope, receive, sender)
  File "D:\ControlledCopy\Inidawish\backend\venv\Lib\site-packages\fastapi\middleware\asyncexitstack.py", line 18, in __call__
    await self.app(scope, receive, send)
  File "D:\ControlledCopy\Inidawish\backend\venv\Lib\site-packages\starlette\routing.py", line 716, in __call__
    await self.middleware_stack(scope, receive, send)
  File "D:\ControlledCopy\Inidawish\backend\venv\Lib\site-packages\starlette\routing.py", line 736, in app
    await route.handle(scope, receive, send)
  File "D:\ControlledCopy\Inidawish\backend\venv\Lib\site-packages\starlette\routing.py", line 290, in handle
    await self.app(scope, receive, send)
  File "D:\ControlledCopy\Inidawish\backend\venv\Lib\site-packages\fastapi\routing.py", line 122, in app
    await wrap_app_handling_exceptions(app, request)(scope, receive, send)
  File "D:\ControlledCopy\Inidawish\backend\venv\Lib\site-packages\starlette\_exception_handler.py", line 53, in wrapped_app
    raise exc
  File "D:\ControlledCopy\Inidawish\backend\venv\Lib\site-packages\starlette\_exception_handler.py", line 42, in wrapped_app
    await app(scope, receive, sender)
  File "D:\ControlledCopy\Inidawish\backend\venv\Lib\site-packages\fastapi\routing.py", line 108, in app
    response = await f(request)
               ^^^^^^^^^^^^^^^^
  File "D:\ControlledCopy\Inidawish\backend\venv\Lib\site-packages\fastapi\routing.py", line 553, in app
    content = await serialize_response(
              ^^^^^^^^^^^^^^^^^^^^^^^^^
    ...<11 lines>...
    )
    ^
  File "D:\ControlledCopy\Inidawish\backend\venv\Lib\site-packages\fastapi\routing.py", line 288, in serialize_response
    raise ResponseValidationError(
    ...<3 lines>...
    )
fastapi.exceptions.ResponseValidationError: 12 validation errors:
  {'type': 'string_type', 'loc': ('response', 1, 'category_id'), 'msg': 'Input should be a valid string', 'input': None}
  {'type': 'string_type', 'loc': ('response', 2, 'category_id'), 'msg': 'Input should be a valid string', 'input': None}
  {'type': 'string_type', 'loc': ('response', 3, 'category_id'), 'msg': 'Input should be a valid string', 'input': None}
  {'type': 'string_type', 'loc': ('response', 4, 'category_id'), 'msg': 'Input should be a valid string', 'input': None}
  {'type': 'string_type', 'loc': ('response', 5, 'category_id'), 'msg': 'Input should be a valid string', 'input': None}
  {'type': 'string_type', 'loc': ('response', 6, 'category_id'), 'msg': 'Input should be a valid string', 'input': None}
  {'type': 'string_type', 'loc': ('response', 7, 'category_id'), 'msg': 'Input should be a valid string', 'input': None}
  {'type': 'string_type', 'loc': ('response', 8, 'category_id'), 'msg': 'Input should be a valid string', 'input': None}
  {'type': 'string_type', 'loc': ('response', 9, 'category_id'), 'msg': 'Input should be a valid string', 'input': None}
  {'type': 'string_type', 'loc': ('response', 10, 'category_id'), 'msg': 'Input should be a valid string', 'input': None}
  {'type': 'string_type', 'loc': ('response', 11, 'category_id'), 'msg': 'Input should be a valid string', 'input': None}
  {'type': 'string_type', 'loc': ('response', 12, 'category_id'), 'msg': 'Input should be a valid string', 'input': None}

  File "D:\ControlledCopy\Inidawish\backend\app\api\endpoints\marketplace.py", line 23, in get_listings
    GET /api/listings

Global exception caught: 12 validation errors:
  {'type': 'string_type', 'loc': ('response', 3, 'category_id'), 'msg': 'Input should be a valid string', 'input': None}
  {'type': 'string_type', 'loc': ('response', 4, 'category_id'), 'msg': 'Input should be a valid string', 'input': None}
  {'type': 'string_type', 'loc': ('response', 5, 'category_id'), 'msg': 'Input should be a valid string', 'input': None}
  {'type': 'string_type', 'loc': ('response', 6, 'category_id'), 'msg': 'Input should be a valid string', 'input': None}
  {'type': 'string_type', 'loc': ('response', 7, 'category_id'), 'msg': 'Input should be a valid string', 'input': None}
  {'type': 'string_type', 'loc': ('response', 8, 'category_id'), 'msg': 'Input should be a valid string', 'input': None}
  {'type': 'string_type', 'loc': ('response', 9, 'category_id'), 'msg': 'Input should be a valid string', 'input': None}
  {'type': 'string_type', 'loc': ('response', 10, 'category_id'), 'msg': 'Input should be a valid string', 'input': None}
  {'type': 'string_type', 'loc': ('response', 11, 'category_id'), 'msg': 'Input should be a valid string', 'input': None}
  {'type': 'string_type', 'loc': ('response', 12, 'category_id'), 'msg': 'Input should be a valid string', 'input': None}
  {'type': 'string_type', 'loc': ('response', 13, 'category_id'), 'msg': 'Input should be a valid string', 'input': None}
  {'type': 'string_type', 'loc': ('response', 15, 'category_id'), 'msg': 'Input should be a valid string', 'input': None}

  File "D:\ControlledCopy\Inidawish\backend\app\api\endpoints\marketplace.py", line 51, in get_fresh_recommendations
    GET /api/listings/home/fresh
Traceback (most recent call last):
  File "D:\ControlledCopy\Inidawish\backend\venv\Lib\site-packages\starlette\middleware\errors.py", line 164, in __call__
    await self.app(scope, receive, _send)
  File "D:\ControlledCopy\Inidawish\backend\venv\Lib\site-packages\starlette\middleware\cors.py", line 95, in __call__
    await self.simple_response(scope, receive, send, request_headers=headers)
  File "D:\ControlledCopy\Inidawish\backend\venv\Lib\site-packages\starlette\middleware\cors.py", line 153, in simple_response
    await self.app(scope, receive, send)
  File "D:\ControlledCopy\Inidawish\backend\venv\Lib\site-packages\starlette\middleware\exceptions.py", line 63, in __call__
    await wrap_app_handling_exceptions(self.app, conn)(scope, receive, send)
  File "D:\ControlledCopy\Inidawish\backend\venv\Lib\site-packages\starlette\_exception_handler.py", line 53, in wrapped_app
    raise exc
  File "D:\ControlledCopy\Inidawish\backend\venv\Lib\site-packages\starlette\_exception_handler.py", line 42, in wrapped_app
    await app(scope, receive, sender)
  File "D:\ControlledCopy\Inidawish\backend\venv\Lib\site-packages\fastapi\middleware\asyncexitstack.py", line 18, in __call__
    await self.app(scope, receive, send)
  File "D:\ControlledCopy\Inidawish\backend\venv\Lib\site-packages\starlette\routing.py", line 716, in __call__
    await self.middleware_stack(scope, receive, send)
  File "D:\ControlledCopy\Inidawish\backend\venv\Lib\site-packages\starlette\routing.py", line 736, in app
    await route.handle(scope, receive, send)
  File "D:\ControlledCopy\Inidawish\backend\venv\Lib\site-packages\starlette\routing.py", line 290, in handle
    await self.app(scope, receive, send)
  File "D:\ControlledCopy\Inidawish\backend\venv\Lib\site-packages\fastapi\routing.py", line 122, in app
    await wrap_app_handling_exceptions(app, request)(scope, receive, send)
  File "D:\ControlledCopy\Inidawish\backend\venv\Lib\site-packages\starlette\_exception_handler.py", line 53, in wrapped_app
    raise exc
  File "D:\ControlledCopy\Inidawish\backend\venv\Lib\site-packages\starlette\_exception_handler.py", line 42, in wrapped_app
    await app(scope, receive, sender)
  File "D:\ControlledCopy\Inidawish\backend\venv\Lib\site-packages\fastapi\routing.py", line 108, in app
    response = await f(request)
               ^^^^^^^^^^^^^^^^
  File "D:\ControlledCopy\Inidawish\backend\venv\Lib\site-packages\fastapi\routing.py", line 553, in app
    content = await serialize_response(
              ^^^^^^^^^^^^^^^^^^^^^^^^^
    ...<11 lines>...
    )
    ^
  File "D:\ControlledCopy\Inidawish\backend\venv\Lib\site-packages\fastapi\routing.py", line 288, in serialize_response
    raise ResponseValidationError(
    ...<3 lines>...
    )
fastapi.exceptions.ResponseValidationError: 12 validation errors:
  {'type': 'string_type', 'loc': ('response', 3, 'category_id'), 'msg': 'Input should be a valid string', 'input': None}
  {'type': 'string_type', 'loc': ('response', 4, 'category_id'), 'msg': 'Input should be a valid string', 'input': None}
  {'type': 'string_type', 'loc': ('response', 5, 'category_id'), 'msg': 'Input should be a valid string', 'input': None}
  {'type': 'string_type', 'loc': ('response', 6, 'category_id'), 'msg': 'Input should be a valid string', 'input': None}
  {'type': 'string_type', 'loc': ('response', 7, 'category_id'), 'msg': 'Input should be a valid string', 'input': None}
  {'type': 'string_type', 'loc': ('response', 8, 'category_id'), 'msg': 'Input should be a valid string', 'input': None}
  {'type': 'string_type', 'loc': ('response', 9, 'category_id'), 'msg': 'Input should be a valid string', 'input': None}
  {'type': 'string_type', 'loc': ('response', 10, 'category_id'), 'msg': 'Input should be a valid string', 'input': None}
  {'type': 'string_type', 'loc': ('response', 11, 'category_id'), 'msg': 'Input should be a valid string', 'input': None}
  {'type': 'string_type', 'loc': ('response', 12, 'category_id'), 'msg': 'Input should be a valid string', 'input': None}
  {'type': 'string_type', 'loc': ('response', 13, 'category_id'), 'msg': 'Input should be a valid string', 'input': None}
  {'type': 'string_type', 'loc': ('response', 15, 'category_id'), 'msg': 'Input should be a valid string', 'input': None}

  File "D:\ControlledCopy\Inidawish\backend\app\api\endpoints\marketplace.py", line 51, in get_fresh_recommendations
    GET /api/listings/home/fresh

Global exception caught: 12 validation errors:
  {'type': 'string_type', 'loc': ('response', 3, 'category_id'), 'msg': 'Input should be a valid string', 'input': None}
  {'type': 'string_type', 'loc': ('response', 4, 'category_id'), 'msg': 'Input should be a valid string', 'input': None}
  {'type': 'string_type', 'loc': ('response', 5, 'category_id'), 'msg': 'Input should be a valid string', 'input': None}
  {'type': 'string_type', 'loc': ('response', 6, 'category_id'), 'msg': 'Input should be a valid string', 'input': None}
  {'type': 'string_type', 'loc': ('response', 7, 'category_id'), 'msg': 'Input should be a valid string', 'input': None}
  {'type': 'string_type', 'loc': ('response', 8, 'category_id'), 'msg': 'Input should be a valid string', 'input': None}
  {'type': 'string_type', 'loc': ('response', 9, 'category_id'), 'msg': 'Input should be a valid string', 'input': None}
  {'type': 'string_type', 'loc': ('response', 10, 'category_id'), 'msg': 'Input should be a valid string', 'input': None}
  {'type': 'string_type', 'loc': ('response', 11, 'category_id'), 'msg': 'Input should be a valid string', 'input': None}
  {'type': 'string_type', 'loc': ('response', 12, 'category_id'), 'msg': 'Input should be a valid string', 'input': None}
  {'type': 'string_type', 'loc': ('response', 13, 'category_id'), 'msg': 'Input should be a valid string', 'input': None}
  {'type': 'string_type', 'loc': ('response', 15, 'category_id'), 'msg': 'Input should be a valid string', 'input': None}

  File "D:\ControlledCopy\Inidawish\backend\app\api\endpoints\marketplace.py", line 51, in get_fresh_recommendations
    GET /api/listings/home/fresh
Traceback (most recent call last):
  File "D:\ControlledCopy\Inidawish\backend\venv\Lib\site-packages\starlette\middleware\errors.py", line 164, in __call__
    await self.app(scope, receive, _send)
  File "D:\ControlledCopy\Inidawish\backend\venv\Lib\site-packages\starlette\middleware\cors.py", line 95, in __call__
    await self.simple_response(scope, receive, send, request_headers=headers)
  File "D:\ControlledCopy\Inidawish\backend\venv\Lib\site-packages\starlette\middleware\cors.py", line 153, in simple_response
    await self.app(scope, receive, send)
  File "D:\ControlledCopy\Inidawish\backend\venv\Lib\site-packages\starlette\middleware\exceptions.py", line 63, in __call__
    await wrap_app_handling_exceptions(self.app, conn)(scope, receive, send)
  File "D:\ControlledCopy\Inidawish\backend\venv\Lib\site-packages\starlette\_exception_handler.py", line 53, in wrapped_app
    raise exc
  File "D:\ControlledCopy\Inidawish\backend\venv\Lib\site-packages\starlette\_exception_handler.py", line 42, in wrapped_app
    await app(scope, receive, sender)
  File "D:\ControlledCopy\Inidawish\backend\venv\Lib\site-packages\fastapi\middleware\asyncexitstack.py", line 18, in __call__
    await self.app(scope, receive, send)
  File "D:\ControlledCopy\Inidawish\backend\venv\Lib\site-packages\starlette\routing.py", line 716, in __call__
    await self.middleware_stack(scope, receive, send)
  File "D:\ControlledCopy\Inidawish\backend\venv\Lib\site-packages\starlette\routing.py", line 736, in app
    await route.handle(scope, receive, send)
  File "D:\ControlledCopy\Inidawish\backend\venv\Lib\site-packages\starlette\routing.py", line 290, in handle
    await self.app(scope, receive, send)
  File "D:\ControlledCopy\Inidawish\backend\venv\Lib\site-packages\fastapi\routing.py", line 122, in app
    await wrap_app_handling_exceptions(app, request)(scope, receive, send)
  File "D:\ControlledCopy\Inidawish\backend\venv\Lib\site-packages\starlette\_exception_handler.py", line 53, in wrapped_app
    raise exc
  File "D:\ControlledCopy\Inidawish\backend\venv\Lib\site-packages\starlette\_exception_handler.py", line 42, in wrapped_app
    await app(scope, receive, sender)
  File "D:\ControlledCopy\Inidawish\backend\venv\Lib\site-packages\fastapi\routing.py", line 108, in app
    response = await f(request)
               ^^^^^^^^^^^^^^^^
  File "D:\ControlledCopy\Inidawish\backend\venv\Lib\site-packages\fastapi\routing.py", line 553, in app
    content = await serialize_response(
              ^^^^^^^^^^^^^^^^^^^^^^^^^
    ...<11 lines>...
    )
    ^
  File "D:\ControlledCopy\Inidawish\backend\venv\Lib\site-packages\fastapi\routing.py", line 288, in serialize_response
    raise ResponseValidationError(
    ...<3 lines>...
    )
fastapi.exceptions.ResponseValidationError: 12 validation errors:
  {'type': 'string_type', 'loc': ('response', 3, 'category_id'), 'msg': 'Input should be a valid string', 'input': None}
  {'type': 'string_type', 'loc': ('response', 4, 'category_id'), 'msg': 'Input should be a valid string', 'input': None}
  {'type': 'string_type', 'loc': ('response', 5, 'category_id'), 'msg': 'Input should be a valid string', 'input': None}
  {'type': 'string_type', 'loc': ('response', 6, 'category_id'), 'msg': 'Input should be a valid string', 'input': None}
  {'type': 'string_type', 'loc': ('response', 7, 'category_id'), 'msg': 'Input should be a valid string', 'input': None}
  {'type': 'string_type', 'loc': ('response', 8, 'category_id'), 'msg': 'Input should be a valid string', 'input': None}
  {'type': 'string_type', 'loc': ('response', 9, 'category_id'), 'msg': 'Input should be a valid string', 'input': None}
  {'type': 'string_type', 'loc': ('response', 10, 'category_id'), 'msg': 'Input should be a valid string', 'input': None}
  {'type': 'string_type', 'loc': ('response', 11, 'category_id'), 'msg': 'Input should be a valid string', 'input': None}
  {'type': 'string_type', 'loc': ('response', 12, 'category_id'), 'msg': 'Input should be a valid string', 'input': None}
  {'type': 'string_type', 'loc': ('response', 13, 'category_id'), 'msg': 'Input should be a valid string', 'input': None}
  {'type': 'string_type', 'loc': ('response', 15, 'category_id'), 'msg': 'Input should be a valid string', 'input': None}

  File "D:\ControlledCopy\Inidawish\backend\app\api\endpoints\marketplace.py", line 51, in get_fresh_recommendations
    GET /api/listings/home/fresh

Global exception caught: 12 validation errors:
  {'type': 'string_type', 'loc': ('response', 1, 'category_id'), 'msg': 'Input should be a valid string', 'input': None}
  {'type': 'string_type', 'loc': ('response', 2, 'category_id'), 'msg': 'Input should be a valid string', 'input': None}
  {'type': 'string_type', 'loc': ('response', 3, 'category_id'), 'msg': 'Input should be a valid string', 'input': None}
  {'type': 'string_type', 'loc': ('response', 4, 'category_id'), 'msg': 'Input should be a valid string', 'input': None}
  {'type': 'string_type', 'loc': ('response', 5, 'category_id'), 'msg': 'Input should be a valid string', 'input': None}
  {'type': 'string_type', 'loc': ('response', 6, 'category_id'), 'msg': 'Input should be a valid string', 'input': None}
  {'type': 'string_type', 'loc': ('response', 7, 'category_id'), 'msg': 'Input should be a valid string', 'input': None}
  {'type': 'string_type', 'loc': ('response', 8, 'category_id'), 'msg': 'Input should be a valid string', 'input': None}
  {'type': 'string_type', 'loc': ('response', 9, 'category_id'), 'msg': 'Input should be a valid string', 'input': None}
  {'type': 'string_type', 'loc': ('response', 10, 'category_id'), 'msg': 'Input should be a valid string', 'input': None}
  {'type': 'string_type', 'loc': ('response', 11, 'category_id'), 'msg': 'Input should be a valid string', 'input': None}
  {'type': 'string_type', 'loc': ('response', 12, 'category_id'), 'msg': 'Input should be a valid string', 'input': None}

  File "D:\ControlledCopy\Inidawish\backend\app\api\endpoints\marketplace.py", line 23, in get_listings
    GET /api/listings
Traceback (most recent call last):
  File "D:\ControlledCopy\Inidawish\backend\venv\Lib\site-packages\starlette\middleware\errors.py", line 164, in __call__
    await self.app(scope, receive, _send)
  File "D:\ControlledCopy\Inidawish\backend\venv\Lib\site-packages\starlette\middleware\cors.py", line 95, in __call__
    await self.simple_response(scope, receive, send, request_headers=headers)
  File "D:\ControlledCopy\Inidawish\backend\venv\Lib\site-packages\starlette\middleware\cors.py", line 153, in simple_response
    await self.app(scope, receive, send)
  File "D:\ControlledCopy\Inidawish\backend\venv\Lib\site-packages\starlette\middleware\exceptions.py", line 63, in __call__
    await wrap_app_handling_exceptions(self.app, conn)(scope, receive, send)
  File "D:\ControlledCopy\Inidawish\backend\venv\Lib\site-packages\starlette\_exception_handler.py", line 53, in wrapped_app
    raise exc
  File "D:\ControlledCopy\Inidawish\backend\venv\Lib\site-packages\starlette\_exception_handler.py", line 42, in wrapped_app
    await app(scope, receive, sender)
  File "D:\ControlledCopy\Inidawish\backend\venv\Lib\site-packages\fastapi\middleware\asyncexitstack.py", line 18, in __call__
    await self.app(scope, receive, send)
  File "D:\ControlledCopy\Inidawish\backend\venv\Lib\site-packages\starlette\routing.py", line 716, in __call__
    await self.middleware_stack(scope, receive, send)
  File "D:\ControlledCopy\Inidawish\backend\venv\Lib\site-packages\starlette\routing.py", line 736, in app
    await route.handle(scope, receive, send)
  File "D:\ControlledCopy\Inidawish\backend\venv\Lib\site-packages\starlette\routing.py", line 290, in handle
    await self.app(scope, receive, send)
  File "D:\ControlledCopy\Inidawish\backend\venv\Lib\site-packages\fastapi\routing.py", line 122, in app
    await wrap_app_handling_exceptions(app, request)(scope, receive, send)
  File "D:\ControlledCopy\Inidawish\backend\venv\Lib\site-packages\starlette\_exception_handler.py", line 53, in wrapped_app
    raise exc
  File "D:\ControlledCopy\Inidawish\backend\venv\Lib\site-packages\starlette\_exception_handler.py", line 42, in wrapped_app
    await app(scope, receive, sender)
  File "D:\ControlledCopy\Inidawish\backend\venv\Lib\site-packages\fastapi\routing.py", line 108, in app
    response = await f(request)
               ^^^^^^^^^^^^^^^^
  File "D:\ControlledCopy\Inidawish\backend\venv\Lib\site-packages\fastapi\routing.py", line 553, in app
    content = await serialize_response(
              ^^^^^^^^^^^^^^^^^^^^^^^^^
    ...<11 lines>...
    )
    ^
  File "D:\ControlledCopy\Inidawish\backend\venv\Lib\site-packages\fastapi\routing.py", line 288, in serialize_response
    raise ResponseValidationError(
    ...<3 lines>...
    )
fastapi.exceptions.ResponseValidationError: 12 validation errors:
  {'type': 'string_type', 'loc': ('response', 1, 'category_id'), 'msg': 'Input should be a valid string', 'input': None}
  {'type': 'string_type', 'loc': ('response', 2, 'category_id'), 'msg': 'Input should be a valid string', 'input': None}
  {'type': 'string_type', 'loc': ('response', 3, 'category_id'), 'msg': 'Input should be a valid string', 'input': None}
  {'type': 'string_type', 'loc': ('response', 4, 'category_id'), 'msg': 'Input should be a valid string', 'input': None}
  {'type': 'string_type', 'loc': ('response', 5, 'category_id'), 'msg': 'Input should be a valid string', 'input': None}
  {'type': 'string_type', 'loc': ('response', 6, 'category_id'), 'msg': 'Input should be a valid string', 'input': None}
  {'type': 'string_type', 'loc': ('response', 7, 'category_id'), 'msg': 'Input should be a valid string', 'input': None}
  {'type': 'string_type', 'loc': ('response', 8, 'category_id'), 'msg': 'Input should be a valid string', 'input': None}
  {'type': 'string_type', 'loc': ('response', 9, 'category_id'), 'msg': 'Input should be a valid string', 'input': None}
  {'type': 'string_type', 'loc': ('response', 10, 'category_id'), 'msg': 'Input should be a valid string', 'input': None}
  {'type': 'string_type', 'loc': ('response', 11, 'category_id'), 'msg': 'Input should be a valid string', 'input': None}
  {'type': 'string_type', 'loc': ('response', 12, 'category_id'), 'msg': 'Input should be a valid string', 'input': None}

  File "D:\ControlledCopy\Inidawish\backend\app\api\endpoints\marketplace.py", line 23, in get_listings
    GET /api/listings

Global exception caught: 12 validation errors:
  {'type': 'string_type', 'loc': ('response', 3, 'category_id'), 'msg': 'Input should be a valid string', 'input': None}
  {'type': 'string_type', 'loc': ('response', 4, 'category_id'), 'msg': 'Input should be a valid string', 'input': None}
  {'type': 'string_type', 'loc': ('response', 5, 'category_id'), 'msg': 'Input should be a valid string', 'input': None}
  {'type': 'string_type', 'loc': ('response', 6, 'category_id'), 'msg': 'Input should be a valid string', 'input': None}
  {'type': 'string_type', 'loc': ('response', 7, 'category_id'), 'msg': 'Input should be a valid string', 'input': None}
  {'type': 'string_type', 'loc': ('response', 8, 'category_id'), 'msg': 'Input should be a valid string', 'input': None}
  {'type': 'string_type', 'loc': ('response', 9, 'category_id'), 'msg': 'Input should be a valid string', 'input': None}
  {'type': 'string_type', 'loc': ('response', 10, 'category_id'), 'msg': 'Input should be a valid string', 'input': None}
  {'type': 'string_type', 'loc': ('response', 11, 'category_id'), 'msg': 'Input should be a valid string', 'input': None}
  {'type': 'string_type', 'loc': ('response', 12, 'category_id'), 'msg': 'Input should be a valid string', 'input': None}
  {'type': 'string_type', 'loc': ('response', 13, 'category_id'), 'msg': 'Input should be a valid string', 'input': None}
  {'type': 'string_type', 'loc': ('response', 15, 'category_id'), 'msg': 'Input should be a valid string', 'input': None}

  File "D:\ControlledCopy\Inidawish\backend\app\api\endpoints\marketplace.py", line 51, in get_fresh_recommendations
    GET /api/listings/home/fresh
Traceback (most recent call last):
  File "D:\ControlledCopy\Inidawish\backend\venv\Lib\site-packages\starlette\middleware\errors.py", line 164, in __call__
    await self.app(scope, receive, _send)
  File "D:\ControlledCopy\Inidawish\backend\venv\Lib\site-packages\starlette\middleware\cors.py", line 95, in __call__
    await self.simple_response(scope, receive, send, request_headers=headers)
  File "D:\ControlledCopy\Inidawish\backend\venv\Lib\site-packages\starlette\middleware\cors.py", line 153, in simple_response
    await self.app(scope, receive, send)
  File "D:\ControlledCopy\Inidawish\backend\venv\Lib\site-packages\starlette\middleware\exceptions.py", line 63, in __call__
    await wrap_app_handling_exceptions(self.app, conn)(scope, receive, send)
  File "D:\ControlledCopy\Inidawish\backend\venv\Lib\site-packages\starlette\_exception_handler.py", line 53, in wrapped_app
    raise exc
  File "D:\ControlledCopy\Inidawish\backend\venv\Lib\site-packages\starlette\_exception_handler.py", line 42, in wrapped_app
    await app(scope, receive, sender)
  File "D:\ControlledCopy\Inidawish\backend\venv\Lib\site-packages\fastapi\middleware\asyncexitstack.py", line 18, in __call__
    await self.app(scope, receive, send)
  File "D:\ControlledCopy\Inidawish\backend\venv\Lib\site-packages\starlette\routing.py", line 716, in __call__
    await self.middleware_stack(scope, receive, send)
  File "D:\ControlledCopy\Inidawish\backend\venv\Lib\site-packages\starlette\routing.py", line 736, in app
    await route.handle(scope, receive, send)
  File "D:\ControlledCopy\Inidawish\backend\venv\Lib\site-packages\starlette\routing.py", line 290, in handle
    await self.app(scope, receive, send)
  File "D:\ControlledCopy\Inidawish\backend\venv\Lib\site-packages\fastapi\routing.py", line 122, in app
    await wrap_app_handling_exceptions(app, request)(scope, receive, send)
  File "D:\ControlledCopy\Inidawish\backend\venv\Lib\site-packages\starlette\_exception_handler.py", line 53, in wrapped_app
    raise exc
  File "D:\ControlledCopy\Inidawish\backend\venv\Lib\site-packages\starlette\_exception_handler.py", line 42, in wrapped_app
    await app(scope, receive, sender)
  File "D:\ControlledCopy\Inidawish\backend\venv\Lib\site-packages\fastapi\routing.py", line 108, in app
    response = await f(request)
               ^^^^^^^^^^^^^^^^
  File "D:\ControlledCopy\Inidawish\backend\venv\Lib\site-packages\fastapi\routing.py", line 553, in app
    content = await serialize_response(
              ^^^^^^^^^^^^^^^^^^^^^^^^^
    ...<11 lines>...
    )
    ^
  File "D:\ControlledCopy\Inidawish\backend\venv\Lib\site-packages\fastapi\routing.py", line 288, in serialize_response
    raise ResponseValidationError(
    ...<3 lines>...
    )
fastapi.exceptions.ResponseValidationError: 12 validation errors:
  {'type': 'string_type', 'loc': ('response', 3, 'category_id'), 'msg': 'Input should be a valid string', 'input': None}
  {'type': 'string_type', 'loc': ('response', 4, 'category_id'), 'msg': 'Input should be a valid string', 'input': None}
  {'type': 'string_type', 'loc': ('response', 5, 'category_id'), 'msg': 'Input should be a valid string', 'input': None}
  {'type': 'string_type', 'loc': ('response', 6, 'category_id'), 'msg': 'Input should be a valid string', 'input': None}
  {'type': 'string_type', 'loc': ('response', 7, 'category_id'), 'msg': 'Input should be a valid string', 'input': None}
  {'type': 'string_type', 'loc': ('response', 8, 'category_id'), 'msg': 'Input should be a valid string', 'input': None}
  {'type': 'string_type', 'loc': ('response', 9, 'category_id'), 'msg': 'Input should be a valid string', 'input': None}
  {'type': 'string_type', 'loc': ('response', 10, 'category_id'), 'msg': 'Input should be a valid string', 'input': None}
  {'type': 'string_type', 'loc': ('response', 11, 'category_id'), 'msg': 'Input should be a valid string', 'input': None}
  {'type': 'string_type', 'loc': ('response', 12, 'category_id'), 'msg': 'Input should be a valid string', 'input': None}
  {'type': 'string_type', 'loc': ('response', 13, 'category_id'), 'msg': 'Input should be a valid string', 'input': None}
  {'type': 'string_type', 'loc': ('response', 15, 'category_id'), 'msg': 'Input should be a valid string', 'input': None}

  File "D:\ControlledCopy\Inidawish\backend\app\api\endpoints\marketplace.py", line 51, in get_fresh_recommendations
    GET /api/listings/home/fresh

Global exception caught: 12 validation errors:
  {'type': 'string_type', 'loc': ('response', 1, 'category_id'), 'msg': 'Input should be a valid string', 'input': None}
  {'type': 'string_type', 'loc': ('response', 2, 'category_id'), 'msg': 'Input should be a valid string', 'input': None}
  {'type': 'string_type', 'loc': ('response', 3, 'category_id'), 'msg': 'Input should be a valid string', 'input': None}
  {'type': 'string_type', 'loc': ('response', 4, 'category_id'), 'msg': 'Input should be a valid string', 'input': None}
  {'type': 'string_type', 'loc': ('response', 5, 'category_id'), 'msg': 'Input should be a valid string', 'input': None}
  {'type': 'string_type', 'loc': ('response', 6, 'category_id'), 'msg': 'Input should be a valid string', 'input': None}
  {'type': 'string_type', 'loc': ('response', 7, 'category_id'), 'msg': 'Input should be a valid string', 'input': None}
  {'type': 'string_type', 'loc': ('response', 8, 'category_id'), 'msg': 'Input should be a valid string', 'input': None}
  {'type': 'string_type', 'loc': ('response', 9, 'category_id'), 'msg': 'Input should be a valid string', 'input': None}
  {'type': 'string_type', 'loc': ('response', 10, 'category_id'), 'msg': 'Input should be a valid string', 'input': None}
  {'type': 'string_type', 'loc': ('response', 11, 'category_id'), 'msg': 'Input should be a valid string', 'input': None}
  {'type': 'string_type', 'loc': ('response', 12, 'category_id'), 'msg': 'Input should be a valid string', 'input': None}

  File "D:\ControlledCopy\Inidawish\backend\app\api\endpoints\marketplace.py", line 23, in get_listings
    GET /api/listings
Traceback (most recent call last):
  File "D:\ControlledCopy\Inidawish\backend\venv\Lib\site-packages\starlette\middleware\errors.py", line 164, in __call__
    await self.app(scope, receive, _send)
  File "D:\ControlledCopy\Inidawish\backend\venv\Lib\site-packages\starlette\middleware\cors.py", line 95, in __call__
    await self.simple_response(scope, receive, send, request_headers=headers)
  File "D:\ControlledCopy\Inidawish\backend\venv\Lib\site-packages\starlette\middleware\cors.py", line 153, in simple_response
    await self.app(scope, receive, send)
  File "D:\ControlledCopy\Inidawish\backend\venv\Lib\site-packages\starlette\middleware\exceptions.py", line 63, in __call__
    await wrap_app_handling_exceptions(self.app, conn)(scope, receive, send)
  File "D:\ControlledCopy\Inidawish\backend\venv\Lib\site-packages\starlette\_exception_handler.py", line 53, in wrapped_app
    raise exc
  File "D:\ControlledCopy\Inidawish\backend\venv\Lib\site-packages\starlette\_exception_handler.py", line 42, in wrapped_app
    await app(scope, receive, sender)
  File "D:\ControlledCopy\Inidawish\backend\venv\Lib\site-packages\fastapi\middleware\asyncexitstack.py", line 18, in __call__
    await self.app(scope, receive, send)
  File "D:\ControlledCopy\Inidawish\backend\venv\Lib\site-packages\starlette\routing.py", line 716, in __call__
    await self.middleware_stack(scope, receive, send)
  File "D:\ControlledCopy\Inidawish\backend\venv\Lib\site-packages\starlette\routing.py", line 736, in app
    await route.handle(scope, receive, send)
  File "D:\ControlledCopy\Inidawish\backend\venv\Lib\site-packages\starlette\routing.py", line 290, in handle
    await self.app(scope, receive, send)
  File "D:\ControlledCopy\Inidawish\backend\venv\Lib\site-packages\fastapi\routing.py", line 122, in app
    await wrap_app_handling_exceptions(app, request)(scope, receive, send)
  File "D:\ControlledCopy\Inidawish\backend\venv\Lib\site-packages\starlette\_exception_handler.py", line 53, in wrapped_app
    raise exc
  File "D:\ControlledCopy\Inidawish\backend\venv\Lib\site-packages\starlette\_exception_handler.py", line 42, in wrapped_app
    await app(scope, receive, sender)
  File "D:\ControlledCopy\Inidawish\backend\venv\Lib\site-packages\fastapi\routing.py", line 108, in app
    response = await f(request)
               ^^^^^^^^^^^^^^^^
  File "D:\ControlledCopy\Inidawish\backend\venv\Lib\site-packages\fastapi\routing.py", line 553, in app
    content = await serialize_response(
              ^^^^^^^^^^^^^^^^^^^^^^^^^
    ...<11 lines>...
    )
    ^
  File "D:\ControlledCopy\Inidawish\backend\venv\Lib\site-packages\fastapi\routing.py", line 288, in serialize_response
    raise ResponseValidationError(
    ...<3 lines>...
    )
fastapi.exceptions.ResponseValidationError: 12 validation errors:
  {'type': 'string_type', 'loc': ('response', 1, 'category_id'), 'msg': 'Input should be a valid string', 'input': None}
  {'type': 'string_type', 'loc': ('response', 2, 'category_id'), 'msg': 'Input should be a valid string', 'input': None}
  {'type': 'string_type', 'loc': ('response', 3, 'category_id'), 'msg': 'Input should be a valid string', 'input': None}
  {'type': 'string_type', 'loc': ('response', 4, 'category_id'), 'msg': 'Input should be a valid string', 'input': None}
  {'type': 'string_type', 'loc': ('response', 5, 'category_id'), 'msg': 'Input should be a valid string', 'input': None}
  {'type': 'string_type', 'loc': ('response', 6, 'category_id'), 'msg': 'Input should be a valid string', 'input': None}
  {'type': 'string_type', 'loc': ('response', 7, 'category_id'), 'msg': 'Input should be a valid string', 'input': None}
  {'type': 'string_type', 'loc': ('response', 8, 'category_id'), 'msg': 'Input should be a valid string', 'input': None}
  {'type': 'string_type', 'loc': ('response', 9, 'category_id'), 'msg': 'Input should be a valid string', 'input': None}
  {'type': 'string_type', 'loc': ('response', 10, 'category_id'), 'msg': 'Input should be a valid string', 'input': None}
  {'type': 'string_type', 'loc': ('response', 11, 'category_id'), 'msg': 'Input should be a valid string', 'input': None}
  {'type': 'string_type', 'loc': ('response', 12, 'category_id'), 'msg': 'Input should be a valid string', 'input': None}

  File "D:\ControlledCopy\Inidawish\backend\app\api\endpoints\marketplace.py", line 23, in get_listings
    GET /api/listings

Global exception caught: 12 validation errors:
  {'type': 'string_type', 'loc': ('response', 1, 'category_id'), 'msg': 'Input should be a valid string', 'input': None}
  {'type': 'string_type', 'loc': ('response', 2, 'category_id'), 'msg': 'Input should be a valid string', 'input': None}
  {'type': 'string_type', 'loc': ('response', 3, 'category_id'), 'msg': 'Input should be a valid string', 'input': None}
  {'type': 'string_type', 'loc': ('response', 4, 'category_id'), 'msg': 'Input should be a valid string', 'input': None}
  {'type': 'string_type', 'loc': ('response', 5, 'category_id'), 'msg': 'Input should be a valid string', 'input': None}
  {'type': 'string_type', 'loc': ('response', 6, 'category_id'), 'msg': 'Input should be a valid string', 'input': None}
  {'type': 'string_type', 'loc': ('response', 7, 'category_id'), 'msg': 'Input should be a valid string', 'input': None}
  {'type': 'string_type', 'loc': ('response', 8, 'category_id'), 'msg': 'Input should be a valid string', 'input': None}
  {'type': 'string_type', 'loc': ('response', 9, 'category_id'), 'msg': 'Input should be a valid string', 'input': None}
  {'type': 'string_type', 'loc': ('response', 10, 'category_id'), 'msg': 'Input should be a valid string', 'input': None}
  {'type': 'string_type', 'loc': ('response', 11, 'category_id'), 'msg': 'Input should be a valid string', 'input': None}
  {'type': 'string_type', 'loc': ('response', 12, 'category_id'), 'msg': 'Input should be a valid string', 'input': None}

  File "D:\ControlledCopy\Inidawish\backend\app\api\endpoints\marketplace.py", line 23, in get_listings
    GET /api/listings
Traceback (most recent call last):
  File "D:\ControlledCopy\Inidawish\backend\venv\Lib\site-packages\starlette\middleware\errors.py", line 164, in __call__
    await self.app(scope, receive, _send)
  File "D:\ControlledCopy\Inidawish\backend\venv\Lib\site-packages\starlette\middleware\cors.py", line 95, in __call__
    await self.simple_response(scope, receive, send, request_headers=headers)
  File "D:\ControlledCopy\Inidawish\backend\venv\Lib\site-packages\starlette\middleware\cors.py", line 153, in simple_response
    await self.app(scope, receive, send)
  File "D:\ControlledCopy\Inidawish\backend\venv\Lib\site-packages\starlette\middleware\exceptions.py", line 63, in __call__
    await wrap_app_handling_exceptions(self.app, conn)(scope, receive, send)
  File "D:\ControlledCopy\Inidawish\backend\venv\Lib\site-packages\starlette\_exception_handler.py", line 53, in wrapped_app
    raise exc
  File "D:\ControlledCopy\Inidawish\backend\venv\Lib\site-packages\starlette\_exception_handler.py", line 42, in wrapped_app
    await app(scope, receive, sender)
  File "D:\ControlledCopy\Inidawish\backend\venv\Lib\site-packages\fastapi\middleware\asyncexitstack.py", line 18, in __call__
    await self.app(scope, receive, send)
  File "D:\ControlledCopy\Inidawish\backend\venv\Lib\site-packages\starlette\routing.py", line 716, in __call__
    await self.middleware_stack(scope, receive, send)
  File "D:\ControlledCopy\Inidawish\backend\venv\Lib\site-packages\starlette\routing.py", line 736, in app
    await route.handle(scope, receive, send)
  File "D:\ControlledCopy\Inidawish\backend\venv\Lib\site-packages\starlette\routing.py", line 290, in handle
    await self.app(scope, receive, send)
  File "D:\ControlledCopy\Inidawish\backend\venv\Lib\site-packages\fastapi\routing.py", line 122, in app
    await wrap_app_handling_exceptions(app, request)(scope, receive, send)
  File "D:\ControlledCopy\Inidawish\backend\venv\Lib\site-packages\starlette\_exception_handler.py", line 53, in wrapped_app
    raise exc
  File "D:\ControlledCopy\Inidawish\backend\venv\Lib\site-packages\starlette\_exception_handler.py", line 42, in wrapped_app
    await app(scope, receive, sender)
  File "D:\ControlledCopy\Inidawish\backend\venv\Lib\site-packages\fastapi\routing.py", line 108, in app
    response = await f(request)
               ^^^^^^^^^^^^^^^^
  File "D:\ControlledCopy\Inidawish\backend\venv\Lib\site-packages\fastapi\routing.py", line 553, in app
    content = await serialize_response(
              ^^^^^^^^^^^^^^^^^^^^^^^^^
    ...<11 lines>...
    )
    ^
  File "D:\ControlledCopy\Inidawish\backend\venv\Lib\site-packages\fastapi\routing.py", line 288, in serialize_response
    raise ResponseValidationError(
    ...<3 lines>...
    )
fastapi.exceptions.ResponseValidationError: 12 validation errors:
  {'type': 'string_type', 'loc': ('response', 1, 'category_id'), 'msg': 'Input should be a valid string', 'input': None}
  {'type': 'string_type', 'loc': ('response', 2, 'category_id'), 'msg': 'Input should be a valid string', 'input': None}
  {'type': 'string_type', 'loc': ('response', 3, 'category_id'), 'msg': 'Input should be a valid string', 'input': None}
  {'type': 'string_type', 'loc': ('response', 4, 'category_id'), 'msg': 'Input should be a valid string', 'input': None}
  {'type': 'string_type', 'loc': ('response', 5, 'category_id'), 'msg': 'Input should be a valid string', 'input': None}
  {'type': 'string_type', 'loc': ('response', 6, 'category_id'), 'msg': 'Input should be a valid string', 'input': None}
  {'type': 'string_type', 'loc': ('response', 7, 'category_id'), 'msg': 'Input should be a valid string', 'input': None}
  {'type': 'string_type', 'loc': ('response', 8, 'category_id'), 'msg': 'Input should be a valid string', 'input': None}
  {'type': 'string_type', 'loc': ('response', 9, 'category_id'), 'msg': 'Input should be a valid string', 'input': None}
  {'type': 'string_type', 'loc': ('response', 10, 'category_id'), 'msg': 'Input should be a valid string', 'input': None}
  {'type': 'string_type', 'loc': ('response', 11, 'category_id'), 'msg': 'Input should be a valid string', 'input': None}
  {'type': 'string_type', 'loc': ('response', 12, 'category_id'), 'msg': 'Input should be a valid string', 'input': None}

  File "D:\ControlledCopy\Inidawish\backend\app\api\endpoints\marketplace.py", line 23, in get_listings
    GET /api/listings

Global exception caught: 12 validation errors:
  {'type': 'string_type', 'loc': ('response', 3, 'category_id'), 'msg': 'Input should be a valid string', 'input': None}
  {'type': 'string_type', 'loc': ('response', 4, 'category_id'), 'msg': 'Input should be a valid string', 'input': None}
  {'type': 'string_type', 'loc': ('response', 5, 'category_id'), 'msg': 'Input should be a valid string', 'input': None}
  {'type': 'string_type', 'loc': ('response', 6, 'category_id'), 'msg': 'Input should be a valid string', 'input': None}
  {'type': 'string_type', 'loc': ('response', 7, 'category_id'), 'msg': 'Input should be a valid string', 'input': None}
  {'type': 'string_type', 'loc': ('response', 8, 'category_id'), 'msg': 'Input should be a valid string', 'input': None}
  {'type': 'string_type', 'loc': ('response', 9, 'category_id'), 'msg': 'Input should be a valid string', 'input': None}
  {'type': 'string_type', 'loc': ('response', 10, 'category_id'), 'msg': 'Input should be a valid string', 'input': None}
  {'type': 'string_type', 'loc': ('response', 11, 'category_id'), 'msg': 'Input should be a valid string', 'input': None}
  {'type': 'string_type', 'loc': ('response', 12, 'category_id'), 'msg': 'Input should be a valid string', 'input': None}
  {'type': 'string_type', 'loc': ('response', 13, 'category_id'), 'msg': 'Input should be a valid string', 'input': None}
  {'type': 'string_type', 'loc': ('response', 15, 'category_id'), 'msg': 'Input should be a valid string', 'input': None}

  File "D:\ControlledCopy\Inidawish\backend\app\api\endpoints\marketplace.py", line 51, in get_fresh_recommendations
    GET /api/listings/home/fresh
Traceback (most recent call last):
  File "D:\ControlledCopy\Inidawish\backend\venv\Lib\site-packages\starlette\middleware\errors.py", line 164, in __call__
    await self.app(scope, receive, _send)
  File "D:\ControlledCopy\Inidawish\backend\venv\Lib\site-packages\starlette\middleware\cors.py", line 95, in __call__
    await self.simple_response(scope, receive, send, request_headers=headers)
  File "D:\ControlledCopy\Inidawish\backend\venv\Lib\site-packages\starlette\middleware\cors.py", line 153, in simple_response
    await self.app(scope, receive, send)
  File "D:\ControlledCopy\Inidawish\backend\venv\Lib\site-packages\starlette\middleware\exceptions.py", line 63, in __call__
    await wrap_app_handling_exceptions(self.app, conn)(scope, receive, send)
  File "D:\ControlledCopy\Inidawish\backend\venv\Lib\site-packages\starlette\_exception_handler.py", line 53, in wrapped_app
    raise exc
  File "D:\ControlledCopy\Inidawish\backend\venv\Lib\site-packages\starlette\_exception_handler.py", line 42, in wrapped_app
    await app(scope, receive, sender)
  File "D:\ControlledCopy\Inidawish\backend\venv\Lib\site-packages\fastapi\middleware\asyncexitstack.py", line 18, in __call__
    await self.app(scope, receive, send)
  File "D:\ControlledCopy\Inidawish\backend\venv\Lib\site-packages\starlette\routing.py", line 716, in __call__
    await self.middleware_stack(scope, receive, send)
  File "D:\ControlledCopy\Inidawish\backend\venv\Lib\site-packages\starlette\routing.py", line 736, in app
    await route.handle(scope, receive, send)
  File "D:\ControlledCopy\Inidawish\backend\venv\Lib\site-packages\starlette\routing.py", line 290, in handle
    await self.app(scope, receive, send)
  File "D:\ControlledCopy\Inidawish\backend\venv\Lib\site-packages\fastapi\routing.py", line 122, in app
    await wrap_app_handling_exceptions(app, request)(scope, receive, send)
  File "D:\ControlledCopy\Inidawish\backend\venv\Lib\site-packages\starlette\_exception_handler.py", line 53, in wrapped_app
    raise exc
  File "D:\ControlledCopy\Inidawish\backend\venv\Lib\site-packages\starlette\_exception_handler.py", line 42, in wrapped_app
    await app(scope, receive, sender)
  File "D:\ControlledCopy\Inidawish\backend\venv\Lib\site-packages\fastapi\routing.py", line 108, in app
    response = await f(request)
               ^^^^^^^^^^^^^^^^
  File "D:\ControlledCopy\Inidawish\backend\venv\Lib\site-packages\fastapi\routing.py", line 553, in app
    content = await serialize_response(
              ^^^^^^^^^^^^^^^^^^^^^^^^^
    ...<11 lines>...
    )
    ^
  File "D:\ControlledCopy\Inidawish\backend\venv\Lib\site-packages\fastapi\routing.py", line 288, in serialize_response
    raise ResponseValidationError(
    ...<3 lines>...
    )
fastapi.exceptions.ResponseValidationError: 12 validation errors:
  {'type': 'string_type', 'loc': ('response', 3, 'category_id'), 'msg': 'Input should be a valid string', 'input': None}
  {'type': 'string_type', 'loc': ('response', 4, 'category_id'), 'msg': 'Input should be a valid string', 'input': None}
  {'type': 'string_type', 'loc': ('response', 5, 'category_id'), 'msg': 'Input should be a valid string', 'input': None}
  {'type': 'string_type', 'loc': ('response', 6, 'category_id'), 'msg': 'Input should be a valid string', 'input': None}
  {'type': 'string_type', 'loc': ('response', 7, 'category_id'), 'msg': 'Input should be a valid string', 'input': None}
  {'type': 'string_type', 'loc': ('response', 8, 'category_id'), 'msg': 'Input should be a valid string', 'input': None}
  {'type': 'string_type', 'loc': ('response', 9, 'category_id'), 'msg': 'Input should be a valid string', 'input': None}
  {'type': 'string_type', 'loc': ('response', 10, 'category_id'), 'msg': 'Input should be a valid string', 'input': None}
  {'type': 'string_type', 'loc': ('response', 11, 'category_id'), 'msg': 'Input should be a valid string', 'input': None}
  {'type': 'string_type', 'loc': ('response', 12, 'category_id'), 'msg': 'Input should be a valid string', 'input': None}
  {'type': 'string_type', 'loc': ('response', 13, 'category_id'), 'msg': 'Input should be a valid string', 'input': None}
  {'type': 'string_type', 'loc': ('response', 15, 'category_id'), 'msg': 'Input should be a valid string', 'input': None}

  File "D:\ControlledCopy\Inidawish\backend\app\api\endpoints\marketplace.py", line 51, in get_fresh_recommendations
    GET /api/listings/home/fresh

Global exception caught: 12 validation errors:
  {'type': 'string_type', 'loc': ('response', 3, 'category_id'), 'msg': 'Input should be a valid string', 'input': None}
  {'type': 'string_type', 'loc': ('response', 4, 'category_id'), 'msg': 'Input should be a valid string', 'input': None}
  {'type': 'string_type', 'loc': ('response', 5, 'category_id'), 'msg': 'Input should be a valid string', 'input': None}
  {'type': 'string_type', 'loc': ('response', 6, 'category_id'), 'msg': 'Input should be a valid string', 'input': None}
  {'type': 'string_type', 'loc': ('response', 7, 'category_id'), 'msg': 'Input should be a valid string', 'input': None}
  {'type': 'string_type', 'loc': ('response', 8, 'category_id'), 'msg': 'Input should be a valid string', 'input': None}
  {'type': 'string_type', 'loc': ('response', 9, 'category_id'), 'msg': 'Input should be a valid string', 'input': None}
  {'type': 'string_type', 'loc': ('response', 10, 'category_id'), 'msg': 'Input should be a valid string', 'input': None}
  {'type': 'string_type', 'loc': ('response', 11, 'category_id'), 'msg': 'Input should be a valid string', 'input': None}
  {'type': 'string_type', 'loc': ('response', 12, 'category_id'), 'msg': 'Input should be a valid string', 'input': None}
  {'type': 'string_type', 'loc': ('response', 13, 'category_id'), 'msg': 'Input should be a valid string', 'input': None}
  {'type': 'string_type', 'loc': ('response', 15, 'category_id'), 'msg': 'Input should be a valid string', 'input': None}

  File "D:\ControlledCopy\Inidawish\backend\app\api\endpoints\marketplace.py", line 51, in get_fresh_recommendations
    GET /api/listings/home/fresh
Traceback (most recent call last):
  File "D:\ControlledCopy\Inidawish\backend\venv\Lib\site-packages\starlette\middleware\errors.py", line 164, in __call__
    await self.app(scope, receive, _send)
  File "D:\ControlledCopy\Inidawish\backend\venv\Lib\site-packages\starlette\middleware\cors.py", line 95, in __call__
    await self.simple_response(scope, receive, send, request_headers=headers)
  File "D:\ControlledCopy\Inidawish\backend\venv\Lib\site-packages\starlette\middleware\cors.py", line 153, in simple_response
    await self.app(scope, receive, send)
  File "D:\ControlledCopy\Inidawish\backend\venv\Lib\site-packages\starlette\middleware\exceptions.py", line 63, in __call__
    await wrap_app_handling_exceptions(self.app, conn)(scope, receive, send)
  File "D:\ControlledCopy\Inidawish\backend\venv\Lib\site-packages\starlette\_exception_handler.py", line 53, in wrapped_app
    raise exc
  File "D:\ControlledCopy\Inidawish\backend\venv\Lib\site-packages\starlette\_exception_handler.py", line 42, in wrapped_app
    await app(scope, receive, sender)
  File "D:\ControlledCopy\Inidawish\backend\venv\Lib\site-packages\fastapi\middleware\asyncexitstack.py", line 18, in __call__
    await self.app(scope, receive, send)
  File "D:\ControlledCopy\Inidawish\backend\venv\Lib\site-packages\starlette\routing.py", line 716, in __call__
    await self.middleware_stack(scope, receive, send)
  File "D:\ControlledCopy\Inidawish\backend\venv\Lib\site-packages\starlette\routing.py", line 736, in app
    await route.handle(scope, receive, send)
  File "D:\ControlledCopy\Inidawish\backend\venv\Lib\site-packages\starlette\routing.py", line 290, in handle
    await self.app(scope, receive, send)
  File "D:\ControlledCopy\Inidawish\backend\venv\Lib\site-packages\fastapi\routing.py", line 122, in app
    await wrap_app_handling_exceptions(app, request)(scope, receive, send)
  File "D:\ControlledCopy\Inidawish\backend\venv\Lib\site-packages\starlette\_exception_handler.py", line 53, in wrapped_app
    raise exc
  File "D:\ControlledCopy\Inidawish\backend\venv\Lib\site-packages\starlette\_exception_handler.py", line 42, in wrapped_app
    await app(scope, receive, sender)
  File "D:\ControlledCopy\Inidawish\backend\venv\Lib\site-packages\fastapi\routing.py", line 108, in app
    response = await f(request)
               ^^^^^^^^^^^^^^^^
  File "D:\ControlledCopy\Inidawish\backend\venv\Lib\site-packages\fastapi\routing.py", line 553, in app
    content = await serialize_response(
              ^^^^^^^^^^^^^^^^^^^^^^^^^
    ...<11 lines>...
    )
    ^
  File "D:\ControlledCopy\Inidawish\backend\venv\Lib\site-packages\fastapi\routing.py", line 288, in serialize_response
    raise ResponseValidationError(
    ...<3 lines>...
    )
fastapi.exceptions.ResponseValidationError: 12 validation errors:
  {'type': 'string_type', 'loc': ('response', 3, 'category_id'), 'msg': 'Input should be a valid string', 'input': None}
  {'type': 'string_type', 'loc': ('response', 4, 'category_id'), 'msg': 'Input should be a valid string', 'input': None}
  {'type': 'string_type', 'loc': ('response', 5, 'category_id'), 'msg': 'Input should be a valid string', 'input': None}
  {'type': 'string_type', 'loc': ('response', 6, 'category_id'), 'msg': 'Input should be a valid string', 'input': None}
  {'type': 'string_type', 'loc': ('response', 7, 'category_id'), 'msg': 'Input should be a valid string', 'input': None}
  {'type': 'string_type', 'loc': ('response', 8, 'category_id'), 'msg': 'Input should be a valid string', 'input': None}
  {'type': 'string_type', 'loc': ('response', 9, 'category_id'), 'msg': 'Input should be a valid string', 'input': None}
  {'type': 'string_type', 'loc': ('response', 10, 'category_id'), 'msg': 'Input should be a valid string', 'input': None}
  {'type': 'string_type', 'loc': ('response', 11, 'category_id'), 'msg': 'Input should be a valid string', 'input': None}
  {'type': 'string_type', 'loc': ('response', 12, 'category_id'), 'msg': 'Input should be a valid string', 'input': None}
  {'type': 'string_type', 'loc': ('response', 13, 'category_id'), 'msg': 'Input should be a valid string', 'input': None}
  {'type': 'string_type', 'loc': ('response', 15, 'category_id'), 'msg': 'Input should be a valid string', 'input': None}

  File "D:\ControlledCopy\Inidawish\backend\app\api\endpoints\marketplace.py", line 51, in get_fresh_recommendations
    GET /api/listings/home/fresh

Global exception caught: 12 validation errors:
  {'type': 'string_type', 'loc': ('response', 1, 'category_id'), 'msg': 'Input should be a valid string', 'input': None}
  {'type': 'string_type', 'loc': ('response', 2, 'category_id'), 'msg': 'Input should be a valid string', 'input': None}
  {'type': 'string_type', 'loc': ('response', 3, 'category_id'), 'msg': 'Input should be a valid string', 'input': None}
  {'type': 'string_type', 'loc': ('response', 4, 'category_id'), 'msg': 'Input should be a valid string', 'input': None}
  {'type': 'string_type', 'loc': ('response', 5, 'category_id'), 'msg': 'Input should be a valid string', 'input': None}
  {'type': 'string_type', 'loc': ('response', 6, 'category_id'), 'msg': 'Input should be a valid string', 'input': None}
  {'type': 'string_type', 'loc': ('response', 7, 'category_id'), 'msg': 'Input should be a valid string', 'input': None}
  {'type': 'string_type', 'loc': ('response', 8, 'category_id'), 'msg': 'Input should be a valid string', 'input': None}
  {'type': 'string_type', 'loc': ('response', 9, 'category_id'), 'msg': 'Input should be a valid string', 'input': None}
  {'type': 'string_type', 'loc': ('response', 10, 'category_id'), 'msg': 'Input should be a valid string', 'input': None}
  {'type': 'string_type', 'loc': ('response', 11, 'category_id'), 'msg': 'Input should be a valid string', 'input': None}
  {'type': 'string_type', 'loc': ('response', 12, 'category_id'), 'msg': 'Input should be a valid string', 'input': None}

  File "D:\ControlledCopy\Inidawish\backend\app\api\endpoints\marketplace.py", line 23, in get_listings
    GET /api/listings
Traceback (most recent call last):
  File "D:\ControlledCopy\Inidawish\backend\venv\Lib\site-packages\starlette\middleware\errors.py", line 164, in __call__
    await self.app(scope, receive, _send)
  File "D:\ControlledCopy\Inidawish\backend\venv\Lib\site-packages\starlette\middleware\cors.py", line 95, in __call__
    await self.simple_response(scope, receive, send, request_headers=headers)
  File "D:\ControlledCopy\Inidawish\backend\venv\Lib\site-packages\starlette\middleware\cors.py", line 153, in simple_response
    await self.app(scope, receive, send)
  File "D:\ControlledCopy\Inidawish\backend\venv\Lib\site-packages\starlette\middleware\exceptions.py", line 63, in __call__
    await wrap_app_handling_exceptions(self.app, conn)(scope, receive, send)
  File "D:\ControlledCopy\Inidawish\backend\venv\Lib\site-packages\starlette\_exception_handler.py", line 53, in wrapped_app
    raise exc
  File "D:\ControlledCopy\Inidawish\backend\venv\Lib\site-packages\starlette\_exception_handler.py", line 42, in wrapped_app
    await app(scope, receive, sender)
  File "D:\ControlledCopy\Inidawish\backend\venv\Lib\site-packages\fastapi\middleware\asyncexitstack.py", line 18, in __call__
    await self.app(scope, receive, send)
  File "D:\ControlledCopy\Inidawish\backend\venv\Lib\site-packages\starlette\routing.py", line 716, in __call__
    await self.middleware_stack(scope, receive, send)
  File "D:\ControlledCopy\Inidawish\backend\venv\Lib\site-packages\starlette\routing.py", line 736, in app
    await route.handle(scope, receive, send)
  File "D:\ControlledCopy\Inidawish\backend\venv\Lib\site-packages\starlette\routing.py", line 290, in handle
    await self.app(scope, receive, send)
  File "D:\ControlledCopy\Inidawish\backend\venv\Lib\site-packages\fastapi\routing.py", line 122, in app
    await wrap_app_handling_exceptions(app, request)(scope, receive, send)
  File "D:\ControlledCopy\Inidawish\backend\venv\Lib\site-packages\starlette\_exception_handler.py", line 53, in wrapped_app
    raise exc
  File "D:\ControlledCopy\Inidawish\backend\venv\Lib\site-packages\starlette\_exception_handler.py", line 42, in wrapped_app
    await app(scope, receive, sender)
  File "D:\ControlledCopy\Inidawish\backend\venv\Lib\site-packages\fastapi\routing.py", line 108, in app
    response = await f(request)
               ^^^^^^^^^^^^^^^^
  File "D:\ControlledCopy\Inidawish\backend\venv\Lib\site-packages\fastapi\routing.py", line 553, in app
    content = await serialize_response(
              ^^^^^^^^^^^^^^^^^^^^^^^^^
    ...<11 lines>...
    )
    ^
  File "D:\ControlledCopy\Inidawish\backend\venv\Lib\site-packages\fastapi\routing.py", line 288, in serialize_response
    raise ResponseValidationError(
    ...<3 lines>...
    )
fastapi.exceptions.ResponseValidationError: 12 validation errors:
  {'type': 'string_type', 'loc': ('response', 1, 'category_id'), 'msg': 'Input should be a valid string', 'input': None}
  {'type': 'string_type', 'loc': ('response', 2, 'category_id'), 'msg': 'Input should be a valid string', 'input': None}
  {'type': 'string_type', 'loc': ('response', 3, 'category_id'), 'msg': 'Input should be a valid string', 'input': None}
  {'type': 'string_type', 'loc': ('response', 4, 'category_id'), 'msg': 'Input should be a valid string', 'input': None}
  {'type': 'string_type', 'loc': ('response', 5, 'category_id'), 'msg': 'Input should be a valid string', 'input': None}
  {'type': 'string_type', 'loc': ('response', 6, 'category_id'), 'msg': 'Input should be a valid string', 'input': None}
  {'type': 'string_type', 'loc': ('response', 7, 'category_id'), 'msg': 'Input should be a valid string', 'input': None}
  {'type': 'string_type', 'loc': ('response', 8, 'category_id'), 'msg': 'Input should be a valid string', 'input': None}
  {'type': 'string_type', 'loc': ('response', 9, 'category_id'), 'msg': 'Input should be a valid string', 'input': None}
  {'type': 'string_type', 'loc': ('response', 10, 'category_id'), 'msg': 'Input should be a valid string', 'input': None}
  {'type': 'string_type', 'loc': ('response', 11, 'category_id'), 'msg': 'Input should be a valid string', 'input': None}
  {'type': 'string_type', 'loc': ('response', 12, 'category_id'), 'msg': 'Input should be a valid string', 'input': None}

  File "D:\ControlledCopy\Inidawish\backend\app\api\endpoints\marketplace.py", line 23, in get_listings
    GET /api/listings

Global exception caught: 12 validation errors:
  {'type': 'string_type', 'loc': ('response', 3, 'category_id'), 'msg': 'Input should be a valid string', 'input': None}
  {'type': 'string_type', 'loc': ('response', 4, 'category_id'), 'msg': 'Input should be a valid string', 'input': None}
  {'type': 'string_type', 'loc': ('response', 5, 'category_id'), 'msg': 'Input should be a valid string', 'input': None}
  {'type': 'string_type', 'loc': ('response', 6, 'category_id'), 'msg': 'Input should be a valid string', 'input': None}
  {'type': 'string_type', 'loc': ('response', 7, 'category_id'), 'msg': 'Input should be a valid string', 'input': None}
  {'type': 'string_type', 'loc': ('response', 8, 'category_id'), 'msg': 'Input should be a valid string', 'input': None}
  {'type': 'string_type', 'loc': ('response', 9, 'category_id'), 'msg': 'Input should be a valid string', 'input': None}
  {'type': 'string_type', 'loc': ('response', 10, 'category_id'), 'msg': 'Input should be a valid string', 'input': None}
  {'type': 'string_type', 'loc': ('response', 11, 'category_id'), 'msg': 'Input should be a valid string', 'input': None}
  {'type': 'string_type', 'loc': ('response', 12, 'category_id'), 'msg': 'Input should be a valid string', 'input': None}
  {'type': 'string_type', 'loc': ('response', 13, 'category_id'), 'msg': 'Input should be a valid string', 'input': None}
  {'type': 'string_type', 'loc': ('response', 15, 'category_id'), 'msg': 'Input should be a valid string', 'input': None}

  File "D:\ControlledCopy\Inidawish\backend\app\api\endpoints\marketplace.py", line 51, in get_fresh_recommendations
    GET /api/listings/home/fresh
Traceback (most recent call last):
  File "D:\ControlledCopy\Inidawish\backend\venv\Lib\site-packages\starlette\middleware\errors.py", line 164, in __call__
    await self.app(scope, receive, _send)
  File "D:\ControlledCopy\Inidawish\backend\venv\Lib\site-packages\starlette\middleware\cors.py", line 95, in __call__
    await self.simple_response(scope, receive, send, request_headers=headers)
  File "D:\ControlledCopy\Inidawish\backend\venv\Lib\site-packages\starlette\middleware\cors.py", line 153, in simple_response
    await self.app(scope, receive, send)
  File "D:\ControlledCopy\Inidawish\backend\venv\Lib\site-packages\starlette\middleware\exceptions.py", line 63, in __call__
    await wrap_app_handling_exceptions(self.app, conn)(scope, receive, send)
  File "D:\ControlledCopy\Inidawish\backend\venv\Lib\site-packages\starlette\_exception_handler.py", line 53, in wrapped_app
    raise exc
  File "D:\ControlledCopy\Inidawish\backend\venv\Lib\site-packages\starlette\_exception_handler.py", line 42, in wrapped_app
    await app(scope, receive, sender)
  File "D:\ControlledCopy\Inidawish\backend\venv\Lib\site-packages\fastapi\middleware\asyncexitstack.py", line 18, in __call__
    await self.app(scope, receive, send)
  File "D:\ControlledCopy\Inidawish\backend\venv\Lib\site-packages\starlette\routing.py", line 716, in __call__
    await self.middleware_stack(scope, receive, send)
  File "D:\ControlledCopy\Inidawish\backend\venv\Lib\site-packages\starlette\routing.py", line 736, in app
    await route.handle(scope, receive, send)
  File "D:\ControlledCopy\Inidawish\backend\venv\Lib\site-packages\starlette\routing.py", line 290, in handle
    await self.app(scope, receive, send)
  File "D:\ControlledCopy\Inidawish\backend\venv\Lib\site-packages\fastapi\routing.py", line 122, in app
    await wrap_app_handling_exceptions(app, request)(scope, receive, send)
  File "D:\ControlledCopy\Inidawish\backend\venv\Lib\site-packages\starlette\_exception_handler.py", line 53, in wrapped_app
    raise exc
  File "D:\ControlledCopy\Inidawish\backend\venv\Lib\site-packages\starlette\_exception_handler.py", line 42, in wrapped_app
    await app(scope, receive, sender)
  File "D:\ControlledCopy\Inidawish\backend\venv\Lib\site-packages\fastapi\routing.py", line 108, in app
    response = await f(request)
               ^^^^^^^^^^^^^^^^
  File "D:\ControlledCopy\Inidawish\backend\venv\Lib\site-packages\fastapi\routing.py", line 553, in app
    content = await serialize_response(
              ^^^^^^^^^^^^^^^^^^^^^^^^^
    ...<11 lines>...
    )
    ^
  File "D:\ControlledCopy\Inidawish\backend\venv\Lib\site-packages\fastapi\routing.py", line 288, in serialize_response
    raise ResponseValidationError(
    ...<3 lines>...
    )
fastapi.exceptions.ResponseValidationError: 12 validation errors:
  {'type': 'string_type', 'loc': ('response', 3, 'category_id'), 'msg': 'Input should be a valid string', 'input': None}
  {'type': 'string_type', 'loc': ('response', 4, 'category_id'), 'msg': 'Input should be a valid string', 'input': None}
  {'type': 'string_type', 'loc': ('response', 5, 'category_id'), 'msg': 'Input should be a valid string', 'input': None}
  {'type': 'string_type', 'loc': ('response', 6, 'category_id'), 'msg': 'Input should be a valid string', 'input': None}
  {'type': 'string_type', 'loc': ('response', 7, 'category_id'), 'msg': 'Input should be a valid string', 'input': None}
  {'type': 'string_type', 'loc': ('response', 8, 'category_id'), 'msg': 'Input should be a valid string', 'input': None}
  {'type': 'string_type', 'loc': ('response', 9, 'category_id'), 'msg': 'Input should be a valid string', 'input': None}
  {'type': 'string_type', 'loc': ('response', 10, 'category_id'), 'msg': 'Input should be a valid string', 'input': None}
  {'type': 'string_type', 'loc': ('response', 11, 'category_id'), 'msg': 'Input should be a valid string', 'input': None}
  {'type': 'string_type', 'loc': ('response', 12, 'category_id'), 'msg': 'Input should be a valid string', 'input': None}
  {'type': 'string_type', 'loc': ('response', 13, 'category_id'), 'msg': 'Input should be a valid string', 'input': None}
  {'type': 'string_type', 'loc': ('response', 15, 'category_id'), 'msg': 'Input should be a valid string', 'input': None}

  File "D:\ControlledCopy\Inidawish\backend\app\api\endpoints\marketplace.py", line 51, in get_fresh_recommendations
    GET /api/listings/home/fresh

Global exception caught: 12 validation errors:
  {'type': 'string_type', 'loc': ('response', 1, 'category_id'), 'msg': 'Input should be a valid string', 'input': None}
  {'type': 'string_type', 'loc': ('response', 2, 'category_id'), 'msg': 'Input should be a valid string', 'input': None}
  {'type': 'string_type', 'loc': ('response', 3, 'category_id'), 'msg': 'Input should be a valid string', 'input': None}
  {'type': 'string_type', 'loc': ('response', 4, 'category_id'), 'msg': 'Input should be a valid string', 'input': None}
  {'type': 'string_type', 'loc': ('response', 5, 'category_id'), 'msg': 'Input should be a valid string', 'input': None}
  {'type': 'string_type', 'loc': ('response', 6, 'category_id'), 'msg': 'Input should be a valid string', 'input': None}
  {'type': 'string_type', 'loc': ('response', 7, 'category_id'), 'msg': 'Input should be a valid string', 'input': None}
  {'type': 'string_type', 'loc': ('response', 8, 'category_id'), 'msg': 'Input should be a valid string', 'input': None}
  {'type': 'string_type', 'loc': ('response', 9, 'category_id'), 'msg': 'Input should be a valid string', 'input': None}
  {'type': 'string_type', 'loc': ('response', 10, 'category_id'), 'msg': 'Input should be a valid string', 'input': None}
  {'type': 'string_type', 'loc': ('response', 11, 'category_id'), 'msg': 'Input should be a valid string', 'input': None}
  {'type': 'string_type', 'loc': ('response', 12, 'category_id'), 'msg': 'Input should be a valid string', 'input': None}

  File "D:\ControlledCopy\Inidawish\backend\app\api\endpoints\marketplace.py", line 23, in get_listings
    GET /api/listings
Traceback (most recent call last):
  File "D:\ControlledCopy\Inidawish\backend\venv\Lib\site-packages\starlette\middleware\errors.py", line 164, in __call__
    await self.app(scope, receive, _send)
  File "D:\ControlledCopy\Inidawish\backend\venv\Lib\site-packages\starlette\middleware\cors.py", line 95, in __call__
    await self.simple_response(scope, receive, send, request_headers=headers)
  File "D:\ControlledCopy\Inidawish\backend\venv\Lib\site-packages\starlette\middleware\cors.py", line 153, in simple_response
    await self.app(scope, receive, send)
  File "D:\ControlledCopy\Inidawish\backend\venv\Lib\site-packages\starlette\middleware\exceptions.py", line 63, in __call__
    await wrap_app_handling_exceptions(self.app, conn)(scope, receive, send)
  File "D:\ControlledCopy\Inidawish\backend\venv\Lib\site-packages\starlette\_exception_handler.py", line 53, in wrapped_app
    raise exc
  File "D:\ControlledCopy\Inidawish\backend\venv\Lib\site-packages\starlette\_exception_handler.py", line 42, in wrapped_app
    await app(scope, receive, sender)
  File "D:\ControlledCopy\Inidawish\backend\venv\Lib\site-packages\fastapi\middleware\asyncexitstack.py", line 18, in __call__
    await self.app(scope, receive, send)
  File "D:\ControlledCopy\Inidawish\backend\venv\Lib\site-packages\starlette\routing.py", line 716, in __call__
    await self.middleware_stack(scope, receive, send)
  File "D:\ControlledCopy\Inidawish\backend\venv\Lib\site-packages\starlette\routing.py", line 736, in app
    await route.handle(scope, receive, send)
  File "D:\ControlledCopy\Inidawish\backend\venv\Lib\site-packages\starlette\routing.py", line 290, in handle
    await self.app(scope, receive, send)
  File "D:\ControlledCopy\Inidawish\backend\venv\Lib\site-packages\fastapi\routing.py", line 122, in app
    await wrap_app_handling_exceptions(app, request)(scope, receive, send)
  File "D:\ControlledCopy\Inidawish\backend\venv\Lib\site-packages\starlette\_exception_handler.py", line 53, in wrapped_app
    raise exc
  File "D:\ControlledCopy\Inidawish\backend\venv\Lib\site-packages\starlette\_exception_handler.py", line 42, in wrapped_app
    await app(scope, receive, sender)
  File "D:\ControlledCopy\Inidawish\backend\venv\Lib\site-packages\fastapi\routing.py", line 108, in app
    response = await f(request)
               ^^^^^^^^^^^^^^^^
  File "D:\ControlledCopy\Inidawish\backend\venv\Lib\site-packages\fastapi\routing.py", line 553, in app
    content = await serialize_response(
              ^^^^^^^^^^^^^^^^^^^^^^^^^
    ...<11 lines>...
    )
    ^
  File "D:\ControlledCopy\Inidawish\backend\venv\Lib\site-packages\fastapi\routing.py", line 288, in serialize_response
    raise ResponseValidationError(
    ...<3 lines>...
    )
fastapi.exceptions.ResponseValidationError: 12 validation errors:
  {'type': 'string_type', 'loc': ('response', 1, 'category_id'), 'msg': 'Input should be a valid string', 'input': None}
  {'type': 'string_type', 'loc': ('response', 2, 'category_id'), 'msg': 'Input should be a valid string', 'input': None}
  {'type': 'string_type', 'loc': ('response', 3, 'category_id'), 'msg': 'Input should be a valid string', 'input': None}
  {'type': 'string_type', 'loc': ('response', 4, 'category_id'), 'msg': 'Input should be a valid string', 'input': None}
  {'type': 'string_type', 'loc': ('response', 5, 'category_id'), 'msg': 'Input should be a valid string', 'input': None}
  {'type': 'string_type', 'loc': ('response', 6, 'category_id'), 'msg': 'Input should be a valid string', 'input': None}
  {'type': 'string_type', 'loc': ('response', 7, 'category_id'), 'msg': 'Input should be a valid string', 'input': None}
  {'type': 'string_type', 'loc': ('response', 8, 'category_id'), 'msg': 'Input should be a valid string', 'input': None}
  {'type': 'string_type', 'loc': ('response', 9, 'category_id'), 'msg': 'Input should be a valid string', 'input': None}
  {'type': 'string_type', 'loc': ('response', 10, 'category_id'), 'msg': 'Input should be a valid string', 'input': None}
  {'type': 'string_type', 'loc': ('response', 11, 'category_id'), 'msg': 'Input should be a valid string', 'input': None}
  {'type': 'string_type', 'loc': ('response', 12, 'category_id'), 'msg': 'Input should be a valid string', 'input': None}

  File "D:\ControlledCopy\Inidawish\backend\app\api\endpoints\marketplace.py", line 23, in get_listings
    GET /api/listings

Global exception caught: 12 validation errors:
  {'type': 'string_type', 'loc': ('response', 3, 'category_id'), 'msg': 'Input should be a valid string', 'input': None}
  {'type': 'string_type', 'loc': ('response', 4, 'category_id'), 'msg': 'Input should be a valid string', 'input': None}
  {'type': 'string_type', 'loc': ('response', 5, 'category_id'), 'msg': 'Input should be a valid string', 'input': None}
  {'type': 'string_type', 'loc': ('response', 6, 'category_id'), 'msg': 'Input should be a valid string', 'input': None}
  {'type': 'string_type', 'loc': ('response', 7, 'category_id'), 'msg': 'Input should be a valid string', 'input': None}
  {'type': 'string_type', 'loc': ('response', 8, 'category_id'), 'msg': 'Input should be a valid string', 'input': None}
  {'type': 'string_type', 'loc': ('response', 9, 'category_id'), 'msg': 'Input should be a valid string', 'input': None}
  {'type': 'string_type', 'loc': ('response', 10, 'category_id'), 'msg': 'Input should be a valid string', 'input': None}
  {'type': 'string_type', 'loc': ('response', 11, 'category_id'), 'msg': 'Input should be a valid string', 'input': None}
  {'type': 'string_type', 'loc': ('response', 12, 'category_id'), 'msg': 'Input should be a valid string', 'input': None}
  {'type': 'string_type', 'loc': ('response', 13, 'category_id'), 'msg': 'Input should be a valid string', 'input': None}
  {'type': 'string_type', 'loc': ('response', 15, 'category_id'), 'msg': 'Input should be a valid string', 'input': None}

  File "D:\ControlledCopy\Inidawish\backend\app\api\endpoints\marketplace.py", line 51, in get_fresh_recommendations
    GET /api/listings/home/fresh
Traceback (most recent call last):
  File "D:\ControlledCopy\Inidawish\backend\venv\Lib\site-packages\starlette\middleware\errors.py", line 164, in __call__
    await self.app(scope, receive, _send)
  File "D:\ControlledCopy\Inidawish\backend\venv\Lib\site-packages\starlette\middleware\cors.py", line 95, in __call__
    await self.simple_response(scope, receive, send, request_headers=headers)
  File "D:\ControlledCopy\Inidawish\backend\venv\Lib\site-packages\starlette\middleware\cors.py", line 153, in simple_response
    await self.app(scope, receive, send)
  File "D:\ControlledCopy\Inidawish\backend\venv\Lib\site-packages\starlette\middleware\exceptions.py", line 63, in __call__
    await wrap_app_handling_exceptions(self.app, conn)(scope, receive, send)
  File "D:\ControlledCopy\Inidawish\backend\venv\Lib\site-packages\starlette\_exception_handler.py", line 53, in wrapped_app
    raise exc
  File "D:\ControlledCopy\Inidawish\backend\venv\Lib\site-packages\starlette\_exception_handler.py", line 42, in wrapped_app
    await app(scope, receive, sender)
  File "D:\ControlledCopy\Inidawish\backend\venv\Lib\site-packages\fastapi\middleware\asyncexitstack.py", line 18, in __call__
    await self.app(scope, receive, send)
  File "D:\ControlledCopy\Inidawish\backend\venv\Lib\site-packages\starlette\routing.py", line 716, in __call__
    await self.middleware_stack(scope, receive, send)
  File "D:\ControlledCopy\Inidawish\backend\venv\Lib\site-packages\starlette\routing.py", line 736, in app
    await route.handle(scope, receive, send)
  File "D:\ControlledCopy\Inidawish\backend\venv\Lib\site-packages\starlette\routing.py", line 290, in handle
    await self.app(scope, receive, send)
  File "D:\ControlledCopy\Inidawish\backend\venv\Lib\site-packages\fastapi\routing.py", line 122, in app
    await wrap_app_handling_exceptions(app, request)(scope, receive, send)
  File "D:\ControlledCopy\Inidawish\backend\venv\Lib\site-packages\starlette\_exception_handler.py", line 53, in wrapped_app
    raise exc
  File "D:\ControlledCopy\Inidawish\backend\venv\Lib\site-packages\starlette\_exception_handler.py", line 42, in wrapped_app
    await app(scope, receive, sender)
  File "D:\ControlledCopy\Inidawish\backend\venv\Lib\site-packages\fastapi\routing.py", line 108, in app
    response = await f(request)
               ^^^^^^^^^^^^^^^^
  File "D:\ControlledCopy\Inidawish\backend\venv\Lib\site-packages\fastapi\routing.py", line 553, in app
    content = await serialize_response(
              ^^^^^^^^^^^^^^^^^^^^^^^^^
    ...<11 lines>...
    )
    ^
  File "D:\ControlledCopy\Inidawish\backend\venv\Lib\site-packages\fastapi\routing.py", line 288, in serialize_response
    raise ResponseValidationError(
    ...<3 lines>...
    )
fastapi.exceptions.ResponseValidationError: 12 validation errors:
  {'type': 'string_type', 'loc': ('response', 3, 'category_id'), 'msg': 'Input should be a valid string', 'input': None}
  {'type': 'string_type', 'loc': ('response', 4, 'category_id'), 'msg': 'Input should be a valid string', 'input': None}
  {'type': 'string_type', 'loc': ('response', 5, 'category_id'), 'msg': 'Input should be a valid string', 'input': None}
  {'type': 'string_type', 'loc': ('response', 6, 'category_id'), 'msg': 'Input should be a valid string', 'input': None}
  {'type': 'string_type', 'loc': ('response', 7, 'category_id'), 'msg': 'Input should be a valid string', 'input': None}
  {'type': 'string_type', 'loc': ('response', 8, 'category_id'), 'msg': 'Input should be a valid string', 'input': None}
  {'type': 'string_type', 'loc': ('response', 9, 'category_id'), 'msg': 'Input should be a valid string', 'input': None}
  {'type': 'string_type', 'loc': ('response', 10, 'category_id'), 'msg': 'Input should be a valid string', 'input': None}
  {'type': 'string_type', 'loc': ('response', 11, 'category_id'), 'msg': 'Input should be a valid string', 'input': None}
  {'type': 'string_type', 'loc': ('response', 12, 'category_id'), 'msg': 'Input should be a valid string', 'input': None}
  {'type': 'string_type', 'loc': ('response', 13, 'category_id'), 'msg': 'Input should be a valid string', 'input': None}
  {'type': 'string_type', 'loc': ('response', 15, 'category_id'), 'msg': 'Input should be a valid string', 'input': None}

  File "D:\ControlledCopy\Inidawish\backend\app\api\endpoints\marketplace.py", line 51, in get_fresh_recommendations
    GET /api/listings/home/fresh

Global exception caught: 12 validation errors:
  {'type': 'string_type', 'loc': ('response', 1, 'category_id'), 'msg': 'Input should be a valid string', 'input': None}
  {'type': 'string_type', 'loc': ('response', 2, 'category_id'), 'msg': 'Input should be a valid string', 'input': None}
  {'type': 'string_type', 'loc': ('response', 3, 'category_id'), 'msg': 'Input should be a valid string', 'input': None}
  {'type': 'string_type', 'loc': ('response', 4, 'category_id'), 'msg': 'Input should be a valid string', 'input': None}
  {'type': 'string_type', 'loc': ('response', 5, 'category_id'), 'msg': 'Input should be a valid string', 'input': None}
  {'type': 'string_type', 'loc': ('response', 6, 'category_id'), 'msg': 'Input should be a valid string', 'input': None}
  {'type': 'string_type', 'loc': ('response', 7, 'category_id'), 'msg': 'Input should be a valid string', 'input': None}
  {'type': 'string_type', 'loc': ('response', 8, 'category_id'), 'msg': 'Input should be a valid string', 'input': None}
  {'type': 'string_type', 'loc': ('response', 9, 'category_id'), 'msg': 'Input should be a valid string', 'input': None}
  {'type': 'string_type', 'loc': ('response', 10, 'category_id'), 'msg': 'Input should be a valid string', 'input': None}
  {'type': 'string_type', 'loc': ('response', 11, 'category_id'), 'msg': 'Input should be a valid string', 'input': None}
  {'type': 'string_type', 'loc': ('response', 12, 'category_id'), 'msg': 'Input should be a valid string', 'input': None}

  File "D:\ControlledCopy\Inidawish\backend\app\api\endpoints\marketplace.py", line 23, in get_listings
    GET /api/listings
Traceback (most recent call last):
  File "D:\ControlledCopy\Inidawish\backend\venv\Lib\site-packages\starlette\middleware\errors.py", line 164, in __call__
    await self.app(scope, receive, _send)
  File "D:\ControlledCopy\Inidawish\backend\venv\Lib\site-packages\starlette\middleware\cors.py", line 95, in __call__
    await self.simple_response(scope, receive, send, request_headers=headers)
  File "D:\ControlledCopy\Inidawish\backend\venv\Lib\site-packages\starlette\middleware\cors.py", line 153, in simple_response
    await self.app(scope, receive, send)
  File "D:\ControlledCopy\Inidawish\backend\venv\Lib\site-packages\starlette\middleware\exceptions.py", line 63, in __call__
    await wrap_app_handling_exceptions(self.app, conn)(scope, receive, send)
  File "D:\ControlledCopy\Inidawish\backend\venv\Lib\site-packages\starlette\_exception_handler.py", line 53, in wrapped_app
    raise exc
  File "D:\ControlledCopy\Inidawish\backend\venv\Lib\site-packages\starlette\_exception_handler.py", line 42, in wrapped_app
    await app(scope, receive, sender)
  File "D:\ControlledCopy\Inidawish\backend\venv\Lib\site-packages\fastapi\middleware\asyncexitstack.py", line 18, in __call__
    await self.app(scope, receive, send)
  File "D:\ControlledCopy\Inidawish\backend\venv\Lib\site-packages\starlette\routing.py", line 716, in __call__
    await self.middleware_stack(scope, receive, send)
  File "D:\ControlledCopy\Inidawish\backend\venv\Lib\site-packages\starlette\routing.py", line 736, in app
    await route.handle(scope, receive, send)
  File "D:\ControlledCopy\Inidawish\backend\venv\Lib\site-packages\starlette\routing.py", line 290, in handle
    await self.app(scope, receive, send)
  File "D:\ControlledCopy\Inidawish\backend\venv\Lib\site-packages\fastapi\routing.py", line 122, in app
    await wrap_app_handling_exceptions(app, request)(scope, receive, send)
  File "D:\ControlledCopy\Inidawish\backend\venv\Lib\site-packages\starlette\_exception_handler.py", line 53, in wrapped_app
    raise exc
  File "D:\ControlledCopy\Inidawish\backend\venv\Lib\site-packages\starlette\_exception_handler.py", line 42, in wrapped_app
    await app(scope, receive, sender)
  File "D:\ControlledCopy\Inidawish\backend\venv\Lib\site-packages\fastapi\routing.py", line 108, in app
    response = await f(request)
               ^^^^^^^^^^^^^^^^
  File "D:\ControlledCopy\Inidawish\backend\venv\Lib\site-packages\fastapi\routing.py", line 553, in app
    content = await serialize_response(
              ^^^^^^^^^^^^^^^^^^^^^^^^^
    ...<11 lines>...
    )
    ^
  File "D:\ControlledCopy\Inidawish\backend\venv\Lib\site-packages\fastapi\routing.py", line 288, in serialize_response
    raise ResponseValidationError(
    ...<3 lines>...
    )
fastapi.exceptions.ResponseValidationError: 12 validation errors:
  {'type': 'string_type', 'loc': ('response', 1, 'category_id'), 'msg': 'Input should be a valid string', 'input': None}
  {'type': 'string_type', 'loc': ('response', 2, 'category_id'), 'msg': 'Input should be a valid string', 'input': None}
  {'type': 'string_type', 'loc': ('response', 3, 'category_id'), 'msg': 'Input should be a valid string', 'input': None}
  {'type': 'string_type', 'loc': ('response', 4, 'category_id'), 'msg': 'Input should be a valid string', 'input': None}
  {'type': 'string_type', 'loc': ('response', 5, 'category_id'), 'msg': 'Input should be a valid string', 'input': None}
  {'type': 'string_type', 'loc': ('response', 6, 'category_id'), 'msg': 'Input should be a valid string', 'input': None}
  {'type': 'string_type', 'loc': ('response', 7, 'category_id'), 'msg': 'Input should be a valid string', 'input': None}
  {'type': 'string_type', 'loc': ('response', 8, 'category_id'), 'msg': 'Input should be a valid string', 'input': None}
  {'type': 'string_type', 'loc': ('response', 9, 'category_id'), 'msg': 'Input should be a valid string', 'input': None}
  {'type': 'string_type', 'loc': ('response', 10, 'category_id'), 'msg': 'Input should be a valid string', 'input': None}
  {'type': 'string_type', 'loc': ('response', 11, 'category_id'), 'msg': 'Input should be a valid string', 'input': None}
  {'type': 'string_type', 'loc': ('response', 12, 'category_id'), 'msg': 'Input should be a valid string', 'input': None}

  File "D:\ControlledCopy\Inidawish\backend\app\api\endpoints\marketplace.py", line 23, in get_listings
    GET /api/listings

Global exception caught: 12 validation errors:
  {'type': 'string_type', 'loc': ('response', 3, 'category_id'), 'msg': 'Input should be a valid string', 'input': None}
  {'type': 'string_type', 'loc': ('response', 4, 'category_id'), 'msg': 'Input should be a valid string', 'input': None}
  {'type': 'string_type', 'loc': ('response', 5, 'category_id'), 'msg': 'Input should be a valid string', 'input': None}
  {'type': 'string_type', 'loc': ('response', 6, 'category_id'), 'msg': 'Input should be a valid string', 'input': None}
  {'type': 'string_type', 'loc': ('response', 7, 'category_id'), 'msg': 'Input should be a valid string', 'input': None}
  {'type': 'string_type', 'loc': ('response', 8, 'category_id'), 'msg': 'Input should be a valid string', 'input': None}
  {'type': 'string_type', 'loc': ('response', 9, 'category_id'), 'msg': 'Input should be a valid string', 'input': None}
  {'type': 'string_type', 'loc': ('response', 10, 'category_id'), 'msg': 'Input should be a valid string', 'input': None}
  {'type': 'string_type', 'loc': ('response', 11, 'category_id'), 'msg': 'Input should be a valid string', 'input': None}
  {'type': 'string_type', 'loc': ('response', 12, 'category_id'), 'msg': 'Input should be a valid string', 'input': None}
  {'type': 'string_type', 'loc': ('response', 13, 'category_id'), 'msg': 'Input should be a valid string', 'input': None}
  {'type': 'string_type', 'loc': ('response', 15, 'category_id'), 'msg': 'Input should be a valid string', 'input': None}

  File "D:\ControlledCopy\Inidawish\backend\app\api\endpoints\marketplace.py", line 51, in get_fresh_recommendations
    GET /api/listings/home/fresh
Traceback (most recent call last):
  File "D:\ControlledCopy\Inidawish\backend\venv\Lib\site-packages\starlette\middleware\errors.py", line 164, in __call__
    await self.app(scope, receive, _send)
  File "D:\ControlledCopy\Inidawish\backend\venv\Lib\site-packages\starlette\middleware\cors.py", line 95, in __call__
    await self.simple_response(scope, receive, send, request_headers=headers)
  File "D:\ControlledCopy\Inidawish\backend\venv\Lib\site-packages\starlette\middleware\cors.py", line 153, in simple_response
    await self.app(scope, receive, send)
  File "D:\ControlledCopy\Inidawish\backend\venv\Lib\site-packages\starlette\middleware\exceptions.py", line 63, in __call__
    await wrap_app_handling_exceptions(self.app, conn)(scope, receive, send)
  File "D:\ControlledCopy\Inidawish\backend\venv\Lib\site-packages\starlette\_exception_handler.py", line 53, in wrapped_app
    raise exc
  File "D:\ControlledCopy\Inidawish\backend\venv\Lib\site-packages\starlette\_exception_handler.py", line 42, in wrapped_app
    await app(scope, receive, sender)
  File "D:\ControlledCopy\Inidawish\backend\venv\Lib\site-packages\fastapi\middleware\asyncexitstack.py", line 18, in __call__
    await self.app(scope, receive, send)
  File "D:\ControlledCopy\Inidawish\backend\venv\Lib\site-packages\starlette\routing.py", line 716, in __call__
    await self.middleware_stack(scope, receive, send)
  File "D:\ControlledCopy\Inidawish\backend\venv\Lib\site-packages\starlette\routing.py", line 736, in app
    await route.handle(scope, receive, send)
  File "D:\ControlledCopy\Inidawish\backend\venv\Lib\site-packages\starlette\routing.py", line 290, in handle
    await self.app(scope, receive, send)
  File "D:\ControlledCopy\Inidawish\backend\venv\Lib\site-packages\fastapi\routing.py", line 122, in app
    await wrap_app_handling_exceptions(app, request)(scope, receive, send)
  File "D:\ControlledCopy\Inidawish\backend\venv\Lib\site-packages\starlette\_exception_handler.py", line 53, in wrapped_app
    raise exc
  File "D:\ControlledCopy\Inidawish\backend\venv\Lib\site-packages\starlette\_exception_handler.py", line 42, in wrapped_app
    await app(scope, receive, sender)
  File "D:\ControlledCopy\Inidawish\backend\venv\Lib\site-packages\fastapi\routing.py", line 108, in app
    response = await f(request)
               ^^^^^^^^^^^^^^^^
  File "D:\ControlledCopy\Inidawish\backend\venv\Lib\site-packages\fastapi\routing.py", line 553, in app
    content = await serialize_response(
              ^^^^^^^^^^^^^^^^^^^^^^^^^
    ...<11 lines>...
    )
    ^
  File "D:\ControlledCopy\Inidawish\backend\venv\Lib\site-packages\fastapi\routing.py", line 288, in serialize_response
    raise ResponseValidationError(
    ...<3 lines>...
    )
fastapi.exceptions.ResponseValidationError: 12 validation errors:
  {'type': 'string_type', 'loc': ('response', 3, 'category_id'), 'msg': 'Input should be a valid string', 'input': None}
  {'type': 'string_type', 'loc': ('response', 4, 'category_id'), 'msg': 'Input should be a valid string', 'input': None}
  {'type': 'string_type', 'loc': ('response', 5, 'category_id'), 'msg': 'Input should be a valid string', 'input': None}
  {'type': 'string_type', 'loc': ('response', 6, 'category_id'), 'msg': 'Input should be a valid string', 'input': None}
  {'type': 'string_type', 'loc': ('response', 7, 'category_id'), 'msg': 'Input should be a valid string', 'input': None}
  {'type': 'string_type', 'loc': ('response', 8, 'category_id'), 'msg': 'Input should be a valid string', 'input': None}
  {'type': 'string_type', 'loc': ('response', 9, 'category_id'), 'msg': 'Input should be a valid string', 'input': None}
  {'type': 'string_type', 'loc': ('response', 10, 'category_id'), 'msg': 'Input should be a valid string', 'input': None}
  {'type': 'string_type', 'loc': ('response', 11, 'category_id'), 'msg': 'Input should be a valid string', 'input': None}
  {'type': 'string_type', 'loc': ('response', 12, 'category_id'), 'msg': 'Input should be a valid string', 'input': None}
  {'type': 'string_type', 'loc': ('response', 13, 'category_id'), 'msg': 'Input should be a valid string', 'input': None}
  {'type': 'string_type', 'loc': ('response', 15, 'category_id'), 'msg': 'Input should be a valid string', 'input': None}

  File "D:\ControlledCopy\Inidawish\backend\app\api\endpoints\marketplace.py", line 51, in get_fresh_recommendations
    GET /api/listings/home/fresh

Global exception caught: 12 validation errors:
  {'type': 'string_type', 'loc': ('response', 1, 'category_id'), 'msg': 'Input should be a valid string', 'input': None}
  {'type': 'string_type', 'loc': ('response', 2, 'category_id'), 'msg': 'Input should be a valid string', 'input': None}
  {'type': 'string_type', 'loc': ('response', 3, 'category_id'), 'msg': 'Input should be a valid string', 'input': None}
  {'type': 'string_type', 'loc': ('response', 4, 'category_id'), 'msg': 'Input should be a valid string', 'input': None}
  {'type': 'string_type', 'loc': ('response', 5, 'category_id'), 'msg': 'Input should be a valid string', 'input': None}
  {'type': 'string_type', 'loc': ('response', 6, 'category_id'), 'msg': 'Input should be a valid string', 'input': None}
  {'type': 'string_type', 'loc': ('response', 7, 'category_id'), 'msg': 'Input should be a valid string', 'input': None}
  {'type': 'string_type', 'loc': ('response', 8, 'category_id'), 'msg': 'Input should be a valid string', 'input': None}
  {'type': 'string_type', 'loc': ('response', 9, 'category_id'), 'msg': 'Input should be a valid string', 'input': None}
  {'type': 'string_type', 'loc': ('response', 10, 'category_id'), 'msg': 'Input should be a valid string', 'input': None}
  {'type': 'string_type', 'loc': ('response', 11, 'category_id'), 'msg': 'Input should be a valid string', 'input': None}
  {'type': 'string_type', 'loc': ('response', 12, 'category_id'), 'msg': 'Input should be a valid string', 'input': None}

  File "D:\ControlledCopy\Inidawish\backend\app\api\endpoints\marketplace.py", line 23, in get_listings
    GET /api/listings
Traceback (most recent call last):
  File "D:\ControlledCopy\Inidawish\backend\venv\Lib\site-packages\starlette\middleware\errors.py", line 164, in __call__
    await self.app(scope, receive, _send)
  File "D:\ControlledCopy\Inidawish\backend\venv\Lib\site-packages\starlette\middleware\cors.py", line 95, in __call__
    await self.simple_response(scope, receive, send, request_headers=headers)
  File "D:\ControlledCopy\Inidawish\backend\venv\Lib\site-packages\starlette\middleware\cors.py", line 153, in simple_response
    await self.app(scope, receive, send)
  File "D:\ControlledCopy\Inidawish\backend\venv\Lib\site-packages\starlette\middleware\exceptions.py", line 63, in __call__
    await wrap_app_handling_exceptions(self.app, conn)(scope, receive, send)
  File "D:\ControlledCopy\Inidawish\backend\venv\Lib\site-packages\starlette\_exception_handler.py", line 53, in wrapped_app
    raise exc
  File "D:\ControlledCopy\Inidawish\backend\venv\Lib\site-packages\starlette\_exception_handler.py", line 42, in wrapped_app
    await app(scope, receive, sender)
  File "D:\ControlledCopy\Inidawish\backend\venv\Lib\site-packages\fastapi\middleware\asyncexitstack.py", line 18, in __call__
    await self.app(scope, receive, send)
  File "D:\ControlledCopy\Inidawish\backend\venv\Lib\site-packages\starlette\routing.py", line 716, in __call__
    await self.middleware_stack(scope, receive, send)
  File "D:\ControlledCopy\Inidawish\backend\venv\Lib\site-packages\starlette\routing.py", line 736, in app
    await route.handle(scope, receive, send)
  File "D:\ControlledCopy\Inidawish\backend\venv\Lib\site-packages\starlette\routing.py", line 290, in handle
    await self.app(scope, receive, send)
  File "D:\ControlledCopy\Inidawish\backend\venv\Lib\site-packages\fastapi\routing.py", line 122, in app
    await wrap_app_handling_exceptions(app, request)(scope, receive, send)
  File "D:\ControlledCopy\Inidawish\backend\venv\Lib\site-packages\starlette\_exception_handler.py", line 53, in wrapped_app
    raise exc
  File "D:\ControlledCopy\Inidawish\backend\venv\Lib\site-packages\starlette\_exception_handler.py", line 42, in wrapped_app
    await app(scope, receive, sender)
  File "D:\ControlledCopy\Inidawish\backend\venv\Lib\site-packages\fastapi\routing.py", line 108, in app
    response = await f(request)
               ^^^^^^^^^^^^^^^^
  File "D:\ControlledCopy\Inidawish\backend\venv\Lib\site-packages\fastapi\routing.py", line 553, in app
    content = await serialize_response(
              ^^^^^^^^^^^^^^^^^^^^^^^^^
    ...<11 lines>...
    )
    ^
  File "D:\ControlledCopy\Inidawish\backend\venv\Lib\site-packages\fastapi\routing.py", line 288, in serialize_response
    raise ResponseValidationError(
    ...<3 lines>...
    )
fastapi.exceptions.ResponseValidationError: 12 validation errors:
  {'type': 'string_type', 'loc': ('response', 1, 'category_id'), 'msg': 'Input should be a valid string', 'input': None}
  {'type': 'string_type', 'loc': ('response', 2, 'category_id'), 'msg': 'Input should be a valid string', 'input': None}
  {'type': 'string_type', 'loc': ('response', 3, 'category_id'), 'msg': 'Input should be a valid string', 'input': None}
  {'type': 'string_type', 'loc': ('response', 4, 'category_id'), 'msg': 'Input should be a valid string', 'input': None}
  {'type': 'string_type', 'loc': ('response', 5, 'category_id'), 'msg': 'Input should be a valid string', 'input': None}
  {'type': 'string_type', 'loc': ('response', 6, 'category_id'), 'msg': 'Input should be a valid string', 'input': None}
  {'type': 'string_type', 'loc': ('response', 7, 'category_id'), 'msg': 'Input should be a valid string', 'input': None}
  {'type': 'string_type', 'loc': ('response', 8, 'category_id'), 'msg': 'Input should be a valid string', 'input': None}
  {'type': 'string_type', 'loc': ('response', 9, 'category_id'), 'msg': 'Input should be a valid string', 'input': None}
  {'type': 'string_type', 'loc': ('response', 10, 'category_id'), 'msg': 'Input should be a valid string', 'input': None}
  {'type': 'string_type', 'loc': ('response', 11, 'category_id'), 'msg': 'Input should be a valid string', 'input': None}
  {'type': 'string_type', 'loc': ('response', 12, 'category_id'), 'msg': 'Input should be a valid string', 'input': None}

  File "D:\ControlledCopy\Inidawish\backend\app\api\endpoints\marketplace.py", line 23, in get_listings
    GET /api/listings

Global exception caught: 12 validation errors:
  {'type': 'string_type', 'loc': ('response', 3, 'category_id'), 'msg': 'Input should be a valid string', 'input': None}
  {'type': 'string_type', 'loc': ('response', 4, 'category_id'), 'msg': 'Input should be a valid string', 'input': None}
  {'type': 'string_type', 'loc': ('response', 5, 'category_id'), 'msg': 'Input should be a valid string', 'input': None}
  {'type': 'string_type', 'loc': ('response', 6, 'category_id'), 'msg': 'Input should be a valid string', 'input': None}
  {'type': 'string_type', 'loc': ('response', 7, 'category_id'), 'msg': 'Input should be a valid string', 'input': None}
  {'type': 'string_type', 'loc': ('response', 8, 'category_id'), 'msg': 'Input should be a valid string', 'input': None}
  {'type': 'string_type', 'loc': ('response', 9, 'category_id'), 'msg': 'Input should be a valid string', 'input': None}
  {'type': 'string_type', 'loc': ('response', 10, 'category_id'), 'msg': 'Input should be a valid string', 'input': None}
  {'type': 'string_type', 'loc': ('response', 11, 'category_id'), 'msg': 'Input should be a valid string', 'input': None}
  {'type': 'string_type', 'loc': ('response', 12, 'category_id'), 'msg': 'Input should be a valid string', 'input': None}
  {'type': 'string_type', 'loc': ('response', 13, 'category_id'), 'msg': 'Input should be a valid string', 'input': None}
  {'type': 'string_type', 'loc': ('response', 15, 'category_id'), 'msg': 'Input should be a valid string', 'input': None}

  File "D:\ControlledCopy\Inidawish\backend\app\api\endpoints\marketplace.py", line 51, in get_fresh_recommendations
    GET /api/listings/home/fresh
Traceback (most recent call last):
  File "D:\ControlledCopy\Inidawish\backend\venv\Lib\site-packages\starlette\middleware\errors.py", line 164, in __call__
    await self.app(scope, receive, _send)
  File "D:\ControlledCopy\Inidawish\backend\venv\Lib\site-packages\starlette\middleware\cors.py", line 95, in __call__
    await self.simple_response(scope, receive, send, request_headers=headers)
  File "D:\ControlledCopy\Inidawish\backend\venv\Lib\site-packages\starlette\middleware\cors.py", line 153, in simple_response
    await self.app(scope, receive, send)
  File "D:\ControlledCopy\Inidawish\backend\venv\Lib\site-packages\starlette\middleware\exceptions.py", line 63, in __call__
    await wrap_app_handling_exceptions(self.app, conn)(scope, receive, send)
  File "D:\ControlledCopy\Inidawish\backend\venv\Lib\site-packages\starlette\_exception_handler.py", line 53, in wrapped_app
    raise exc
  File "D:\ControlledCopy\Inidawish\backend\venv\Lib\site-packages\starlette\_exception_handler.py", line 42, in wrapped_app
    await app(scope, receive, sender)
  File "D:\ControlledCopy\Inidawish\backend\venv\Lib\site-packages\fastapi\middleware\asyncexitstack.py", line 18, in __call__
    await self.app(scope, receive, send)
  File "D:\ControlledCopy\Inidawish\backend\venv\Lib\site-packages\starlette\routing.py", line 716, in __call__
    await self.middleware_stack(scope, receive, send)
  File "D:\ControlledCopy\Inidawish\backend\venv\Lib\site-packages\starlette\routing.py", line 736, in app
    await route.handle(scope, receive, send)
  File "D:\ControlledCopy\Inidawish\backend\venv\Lib\site-packages\starlette\routing.py", line 290, in handle
    await self.app(scope, receive, send)
  File "D:\ControlledCopy\Inidawish\backend\venv\Lib\site-packages\fastapi\routing.py", line 122, in app
    await wrap_app_handling_exceptions(app, request)(scope, receive, send)
  File "D:\ControlledCopy\Inidawish\backend\venv\Lib\site-packages\starlette\_exception_handler.py", line 53, in wrapped_app
    raise exc
  File "D:\ControlledCopy\Inidawish\backend\venv\Lib\site-packages\starlette\_exception_handler.py", line 42, in wrapped_app
    await app(scope, receive, sender)
  File "D:\ControlledCopy\Inidawish\backend\venv\Lib\site-packages\fastapi\routing.py", line 108, in app
    response = await f(request)
               ^^^^^^^^^^^^^^^^
  File "D:\ControlledCopy\Inidawish\backend\venv\Lib\site-packages\fastapi\routing.py", line 553, in app
    content = await serialize_response(
              ^^^^^^^^^^^^^^^^^^^^^^^^^
    ...<11 lines>...
    )
    ^
  File "D:\ControlledCopy\Inidawish\backend\venv\Lib\site-packages\fastapi\routing.py", line 288, in serialize_response
    raise ResponseValidationError(
    ...<3 lines>...
    )
fastapi.exceptions.ResponseValidationError: 12 validation errors:
  {'type': 'string_type', 'loc': ('response', 3, 'category_id'), 'msg': 'Input should be a valid string', 'input': None}
  {'type': 'string_type', 'loc': ('response', 4, 'category_id'), 'msg': 'Input should be a valid string', 'input': None}
  {'type': 'string_type', 'loc': ('response', 5, 'category_id'), 'msg': 'Input should be a valid string', 'input': None}
  {'type': 'string_type', 'loc': ('response', 6, 'category_id'), 'msg': 'Input should be a valid string', 'input': None}
  {'type': 'string_type', 'loc': ('response', 7, 'category_id'), 'msg': 'Input should be a valid string', 'input': None}
  {'type': 'string_type', 'loc': ('response', 8, 'category_id'), 'msg': 'Input should be a valid string', 'input': None}
  {'type': 'string_type', 'loc': ('response', 9, 'category_id'), 'msg': 'Input should be a valid string', 'input': None}
  {'type': 'string_type', 'loc': ('response', 10, 'category_id'), 'msg': 'Input should be a valid string', 'input': None}
  {'type': 'string_type', 'loc': ('response', 11, 'category_id'), 'msg': 'Input should be a valid string', 'input': None}
  {'type': 'string_type', 'loc': ('response', 12, 'category_id'), 'msg': 'Input should be a valid string', 'input': None}
  {'type': 'string_type', 'loc': ('response', 13, 'category_id'), 'msg': 'Input should be a valid string', 'input': None}
  {'type': 'string_type', 'loc': ('response', 15, 'category_id'), 'msg': 'Input should be a valid string', 'input': None}

  File "D:\ControlledCopy\Inidawish\backend\app\api\endpoints\marketplace.py", line 51, in get_fresh_recommendations
    GET /api/listings/home/fresh

Global exception caught: 12 validation errors:
  {'type': 'string_type', 'loc': ('response', 1, 'category_id'), 'msg': 'Input should be a valid string', 'input': None}
  {'type': 'string_type', 'loc': ('response', 2, 'category_id'), 'msg': 'Input should be a valid string', 'input': None}
  {'type': 'string_type', 'loc': ('response', 3, 'category_id'), 'msg': 'Input should be a valid string', 'input': None}
  {'type': 'string_type', 'loc': ('response', 4, 'category_id'), 'msg': 'Input should be a valid string', 'input': None}
  {'type': 'string_type', 'loc': ('response', 5, 'category_id'), 'msg': 'Input should be a valid string', 'input': None}
  {'type': 'string_type', 'loc': ('response', 6, 'category_id'), 'msg': 'Input should be a valid string', 'input': None}
  {'type': 'string_type', 'loc': ('response', 7, 'category_id'), 'msg': 'Input should be a valid string', 'input': None}
  {'type': 'string_type', 'loc': ('response', 8, 'category_id'), 'msg': 'Input should be a valid string', 'input': None}
  {'type': 'string_type', 'loc': ('response', 9, 'category_id'), 'msg': 'Input should be a valid string', 'input': None}
  {'type': 'string_type', 'loc': ('response', 10, 'category_id'), 'msg': 'Input should be a valid string', 'input': None}
  {'type': 'string_type', 'loc': ('response', 11, 'category_id'), 'msg': 'Input should be a valid string', 'input': None}
  {'type': 'string_type', 'loc': ('response', 12, 'category_id'), 'msg': 'Input should be a valid string', 'input': None}

  File "D:\ControlledCopy\Inidawish\backend\app\api\endpoints\marketplace.py", line 23, in get_listings
    GET /api/listings
Traceback (most recent call last):
  File "D:\ControlledCopy\Inidawish\backend\venv\Lib\site-packages\starlette\middleware\errors.py", line 164, in __call__
    await self.app(scope, receive, _send)
  File "D:\ControlledCopy\Inidawish\backend\venv\Lib\site-packages\starlette\middleware\cors.py", line 95, in __call__
    await self.simple_response(scope, receive, send, request_headers=headers)
  File "D:\ControlledCopy\Inidawish\backend\venv\Lib\site-packages\starlette\middleware\cors.py", line 153, in simple_response
    await self.app(scope, receive, send)
  File "D:\ControlledCopy\Inidawish\backend\venv\Lib\site-packages\starlette\middleware\exceptions.py", line 63, in __call__
    await wrap_app_handling_exceptions(self.app, conn)(scope, receive, send)
  File "D:\ControlledCopy\Inidawish\backend\venv\Lib\site-packages\starlette\_exception_handler.py", line 53, in wrapped_app
    raise exc
  File "D:\ControlledCopy\Inidawish\backend\venv\Lib\site-packages\starlette\_exception_handler.py", line 42, in wrapped_app
    await app(scope, receive, sender)
  File "D:\ControlledCopy\Inidawish\backend\venv\Lib\site-packages\fastapi\middleware\asyncexitstack.py", line 18, in __call__
    await self.app(scope, receive, send)
  File "D:\ControlledCopy\Inidawish\backend\venv\Lib\site-packages\starlette\routing.py", line 716, in __call__
    await self.middleware_stack(scope, receive, send)
  File "D:\ControlledCopy\Inidawish\backend\venv\Lib\site-packages\starlette\routing.py", line 736, in app
    await route.handle(scope, receive, send)
  File "D:\ControlledCopy\Inidawish\backend\venv\Lib\site-packages\starlette\routing.py", line 290, in handle
    await self.app(scope, receive, send)
  File "D:\ControlledCopy\Inidawish\backend\venv\Lib\site-packages\fastapi\routing.py", line 122, in app
    await wrap_app_handling_exceptions(app, request)(scope, receive, send)
  File "D:\ControlledCopy\Inidawish\backend\venv\Lib\site-packages\starlette\_exception_handler.py", line 53, in wrapped_app
    raise exc
  File "D:\ControlledCopy\Inidawish\backend\venv\Lib\site-packages\starlette\_exception_handler.py", line 42, in wrapped_app
    await app(scope, receive, sender)
  File "D:\ControlledCopy\Inidawish\backend\venv\Lib\site-packages\fastapi\routing.py", line 108, in app
    response = await f(request)
               ^^^^^^^^^^^^^^^^
  File "D:\ControlledCopy\Inidawish\backend\venv\Lib\site-packages\fastapi\routing.py", line 553, in app
    content = await serialize_response(
              ^^^^^^^^^^^^^^^^^^^^^^^^^
    ...<11 lines>...
    )
    ^
  File "D:\ControlledCopy\Inidawish\backend\venv\Lib\site-packages\fastapi\routing.py", line 288, in serialize_response
    raise ResponseValidationError(
    ...<3 lines>...
    )
fastapi.exceptions.ResponseValidationError: 12 validation errors:
  {'type': 'string_type', 'loc': ('response', 1, 'category_id'), 'msg': 'Input should be a valid string', 'input': None}
  {'type': 'string_type', 'loc': ('response', 2, 'category_id'), 'msg': 'Input should be a valid string', 'input': None}
  {'type': 'string_type', 'loc': ('response', 3, 'category_id'), 'msg': 'Input should be a valid string', 'input': None}
  {'type': 'string_type', 'loc': ('response', 4, 'category_id'), 'msg': 'Input should be a valid string', 'input': None}
  {'type': 'string_type', 'loc': ('response', 5, 'category_id'), 'msg': 'Input should be a valid string', 'input': None}
  {'type': 'string_type', 'loc': ('response', 6, 'category_id'), 'msg': 'Input should be a valid string', 'input': None}
  {'type': 'string_type', 'loc': ('response', 7, 'category_id'), 'msg': 'Input should be a valid string', 'input': None}
  {'type': 'string_type', 'loc': ('response', 8, 'category_id'), 'msg': 'Input should be a valid string', 'input': None}
  {'type': 'string_type', 'loc': ('response', 9, 'category_id'), 'msg': 'Input should be a valid string', 'input': None}
  {'type': 'string_type', 'loc': ('response', 10, 'category_id'), 'msg': 'Input should be a valid string', 'input': None}
  {'type': 'string_type', 'loc': ('response', 11, 'category_id'), 'msg': 'Input should be a valid string', 'input': None}
  {'type': 'string_type', 'loc': ('response', 12, 'category_id'), 'msg': 'Input should be a valid string', 'input': None}

  File "D:\ControlledCopy\Inidawish\backend\app\api\endpoints\marketplace.py", line 23, in get_listings
    GET /api/listings

Global exception caught: 12 validation errors:
  {'type': 'string_type', 'loc': ('response', 1, 'category_id'), 'msg': 'Input should be a valid string', 'input': None}
  {'type': 'string_type', 'loc': ('response', 2, 'category_id'), 'msg': 'Input should be a valid string', 'input': None}
  {'type': 'string_type', 'loc': ('response', 3, 'category_id'), 'msg': 'Input should be a valid string', 'input': None}
  {'type': 'string_type', 'loc': ('response', 4, 'category_id'), 'msg': 'Input should be a valid string', 'input': None}
  {'type': 'string_type', 'loc': ('response', 5, 'category_id'), 'msg': 'Input should be a valid string', 'input': None}
  {'type': 'string_type', 'loc': ('response', 6, 'category_id'), 'msg': 'Input should be a valid string', 'input': None}
  {'type': 'string_type', 'loc': ('response', 7, 'category_id'), 'msg': 'Input should be a valid string', 'input': None}
  {'type': 'string_type', 'loc': ('response', 8, 'category_id'), 'msg': 'Input should be a valid string', 'input': None}
  {'type': 'string_type', 'loc': ('response', 9, 'category_id'), 'msg': 'Input should be a valid string', 'input': None}
  {'type': 'string_type', 'loc': ('response', 10, 'category_id'), 'msg': 'Input should be a valid string', 'input': None}
  {'type': 'string_type', 'loc': ('response', 11, 'category_id'), 'msg': 'Input should be a valid string', 'input': None}
  {'type': 'string_type', 'loc': ('response', 12, 'category_id'), 'msg': 'Input should be a valid string', 'input': None}

  File "D:\ControlledCopy\Inidawish\backend\app\api\endpoints\marketplace.py", line 23, in get_listings
    GET /api/listings
Traceback (most recent call last):
  File "D:\ControlledCopy\Inidawish\backend\venv\Lib\site-packages\starlette\middleware\errors.py", line 164, in __call__
    await self.app(scope, receive, _send)
  File "D:\ControlledCopy\Inidawish\backend\venv\Lib\site-packages\starlette\middleware\cors.py", line 95, in __call__
    await self.simple_response(scope, receive, send, request_headers=headers)
  File "D:\ControlledCopy\Inidawish\backend\venv\Lib\site-packages\starlette\middleware\cors.py", line 153, in simple_response
    await self.app(scope, receive, send)
  File "D:\ControlledCopy\Inidawish\backend\venv\Lib\site-packages\starlette\middleware\exceptions.py", line 63, in __call__
    await wrap_app_handling_exceptions(self.app, conn)(scope, receive, send)
  File "D:\ControlledCopy\Inidawish\backend\venv\Lib\site-packages\starlette\_exception_handler.py", line 53, in wrapped_app
    raise exc
  File "D:\ControlledCopy\Inidawish\backend\venv\Lib\site-packages\starlette\_exception_handler.py", line 42, in wrapped_app
    await app(scope, receive, sender)
  File "D:\ControlledCopy\Inidawish\backend\venv\Lib\site-packages\fastapi\middleware\asyncexitstack.py", line 18, in __call__
    await self.app(scope, receive, send)
  File "D:\ControlledCopy\Inidawish\backend\venv\Lib\site-packages\starlette\routing.py", line 716, in __call__
    await self.middleware_stack(scope, receive, send)
  File "D:\ControlledCopy\Inidawish\backend\venv\Lib\site-packages\starlette\routing.py", line 736, in app
    await route.handle(scope, receive, send)
  File "D:\ControlledCopy\Inidawish\backend\venv\Lib\site-packages\starlette\routing.py", line 290, in handle
    await self.app(scope, receive, send)
  File "D:\ControlledCopy\Inidawish\backend\venv\Lib\site-packages\fastapi\routing.py", line 122, in app
    await wrap_app_handling_exceptions(app, request)(scope, receive, send)
  File "D:\ControlledCopy\Inidawish\backend\venv\Lib\site-packages\starlette\_exception_handler.py", line 53, in wrapped_app
    raise exc
  File "D:\ControlledCopy\Inidawish\backend\venv\Lib\site-packages\starlette\_exception_handler.py", line 42, in wrapped_app
    await app(scope, receive, sender)
  File "D:\ControlledCopy\Inidawish\backend\venv\Lib\site-packages\fastapi\routing.py", line 108, in app
    response = await f(request)
               ^^^^^^^^^^^^^^^^
  File "D:\ControlledCopy\Inidawish\backend\venv\Lib\site-packages\fastapi\routing.py", line 553, in app
    content = await serialize_response(
              ^^^^^^^^^^^^^^^^^^^^^^^^^
    ...<11 lines>...
    )
    ^
  File "D:\ControlledCopy\Inidawish\backend\venv\Lib\site-packages\fastapi\routing.py", line 288, in serialize_response
    raise ResponseValidationError(
    ...<3 lines>...
    )
fastapi.exceptions.ResponseValidationError: 12 validation errors:
  {'type': 'string_type', 'loc': ('response', 1, 'category_id'), 'msg': 'Input should be a valid string', 'input': None}
  {'type': 'string_type', 'loc': ('response', 2, 'category_id'), 'msg': 'Input should be a valid string', 'input': None}
  {'type': 'string_type', 'loc': ('response', 3, 'category_id'), 'msg': 'Input should be a valid string', 'input': None}
  {'type': 'string_type', 'loc': ('response', 4, 'category_id'), 'msg': 'Input should be a valid string', 'input': None}
  {'type': 'string_type', 'loc': ('response', 5, 'category_id'), 'msg': 'Input should be a valid string', 'input': None}
  {'type': 'string_type', 'loc': ('response', 6, 'category_id'), 'msg': 'Input should be a valid string', 'input': None}
  {'type': 'string_type', 'loc': ('response', 7, 'category_id'), 'msg': 'Input should be a valid string', 'input': None}
  {'type': 'string_type', 'loc': ('response', 8, 'category_id'), 'msg': 'Input should be a valid string', 'input': None}
  {'type': 'string_type', 'loc': ('response', 9, 'category_id'), 'msg': 'Input should be a valid string', 'input': None}
  {'type': 'string_type', 'loc': ('response', 10, 'category_id'), 'msg': 'Input should be a valid string', 'input': None}
  {'type': 'string_type', 'loc': ('response', 11, 'category_id'), 'msg': 'Input should be a valid string', 'input': None}
  {'type': 'string_type', 'loc': ('response', 12, 'category_id'), 'msg': 'Input should be a valid string', 'input': None}

  File "D:\ControlledCopy\Inidawish\backend\app\api\endpoints\marketplace.py", line 23, in get_listings
    GET /api/listings

Global exception caught: 12 validation errors:
  {'type': 'string_type', 'loc': ('response', 3, 'category_id'), 'msg': 'Input should be a valid string', 'input': None}
  {'type': 'string_type', 'loc': ('response', 4, 'category_id'), 'msg': 'Input should be a valid string', 'input': None}
  {'type': 'string_type', 'loc': ('response', 5, 'category_id'), 'msg': 'Input should be a valid string', 'input': None}
  {'type': 'string_type', 'loc': ('response', 6, 'category_id'), 'msg': 'Input should be a valid string', 'input': None}
  {'type': 'string_type', 'loc': ('response', 7, 'category_id'), 'msg': 'Input should be a valid string', 'input': None}
  {'type': 'string_type', 'loc': ('response', 8, 'category_id'), 'msg': 'Input should be a valid string', 'input': None}
  {'type': 'string_type', 'loc': ('response', 9, 'category_id'), 'msg': 'Input should be a valid string', 'input': None}
  {'type': 'string_type', 'loc': ('response', 10, 'category_id'), 'msg': 'Input should be a valid string', 'input': None}
  {'type': 'string_type', 'loc': ('response', 11, 'category_id'), 'msg': 'Input should be a valid string', 'input': None}
  {'type': 'string_type', 'loc': ('response', 12, 'category_id'), 'msg': 'Input should be a valid string', 'input': None}
  {'type': 'string_type', 'loc': ('response', 13, 'category_id'), 'msg': 'Input should be a valid string', 'input': None}
  {'type': 'string_type', 'loc': ('response', 15, 'category_id'), 'msg': 'Input should be a valid string', 'input': None}

  File "D:\ControlledCopy\Inidawish\backend\app\api\endpoints\marketplace.py", line 51, in get_fresh_recommendations
    GET /api/listings/home/fresh
Traceback (most recent call last):
  File "D:\ControlledCopy\Inidawish\backend\venv\Lib\site-packages\starlette\middleware\errors.py", line 164, in __call__
    await self.app(scope, receive, _send)
  File "D:\ControlledCopy\Inidawish\backend\venv\Lib\site-packages\starlette\middleware\cors.py", line 95, in __call__
    await self.simple_response(scope, receive, send, request_headers=headers)
  File "D:\ControlledCopy\Inidawish\backend\venv\Lib\site-packages\starlette\middleware\cors.py", line 153, in simple_response
    await self.app(scope, receive, send)
  File "D:\ControlledCopy\Inidawish\backend\venv\Lib\site-packages\starlette\middleware\exceptions.py", line 63, in __call__
    await wrap_app_handling_exceptions(self.app, conn)(scope, receive, send)
  File "D:\ControlledCopy\Inidawish\backend\venv\Lib\site-packages\starlette\_exception_handler.py", line 53, in wrapped_app
    raise exc
  File "D:\ControlledCopy\Inidawish\backend\venv\Lib\site-packages\starlette\_exception_handler.py", line 42, in wrapped_app
    await app(scope, receive, sender)
  File "D:\ControlledCopy\Inidawish\backend\venv\Lib\site-packages\fastapi\middleware\asyncexitstack.py", line 18, in __call__
    await self.app(scope, receive, send)
  File "D:\ControlledCopy\Inidawish\backend\venv\Lib\site-packages\starlette\routing.py", line 716, in __call__
    await self.middleware_stack(scope, receive, send)
  File "D:\ControlledCopy\Inidawish\backend\venv\Lib\site-packages\starlette\routing.py", line 736, in app
    await route.handle(scope, receive, send)
  File "D:\ControlledCopy\Inidawish\backend\venv\Lib\site-packages\starlette\routing.py", line 290, in handle
    await self.app(scope, receive, send)
  File "D:\ControlledCopy\Inidawish\backend\venv\Lib\site-packages\fastapi\routing.py", line 122, in app
    await wrap_app_handling_exceptions(app, request)(scope, receive, send)
  File "D:\ControlledCopy\Inidawish\backend\venv\Lib\site-packages\starlette\_exception_handler.py", line 53, in wrapped_app
    raise exc
  File "D:\ControlledCopy\Inidawish\backend\venv\Lib\site-packages\starlette\_exception_handler.py", line 42, in wrapped_app
    await app(scope, receive, sender)
  File "D:\ControlledCopy\Inidawish\backend\venv\Lib\site-packages\fastapi\routing.py", line 108, in app
    response = await f(request)
               ^^^^^^^^^^^^^^^^
  File "D:\ControlledCopy\Inidawish\backend\venv\Lib\site-packages\fastapi\routing.py", line 553, in app
    content = await serialize_response(
              ^^^^^^^^^^^^^^^^^^^^^^^^^
    ...<11 lines>...
    )
    ^
  File "D:\ControlledCopy\Inidawish\backend\venv\Lib\site-packages\fastapi\routing.py", line 288, in serialize_response
    raise ResponseValidationError(
    ...<3 lines>...
    )
fastapi.exceptions.ResponseValidationError: 12 validation errors:
  {'type': 'string_type', 'loc': ('response', 3, 'category_id'), 'msg': 'Input should be a valid string', 'input': None}
  {'type': 'string_type', 'loc': ('response', 4, 'category_id'), 'msg': 'Input should be a valid string', 'input': None}
  {'type': 'string_type', 'loc': ('response', 5, 'category_id'), 'msg': 'Input should be a valid string', 'input': None}
  {'type': 'string_type', 'loc': ('response', 6, 'category_id'), 'msg': 'Input should be a valid string', 'input': None}
  {'type': 'string_type', 'loc': ('response', 7, 'category_id'), 'msg': 'Input should be a valid string', 'input': None}
  {'type': 'string_type', 'loc': ('response', 8, 'category_id'), 'msg': 'Input should be a valid string', 'input': None}
  {'type': 'string_type', 'loc': ('response', 9, 'category_id'), 'msg': 'Input should be a valid string', 'input': None}
  {'type': 'string_type', 'loc': ('response', 10, 'category_id'), 'msg': 'Input should be a valid string', 'input': None}
  {'type': 'string_type', 'loc': ('response', 11, 'category_id'), 'msg': 'Input should be a valid string', 'input': None}
  {'type': 'string_type', 'loc': ('response', 12, 'category_id'), 'msg': 'Input should be a valid string', 'input': None}
  {'type': 'string_type', 'loc': ('response', 13, 'category_id'), 'msg': 'Input should be a valid string', 'input': None}
  {'type': 'string_type', 'loc': ('response', 15, 'category_id'), 'msg': 'Input should be a valid string', 'input': None}

  File "D:\ControlledCopy\Inidawish\backend\app\api\endpoints\marketplace.py", line 51, in get_fresh_recommendations
    GET /api/listings/home/fresh

Global exception caught: 12 validation errors:
  {'type': 'string_type', 'loc': ('response', 3, 'category_id'), 'msg': 'Input should be a valid string', 'input': None}
  {'type': 'string_type', 'loc': ('response', 4, 'category_id'), 'msg': 'Input should be a valid string', 'input': None}
  {'type': 'string_type', 'loc': ('response', 5, 'category_id'), 'msg': 'Input should be a valid string', 'input': None}
  {'type': 'string_type', 'loc': ('response', 6, 'category_id'), 'msg': 'Input should be a valid string', 'input': None}
  {'type': 'string_type', 'loc': ('response', 7, 'category_id'), 'msg': 'Input should be a valid string', 'input': None}
  {'type': 'string_type', 'loc': ('response', 8, 'category_id'), 'msg': 'Input should be a valid string', 'input': None}
  {'type': 'string_type', 'loc': ('response', 9, 'category_id'), 'msg': 'Input should be a valid string', 'input': None}
  {'type': 'string_type', 'loc': ('response', 10, 'category_id'), 'msg': 'Input should be a valid string', 'input': None}
  {'type': 'string_type', 'loc': ('response', 11, 'category_id'), 'msg': 'Input should be a valid string', 'input': None}
  {'type': 'string_type', 'loc': ('response', 12, 'category_id'), 'msg': 'Input should be a valid string', 'input': None}
  {'type': 'string_type', 'loc': ('response', 13, 'category_id'), 'msg': 'Input should be a valid string', 'input': None}
  {'type': 'string_type', 'loc': ('response', 15, 'category_id'), 'msg': 'Input should be a valid string', 'input': None}

  File "D:\ControlledCopy\Inidawish\backend\app\api\endpoints\marketplace.py", line 51, in get_fresh_recommendations
    GET /api/listings/home/fresh
Traceback (most recent call last):
  File "D:\ControlledCopy\Inidawish\backend\venv\Lib\site-packages\starlette\middleware\errors.py", line 164, in __call__
    await self.app(scope, receive, _send)
  File "D:\ControlledCopy\Inidawish\backend\venv\Lib\site-packages\starlette\middleware\cors.py", line 95, in __call__
    await self.simple_response(scope, receive, send, request_headers=headers)
  File "D:\ControlledCopy\Inidawish\backend\venv\Lib\site-packages\starlette\middleware\cors.py", line 153, in simple_response
    await self.app(scope, receive, send)
  File "D:\ControlledCopy\Inidawish\backend\venv\Lib\site-packages\starlette\middleware\exceptions.py", line 63, in __call__
    await wrap_app_handling_exceptions(self.app, conn)(scope, receive, send)
  File "D:\ControlledCopy\Inidawish\backend\venv\Lib\site-packages\starlette\_exception_handler.py", line 53, in wrapped_app
    raise exc
  File "D:\ControlledCopy\Inidawish\backend\venv\Lib\site-packages\starlette\_exception_handler.py", line 42, in wrapped_app
    await app(scope, receive, sender)
  File "D:\ControlledCopy\Inidawish\backend\venv\Lib\site-packages\fastapi\middleware\asyncexitstack.py", line 18, in __call__
    await self.app(scope, receive, send)
  File "D:\ControlledCopy\Inidawish\backend\venv\Lib\site-packages\starlette\routing.py", line 716, in __call__
    await self.middleware_stack(scope, receive, send)
  File "D:\ControlledCopy\Inidawish\backend\venv\Lib\site-packages\starlette\routing.py", line 736, in app
    await route.handle(scope, receive, send)
  File "D:\ControlledCopy\Inidawish\backend\venv\Lib\site-packages\starlette\routing.py", line 290, in handle
    await self.app(scope, receive, send)
  File "D:\ControlledCopy\Inidawish\backend\venv\Lib\site-packages\fastapi\routing.py", line 122, in app
    await wrap_app_handling_exceptions(app, request)(scope, receive, send)
  File "D:\ControlledCopy\Inidawish\backend\venv\Lib\site-packages\starlette\_exception_handler.py", line 53, in wrapped_app
    raise exc
  File "D:\ControlledCopy\Inidawish\backend\venv\Lib\site-packages\starlette\_exception_handler.py", line 42, in wrapped_app
    await app(scope, receive, sender)
  File "D:\ControlledCopy\Inidawish\backend\venv\Lib\site-packages\fastapi\routing.py", line 108, in app
    response = await f(request)
               ^^^^^^^^^^^^^^^^
  File "D:\ControlledCopy\Inidawish\backend\venv\Lib\site-packages\fastapi\routing.py", line 553, in app
    content = await serialize_response(
              ^^^^^^^^^^^^^^^^^^^^^^^^^
    ...<11 lines>...
    )
    ^
  File "D:\ControlledCopy\Inidawish\backend\venv\Lib\site-packages\fastapi\routing.py", line 288, in serialize_response
    raise ResponseValidationError(
    ...<3 lines>...
    )
fastapi.exceptions.ResponseValidationError: 12 validation errors:
  {'type': 'string_type', 'loc': ('response', 3, 'category_id'), 'msg': 'Input should be a valid string', 'input': None}
  {'type': 'string_type', 'loc': ('response', 4, 'category_id'), 'msg': 'Input should be a valid string', 'input': None}
  {'type': 'string_type', 'loc': ('response', 5, 'category_id'), 'msg': 'Input should be a valid string', 'input': None}
  {'type': 'string_type', 'loc': ('response', 6, 'category_id'), 'msg': 'Input should be a valid string', 'input': None}
  {'type': 'string_type', 'loc': ('response', 7, 'category_id'), 'msg': 'Input should be a valid string', 'input': None}
  {'type': 'string_type', 'loc': ('response', 8, 'category_id'), 'msg': 'Input should be a valid string', 'input': None}
  {'type': 'string_type', 'loc': ('response', 9, 'category_id'), 'msg': 'Input should be a valid string', 'input': None}
  {'type': 'string_type', 'loc': ('response', 10, 'category_id'), 'msg': 'Input should be a valid string', 'input': None}
  {'type': 'string_type', 'loc': ('response', 11, 'category_id'), 'msg': 'Input should be a valid string', 'input': None}
  {'type': 'string_type', 'loc': ('response', 12, 'category_id'), 'msg': 'Input should be a valid string', 'input': None}
  {'type': 'string_type', 'loc': ('response', 13, 'category_id'), 'msg': 'Input should be a valid string', 'input': None}
  {'type': 'string_type', 'loc': ('response', 15, 'category_id'), 'msg': 'Input should be a valid string', 'input': None}

  File "D:\ControlledCopy\Inidawish\backend\app\api\endpoints\marketplace.py", line 51, in get_fresh_recommendations
    GET /api/listings/home/fresh

Global exception caught: 12 validation errors:
  {'type': 'string_type', 'loc': ('response', 1, 'category_id'), 'msg': 'Input should be a valid string', 'input': None}
  {'type': 'string_type', 'loc': ('response', 2, 'category_id'), 'msg': 'Input should be a valid string', 'input': None}
  {'type': 'string_type', 'loc': ('response', 3, 'category_id'), 'msg': 'Input should be a valid string', 'input': None}
  {'type': 'string_type', 'loc': ('response', 4, 'category_id'), 'msg': 'Input should be a valid string', 'input': None}
  {'type': 'string_type', 'loc': ('response', 5, 'category_id'), 'msg': 'Input should be a valid string', 'input': None}
  {'type': 'string_type', 'loc': ('response', 6, 'category_id'), 'msg': 'Input should be a valid string', 'input': None}
  {'type': 'string_type', 'loc': ('response', 7, 'category_id'), 'msg': 'Input should be a valid string', 'input': None}
  {'type': 'string_type', 'loc': ('response', 8, 'category_id'), 'msg': 'Input should be a valid string', 'input': None}
  {'type': 'string_type', 'loc': ('response', 9, 'category_id'), 'msg': 'Input should be a valid string', 'input': None}
  {'type': 'string_type', 'loc': ('response', 10, 'category_id'), 'msg': 'Input should be a valid string', 'input': None}
  {'type': 'string_type', 'loc': ('response', 11, 'category_id'), 'msg': 'Input should be a valid string', 'input': None}
  {'type': 'string_type', 'loc': ('response', 12, 'category_id'), 'msg': 'Input should be a valid string', 'input': None}

  File "D:\ControlledCopy\Inidawish\backend\app\api\endpoints\marketplace.py", line 23, in get_listings
    GET /api/listings
Traceback (most recent call last):
  File "D:\ControlledCopy\Inidawish\backend\venv\Lib\site-packages\starlette\middleware\errors.py", line 164, in __call__
    await self.app(scope, receive, _send)
  File "D:\ControlledCopy\Inidawish\backend\venv\Lib\site-packages\starlette\middleware\cors.py", line 95, in __call__
    await self.simple_response(scope, receive, send, request_headers=headers)
  File "D:\ControlledCopy\Inidawish\backend\venv\Lib\site-packages\starlette\middleware\cors.py", line 153, in simple_response
    await self.app(scope, receive, send)
  File "D:\ControlledCopy\Inidawish\backend\venv\Lib\site-packages\starlette\middleware\exceptions.py", line 63, in __call__
    await wrap_app_handling_exceptions(self.app, conn)(scope, receive, send)
  File "D:\ControlledCopy\Inidawish\backend\venv\Lib\site-packages\starlette\_exception_handler.py", line 53, in wrapped_app
    raise exc
  File "D:\ControlledCopy\Inidawish\backend\venv\Lib\site-packages\starlette\_exception_handler.py", line 42, in wrapped_app
    await app(scope, receive, sender)
  File "D:\ControlledCopy\Inidawish\backend\venv\Lib\site-packages\fastapi\middleware\asyncexitstack.py", line 18, in __call__
    await self.app(scope, receive, send)
  File "D:\ControlledCopy\Inidawish\backend\venv\Lib\site-packages\starlette\routing.py", line 716, in __call__
    await self.middleware_stack(scope, receive, send)
  File "D:\ControlledCopy\Inidawish\backend\venv\Lib\site-packages\starlette\routing.py", line 736, in app
    await route.handle(scope, receive, send)
  File "D:\ControlledCopy\Inidawish\backend\venv\Lib\site-packages\starlette\routing.py", line 290, in handle
    await self.app(scope, receive, send)
  File "D:\ControlledCopy\Inidawish\backend\venv\Lib\site-packages\fastapi\routing.py", line 122, in app
    await wrap_app_handling_exceptions(app, request)(scope, receive, send)
  File "D:\ControlledCopy\Inidawish\backend\venv\Lib\site-packages\starlette\_exception_handler.py", line 53, in wrapped_app
    raise exc
  File "D:\ControlledCopy\Inidawish\backend\venv\Lib\site-packages\starlette\_exception_handler.py", line 42, in wrapped_app
    await app(scope, receive, sender)
  File "D:\ControlledCopy\Inidawish\backend\venv\Lib\site-packages\fastapi\routing.py", line 108, in app
    response = await f(request)
               ^^^^^^^^^^^^^^^^
  File "D:\ControlledCopy\Inidawish\backend\venv\Lib\site-packages\fastapi\routing.py", line 553, in app
    content = await serialize_response(
              ^^^^^^^^^^^^^^^^^^^^^^^^^
    ...<11 lines>...
    )
    ^
  File "D:\ControlledCopy\Inidawish\backend\venv\Lib\site-packages\fastapi\routing.py", line 288, in serialize_response
    raise ResponseValidationError(
    ...<3 lines>...
    )
fastapi.exceptions.ResponseValidationError: 12 validation errors:
  {'type': 'string_type', 'loc': ('response', 1, 'category_id'), 'msg': 'Input should be a valid string', 'input': None}
  {'type': 'string_type', 'loc': ('response', 2, 'category_id'), 'msg': 'Input should be a valid string', 'input': None}
  {'type': 'string_type', 'loc': ('response', 3, 'category_id'), 'msg': 'Input should be a valid string', 'input': None}
  {'type': 'string_type', 'loc': ('response', 4, 'category_id'), 'msg': 'Input should be a valid string', 'input': None}
  {'type': 'string_type', 'loc': ('response', 5, 'category_id'), 'msg': 'Input should be a valid string', 'input': None}
  {'type': 'string_type', 'loc': ('response', 6, 'category_id'), 'msg': 'Input should be a valid string', 'input': None}
  {'type': 'string_type', 'loc': ('response', 7, 'category_id'), 'msg': 'Input should be a valid string', 'input': None}
  {'type': 'string_type', 'loc': ('response', 8, 'category_id'), 'msg': 'Input should be a valid string', 'input': None}
  {'type': 'string_type', 'loc': ('response', 9, 'category_id'), 'msg': 'Input should be a valid string', 'input': None}
  {'type': 'string_type', 'loc': ('response', 10, 'category_id'), 'msg': 'Input should be a valid string', 'input': None}
  {'type': 'string_type', 'loc': ('response', 11, 'category_id'), 'msg': 'Input should be a valid string', 'input': None}
  {'type': 'string_type', 'loc': ('response', 12, 'category_id'), 'msg': 'Input should be a valid string', 'input': None}

  File "D:\ControlledCopy\Inidawish\backend\app\api\endpoints\marketplace.py", line 23, in get_listings
    GET /api/listings

Global exception caught: 12 validation errors:
  {'type': 'string_type', 'loc': ('response', 1, 'category_id'), 'msg': 'Input should be a valid string', 'input': None}
  {'type': 'string_type', 'loc': ('response', 2, 'category_id'), 'msg': 'Input should be a valid string', 'input': None}
  {'type': 'string_type', 'loc': ('response', 3, 'category_id'), 'msg': 'Input should be a valid string', 'input': None}
  {'type': 'string_type', 'loc': ('response', 4, 'category_id'), 'msg': 'Input should be a valid string', 'input': None}
  {'type': 'string_type', 'loc': ('response', 5, 'category_id'), 'msg': 'Input should be a valid string', 'input': None}
  {'type': 'string_type', 'loc': ('response', 6, 'category_id'), 'msg': 'Input should be a valid string', 'input': None}
  {'type': 'string_type', 'loc': ('response', 7, 'category_id'), 'msg': 'Input should be a valid string', 'input': None}
  {'type': 'string_type', 'loc': ('response', 8, 'category_id'), 'msg': 'Input should be a valid string', 'input': None}
  {'type': 'string_type', 'loc': ('response', 9, 'category_id'), 'msg': 'Input should be a valid string', 'input': None}
  {'type': 'string_type', 'loc': ('response', 10, 'category_id'), 'msg': 'Input should be a valid string', 'input': None}
  {'type': 'string_type', 'loc': ('response', 11, 'category_id'), 'msg': 'Input should be a valid string', 'input': None}
  {'type': 'string_type', 'loc': ('response', 12, 'category_id'), 'msg': 'Input should be a valid string', 'input': None}

  File "D:\ControlledCopy\Inidawish\backend\app\api\endpoints\marketplace.py", line 23, in get_listings
    GET /api/listings
Traceback (most recent call last):
  File "D:\ControlledCopy\Inidawish\backend\venv\Lib\site-packages\starlette\middleware\errors.py", line 164, in __call__
    await self.app(scope, receive, _send)
  File "D:\ControlledCopy\Inidawish\backend\venv\Lib\site-packages\starlette\middleware\cors.py", line 95, in __call__
    await self.simple_response(scope, receive, send, request_headers=headers)
  File "D:\ControlledCopy\Inidawish\backend\venv\Lib\site-packages\starlette\middleware\cors.py", line 153, in simple_response
    await self.app(scope, receive, send)
  File "D:\ControlledCopy\Inidawish\backend\venv\Lib\site-packages\starlette\middleware\exceptions.py", line 63, in __call__
    await wrap_app_handling_exceptions(self.app, conn)(scope, receive, send)
  File "D:\ControlledCopy\Inidawish\backend\venv\Lib\site-packages\starlette\_exception_handler.py", line 53, in wrapped_app
    raise exc
  File "D:\ControlledCopy\Inidawish\backend\venv\Lib\site-packages\starlette\_exception_handler.py", line 42, in wrapped_app
    await app(scope, receive, sender)
  File "D:\ControlledCopy\Inidawish\backend\venv\Lib\site-packages\fastapi\middleware\asyncexitstack.py", line 18, in __call__
    await self.app(scope, receive, send)
  File "D:\ControlledCopy\Inidawish\backend\venv\Lib\site-packages\starlette\routing.py", line 716, in __call__
    await self.middleware_stack(scope, receive, send)
  File "D:\ControlledCopy\Inidawish\backend\venv\Lib\site-packages\starlette\routing.py", line 736, in app
    await route.handle(scope, receive, send)
  File "D:\ControlledCopy\Inidawish\backend\venv\Lib\site-packages\starlette\routing.py", line 290, in handle
    await self.app(scope, receive, send)
  File "D:\ControlledCopy\Inidawish\backend\venv\Lib\site-packages\fastapi\routing.py", line 122, in app
    await wrap_app_handling_exceptions(app, request)(scope, receive, send)
  File "D:\ControlledCopy\Inidawish\backend\venv\Lib\site-packages\starlette\_exception_handler.py", line 53, in wrapped_app
    raise exc
  File "D:\ControlledCopy\Inidawish\backend\venv\Lib\site-packages\starlette\_exception_handler.py", line 42, in wrapped_app
    await app(scope, receive, sender)
  File "D:\ControlledCopy\Inidawish\backend\venv\Lib\site-packages\fastapi\routing.py", line 108, in app
    response = await f(request)
               ^^^^^^^^^^^^^^^^
  File "D:\ControlledCopy\Inidawish\backend\venv\Lib\site-packages\fastapi\routing.py", line 553, in app
    content = await serialize_response(
              ^^^^^^^^^^^^^^^^^^^^^^^^^
    ...<11 lines>...
    )
    ^
  File "D:\ControlledCopy\Inidawish\backend\venv\Lib\site-packages\fastapi\routing.py", line 288, in serialize_response
    raise ResponseValidationError(
    ...<3 lines>...
    )
fastapi.exceptions.ResponseValidationError: 12 validation errors:
  {'type': 'string_type', 'loc': ('response', 1, 'category_id'), 'msg': 'Input should be a valid string', 'input': None}
  {'type': 'string_type', 'loc': ('response', 2, 'category_id'), 'msg': 'Input should be a valid string', 'input': None}
  {'type': 'string_type', 'loc': ('response', 3, 'category_id'), 'msg': 'Input should be a valid string', 'input': None}
  {'type': 'string_type', 'loc': ('response', 4, 'category_id'), 'msg': 'Input should be a valid string', 'input': None}
  {'type': 'string_type', 'loc': ('response', 5, 'category_id'), 'msg': 'Input should be a valid string', 'input': None}
  {'type': 'string_type', 'loc': ('response', 6, 'category_id'), 'msg': 'Input should be a valid string', 'input': None}
  {'type': 'string_type', 'loc': ('response', 7, 'category_id'), 'msg': 'Input should be a valid string', 'input': None}
  {'type': 'string_type', 'loc': ('response', 8, 'category_id'), 'msg': 'Input should be a valid string', 'input': None}
  {'type': 'string_type', 'loc': ('response', 9, 'category_id'), 'msg': 'Input should be a valid string', 'input': None}
  {'type': 'string_type', 'loc': ('response', 10, 'category_id'), 'msg': 'Input should be a valid string', 'input': None}
  {'type': 'string_type', 'loc': ('response', 11, 'category_id'), 'msg': 'Input should be a valid string', 'input': None}
  {'type': 'string_type', 'loc': ('response', 12, 'category_id'), 'msg': 'Input should be a valid string', 'input': None}

  File "D:\ControlledCopy\Inidawish\backend\app\api\endpoints\marketplace.py", line 23, in get_listings
    GET /api/listings

Global exception caught: 12 validation errors:
  {'type': 'string_type', 'loc': ('response', 3, 'category_id'), 'msg': 'Input should be a valid string', 'input': None}
  {'type': 'string_type', 'loc': ('response', 4, 'category_id'), 'msg': 'Input should be a valid string', 'input': None}
  {'type': 'string_type', 'loc': ('response', 5, 'category_id'), 'msg': 'Input should be a valid string', 'input': None}
  {'type': 'string_type', 'loc': ('response', 6, 'category_id'), 'msg': 'Input should be a valid string', 'input': None}
  {'type': 'string_type', 'loc': ('response', 7, 'category_id'), 'msg': 'Input should be a valid string', 'input': None}
  {'type': 'string_type', 'loc': ('response', 8, 'category_id'), 'msg': 'Input should be a valid string', 'input': None}
  {'type': 'string_type', 'loc': ('response', 9, 'category_id'), 'msg': 'Input should be a valid string', 'input': None}
  {'type': 'string_type', 'loc': ('response', 10, 'category_id'), 'msg': 'Input should be a valid string', 'input': None}
  {'type': 'string_type', 'loc': ('response', 11, 'category_id'), 'msg': 'Input should be a valid string', 'input': None}
  {'type': 'string_type', 'loc': ('response', 12, 'category_id'), 'msg': 'Input should be a valid string', 'input': None}
  {'type': 'string_type', 'loc': ('response', 13, 'category_id'), 'msg': 'Input should be a valid string', 'input': None}
  {'type': 'string_type', 'loc': ('response', 15, 'category_id'), 'msg': 'Input should be a valid string', 'input': None}

  File "D:\ControlledCopy\Inidawish\backend\app\api\endpoints\marketplace.py", line 51, in get_fresh_recommendations
    GET /api/listings/home/fresh
Traceback (most recent call last):
  File "D:\ControlledCopy\Inidawish\backend\venv\Lib\site-packages\starlette\middleware\errors.py", line 164, in __call__
    await self.app(scope, receive, _send)
  File "D:\ControlledCopy\Inidawish\backend\venv\Lib\site-packages\starlette\middleware\cors.py", line 95, in __call__
    await self.simple_response(scope, receive, send, request_headers=headers)
  File "D:\ControlledCopy\Inidawish\backend\venv\Lib\site-packages\starlette\middleware\cors.py", line 153, in simple_response
    await self.app(scope, receive, send)
  File "D:\ControlledCopy\Inidawish\backend\venv\Lib\site-packages\starlette\middleware\exceptions.py", line 63, in __call__
    await wrap_app_handling_exceptions(self.app, conn)(scope, receive, send)
  File "D:\ControlledCopy\Inidawish\backend\venv\Lib\site-packages\starlette\_exception_handler.py", line 53, in wrapped_app
    raise exc
  File "D:\ControlledCopy\Inidawish\backend\venv\Lib\site-packages\starlette\_exception_handler.py", line 42, in wrapped_app
    await app(scope, receive, sender)
  File "D:\ControlledCopy\Inidawish\backend\venv\Lib\site-packages\fastapi\middleware\asyncexitstack.py", line 18, in __call__
    await self.app(scope, receive, send)
  File "D:\ControlledCopy\Inidawish\backend\venv\Lib\site-packages\starlette\routing.py", line 716, in __call__
    await self.middleware_stack(scope, receive, send)
  File "D:\ControlledCopy\Inidawish\backend\venv\Lib\site-packages\starlette\routing.py", line 736, in app
    await route.handle(scope, receive, send)
  File "D:\ControlledCopy\Inidawish\backend\venv\Lib\site-packages\starlette\routing.py", line 290, in handle
    await self.app(scope, receive, send)
  File "D:\ControlledCopy\Inidawish\backend\venv\Lib\site-packages\fastapi\routing.py", line 122, in app
    await wrap_app_handling_exceptions(app, request)(scope, receive, send)
  File "D:\ControlledCopy\Inidawish\backend\venv\Lib\site-packages\starlette\_exception_handler.py", line 53, in wrapped_app
    raise exc
  File "D:\ControlledCopy\Inidawish\backend\venv\Lib\site-packages\starlette\_exception_handler.py", line 42, in wrapped_app
    await app(scope, receive, sender)
  File "D:\ControlledCopy\Inidawish\backend\venv\Lib\site-packages\fastapi\routing.py", line 108, in app
    response = await f(request)
               ^^^^^^^^^^^^^^^^
  File "D:\ControlledCopy\Inidawish\backend\venv\Lib\site-packages\fastapi\routing.py", line 553, in app
    content = await serialize_response(
              ^^^^^^^^^^^^^^^^^^^^^^^^^
    ...<11 lines>...
    )
    ^
  File "D:\ControlledCopy\Inidawish\backend\venv\Lib\site-packages\fastapi\routing.py", line 288, in serialize_response
    raise ResponseValidationError(
    ...<3 lines>...
    )
fastapi.exceptions.ResponseValidationError: 12 validation errors:
  {'type': 'string_type', 'loc': ('response', 3, 'category_id'), 'msg': 'Input should be a valid string', 'input': None}
  {'type': 'string_type', 'loc': ('response', 4, 'category_id'), 'msg': 'Input should be a valid string', 'input': None}
  {'type': 'string_type', 'loc': ('response', 5, 'category_id'), 'msg': 'Input should be a valid string', 'input': None}
  {'type': 'string_type', 'loc': ('response', 6, 'category_id'), 'msg': 'Input should be a valid string', 'input': None}
  {'type': 'string_type', 'loc': ('response', 7, 'category_id'), 'msg': 'Input should be a valid string', 'input': None}
  {'type': 'string_type', 'loc': ('response', 8, 'category_id'), 'msg': 'Input should be a valid string', 'input': None}
  {'type': 'string_type', 'loc': ('response', 9, 'category_id'), 'msg': 'Input should be a valid string', 'input': None}
  {'type': 'string_type', 'loc': ('response', 10, 'category_id'), 'msg': 'Input should be a valid string', 'input': None}
  {'type': 'string_type', 'loc': ('response', 11, 'category_id'), 'msg': 'Input should be a valid string', 'input': None}
  {'type': 'string_type', 'loc': ('response', 12, 'category_id'), 'msg': 'Input should be a valid string', 'input': None}
  {'type': 'string_type', 'loc': ('response', 13, 'category_id'), 'msg': 'Input should be a valid string', 'input': None}
  {'type': 'string_type', 'loc': ('response', 15, 'category_id'), 'msg': 'Input should be a valid string', 'input': None}

  File "D:\ControlledCopy\Inidawish\backend\app\api\endpoints\marketplace.py", line 51, in get_fresh_recommendations
    GET /api/listings/home/fresh

Global exception caught: 12 validation errors:
  {'type': 'string_type', 'loc': ('response', 3, 'category_id'), 'msg': 'Input should be a valid string', 'input': None}
  {'type': 'string_type', 'loc': ('response', 4, 'category_id'), 'msg': 'Input should be a valid string', 'input': None}
  {'type': 'string_type', 'loc': ('response', 5, 'category_id'), 'msg': 'Input should be a valid string', 'input': None}
  {'type': 'string_type', 'loc': ('response', 6, 'category_id'), 'msg': 'Input should be a valid string', 'input': None}
  {'type': 'string_type', 'loc': ('response', 7, 'category_id'), 'msg': 'Input should be a valid string', 'input': None}
  {'type': 'string_type', 'loc': ('response', 8, 'category_id'), 'msg': 'Input should be a valid string', 'input': None}
  {'type': 'string_type', 'loc': ('response', 9, 'category_id'), 'msg': 'Input should be a valid string', 'input': None}
  {'type': 'string_type', 'loc': ('response', 10, 'category_id'), 'msg': 'Input should be a valid string', 'input': None}
  {'type': 'string_type', 'loc': ('response', 11, 'category_id'), 'msg': 'Input should be a valid string', 'input': None}
  {'type': 'string_type', 'loc': ('response', 12, 'category_id'), 'msg': 'Input should be a valid string', 'input': None}
  {'type': 'string_type', 'loc': ('response', 13, 'category_id'), 'msg': 'Input should be a valid string', 'input': None}
  {'type': 'string_type', 'loc': ('response', 15, 'category_id'), 'msg': 'Input should be a valid string', 'input': None}

  File "D:\ControlledCopy\Inidawish\backend\app\api\endpoints\marketplace.py", line 51, in get_fresh_recommendations
    GET /api/listings/home/fresh
Traceback (most recent call last):
  File "D:\ControlledCopy\Inidawish\backend\venv\Lib\site-packages\starlette\middleware\errors.py", line 164, in __call__
    await self.app(scope, receive, _send)
  File "D:\ControlledCopy\Inidawish\backend\venv\Lib\site-packages\starlette\middleware\cors.py", line 95, in __call__
    await self.simple_response(scope, receive, send, request_headers=headers)
  File "D:\ControlledCopy\Inidawish\backend\venv\Lib\site-packages\starlette\middleware\cors.py", line 153, in simple_response
    await self.app(scope, receive, send)
  File "D:\ControlledCopy\Inidawish\backend\venv\Lib\site-packages\starlette\middleware\exceptions.py", line 63, in __call__
    await wrap_app_handling_exceptions(self.app, conn)(scope, receive, send)
  File "D:\ControlledCopy\Inidawish\backend\venv\Lib\site-packages\starlette\_exception_handler.py", line 53, in wrapped_app
    raise exc
  File "D:\ControlledCopy\Inidawish\backend\venv\Lib\site-packages\starlette\_exception_handler.py", line 42, in wrapped_app
    await app(scope, receive, sender)
  File "D:\ControlledCopy\Inidawish\backend\venv\Lib\site-packages\fastapi\middleware\asyncexitstack.py", line 18, in __call__
    await self.app(scope, receive, send)
  File "D:\ControlledCopy\Inidawish\backend\venv\Lib\site-packages\starlette\routing.py", line 716, in __call__
    await self.middleware_stack(scope, receive, send)
  File "D:\ControlledCopy\Inidawish\backend\venv\Lib\site-packages\starlette\routing.py", line 736, in app
    await route.handle(scope, receive, send)
  File "D:\ControlledCopy\Inidawish\backend\venv\Lib\site-packages\starlette\routing.py", line 290, in handle
    await self.app(scope, receive, send)
  File "D:\ControlledCopy\Inidawish\backend\venv\Lib\site-packages\fastapi\routing.py", line 122, in app
    await wrap_app_handling_exceptions(app, request)(scope, receive, send)
  File "D:\ControlledCopy\Inidawish\backend\venv\Lib\site-packages\starlette\_exception_handler.py", line 53, in wrapped_app
    raise exc
  File "D:\ControlledCopy\Inidawish\backend\venv\Lib\site-packages\starlette\_exception_handler.py", line 42, in wrapped_app
    await app(scope, receive, sender)
  File "D:\ControlledCopy\Inidawish\backend\venv\Lib\site-packages\fastapi\routing.py", line 108, in app
    response = await f(request)
               ^^^^^^^^^^^^^^^^
  File "D:\ControlledCopy\Inidawish\backend\venv\Lib\site-packages\fastapi\routing.py", line 553, in app
    content = await serialize_response(
              ^^^^^^^^^^^^^^^^^^^^^^^^^
    ...<11 lines>...
    )
    ^
  File "D:\ControlledCopy\Inidawish\backend\venv\Lib\site-packages\fastapi\routing.py", line 288, in serialize_response
    raise ResponseValidationError(
    ...<3 lines>...
    )
fastapi.exceptions.ResponseValidationError: 12 validation errors:
  {'type': 'string_type', 'loc': ('response', 3, 'category_id'), 'msg': 'Input should be a valid string', 'input': None}
  {'type': 'string_type', 'loc': ('response', 4, 'category_id'), 'msg': 'Input should be a valid string', 'input': None}
  {'type': 'string_type', 'loc': ('response', 5, 'category_id'), 'msg': 'Input should be a valid string', 'input': None}
  {'type': 'string_type', 'loc': ('response', 6, 'category_id'), 'msg': 'Input should be a valid string', 'input': None}
  {'type': 'string_type', 'loc': ('response', 7, 'category_id'), 'msg': 'Input should be a valid string', 'input': None}
  {'type': 'string_type', 'loc': ('response', 8, 'category_id'), 'msg': 'Input should be a valid string', 'input': None}
  {'type': 'string_type', 'loc': ('response', 9, 'category_id'), 'msg': 'Input should be a valid string', 'input': None}
  {'type': 'string_type', 'loc': ('response', 10, 'category_id'), 'msg': 'Input should be a valid string', 'input': None}
  {'type': 'string_type', 'loc': ('response', 11, 'category_id'), 'msg': 'Input should be a valid string', 'input': None}
  {'type': 'string_type', 'loc': ('response', 12, 'category_id'), 'msg': 'Input should be a valid string', 'input': None}
  {'type': 'string_type', 'loc': ('response', 13, 'category_id'), 'msg': 'Input should be a valid string', 'input': None}
  {'type': 'string_type', 'loc': ('response', 15, 'category_id'), 'msg': 'Input should be a valid string', 'input': None}

  File "D:\ControlledCopy\Inidawish\backend\app\api\endpoints\marketplace.py", line 51, in get_fresh_recommendations
    GET /api/listings/home/fresh

Global exception caught: 12 validation errors:
  {'type': 'string_type', 'loc': ('response', 1, 'category_id'), 'msg': 'Input should be a valid string', 'input': None}
  {'type': 'string_type', 'loc': ('response', 2, 'category_id'), 'msg': 'Input should be a valid string', 'input': None}
  {'type': 'string_type', 'loc': ('response', 3, 'category_id'), 'msg': 'Input should be a valid string', 'input': None}
  {'type': 'string_type', 'loc': ('response', 4, 'category_id'), 'msg': 'Input should be a valid string', 'input': None}
  {'type': 'string_type', 'loc': ('response', 5, 'category_id'), 'msg': 'Input should be a valid string', 'input': None}
  {'type': 'string_type', 'loc': ('response', 6, 'category_id'), 'msg': 'Input should be a valid string', 'input': None}
  {'type': 'string_type', 'loc': ('response', 7, 'category_id'), 'msg': 'Input should be a valid string', 'input': None}
  {'type': 'string_type', 'loc': ('response', 8, 'category_id'), 'msg': 'Input should be a valid string', 'input': None}
  {'type': 'string_type', 'loc': ('response', 9, 'category_id'), 'msg': 'Input should be a valid string', 'input': None}
  {'type': 'string_type', 'loc': ('response', 10, 'category_id'), 'msg': 'Input should be a valid string', 'input': None}
  {'type': 'string_type', 'loc': ('response', 11, 'category_id'), 'msg': 'Input should be a valid string', 'input': None}
  {'type': 'string_type', 'loc': ('response', 12, 'category_id'), 'msg': 'Input should be a valid string', 'input': None}

  File "D:\ControlledCopy\Inidawish\backend\app\api\endpoints\marketplace.py", line 23, in get_listings
    GET /api/listings
Traceback (most recent call last):
  File "D:\ControlledCopy\Inidawish\backend\venv\Lib\site-packages\starlette\middleware\errors.py", line 164, in __call__
    await self.app(scope, receive, _send)
  File "D:\ControlledCopy\Inidawish\backend\venv\Lib\site-packages\starlette\middleware\cors.py", line 95, in __call__
    await self.simple_response(scope, receive, send, request_headers=headers)
  File "D:\ControlledCopy\Inidawish\backend\venv\Lib\site-packages\starlette\middleware\cors.py", line 153, in simple_response
    await self.app(scope, receive, send)
  File "D:\ControlledCopy\Inidawish\backend\venv\Lib\site-packages\starlette\middleware\exceptions.py", line 63, in __call__
    await wrap_app_handling_exceptions(self.app, conn)(scope, receive, send)
  File "D:\ControlledCopy\Inidawish\backend\venv\Lib\site-packages\starlette\_exception_handler.py", line 53, in wrapped_app
    raise exc
  File "D:\ControlledCopy\Inidawish\backend\venv\Lib\site-packages\starlette\_exception_handler.py", line 42, in wrapped_app
    await app(scope, receive, sender)
  File "D:\ControlledCopy\Inidawish\backend\venv\Lib\site-packages\fastapi\middleware\asyncexitstack.py", line 18, in __call__
    await self.app(scope, receive, send)
  File "D:\ControlledCopy\Inidawish\backend\venv\Lib\site-packages\starlette\routing.py", line 716, in __call__
    await self.middleware_stack(scope, receive, send)
  File "D:\ControlledCopy\Inidawish\backend\venv\Lib\site-packages\starlette\routing.py", line 736, in app
    await route.handle(scope, receive, send)
  File "D:\ControlledCopy\Inidawish\backend\venv\Lib\site-packages\starlette\routing.py", line 290, in handle
    await self.app(scope, receive, send)
  File "D:\ControlledCopy\Inidawish\backend\venv\Lib\site-packages\fastapi\routing.py", line 122, in app
    await wrap_app_handling_exceptions(app, request)(scope, receive, send)
  File "D:\ControlledCopy\Inidawish\backend\venv\Lib\site-packages\starlette\_exception_handler.py", line 53, in wrapped_app
    raise exc
  File "D:\ControlledCopy\Inidawish\backend\venv\Lib\site-packages\starlette\_exception_handler.py", line 42, in wrapped_app
    await app(scope, receive, sender)
  File "D:\ControlledCopy\Inidawish\backend\venv\Lib\site-packages\fastapi\routing.py", line 108, in app
    response = await f(request)
               ^^^^^^^^^^^^^^^^
  File "D:\ControlledCopy\Inidawish\backend\venv\Lib\site-packages\fastapi\routing.py", line 553, in app
    content = await serialize_response(
              ^^^^^^^^^^^^^^^^^^^^^^^^^
    ...<11 lines>...
    )
    ^
  File "D:\ControlledCopy\Inidawish\backend\venv\Lib\site-packages\fastapi\routing.py", line 288, in serialize_response
    raise ResponseValidationError(
    ...<3 lines>...
    )
fastapi.exceptions.ResponseValidationError: 12 validation errors:
  {'type': 'string_type', 'loc': ('response', 1, 'category_id'), 'msg': 'Input should be a valid string', 'input': None}
  {'type': 'string_type', 'loc': ('response', 2, 'category_id'), 'msg': 'Input should be a valid string', 'input': None}
  {'type': 'string_type', 'loc': ('response', 3, 'category_id'), 'msg': 'Input should be a valid string', 'input': None}
  {'type': 'string_type', 'loc': ('response', 4, 'category_id'), 'msg': 'Input should be a valid string', 'input': None}
  {'type': 'string_type', 'loc': ('response', 5, 'category_id'), 'msg': 'Input should be a valid string', 'input': None}
  {'type': 'string_type', 'loc': ('response', 6, 'category_id'), 'msg': 'Input should be a valid string', 'input': None}
  {'type': 'string_type', 'loc': ('response', 7, 'category_id'), 'msg': 'Input should be a valid string', 'input': None}
  {'type': 'string_type', 'loc': ('response', 8, 'category_id'), 'msg': 'Input should be a valid string', 'input': None}
  {'type': 'string_type', 'loc': ('response', 9, 'category_id'), 'msg': 'Input should be a valid string', 'input': None}
  {'type': 'string_type', 'loc': ('response', 10, 'category_id'), 'msg': 'Input should be a valid string', 'input': None}
  {'type': 'string_type', 'loc': ('response', 11, 'category_id'), 'msg': 'Input should be a valid string', 'input': None}
  {'type': 'string_type', 'loc': ('response', 12, 'category_id'), 'msg': 'Input should be a valid string', 'input': None}

  File "D:\ControlledCopy\Inidawish\backend\app\api\endpoints\marketplace.py", line 23, in get_listings
    GET /api/listings

Global exception caught: 12 validation errors:
  {'type': 'string_type', 'loc': ('response', 3, 'category_id'), 'msg': 'Input should be a valid string', 'input': None}
  {'type': 'string_type', 'loc': ('response', 4, 'category_id'), 'msg': 'Input should be a valid string', 'input': None}
  {'type': 'string_type', 'loc': ('response', 5, 'category_id'), 'msg': 'Input should be a valid string', 'input': None}
  {'type': 'string_type', 'loc': ('response', 6, 'category_id'), 'msg': 'Input should be a valid string', 'input': None}
  {'type': 'string_type', 'loc': ('response', 7, 'category_id'), 'msg': 'Input should be a valid string', 'input': None}
  {'type': 'string_type', 'loc': ('response', 8, 'category_id'), 'msg': 'Input should be a valid string', 'input': None}
  {'type': 'string_type', 'loc': ('response', 9, 'category_id'), 'msg': 'Input should be a valid string', 'input': None}
  {'type': 'string_type', 'loc': ('response', 10, 'category_id'), 'msg': 'Input should be a valid string', 'input': None}
  {'type': 'string_type', 'loc': ('response', 11, 'category_id'), 'msg': 'Input should be a valid string', 'input': None}
  {'type': 'string_type', 'loc': ('response', 12, 'category_id'), 'msg': 'Input should be a valid string', 'input': None}
  {'type': 'string_type', 'loc': ('response', 13, 'category_id'), 'msg': 'Input should be a valid string', 'input': None}
  {'type': 'string_type', 'loc': ('response', 15, 'category_id'), 'msg': 'Input should be a valid string', 'input': None}

  File "D:\ControlledCopy\Inidawish\backend\app\api\endpoints\marketplace.py", line 51, in get_fresh_recommendations
    GET /api/listings/home/fresh
Traceback (most recent call last):
  File "D:\ControlledCopy\Inidawish\backend\venv\Lib\site-packages\starlette\middleware\errors.py", line 164, in __call__
    await self.app(scope, receive, _send)
  File "D:\ControlledCopy\Inidawish\backend\venv\Lib\site-packages\starlette\middleware\cors.py", line 95, in __call__
    await self.simple_response(scope, receive, send, request_headers=headers)
  File "D:\ControlledCopy\Inidawish\backend\venv\Lib\site-packages\starlette\middleware\cors.py", line 153, in simple_response
    await self.app(scope, receive, send)
  File "D:\ControlledCopy\Inidawish\backend\venv\Lib\site-packages\starlette\middleware\exceptions.py", line 63, in __call__
    await wrap_app_handling_exceptions(self.app, conn)(scope, receive, send)
  File "D:\ControlledCopy\Inidawish\backend\venv\Lib\site-packages\starlette\_exception_handler.py", line 53, in wrapped_app
    raise exc
  File "D:\ControlledCopy\Inidawish\backend\venv\Lib\site-packages\starlette\_exception_handler.py", line 42, in wrapped_app
    await app(scope, receive, sender)
  File "D:\ControlledCopy\Inidawish\backend\venv\Lib\site-packages\fastapi\middleware\asyncexitstack.py", line 18, in __call__
    await self.app(scope, receive, send)
  File "D:\ControlledCopy\Inidawish\backend\venv\Lib\site-packages\starlette\routing.py", line 716, in __call__
    await self.middleware_stack(scope, receive, send)
  File "D:\ControlledCopy\Inidawish\backend\venv\Lib\site-packages\starlette\routing.py", line 736, in app
    await route.handle(scope, receive, send)
  File "D:\ControlledCopy\Inidawish\backend\venv\Lib\site-packages\starlette\routing.py", line 290, in handle
    await self.app(scope, receive, send)
  File "D:\ControlledCopy\Inidawish\backend\venv\Lib\site-packages\fastapi\routing.py", line 122, in app
    await wrap_app_handling_exceptions(app, request)(scope, receive, send)
  File "D:\ControlledCopy\Inidawish\backend\venv\Lib\site-packages\starlette\_exception_handler.py", line 53, in wrapped_app
    raise exc
  File "D:\ControlledCopy\Inidawish\backend\venv\Lib\site-packages\starlette\_exception_handler.py", line 42, in wrapped_app
    await app(scope, receive, sender)
  File "D:\ControlledCopy\Inidawish\backend\venv\Lib\site-packages\fastapi\routing.py", line 108, in app
    response = await f(request)
               ^^^^^^^^^^^^^^^^
  File "D:\ControlledCopy\Inidawish\backend\venv\Lib\site-packages\fastapi\routing.py", line 553, in app
    content = await serialize_response(
              ^^^^^^^^^^^^^^^^^^^^^^^^^
    ...<11 lines>...
    )
    ^
  File "D:\ControlledCopy\Inidawish\backend\venv\Lib\site-packages\fastapi\routing.py", line 288, in serialize_response
    raise ResponseValidationError(
    ...<3 lines>...
    )
fastapi.exceptions.ResponseValidationError: 12 validation errors:
  {'type': 'string_type', 'loc': ('response', 3, 'category_id'), 'msg': 'Input should be a valid string', 'input': None}
  {'type': 'string_type', 'loc': ('response', 4, 'category_id'), 'msg': 'Input should be a valid string', 'input': None}
  {'type': 'string_type', 'loc': ('response', 5, 'category_id'), 'msg': 'Input should be a valid string', 'input': None}
  {'type': 'string_type', 'loc': ('response', 6, 'category_id'), 'msg': 'Input should be a valid string', 'input': None}
  {'type': 'string_type', 'loc': ('response', 7, 'category_id'), 'msg': 'Input should be a valid string', 'input': None}
  {'type': 'string_type', 'loc': ('response', 8, 'category_id'), 'msg': 'Input should be a valid string', 'input': None}
  {'type': 'string_type', 'loc': ('response', 9, 'category_id'), 'msg': 'Input should be a valid string', 'input': None}
  {'type': 'string_type', 'loc': ('response', 10, 'category_id'), 'msg': 'Input should be a valid string', 'input': None}
  {'type': 'string_type', 'loc': ('response', 11, 'category_id'), 'msg': 'Input should be a valid string', 'input': None}
  {'type': 'string_type', 'loc': ('response', 12, 'category_id'), 'msg': 'Input should be a valid string', 'input': None}
  {'type': 'string_type', 'loc': ('response', 13, 'category_id'), 'msg': 'Input should be a valid string', 'input': None}
  {'type': 'string_type', 'loc': ('response', 15, 'category_id'), 'msg': 'Input should be a valid string', 'input': None}

  File "D:\ControlledCopy\Inidawish\backend\app\api\endpoints\marketplace.py", line 51, in get_fresh_recommendations
    GET /api/listings/home/fresh

Global exception caught: 12 validation errors:
  {'type': 'string_type', 'loc': ('response', 1, 'category_id'), 'msg': 'Input should be a valid string', 'input': None}
  {'type': 'string_type', 'loc': ('response', 2, 'category_id'), 'msg': 'Input should be a valid string', 'input': None}
  {'type': 'string_type', 'loc': ('response', 3, 'category_id'), 'msg': 'Input should be a valid string', 'input': None}
  {'type': 'string_type', 'loc': ('response', 4, 'category_id'), 'msg': 'Input should be a valid string', 'input': None}
  {'type': 'string_type', 'loc': ('response', 5, 'category_id'), 'msg': 'Input should be a valid string', 'input': None}
  {'type': 'string_type', 'loc': ('response', 6, 'category_id'), 'msg': 'Input should be a valid string', 'input': None}
  {'type': 'string_type', 'loc': ('response', 7, 'category_id'), 'msg': 'Input should be a valid string', 'input': None}
  {'type': 'string_type', 'loc': ('response', 8, 'category_id'), 'msg': 'Input should be a valid string', 'input': None}
  {'type': 'string_type', 'loc': ('response', 9, 'category_id'), 'msg': 'Input should be a valid string', 'input': None}
  {'type': 'string_type', 'loc': ('response', 10, 'category_id'), 'msg': 'Input should be a valid string', 'input': None}
  {'type': 'string_type', 'loc': ('response', 11, 'category_id'), 'msg': 'Input should be a valid string', 'input': None}
  {'type': 'string_type', 'loc': ('response', 12, 'category_id'), 'msg': 'Input should be a valid string', 'input': None}

  File "D:\ControlledCopy\Inidawish\backend\app\api\endpoints\marketplace.py", line 23, in get_listings
    GET /api/listings
Traceback (most recent call last):
  File "D:\ControlledCopy\Inidawish\backend\venv\Lib\site-packages\starlette\middleware\errors.py", line 164, in __call__
    await self.app(scope, receive, _send)
  File "D:\ControlledCopy\Inidawish\backend\venv\Lib\site-packages\starlette\middleware\cors.py", line 95, in __call__
    await self.simple_response(scope, receive, send, request_headers=headers)
  File "D:\ControlledCopy\Inidawish\backend\venv\Lib\site-packages\starlette\middleware\cors.py", line 153, in simple_response
    await self.app(scope, receive, send)
  File "D:\ControlledCopy\Inidawish\backend\venv\Lib\site-packages\starlette\middleware\exceptions.py", line 63, in __call__
    await wrap_app_handling_exceptions(self.app, conn)(scope, receive, send)
  File "D:\ControlledCopy\Inidawish\backend\venv\Lib\site-packages\starlette\_exception_handler.py", line 53, in wrapped_app
    raise exc
  File "D:\ControlledCopy\Inidawish\backend\venv\Lib\site-packages\starlette\_exception_handler.py", line 42, in wrapped_app
    await app(scope, receive, sender)
  File "D:\ControlledCopy\Inidawish\backend\venv\Lib\site-packages\fastapi\middleware\asyncexitstack.py", line 18, in __call__
    await self.app(scope, receive, send)
  File "D:\ControlledCopy\Inidawish\backend\venv\Lib\site-packages\starlette\routing.py", line 716, in __call__
    await self.middleware_stack(scope, receive, send)
  File "D:\ControlledCopy\Inidawish\backend\venv\Lib\site-packages\starlette\routing.py", line 736, in app
    await route.handle(scope, receive, send)
  File "D:\ControlledCopy\Inidawish\backend\venv\Lib\site-packages\starlette\routing.py", line 290, in handle
    await self.app(scope, receive, send)
  File "D:\ControlledCopy\Inidawish\backend\venv\Lib\site-packages\fastapi\routing.py", line 122, in app
    await wrap_app_handling_exceptions(app, request)(scope, receive, send)
  File "D:\ControlledCopy\Inidawish\backend\venv\Lib\site-packages\starlette\_exception_handler.py", line 53, in wrapped_app
    raise exc
  File "D:\ControlledCopy\Inidawish\backend\venv\Lib\site-packages\starlette\_exception_handler.py", line 42, in wrapped_app
    await app(scope, receive, sender)
  File "D:\ControlledCopy\Inidawish\backend\venv\Lib\site-packages\fastapi\routing.py", line 108, in app
    response = await f(request)
               ^^^^^^^^^^^^^^^^
  File "D:\ControlledCopy\Inidawish\backend\venv\Lib\site-packages\fastapi\routing.py", line 553, in app
    content = await serialize_response(
              ^^^^^^^^^^^^^^^^^^^^^^^^^
    ...<11 lines>...
    )
    ^
  File "D:\ControlledCopy\Inidawish\backend\venv\Lib\site-packages\fastapi\routing.py", line 288, in serialize_response
    raise ResponseValidationError(
    ...<3 lines>...
    )
fastapi.exceptions.ResponseValidationError: 12 validation errors:
  {'type': 'string_type', 'loc': ('response', 1, 'category_id'), 'msg': 'Input should be a valid string', 'input': None}
  {'type': 'string_type', 'loc': ('response', 2, 'category_id'), 'msg': 'Input should be a valid string', 'input': None}
  {'type': 'string_type', 'loc': ('response', 3, 'category_id'), 'msg': 'Input should be a valid string', 'input': None}
  {'type': 'string_type', 'loc': ('response', 4, 'category_id'), 'msg': 'Input should be a valid string', 'input': None}
  {'type': 'string_type', 'loc': ('response', 5, 'category_id'), 'msg': 'Input should be a valid string', 'input': None}
  {'type': 'string_type', 'loc': ('response', 6, 'category_id'), 'msg': 'Input should be a valid string', 'input': None}
  {'type': 'string_type', 'loc': ('response', 7, 'category_id'), 'msg': 'Input should be a valid string', 'input': None}
  {'type': 'string_type', 'loc': ('response', 8, 'category_id'), 'msg': 'Input should be a valid string', 'input': None}
  {'type': 'string_type', 'loc': ('response', 9, 'category_id'), 'msg': 'Input should be a valid string', 'input': None}
  {'type': 'string_type', 'loc': ('response', 10, 'category_id'), 'msg': 'Input should be a valid string', 'input': None}
  {'type': 'string_type', 'loc': ('response', 11, 'category_id'), 'msg': 'Input should be a valid string', 'input': None}
  {'type': 'string_type', 'loc': ('response', 12, 'category_id'), 'msg': 'Input should be a valid string', 'input': None}

  File "D:\ControlledCopy\Inidawish\backend\app\api\endpoints\marketplace.py", line 23, in get_listings
    GET /api/listings

Global exception caught: 12 validation errors:
  {'type': 'string_type', 'loc': ('response', 1, 'category_id'), 'msg': 'Input should be a valid string', 'input': None}
  {'type': 'string_type', 'loc': ('response', 2, 'category_id'), 'msg': 'Input should be a valid string', 'input': None}
  {'type': 'string_type', 'loc': ('response', 3, 'category_id'), 'msg': 'Input should be a valid string', 'input': None}
  {'type': 'string_type', 'loc': ('response', 4, 'category_id'), 'msg': 'Input should be a valid string', 'input': None}
  {'type': 'string_type', 'loc': ('response', 5, 'category_id'), 'msg': 'Input should be a valid string', 'input': None}
  {'type': 'string_type', 'loc': ('response', 6, 'category_id'), 'msg': 'Input should be a valid string', 'input': None}
  {'type': 'string_type', 'loc': ('response', 7, 'category_id'), 'msg': 'Input should be a valid string', 'input': None}
  {'type': 'string_type', 'loc': ('response', 8, 'category_id'), 'msg': 'Input should be a valid string', 'input': None}
  {'type': 'string_type', 'loc': ('response', 9, 'category_id'), 'msg': 'Input should be a valid string', 'input': None}
  {'type': 'string_type', 'loc': ('response', 10, 'category_id'), 'msg': 'Input should be a valid string', 'input': None}
  {'type': 'string_type', 'loc': ('response', 11, 'category_id'), 'msg': 'Input should be a valid string', 'input': None}
  {'type': 'string_type', 'loc': ('response', 12, 'category_id'), 'msg': 'Input should be a valid string', 'input': None}

  File "D:\ControlledCopy\Inidawish\backend\app\api\endpoints\marketplace.py", line 23, in get_listings
    GET /api/listings
Traceback (most recent call last):
  File "D:\ControlledCopy\Inidawish\backend\venv\Lib\site-packages\starlette\middleware\errors.py", line 164, in __call__
    await self.app(scope, receive, _send)
  File "D:\ControlledCopy\Inidawish\backend\venv\Lib\site-packages\starlette\middleware\cors.py", line 95, in __call__
    await self.simple_response(scope, receive, send, request_headers=headers)
  File "D:\ControlledCopy\Inidawish\backend\venv\Lib\site-packages\starlette\middleware\cors.py", line 153, in simple_response
    await self.app(scope, receive, send)
  File "D:\ControlledCopy\Inidawish\backend\venv\Lib\site-packages\starlette\middleware\exceptions.py", line 63, in __call__
    await wrap_app_handling_exceptions(self.app, conn)(scope, receive, send)
  File "D:\ControlledCopy\Inidawish\backend\venv\Lib\site-packages\starlette\_exception_handler.py", line 53, in wrapped_app
    raise exc
  File "D:\ControlledCopy\Inidawish\backend\venv\Lib\site-packages\starlette\_exception_handler.py", line 42, in wrapped_app
    await app(scope, receive, sender)
  File "D:\ControlledCopy\Inidawish\backend\venv\Lib\site-packages\fastapi\middleware\asyncexitstack.py", line 18, in __call__
    await self.app(scope, receive, send)
  File "D:\ControlledCopy\Inidawish\backend\venv\Lib\site-packages\starlette\routing.py", line 716, in __call__
    await self.middleware_stack(scope, receive, send)
  File "D:\ControlledCopy\Inidawish\backend\venv\Lib\site-packages\starlette\routing.py", line 736, in app
    await route.handle(scope, receive, send)
  File "D:\ControlledCopy\Inidawish\backend\venv\Lib\site-packages\starlette\routing.py", line 290, in handle
    await self.app(scope, receive, send)
  File "D:\ControlledCopy\Inidawish\backend\venv\Lib\site-packages\fastapi\routing.py", line 122, in app
    await wrap_app_handling_exceptions(app, request)(scope, receive, send)
  File "D:\ControlledCopy\Inidawish\backend\venv\Lib\site-packages\starlette\_exception_handler.py", line 53, in wrapped_app
    raise exc
  File "D:\ControlledCopy\Inidawish\backend\venv\Lib\site-packages\starlette\_exception_handler.py", line 42, in wrapped_app
    await app(scope, receive, sender)
  File "D:\ControlledCopy\Inidawish\backend\venv\Lib\site-packages\fastapi\routing.py", line 108, in app
    response = await f(request)
               ^^^^^^^^^^^^^^^^
  File "D:\ControlledCopy\Inidawish\backend\venv\Lib\site-packages\fastapi\routing.py", line 553, in app
    content = await serialize_response(
              ^^^^^^^^^^^^^^^^^^^^^^^^^
    ...<11 lines>...
    )
    ^
  File "D:\ControlledCopy\Inidawish\backend\venv\Lib\site-packages\fastapi\routing.py", line 288, in serialize_response
    raise ResponseValidationError(
    ...<3 lines>...
    )
fastapi.exceptions.ResponseValidationError: 12 validation errors:
  {'type': 'string_type', 'loc': ('response', 1, 'category_id'), 'msg': 'Input should be a valid string', 'input': None}
  {'type': 'string_type', 'loc': ('response', 2, 'category_id'), 'msg': 'Input should be a valid string', 'input': None}
  {'type': 'string_type', 'loc': ('response', 3, 'category_id'), 'msg': 'Input should be a valid string', 'input': None}
  {'type': 'string_type', 'loc': ('response', 4, 'category_id'), 'msg': 'Input should be a valid string', 'input': None}
  {'type': 'string_type', 'loc': ('response', 5, 'category_id'), 'msg': 'Input should be a valid string', 'input': None}
  {'type': 'string_type', 'loc': ('response', 6, 'category_id'), 'msg': 'Input should be a valid string', 'input': None}
  {'type': 'string_type', 'loc': ('response', 7, 'category_id'), 'msg': 'Input should be a valid string', 'input': None}
  {'type': 'string_type', 'loc': ('response', 8, 'category_id'), 'msg': 'Input should be a valid string', 'input': None}
  {'type': 'string_type', 'loc': ('response', 9, 'category_id'), 'msg': 'Input should be a valid string', 'input': None}
  {'type': 'string_type', 'loc': ('response', 10, 'category_id'), 'msg': 'Input should be a valid string', 'input': None}
  {'type': 'string_type', 'loc': ('response', 11, 'category_id'), 'msg': 'Input should be a valid string', 'input': None}
  {'type': 'string_type', 'loc': ('response', 12, 'category_id'), 'msg': 'Input should be a valid string', 'input': None}

  File "D:\ControlledCopy\Inidawish\backend\app\api\endpoints\marketplace.py", line 23, in get_listings
    GET /api/listings

Global exception caught: 1 validation error:
  {'type': 'string_type', 'loc': ('response', 0, 'category_id'), 'msg': 'Input should be a valid string', 'input': None}

  File "D:\ControlledCopy\Inidawish\backend\app\api\endpoints\marketplace.py", line 30, in get_my_listings
    GET /api/listings/my
Traceback (most recent call last):
  File "D:\ControlledCopy\Inidawish\backend\venv\Lib\site-packages\starlette\middleware\errors.py", line 164, in __call__
    await self.app(scope, receive, _send)
  File "D:\ControlledCopy\Inidawish\backend\venv\Lib\site-packages\starlette\middleware\cors.py", line 95, in __call__
    await self.simple_response(scope, receive, send, request_headers=headers)
  File "D:\ControlledCopy\Inidawish\backend\venv\Lib\site-packages\starlette\middleware\cors.py", line 153, in simple_response
    await self.app(scope, receive, send)
  File "D:\ControlledCopy\Inidawish\backend\venv\Lib\site-packages\starlette\middleware\exceptions.py", line 63, in __call__
    await wrap_app_handling_exceptions(self.app, conn)(scope, receive, send)
  File "D:\ControlledCopy\Inidawish\backend\venv\Lib\site-packages\starlette\_exception_handler.py", line 53, in wrapped_app
    raise exc
  File "D:\ControlledCopy\Inidawish\backend\venv\Lib\site-packages\starlette\_exception_handler.py", line 42, in wrapped_app
    await app(scope, receive, sender)
  File "D:\ControlledCopy\Inidawish\backend\venv\Lib\site-packages\fastapi\middleware\asyncexitstack.py", line 18, in __call__
    await self.app(scope, receive, send)
  File "D:\ControlledCopy\Inidawish\backend\venv\Lib\site-packages\starlette\routing.py", line 716, in __call__
    await self.middleware_stack(scope, receive, send)
  File "D:\ControlledCopy\Inidawish\backend\venv\Lib\site-packages\starlette\routing.py", line 736, in app
    await route.handle(scope, receive, send)
  File "D:\ControlledCopy\Inidawish\backend\venv\Lib\site-packages\starlette\routing.py", line 290, in handle
    await self.app(scope, receive, send)
  File "D:\ControlledCopy\Inidawish\backend\venv\Lib\site-packages\fastapi\routing.py", line 122, in app
    await wrap_app_handling_exceptions(app, request)(scope, receive, send)
  File "D:\ControlledCopy\Inidawish\backend\venv\Lib\site-packages\starlette\_exception_handler.py", line 53, in wrapped_app
    raise exc
  File "D:\ControlledCopy\Inidawish\backend\venv\Lib\site-packages\starlette\_exception_handler.py", line 42, in wrapped_app
    await app(scope, receive, sender)
  File "D:\ControlledCopy\Inidawish\backend\venv\Lib\site-packages\fastapi\routing.py", line 108, in app
    response = await f(request)
               ^^^^^^^^^^^^^^^^
  File "D:\ControlledCopy\Inidawish\backend\venv\Lib\site-packages\fastapi\routing.py", line 553, in app
    content = await serialize_response(
              ^^^^^^^^^^^^^^^^^^^^^^^^^
    ...<11 lines>...
    )
    ^
  File "D:\ControlledCopy\Inidawish\backend\venv\Lib\site-packages\fastapi\routing.py", line 288, in serialize_response
    raise ResponseValidationError(
    ...<3 lines>...
    )
fastapi.exceptions.ResponseValidationError: 1 validation error:
  {'type': 'string_type', 'loc': ('response', 0, 'category_id'), 'msg': 'Input should be a valid string', 'input': None}

  File "D:\ControlledCopy\Inidawish\backend\app\api\endpoints\marketplace.py", line 30, in get_my_listings
    GET /api/listings/my

Global exception caught: 12 validation errors:
  {'type': 'string_type', 'loc': ('response', 3, 'category_id'), 'msg': 'Input should be a valid string', 'input': None}
  {'type': 'string_type', 'loc': ('response', 4, 'category_id'), 'msg': 'Input should be a valid string', 'input': None}
  {'type': 'string_type', 'loc': ('response', 5, 'category_id'), 'msg': 'Input should be a valid string', 'input': None}
  {'type': 'string_type', 'loc': ('response', 6, 'category_id'), 'msg': 'Input should be a valid string', 'input': None}
  {'type': 'string_type', 'loc': ('response', 7, 'category_id'), 'msg': 'Input should be a valid string', 'input': None}
  {'type': 'string_type', 'loc': ('response', 8, 'category_id'), 'msg': 'Input should be a valid string', 'input': None}
  {'type': 'string_type', 'loc': ('response', 9, 'category_id'), 'msg': 'Input should be a valid string', 'input': None}
  {'type': 'string_type', 'loc': ('response', 10, 'category_id'), 'msg': 'Input should be a valid string', 'input': None}
  {'type': 'string_type', 'loc': ('response', 11, 'category_id'), 'msg': 'Input should be a valid string', 'input': None}
  {'type': 'string_type', 'loc': ('response', 12, 'category_id'), 'msg': 'Input should be a valid string', 'input': None}
  {'type': 'string_type', 'loc': ('response', 13, 'category_id'), 'msg': 'Input should be a valid string', 'input': None}
  {'type': 'string_type', 'loc': ('response', 15, 'category_id'), 'msg': 'Input should be a valid string', 'input': None}

  File "D:\ControlledCopy\Inidawish\backend\app\api\endpoints\marketplace.py", line 51, in get_fresh_recommendations
    GET /api/listings/home/fresh
Traceback (most recent call last):
  File "D:\ControlledCopy\Inidawish\backend\venv\Lib\site-packages\starlette\middleware\errors.py", line 164, in __call__
    await self.app(scope, receive, _send)
  File "D:\ControlledCopy\Inidawish\backend\venv\Lib\site-packages\starlette\middleware\cors.py", line 95, in __call__
    await self.simple_response(scope, receive, send, request_headers=headers)
  File "D:\ControlledCopy\Inidawish\backend\venv\Lib\site-packages\starlette\middleware\cors.py", line 153, in simple_response
    await self.app(scope, receive, send)
  File "D:\ControlledCopy\Inidawish\backend\venv\Lib\site-packages\starlette\middleware\exceptions.py", line 63, in __call__
    await wrap_app_handling_exceptions(self.app, conn)(scope, receive, send)
  File "D:\ControlledCopy\Inidawish\backend\venv\Lib\site-packages\starlette\_exception_handler.py", line 53, in wrapped_app
    raise exc
  File "D:\ControlledCopy\Inidawish\backend\venv\Lib\site-packages\starlette\_exception_handler.py", line 42, in wrapped_app
    await app(scope, receive, sender)
  File "D:\ControlledCopy\Inidawish\backend\venv\Lib\site-packages\fastapi\middleware\asyncexitstack.py", line 18, in __call__
    await self.app(scope, receive, send)
  File "D:\ControlledCopy\Inidawish\backend\venv\Lib\site-packages\starlette\routing.py", line 716, in __call__
    await self.middleware_stack(scope, receive, send)
  File "D:\ControlledCopy\Inidawish\backend\venv\Lib\site-packages\starlette\routing.py", line 736, in app
    await route.handle(scope, receive, send)
  File "D:\ControlledCopy\Inidawish\backend\venv\Lib\site-packages\starlette\routing.py", line 290, in handle
    await self.app(scope, receive, send)
  File "D:\ControlledCopy\Inidawish\backend\venv\Lib\site-packages\fastapi\routing.py", line 122, in app
    await wrap_app_handling_exceptions(app, request)(scope, receive, send)
  File "D:\ControlledCopy\Inidawish\backend\venv\Lib\site-packages\starlette\_exception_handler.py", line 53, in wrapped_app
    raise exc
  File "D:\ControlledCopy\Inidawish\backend\venv\Lib\site-packages\starlette\_exception_handler.py", line 42, in wrapped_app
    await app(scope, receive, sender)
  File "D:\ControlledCopy\Inidawish\backend\venv\Lib\site-packages\fastapi\routing.py", line 108, in app
    response = await f(request)
               ^^^^^^^^^^^^^^^^
  File "D:\ControlledCopy\Inidawish\backend\venv\Lib\site-packages\fastapi\routing.py", line 553, in app
    content = await serialize_response(
              ^^^^^^^^^^^^^^^^^^^^^^^^^
    ...<11 lines>...
    )
    ^
  File "D:\ControlledCopy\Inidawish\backend\venv\Lib\site-packages\fastapi\routing.py", line 288, in serialize_response
    raise ResponseValidationError(
    ...<3 lines>...
    )
fastapi.exceptions.ResponseValidationError: 12 validation errors:
  {'type': 'string_type', 'loc': ('response', 3, 'category_id'), 'msg': 'Input should be a valid string', 'input': None}
  {'type': 'string_type', 'loc': ('response', 4, 'category_id'), 'msg': 'Input should be a valid string', 'input': None}
  {'type': 'string_type', 'loc': ('response', 5, 'category_id'), 'msg': 'Input should be a valid string', 'input': None}
  {'type': 'string_type', 'loc': ('response', 6, 'category_id'), 'msg': 'Input should be a valid string', 'input': None}
  {'type': 'string_type', 'loc': ('response', 7, 'category_id'), 'msg': 'Input should be a valid string', 'input': None}
  {'type': 'string_type', 'loc': ('response', 8, 'category_id'), 'msg': 'Input should be a valid string', 'input': None}
  {'type': 'string_type', 'loc': ('response', 9, 'category_id'), 'msg': 'Input should be a valid string', 'input': None}
  {'type': 'string_type', 'loc': ('response', 10, 'category_id'), 'msg': 'Input should be a valid string', 'input': None}
  {'type': 'string_type', 'loc': ('response', 11, 'category_id'), 'msg': 'Input should be a valid string', 'input': None}
  {'type': 'string_type', 'loc': ('response', 12, 'category_id'), 'msg': 'Input should be a valid string', 'input': None}
  {'type': 'string_type', 'loc': ('response', 13, 'category_id'), 'msg': 'Input should be a valid string', 'input': None}
  {'type': 'string_type', 'loc': ('response', 15, 'category_id'), 'msg': 'Input should be a valid string', 'input': None}

  File "D:\ControlledCopy\Inidawish\backend\app\api\endpoints\marketplace.py", line 51, in get_fresh_recommendations
    GET /api/listings/home/fresh

Global exception caught: 6 validation errors:
  {'type': 'string_type', 'loc': ('response', 0, 'category_id'), 'msg': 'Input should be a valid string', 'input': None}
  {'type': 'string_type', 'loc': ('response', 1, 'category_id'), 'msg': 'Input should be a valid string', 'input': None}
  {'type': 'string_type', 'loc': ('response', 2, 'category_id'), 'msg': 'Input should be a valid string', 'input': None}
  {'type': 'string_type', 'loc': ('response', 3, 'category_id'), 'msg': 'Input should be a valid string', 'input': None}
  {'type': 'string_type', 'loc': ('response', 4, 'category_id'), 'msg': 'Input should be a valid string', 'input': None}
  {'type': 'string_type', 'loc': ('response', 5, 'category_id'), 'msg': 'Input should be a valid string', 'input': None}

  File "D:\ControlledCopy\Inidawish\backend\app\api\endpoints\marketplace.py", line 56, in get_recent_interactions
    GET /api/listings/home/recent
Traceback (most recent call last):
  File "D:\ControlledCopy\Inidawish\backend\venv\Lib\site-packages\starlette\middleware\errors.py", line 164, in __call__
    await self.app(scope, receive, _send)
  File "D:\ControlledCopy\Inidawish\backend\venv\Lib\site-packages\starlette\middleware\cors.py", line 95, in __call__
    await self.simple_response(scope, receive, send, request_headers=headers)
  File "D:\ControlledCopy\Inidawish\backend\venv\Lib\site-packages\starlette\middleware\cors.py", line 153, in simple_response
    await self.app(scope, receive, send)
  File "D:\ControlledCopy\Inidawish\backend\venv\Lib\site-packages\starlette\middleware\exceptions.py", line 63, in __call__
    await wrap_app_handling_exceptions(self.app, conn)(scope, receive, send)
  File "D:\ControlledCopy\Inidawish\backend\venv\Lib\site-packages\starlette\_exception_handler.py", line 53, in wrapped_app
    raise exc
  File "D:\ControlledCopy\Inidawish\backend\venv\Lib\site-packages\starlette\_exception_handler.py", line 42, in wrapped_app
    await app(scope, receive, sender)
  File "D:\ControlledCopy\Inidawish\backend\venv\Lib\site-packages\fastapi\middleware\asyncexitstack.py", line 18, in __call__
    await self.app(scope, receive, send)
  File "D:\ControlledCopy\Inidawish\backend\venv\Lib\site-packages\starlette\routing.py", line 716, in __call__
    await self.middleware_stack(scope, receive, send)
  File "D:\ControlledCopy\Inidawish\backend\venv\Lib\site-packages\starlette\routing.py", line 736, in app
    await route.handle(scope, receive, send)
  File "D:\ControlledCopy\Inidawish\backend\venv\Lib\site-packages\starlette\routing.py", line 290, in handle
    await self.app(scope, receive, send)
  File "D:\ControlledCopy\Inidawish\backend\venv\Lib\site-packages\fastapi\routing.py", line 122, in app
    await wrap_app_handling_exceptions(app, request)(scope, receive, send)
  File "D:\ControlledCopy\Inidawish\backend\venv\Lib\site-packages\starlette\_exception_handler.py", line 53, in wrapped_app
    raise exc
  File "D:\ControlledCopy\Inidawish\backend\venv\Lib\site-packages\starlette\_exception_handler.py", line 42, in wrapped_app
    await app(scope, receive, sender)
  File "D:\ControlledCopy\Inidawish\backend\venv\Lib\site-packages\fastapi\routing.py", line 108, in app
    response = await f(request)
               ^^^^^^^^^^^^^^^^
  File "D:\ControlledCopy\Inidawish\backend\venv\Lib\site-packages\fastapi\routing.py", line 553, in app
    content = await serialize_response(
              ^^^^^^^^^^^^^^^^^^^^^^^^^
    ...<11 lines>...
    )
    ^
  File "D:\ControlledCopy\Inidawish\backend\venv\Lib\site-packages\fastapi\routing.py", line 288, in serialize_response
    raise ResponseValidationError(
    ...<3 lines>...
    )
fastapi.exceptions.ResponseValidationError: 6 validation errors:
  {'type': 'string_type', 'loc': ('response', 0, 'category_id'), 'msg': 'Input should be a valid string', 'input': None}
  {'type': 'string_type', 'loc': ('response', 1, 'category_id'), 'msg': 'Input should be a valid string', 'input': None}
  {'type': 'string_type', 'loc': ('response', 2, 'category_id'), 'msg': 'Input should be a valid string', 'input': None}
  {'type': 'string_type', 'loc': ('response', 3, 'category_id'), 'msg': 'Input should be a valid string', 'input': None}
  {'type': 'string_type', 'loc': ('response', 4, 'category_id'), 'msg': 'Input should be a valid string', 'input': None}
  {'type': 'string_type', 'loc': ('response', 5, 'category_id'), 'msg': 'Input should be a valid string', 'input': None}

  File "D:\ControlledCopy\Inidawish\backend\app\api\endpoints\marketplace.py", line 56, in get_recent_interactions
    GET /api/listings/home/recent

Global exception caught: 1 validation error:
  {'type': 'string_type', 'loc': ('response', 0, 'category_id'), 'msg': 'Input should be a valid string', 'input': None}

  File "D:\ControlledCopy\Inidawish\backend\app\api\endpoints\marketplace.py", line 30, in get_my_listings
    GET /api/listings/my
Traceback (most recent call last):
  File "D:\ControlledCopy\Inidawish\backend\venv\Lib\site-packages\starlette\middleware\errors.py", line 164, in __call__
    await self.app(scope, receive, _send)
  File "D:\ControlledCopy\Inidawish\backend\venv\Lib\site-packages\starlette\middleware\cors.py", line 95, in __call__
    await self.simple_response(scope, receive, send, request_headers=headers)
  File "D:\ControlledCopy\Inidawish\backend\venv\Lib\site-packages\starlette\middleware\cors.py", line 153, in simple_response
    await self.app(scope, receive, send)
  File "D:\ControlledCopy\Inidawish\backend\venv\Lib\site-packages\starlette\middleware\exceptions.py", line 63, in __call__
    await wrap_app_handling_exceptions(self.app, conn)(scope, receive, send)
  File "D:\ControlledCopy\Inidawish\backend\venv\Lib\site-packages\starlette\_exception_handler.py", line 53, in wrapped_app
    raise exc
  File "D:\ControlledCopy\Inidawish\backend\venv\Lib\site-packages\starlette\_exception_handler.py", line 42, in wrapped_app
    await app(scope, receive, sender)
  File "D:\ControlledCopy\Inidawish\backend\venv\Lib\site-packages\fastapi\middleware\asyncexitstack.py", line 18, in __call__
    await self.app(scope, receive, send)
  File "D:\ControlledCopy\Inidawish\backend\venv\Lib\site-packages\starlette\routing.py", line 716, in __call__
    await self.middleware_stack(scope, receive, send)
  File "D:\ControlledCopy\Inidawish\backend\venv\Lib\site-packages\starlette\routing.py", line 736, in app
    await route.handle(scope, receive, send)
  File "D:\ControlledCopy\Inidawish\backend\venv\Lib\site-packages\starlette\routing.py", line 290, in handle
    await self.app(scope, receive, send)
  File "D:\ControlledCopy\Inidawish\backend\venv\Lib\site-packages\fastapi\routing.py", line 122, in app
    await wrap_app_handling_exceptions(app, request)(scope, receive, send)
  File "D:\ControlledCopy\Inidawish\backend\venv\Lib\site-packages\starlette\_exception_handler.py", line 53, in wrapped_app
    raise exc
  File "D:\ControlledCopy\Inidawish\backend\venv\Lib\site-packages\starlette\_exception_handler.py", line 42, in wrapped_app
    await app(scope, receive, sender)
  File "D:\ControlledCopy\Inidawish\backend\venv\Lib\site-packages\fastapi\routing.py", line 108, in app
    response = await f(request)
               ^^^^^^^^^^^^^^^^
  File "D:\ControlledCopy\Inidawish\backend\venv\Lib\site-packages\fastapi\routing.py", line 553, in app
    content = await serialize_response(
              ^^^^^^^^^^^^^^^^^^^^^^^^^
    ...<11 lines>...
    )
    ^
  File "D:\ControlledCopy\Inidawish\backend\venv\Lib\site-packages\fastapi\routing.py", line 288, in serialize_response
    raise ResponseValidationError(
    ...<3 lines>...
    )
fastapi.exceptions.ResponseValidationError: 1 validation error:
  {'type': 'string_type', 'loc': ('response', 0, 'category_id'), 'msg': 'Input should be a valid string', 'input': None}

  File "D:\ControlledCopy\Inidawish\backend\app\api\endpoints\marketplace.py", line 30, in get_my_listings
    GET /api/listings/my

Global exception caught: 12 validation errors:
  {'type': 'string_type', 'loc': ('response', 4, 'category_id'), 'msg': 'Input should be a valid string', 'input': None}
  {'type': 'string_type', 'loc': ('response', 5, 'category_id'), 'msg': 'Input should be a valid string', 'input': None}
  {'type': 'string_type', 'loc': ('response', 6, 'category_id'), 'msg': 'Input should be a valid string', 'input': None}
  {'type': 'string_type', 'loc': ('response', 7, 'category_id'), 'msg': 'Input should be a valid string', 'input': None}
  {'type': 'string_type', 'loc': ('response', 8, 'category_id'), 'msg': 'Input should be a valid string', 'input': None}
  {'type': 'string_type', 'loc': ('response', 9, 'category_id'), 'msg': 'Input should be a valid string', 'input': None}
  {'type': 'string_type', 'loc': ('response', 10, 'category_id'), 'msg': 'Input should be a valid string', 'input': None}
  {'type': 'string_type', 'loc': ('response', 11, 'category_id'), 'msg': 'Input should be a valid string', 'input': None}
  {'type': 'string_type', 'loc': ('response', 12, 'category_id'), 'msg': 'Input should be a valid string', 'input': None}
  {'type': 'string_type', 'loc': ('response', 13, 'category_id'), 'msg': 'Input should be a valid string', 'input': None}
  {'type': 'string_type', 'loc': ('response', 14, 'category_id'), 'msg': 'Input should be a valid string', 'input': None}
  {'type': 'string_type', 'loc': ('response', 16, 'category_id'), 'msg': 'Input should be a valid string', 'input': None}

  File "D:\ControlledCopy\Inidawish\backend\app\api\endpoints\marketplace.py", line 51, in get_fresh_recommendations
    GET /api/listings/home/fresh
Traceback (most recent call last):
  File "D:\ControlledCopy\Inidawish\backend\venv\Lib\site-packages\starlette\middleware\errors.py", line 164, in __call__
    await self.app(scope, receive, _send)
  File "D:\ControlledCopy\Inidawish\backend\venv\Lib\site-packages\starlette\middleware\cors.py", line 95, in __call__
    await self.simple_response(scope, receive, send, request_headers=headers)
  File "D:\ControlledCopy\Inidawish\backend\venv\Lib\site-packages\starlette\middleware\cors.py", line 153, in simple_response
    await self.app(scope, receive, send)
  File "D:\ControlledCopy\Inidawish\backend\venv\Lib\site-packages\starlette\middleware\exceptions.py", line 63, in __call__
    await wrap_app_handling_exceptions(self.app, conn)(scope, receive, send)
  File "D:\ControlledCopy\Inidawish\backend\venv\Lib\site-packages\starlette\_exception_handler.py", line 53, in wrapped_app
    raise exc
  File "D:\ControlledCopy\Inidawish\backend\venv\Lib\site-packages\starlette\_exception_handler.py", line 42, in wrapped_app
    await app(scope, receive, sender)
  File "D:\ControlledCopy\Inidawish\backend\venv\Lib\site-packages\fastapi\middleware\asyncexitstack.py", line 18, in __call__
    await self.app(scope, receive, send)
  File "D:\ControlledCopy\Inidawish\backend\venv\Lib\site-packages\starlette\routing.py", line 716, in __call__
    await self.middleware_stack(scope, receive, send)
  File "D:\ControlledCopy\Inidawish\backend\venv\Lib\site-packages\starlette\routing.py", line 736, in app
    await route.handle(scope, receive, send)
  File "D:\ControlledCopy\Inidawish\backend\venv\Lib\site-packages\starlette\routing.py", line 290, in handle
    await self.app(scope, receive, send)
  File "D:\ControlledCopy\Inidawish\backend\venv\Lib\site-packages\fastapi\routing.py", line 122, in app
    await wrap_app_handling_exceptions(app, request)(scope, receive, send)
  File "D:\ControlledCopy\Inidawish\backend\venv\Lib\site-packages\starlette\_exception_handler.py", line 53, in wrapped_app
    raise exc
  File "D:\ControlledCopy\Inidawish\backend\venv\Lib\site-packages\starlette\_exception_handler.py", line 42, in wrapped_app
    await app(scope, receive, sender)
  File "D:\ControlledCopy\Inidawish\backend\venv\Lib\site-packages\fastapi\routing.py", line 108, in app
    response = await f(request)
               ^^^^^^^^^^^^^^^^
  File "D:\ControlledCopy\Inidawish\backend\venv\Lib\site-packages\fastapi\routing.py", line 553, in app
    content = await serialize_response(
              ^^^^^^^^^^^^^^^^^^^^^^^^^
    ...<11 lines>...
    )
    ^
  File "D:\ControlledCopy\Inidawish\backend\venv\Lib\site-packages\fastapi\routing.py", line 288, in serialize_response
    raise ResponseValidationError(
    ...<3 lines>...
    )
fastapi.exceptions.ResponseValidationError: 12 validation errors:
  {'type': 'string_type', 'loc': ('response', 4, 'category_id'), 'msg': 'Input should be a valid string', 'input': None}
  {'type': 'string_type', 'loc': ('response', 5, 'category_id'), 'msg': 'Input should be a valid string', 'input': None}
  {'type': 'string_type', 'loc': ('response', 6, 'category_id'), 'msg': 'Input should be a valid string', 'input': None}
  {'type': 'string_type', 'loc': ('response', 7, 'category_id'), 'msg': 'Input should be a valid string', 'input': None}
  {'type': 'string_type', 'loc': ('response', 8, 'category_id'), 'msg': 'Input should be a valid string', 'input': None}
  {'type': 'string_type', 'loc': ('response', 9, 'category_id'), 'msg': 'Input should be a valid string', 'input': None}
  {'type': 'string_type', 'loc': ('response', 10, 'category_id'), 'msg': 'Input should be a valid string', 'input': None}
  {'type': 'string_type', 'loc': ('response', 11, 'category_id'), 'msg': 'Input should be a valid string', 'input': None}
  {'type': 'string_type', 'loc': ('response', 12, 'category_id'), 'msg': 'Input should be a valid string', 'input': None}
  {'type': 'string_type', 'loc': ('response', 13, 'category_id'), 'msg': 'Input should be a valid string', 'input': None}
  {'type': 'string_type', 'loc': ('response', 14, 'category_id'), 'msg': 'Input should be a valid string', 'input': None}
  {'type': 'string_type', 'loc': ('response', 16, 'category_id'), 'msg': 'Input should be a valid string', 'input': None}

  File "D:\ControlledCopy\Inidawish\backend\app\api\endpoints\marketplace.py", line 51, in get_fresh_recommendations
    GET /api/listings/home/fresh

Global exception caught: 12 validation errors:
  {'type': 'string_type', 'loc': ('response', 1, 'category_id'), 'msg': 'Input should be a valid string', 'input': None}
  {'type': 'string_type', 'loc': ('response', 2, 'category_id'), 'msg': 'Input should be a valid string', 'input': None}
  {'type': 'string_type', 'loc': ('response', 3, 'category_id'), 'msg': 'Input should be a valid string', 'input': None}
  {'type': 'string_type', 'loc': ('response', 4, 'category_id'), 'msg': 'Input should be a valid string', 'input': None}
  {'type': 'string_type', 'loc': ('response', 5, 'category_id'), 'msg': 'Input should be a valid string', 'input': None}
  {'type': 'string_type', 'loc': ('response', 6, 'category_id'), 'msg': 'Input should be a valid string', 'input': None}
  {'type': 'string_type', 'loc': ('response', 7, 'category_id'), 'msg': 'Input should be a valid string', 'input': None}
  {'type': 'string_type', 'loc': ('response', 8, 'category_id'), 'msg': 'Input should be a valid string', 'input': None}
  {'type': 'string_type', 'loc': ('response', 9, 'category_id'), 'msg': 'Input should be a valid string', 'input': None}
  {'type': 'string_type', 'loc': ('response', 10, 'category_id'), 'msg': 'Input should be a valid string', 'input': None}
  {'type': 'string_type', 'loc': ('response', 11, 'category_id'), 'msg': 'Input should be a valid string', 'input': None}
  {'type': 'string_type', 'loc': ('response', 12, 'category_id'), 'msg': 'Input should be a valid string', 'input': None}

  File "D:\ControlledCopy\Inidawish\backend\app\api\endpoints\marketplace.py", line 23, in get_listings
    GET /api/listings
Traceback (most recent call last):
  File "D:\ControlledCopy\Inidawish\backend\venv\Lib\site-packages\starlette\middleware\errors.py", line 164, in __call__
    await self.app(scope, receive, _send)
  File "D:\ControlledCopy\Inidawish\backend\venv\Lib\site-packages\starlette\middleware\cors.py", line 95, in __call__
    await self.simple_response(scope, receive, send, request_headers=headers)
  File "D:\ControlledCopy\Inidawish\backend\venv\Lib\site-packages\starlette\middleware\cors.py", line 153, in simple_response
    await self.app(scope, receive, send)
  File "D:\ControlledCopy\Inidawish\backend\venv\Lib\site-packages\starlette\middleware\exceptions.py", line 63, in __call__
    await wrap_app_handling_exceptions(self.app, conn)(scope, receive, send)
  File "D:\ControlledCopy\Inidawish\backend\venv\Lib\site-packages\starlette\_exception_handler.py", line 53, in wrapped_app
    raise exc
  File "D:\ControlledCopy\Inidawish\backend\venv\Lib\site-packages\starlette\_exception_handler.py", line 42, in wrapped_app
    await app(scope, receive, sender)
  File "D:\ControlledCopy\Inidawish\backend\venv\Lib\site-packages\fastapi\middleware\asyncexitstack.py", line 18, in __call__
    await self.app(scope, receive, send)
  File "D:\ControlledCopy\Inidawish\backend\venv\Lib\site-packages\starlette\routing.py", line 716, in __call__
    await self.middleware_stack(scope, receive, send)
  File "D:\ControlledCopy\Inidawish\backend\venv\Lib\site-packages\starlette\routing.py", line 736, in app
    await route.handle(scope, receive, send)
  File "D:\ControlledCopy\Inidawish\backend\venv\Lib\site-packages\starlette\routing.py", line 290, in handle
    await self.app(scope, receive, send)
  File "D:\ControlledCopy\Inidawish\backend\venv\Lib\site-packages\fastapi\routing.py", line 122, in app
    await wrap_app_handling_exceptions(app, request)(scope, receive, send)
  File "D:\ControlledCopy\Inidawish\backend\venv\Lib\site-packages\starlette\_exception_handler.py", line 53, in wrapped_app
    raise exc
  File "D:\ControlledCopy\Inidawish\backend\venv\Lib\site-packages\starlette\_exception_handler.py", line 42, in wrapped_app
    await app(scope, receive, sender)
  File "D:\ControlledCopy\Inidawish\backend\venv\Lib\site-packages\fastapi\routing.py", line 108, in app
    response = await f(request)
               ^^^^^^^^^^^^^^^^
  File "D:\ControlledCopy\Inidawish\backend\venv\Lib\site-packages\fastapi\routing.py", line 553, in app
    content = await serialize_response(
              ^^^^^^^^^^^^^^^^^^^^^^^^^
    ...<11 lines>...
    )
    ^
  File "D:\ControlledCopy\Inidawish\backend\venv\Lib\site-packages\fastapi\routing.py", line 288, in serialize_response
    raise ResponseValidationError(
    ...<3 lines>...
    )
fastapi.exceptions.ResponseValidationError: 12 validation errors:
  {'type': 'string_type', 'loc': ('response', 1, 'category_id'), 'msg': 'Input should be a valid string', 'input': None}
  {'type': 'string_type', 'loc': ('response', 2, 'category_id'), 'msg': 'Input should be a valid string', 'input': None}
  {'type': 'string_type', 'loc': ('response', 3, 'category_id'), 'msg': 'Input should be a valid string', 'input': None}
  {'type': 'string_type', 'loc': ('response', 4, 'category_id'), 'msg': 'Input should be a valid string', 'input': None}
  {'type': 'string_type', 'loc': ('response', 5, 'category_id'), 'msg': 'Input should be a valid string', 'input': None}
  {'type': 'string_type', 'loc': ('response', 6, 'category_id'), 'msg': 'Input should be a valid string', 'input': None}
  {'type': 'string_type', 'loc': ('response', 7, 'category_id'), 'msg': 'Input should be a valid string', 'input': None}
  {'type': 'string_type', 'loc': ('response', 8, 'category_id'), 'msg': 'Input should be a valid string', 'input': None}
  {'type': 'string_type', 'loc': ('response', 9, 'category_id'), 'msg': 'Input should be a valid string', 'input': None}
  {'type': 'string_type', 'loc': ('response', 10, 'category_id'), 'msg': 'Input should be a valid string', 'input': None}
  {'type': 'string_type', 'loc': ('response', 11, 'category_id'), 'msg': 'Input should be a valid string', 'input': None}
  {'type': 'string_type', 'loc': ('response', 12, 'category_id'), 'msg': 'Input should be a valid string', 'input': None}

  File "D:\ControlledCopy\Inidawish\backend\app\api\endpoints\marketplace.py", line 23, in get_listings
    GET /api/listings

Global exception caught: 6 validation errors:
  {'type': 'string_type', 'loc': ('response', 0, 'category_id'), 'msg': 'Input should be a valid string', 'input': None}
  {'type': 'string_type', 'loc': ('response', 1, 'category_id'), 'msg': 'Input should be a valid string', 'input': None}
  {'type': 'string_type', 'loc': ('response', 2, 'category_id'), 'msg': 'Input should be a valid string', 'input': None}
  {'type': 'string_type', 'loc': ('response', 3, 'category_id'), 'msg': 'Input should be a valid string', 'input': None}
  {'type': 'string_type', 'loc': ('response', 4, 'category_id'), 'msg': 'Input should be a valid string', 'input': None}
  {'type': 'string_type', 'loc': ('response', 5, 'category_id'), 'msg': 'Input should be a valid string', 'input': None}

  File "D:\ControlledCopy\Inidawish\backend\app\api\endpoints\marketplace.py", line 56, in get_recent_interactions
    GET /api/listings/home/recent
Traceback (most recent call last):
  File "D:\ControlledCopy\Inidawish\backend\venv\Lib\site-packages\starlette\middleware\errors.py", line 164, in __call__
    await self.app(scope, receive, _send)
  File "D:\ControlledCopy\Inidawish\backend\venv\Lib\site-packages\starlette\middleware\cors.py", line 95, in __call__
    await self.simple_response(scope, receive, send, request_headers=headers)
  File "D:\ControlledCopy\Inidawish\backend\venv\Lib\site-packages\starlette\middleware\cors.py", line 153, in simple_response
    await self.app(scope, receive, send)
  File "D:\ControlledCopy\Inidawish\backend\venv\Lib\site-packages\starlette\middleware\exceptions.py", line 63, in __call__
    await wrap_app_handling_exceptions(self.app, conn)(scope, receive, send)
  File "D:\ControlledCopy\Inidawish\backend\venv\Lib\site-packages\starlette\_exception_handler.py", line 53, in wrapped_app
    raise exc
  File "D:\ControlledCopy\Inidawish\backend\venv\Lib\site-packages\starlette\_exception_handler.py", line 42, in wrapped_app
    await app(scope, receive, sender)
  File "D:\ControlledCopy\Inidawish\backend\venv\Lib\site-packages\fastapi\middleware\asyncexitstack.py", line 18, in __call__
    await self.app(scope, receive, send)
  File "D:\ControlledCopy\Inidawish\backend\venv\Lib\site-packages\starlette\routing.py", line 716, in __call__
    await self.middleware_stack(scope, receive, send)
  File "D:\ControlledCopy\Inidawish\backend\venv\Lib\site-packages\starlette\routing.py", line 736, in app
    await route.handle(scope, receive, send)
  File "D:\ControlledCopy\Inidawish\backend\venv\Lib\site-packages\starlette\routing.py", line 290, in handle
    await self.app(scope, receive, send)
  File "D:\ControlledCopy\Inidawish\backend\venv\Lib\site-packages\fastapi\routing.py", line 122, in app
    await wrap_app_handling_exceptions(app, request)(scope, receive, send)
  File "D:\ControlledCopy\Inidawish\backend\venv\Lib\site-packages\starlette\_exception_handler.py", line 53, in wrapped_app
    raise exc
  File "D:\ControlledCopy\Inidawish\backend\venv\Lib\site-packages\starlette\_exception_handler.py", line 42, in wrapped_app
    await app(scope, receive, sender)
  File "D:\ControlledCopy\Inidawish\backend\venv\Lib\site-packages\fastapi\routing.py", line 108, in app
    response = await f(request)
               ^^^^^^^^^^^^^^^^
  File "D:\ControlledCopy\Inidawish\backend\venv\Lib\site-packages\fastapi\routing.py", line 553, in app
    content = await serialize_response(
              ^^^^^^^^^^^^^^^^^^^^^^^^^
    ...<11 lines>...
    )
    ^
  File "D:\ControlledCopy\Inidawish\backend\venv\Lib\site-packages\fastapi\routing.py", line 288, in serialize_response
    raise ResponseValidationError(
    ...<3 lines>...
    )
fastapi.exceptions.ResponseValidationError: 6 validation errors:
  {'type': 'string_type', 'loc': ('response', 0, 'category_id'), 'msg': 'Input should be a valid string', 'input': None}
  {'type': 'string_type', 'loc': ('response', 1, 'category_id'), 'msg': 'Input should be a valid string', 'input': None}
  {'type': 'string_type', 'loc': ('response', 2, 'category_id'), 'msg': 'Input should be a valid string', 'input': None}
  {'type': 'string_type', 'loc': ('response', 3, 'category_id'), 'msg': 'Input should be a valid string', 'input': None}
  {'type': 'string_type', 'loc': ('response', 4, 'category_id'), 'msg': 'Input should be a valid string', 'input': None}
  {'type': 'string_type', 'loc': ('response', 5, 'category_id'), 'msg': 'Input should be a valid string', 'input': None}

  File "D:\ControlledCopy\Inidawish\backend\app\api\endpoints\marketplace.py", line 56, in get_recent_interactions
    GET /api/listings/home/recent

Global exception caught: 12 validation errors:
  {'type': 'string_type', 'loc': ('response', 4, 'category_id'), 'msg': 'Input should be a valid string', 'input': None}
  {'type': 'string_type', 'loc': ('response', 5, 'category_id'), 'msg': 'Input should be a valid string', 'input': None}
  {'type': 'string_type', 'loc': ('response', 6, 'category_id'), 'msg': 'Input should be a valid string', 'input': None}
  {'type': 'string_type', 'loc': ('response', 7, 'category_id'), 'msg': 'Input should be a valid string', 'input': None}
  {'type': 'string_type', 'loc': ('response', 8, 'category_id'), 'msg': 'Input should be a valid string', 'input': None}
  {'type': 'string_type', 'loc': ('response', 9, 'category_id'), 'msg': 'Input should be a valid string', 'input': None}
  {'type': 'string_type', 'loc': ('response', 10, 'category_id'), 'msg': 'Input should be a valid string', 'input': None}
  {'type': 'string_type', 'loc': ('response', 11, 'category_id'), 'msg': 'Input should be a valid string', 'input': None}
  {'type': 'string_type', 'loc': ('response', 12, 'category_id'), 'msg': 'Input should be a valid string', 'input': None}
  {'type': 'string_type', 'loc': ('response', 13, 'category_id'), 'msg': 'Input should be a valid string', 'input': None}
  {'type': 'string_type', 'loc': ('response', 14, 'category_id'), 'msg': 'Input should be a valid string', 'input': None}
  {'type': 'string_type', 'loc': ('response', 16, 'category_id'), 'msg': 'Input should be a valid string', 'input': None}

  File "D:\ControlledCopy\Inidawish\backend\app\api\endpoints\marketplace.py", line 51, in get_fresh_recommendations
    GET /api/listings/home/fresh
Traceback (most recent call last):
  File "D:\ControlledCopy\Inidawish\backend\venv\Lib\site-packages\starlette\middleware\errors.py", line 164, in __call__
    await self.app(scope, receive, _send)
  File "D:\ControlledCopy\Inidawish\backend\venv\Lib\site-packages\starlette\middleware\cors.py", line 95, in __call__
    await self.simple_response(scope, receive, send, request_headers=headers)
  File "D:\ControlledCopy\Inidawish\backend\venv\Lib\site-packages\starlette\middleware\cors.py", line 153, in simple_response
    await self.app(scope, receive, send)
  File "D:\ControlledCopy\Inidawish\backend\venv\Lib\site-packages\starlette\middleware\exceptions.py", line 63, in __call__
    await wrap_app_handling_exceptions(self.app, conn)(scope, receive, send)
  File "D:\ControlledCopy\Inidawish\backend\venv\Lib\site-packages\starlette\_exception_handler.py", line 53, in wrapped_app
    raise exc
  File "D:\ControlledCopy\Inidawish\backend\venv\Lib\site-packages\starlette\_exception_handler.py", line 42, in wrapped_app
    await app(scope, receive, sender)
  File "D:\ControlledCopy\Inidawish\backend\venv\Lib\site-packages\fastapi\middleware\asyncexitstack.py", line 18, in __call__
    await self.app(scope, receive, send)
  File "D:\ControlledCopy\Inidawish\backend\venv\Lib\site-packages\starlette\routing.py", line 716, in __call__
    await self.middleware_stack(scope, receive, send)
  File "D:\ControlledCopy\Inidawish\backend\venv\Lib\site-packages\starlette\routing.py", line 736, in app
    await route.handle(scope, receive, send)
  File "D:\ControlledCopy\Inidawish\backend\venv\Lib\site-packages\starlette\routing.py", line 290, in handle
    await self.app(scope, receive, send)
  File "D:\ControlledCopy\Inidawish\backend\venv\Lib\site-packages\fastapi\routing.py", line 122, in app
    await wrap_app_handling_exceptions(app, request)(scope, receive, send)
  File "D:\ControlledCopy\Inidawish\backend\venv\Lib\site-packages\starlette\_exception_handler.py", line 53, in wrapped_app
    raise exc
  File "D:\ControlledCopy\Inidawish\backend\venv\Lib\site-packages\starlette\_exception_handler.py", line 42, in wrapped_app
    await app(scope, receive, sender)
  File "D:\ControlledCopy\Inidawish\backend\venv\Lib\site-packages\fastapi\routing.py", line 108, in app
    response = await f(request)
               ^^^^^^^^^^^^^^^^
  File "D:\ControlledCopy\Inidawish\backend\venv\Lib\site-packages\fastapi\routing.py", line 553, in app
    content = await serialize_response(
              ^^^^^^^^^^^^^^^^^^^^^^^^^
    ...<11 lines>...
    )
    ^
  File "D:\ControlledCopy\Inidawish\backend\venv\Lib\site-packages\fastapi\routing.py", line 288, in serialize_response
    raise ResponseValidationError(
    ...<3 lines>...
    )
fastapi.exceptions.ResponseValidationError: 12 validation errors:
  {'type': 'string_type', 'loc': ('response', 4, 'category_id'), 'msg': 'Input should be a valid string', 'input': None}
  {'type': 'string_type', 'loc': ('response', 5, 'category_id'), 'msg': 'Input should be a valid string', 'input': None}
  {'type': 'string_type', 'loc': ('response', 6, 'category_id'), 'msg': 'Input should be a valid string', 'input': None}
  {'type': 'string_type', 'loc': ('response', 7, 'category_id'), 'msg': 'Input should be a valid string', 'input': None}
  {'type': 'string_type', 'loc': ('response', 8, 'category_id'), 'msg': 'Input should be a valid string', 'input': None}
  {'type': 'string_type', 'loc': ('response', 9, 'category_id'), 'msg': 'Input should be a valid string', 'input': None}
  {'type': 'string_type', 'loc': ('response', 10, 'category_id'), 'msg': 'Input should be a valid string', 'input': None}
  {'type': 'string_type', 'loc': ('response', 11, 'category_id'), 'msg': 'Input should be a valid string', 'input': None}
  {'type': 'string_type', 'loc': ('response', 12, 'category_id'), 'msg': 'Input should be a valid string', 'input': None}
  {'type': 'string_type', 'loc': ('response', 13, 'category_id'), 'msg': 'Input should be a valid string', 'input': None}
  {'type': 'string_type', 'loc': ('response', 14, 'category_id'), 'msg': 'Input should be a valid string', 'input': None}
  {'type': 'string_type', 'loc': ('response', 16, 'category_id'), 'msg': 'Input should be a valid string', 'input': None}

  File "D:\ControlledCopy\Inidawish\backend\app\api\endpoints\marketplace.py", line 51, in get_fresh_recommendations
    GET /api/listings/home/fresh

Global exception caught: 12 validation errors:
  {'type': 'string_type', 'loc': ('response', 1, 'category_id'), 'msg': 'Input should be a valid string', 'input': None}
  {'type': 'string_type', 'loc': ('response', 2, 'category_id'), 'msg': 'Input should be a valid string', 'input': None}
  {'type': 'string_type', 'loc': ('response', 3, 'category_id'), 'msg': 'Input should be a valid string', 'input': None}
  {'type': 'string_type', 'loc': ('response', 4, 'category_id'), 'msg': 'Input should be a valid string', 'input': None}
  {'type': 'string_type', 'loc': ('response', 5, 'category_id'), 'msg': 'Input should be a valid string', 'input': None}
  {'type': 'string_type', 'loc': ('response', 6, 'category_id'), 'msg': 'Input should be a valid string', 'input': None}
  {'type': 'string_type', 'loc': ('response', 7, 'category_id'), 'msg': 'Input should be a valid string', 'input': None}
  {'type': 'string_type', 'loc': ('response', 8, 'category_id'), 'msg': 'Input should be a valid string', 'input': None}
  {'type': 'string_type', 'loc': ('response', 9, 'category_id'), 'msg': 'Input should be a valid string', 'input': None}
  {'type': 'string_type', 'loc': ('response', 10, 'category_id'), 'msg': 'Input should be a valid string', 'input': None}
  {'type': 'string_type', 'loc': ('response', 11, 'category_id'), 'msg': 'Input should be a valid string', 'input': None}
  {'type': 'string_type', 'loc': ('response', 12, 'category_id'), 'msg': 'Input should be a valid string', 'input': None}

  File "D:\ControlledCopy\Inidawish\backend\app\api\endpoints\marketplace.py", line 23, in get_listings
    GET /api/listings
Traceback (most recent call last):
  File "D:\ControlledCopy\Inidawish\backend\venv\Lib\site-packages\starlette\middleware\errors.py", line 164, in __call__
    await self.app(scope, receive, _send)
  File "D:\ControlledCopy\Inidawish\backend\venv\Lib\site-packages\starlette\middleware\cors.py", line 95, in __call__
    await self.simple_response(scope, receive, send, request_headers=headers)
  File "D:\ControlledCopy\Inidawish\backend\venv\Lib\site-packages\starlette\middleware\cors.py", line 153, in simple_response
    await self.app(scope, receive, send)
  File "D:\ControlledCopy\Inidawish\backend\venv\Lib\site-packages\starlette\middleware\exceptions.py", line 63, in __call__
    await wrap_app_handling_exceptions(self.app, conn)(scope, receive, send)
  File "D:\ControlledCopy\Inidawish\backend\venv\Lib\site-packages\starlette\_exception_handler.py", line 53, in wrapped_app
    raise exc
  File "D:\ControlledCopy\Inidawish\backend\venv\Lib\site-packages\starlette\_exception_handler.py", line 42, in wrapped_app
    await app(scope, receive, sender)
  File "D:\ControlledCopy\Inidawish\backend\venv\Lib\site-packages\fastapi\middleware\asyncexitstack.py", line 18, in __call__
    await self.app(scope, receive, send)
  File "D:\ControlledCopy\Inidawish\backend\venv\Lib\site-packages\starlette\routing.py", line 716, in __call__
    await self.middleware_stack(scope, receive, send)
  File "D:\ControlledCopy\Inidawish\backend\venv\Lib\site-packages\starlette\routing.py", line 736, in app
    await route.handle(scope, receive, send)
  File "D:\ControlledCopy\Inidawish\backend\venv\Lib\site-packages\starlette\routing.py", line 290, in handle
    await self.app(scope, receive, send)
  File "D:\ControlledCopy\Inidawish\backend\venv\Lib\site-packages\fastapi\routing.py", line 122, in app
    await wrap_app_handling_exceptions(app, request)(scope, receive, send)
  File "D:\ControlledCopy\Inidawish\backend\venv\Lib\site-packages\starlette\_exception_handler.py", line 53, in wrapped_app
    raise exc
  File "D:\ControlledCopy\Inidawish\backend\venv\Lib\site-packages\starlette\_exception_handler.py", line 42, in wrapped_app
    await app(scope, receive, sender)
  File "D:\ControlledCopy\Inidawish\backend\venv\Lib\site-packages\fastapi\routing.py", line 108, in app
    response = await f(request)
               ^^^^^^^^^^^^^^^^
  File "D:\ControlledCopy\Inidawish\backend\venv\Lib\site-packages\fastapi\routing.py", line 553, in app
    content = await serialize_response(
              ^^^^^^^^^^^^^^^^^^^^^^^^^
    ...<11 lines>...
    )
    ^
  File "D:\ControlledCopy\Inidawish\backend\venv\Lib\site-packages\fastapi\routing.py", line 288, in serialize_response
    raise ResponseValidationError(
    ...<3 lines>...
    )
fastapi.exceptions.ResponseValidationError: 12 validation errors:
  {'type': 'string_type', 'loc': ('response', 1, 'category_id'), 'msg': 'Input should be a valid string', 'input': None}
  {'type': 'string_type', 'loc': ('response', 2, 'category_id'), 'msg': 'Input should be a valid string', 'input': None}
  {'type': 'string_type', 'loc': ('response', 3, 'category_id'), 'msg': 'Input should be a valid string', 'input': None}
  {'type': 'string_type', 'loc': ('response', 4, 'category_id'), 'msg': 'Input should be a valid string', 'input': None}
  {'type': 'string_type', 'loc': ('response', 5, 'category_id'), 'msg': 'Input should be a valid string', 'input': None}
  {'type': 'string_type', 'loc': ('response', 6, 'category_id'), 'msg': 'Input should be a valid string', 'input': None}
  {'type': 'string_type', 'loc': ('response', 7, 'category_id'), 'msg': 'Input should be a valid string', 'input': None}
  {'type': 'string_type', 'loc': ('response', 8, 'category_id'), 'msg': 'Input should be a valid string', 'input': None}
  {'type': 'string_type', 'loc': ('response', 9, 'category_id'), 'msg': 'Input should be a valid string', 'input': None}
  {'type': 'string_type', 'loc': ('response', 10, 'category_id'), 'msg': 'Input should be a valid string', 'input': None}
  {'type': 'string_type', 'loc': ('response', 11, 'category_id'), 'msg': 'Input should be a valid string', 'input': None}
  {'type': 'string_type', 'loc': ('response', 12, 'category_id'), 'msg': 'Input should be a valid string', 'input': None}

  File "D:\ControlledCopy\Inidawish\backend\app\api\endpoints\marketplace.py", line 23, in get_listings
    GET /api/listings

Global exception caught: 1 validation error:
  {'type': 'string_type', 'loc': ('response', 0, 'category_id'), 'msg': 'Input should be a valid string', 'input': None}

  File "D:\ControlledCopy\Inidawish\backend\app\api\endpoints\marketplace.py", line 30, in get_my_listings
    GET /api/listings/my
Traceback (most recent call last):
  File "D:\ControlledCopy\Inidawish\backend\venv\Lib\site-packages\starlette\middleware\errors.py", line 164, in __call__
    await self.app(scope, receive, _send)
  File "D:\ControlledCopy\Inidawish\backend\venv\Lib\site-packages\starlette\middleware\cors.py", line 95, in __call__
    await self.simple_response(scope, receive, send, request_headers=headers)
  File "D:\ControlledCopy\Inidawish\backend\venv\Lib\site-packages\starlette\middleware\cors.py", line 153, in simple_response
    await self.app(scope, receive, send)
  File "D:\ControlledCopy\Inidawish\backend\venv\Lib\site-packages\starlette\middleware\exceptions.py", line 63, in __call__
    await wrap_app_handling_exceptions(self.app, conn)(scope, receive, send)
  File "D:\ControlledCopy\Inidawish\backend\venv\Lib\site-packages\starlette\_exception_handler.py", line 53, in wrapped_app
    raise exc
  File "D:\ControlledCopy\Inidawish\backend\venv\Lib\site-packages\starlette\_exception_handler.py", line 42, in wrapped_app
    await app(scope, receive, sender)
  File "D:\ControlledCopy\Inidawish\backend\venv\Lib\site-packages\fastapi\middleware\asyncexitstack.py", line 18, in __call__
    await self.app(scope, receive, send)
  File "D:\ControlledCopy\Inidawish\backend\venv\Lib\site-packages\starlette\routing.py", line 716, in __call__
    await self.middleware_stack(scope, receive, send)
  File "D:\ControlledCopy\Inidawish\backend\venv\Lib\site-packages\starlette\routing.py", line 736, in app
    await route.handle(scope, receive, send)
  File "D:\ControlledCopy\Inidawish\backend\venv\Lib\site-packages\starlette\routing.py", line 290, in handle
    await self.app(scope, receive, send)
  File "D:\ControlledCopy\Inidawish\backend\venv\Lib\site-packages\fastapi\routing.py", line 122, in app
    await wrap_app_handling_exceptions(app, request)(scope, receive, send)
  File "D:\ControlledCopy\Inidawish\backend\venv\Lib\site-packages\starlette\_exception_handler.py", line 53, in wrapped_app
    raise exc
  File "D:\ControlledCopy\Inidawish\backend\venv\Lib\site-packages\starlette\_exception_handler.py", line 42, in wrapped_app
    await app(scope, receive, sender)
  File "D:\ControlledCopy\Inidawish\backend\venv\Lib\site-packages\fastapi\routing.py", line 108, in app
    response = await f(request)
               ^^^^^^^^^^^^^^^^
  File "D:\ControlledCopy\Inidawish\backend\venv\Lib\site-packages\fastapi\routing.py", line 553, in app
    content = await serialize_response(
              ^^^^^^^^^^^^^^^^^^^^^^^^^
    ...<11 lines>...
    )
    ^
  File "D:\ControlledCopy\Inidawish\backend\venv\Lib\site-packages\fastapi\routing.py", line 288, in serialize_response
    raise ResponseValidationError(
    ...<3 lines>...
    )
fastapi.exceptions.ResponseValidationError: 1 validation error:
  {'type': 'string_type', 'loc': ('response', 0, 'category_id'), 'msg': 'Input should be a valid string', 'input': None}

  File "D:\ControlledCopy\Inidawish\backend\app\api\endpoints\marketplace.py", line 30, in get_my_listings
    GET /api/listings/my

Global exception caught: 6 validation errors:
  {'type': 'string_type', 'loc': ('response', 0, 'category_id'), 'msg': 'Input should be a valid string', 'input': None}
  {'type': 'string_type', 'loc': ('response', 1, 'category_id'), 'msg': 'Input should be a valid string', 'input': None}
  {'type': 'string_type', 'loc': ('response', 2, 'category_id'), 'msg': 'Input should be a valid string', 'input': None}
  {'type': 'string_type', 'loc': ('response', 3, 'category_id'), 'msg': 'Input should be a valid string', 'input': None}
  {'type': 'string_type', 'loc': ('response', 4, 'category_id'), 'msg': 'Input should be a valid string', 'input': None}
  {'type': 'string_type', 'loc': ('response', 5, 'category_id'), 'msg': 'Input should be a valid string', 'input': None}

  File "D:\ControlledCopy\Inidawish\backend\app\api\endpoints\marketplace.py", line 56, in get_recent_interactions
    GET /api/listings/home/recent
Traceback (most recent call last):
  File "D:\ControlledCopy\Inidawish\backend\venv\Lib\site-packages\starlette\middleware\errors.py", line 164, in __call__
    await self.app(scope, receive, _send)
  File "D:\ControlledCopy\Inidawish\backend\venv\Lib\site-packages\starlette\middleware\cors.py", line 95, in __call__
    await self.simple_response(scope, receive, send, request_headers=headers)
  File "D:\ControlledCopy\Inidawish\backend\venv\Lib\site-packages\starlette\middleware\cors.py", line 153, in simple_response
    await self.app(scope, receive, send)
  File "D:\ControlledCopy\Inidawish\backend\venv\Lib\site-packages\starlette\middleware\exceptions.py", line 63, in __call__
    await wrap_app_handling_exceptions(self.app, conn)(scope, receive, send)
  File "D:\ControlledCopy\Inidawish\backend\venv\Lib\site-packages\starlette\_exception_handler.py", line 53, in wrapped_app
    raise exc
  File "D:\ControlledCopy\Inidawish\backend\venv\Lib\site-packages\starlette\_exception_handler.py", line 42, in wrapped_app
    await app(scope, receive, sender)
  File "D:\ControlledCopy\Inidawish\backend\venv\Lib\site-packages\fastapi\middleware\asyncexitstack.py", line 18, in __call__
    await self.app(scope, receive, send)
  File "D:\ControlledCopy\Inidawish\backend\venv\Lib\site-packages\starlette\routing.py", line 716, in __call__
    await self.middleware_stack(scope, receive, send)
  File "D:\ControlledCopy\Inidawish\backend\venv\Lib\site-packages\starlette\routing.py", line 736, in app
    await route.handle(scope, receive, send)
  File "D:\ControlledCopy\Inidawish\backend\venv\Lib\site-packages\starlette\routing.py", line 290, in handle
    await self.app(scope, receive, send)
  File "D:\ControlledCopy\Inidawish\backend\venv\Lib\site-packages\fastapi\routing.py", line 122, in app
    await wrap_app_handling_exceptions(app, request)(scope, receive, send)
  File "D:\ControlledCopy\Inidawish\backend\venv\Lib\site-packages\starlette\_exception_handler.py", line 53, in wrapped_app
    raise exc
  File "D:\ControlledCopy\Inidawish\backend\venv\Lib\site-packages\starlette\_exception_handler.py", line 42, in wrapped_app
    await app(scope, receive, sender)
  File "D:\ControlledCopy\Inidawish\backend\venv\Lib\site-packages\fastapi\routing.py", line 108, in app
    response = await f(request)
               ^^^^^^^^^^^^^^^^
  File "D:\ControlledCopy\Inidawish\backend\venv\Lib\site-packages\fastapi\routing.py", line 553, in app
    content = await serialize_response(
              ^^^^^^^^^^^^^^^^^^^^^^^^^
    ...<11 lines>...
    )
    ^
  File "D:\ControlledCopy\Inidawish\backend\venv\Lib\site-packages\fastapi\routing.py", line 288, in serialize_response
    raise ResponseValidationError(
    ...<3 lines>...
    )
fastapi.exceptions.ResponseValidationError: 6 validation errors:
  {'type': 'string_type', 'loc': ('response', 0, 'category_id'), 'msg': 'Input should be a valid string', 'input': None}
  {'type': 'string_type', 'loc': ('response', 1, 'category_id'), 'msg': 'Input should be a valid string', 'input': None}
  {'type': 'string_type', 'loc': ('response', 2, 'category_id'), 'msg': 'Input should be a valid string', 'input': None}
  {'type': 'string_type', 'loc': ('response', 3, 'category_id'), 'msg': 'Input should be a valid string', 'input': None}
  {'type': 'string_type', 'loc': ('response', 4, 'category_id'), 'msg': 'Input should be a valid string', 'input': None}
  {'type': 'string_type', 'loc': ('response', 5, 'category_id'), 'msg': 'Input should be a valid string', 'input': None}

  File "D:\ControlledCopy\Inidawish\backend\app\api\endpoints\marketplace.py", line 56, in get_recent_interactions
    GET /api/listings/home/recent

Global exception caught: 1 validation error:
  {'type': 'string_type', 'loc': ('response', 0, 'category_id'), 'msg': 'Input should be a valid string', 'input': None}

  File "D:\ControlledCopy\Inidawish\backend\app\api\endpoints\marketplace.py", line 30, in get_my_listings
    GET /api/listings/my
Traceback (most recent call last):
  File "D:\ControlledCopy\Inidawish\backend\venv\Lib\site-packages\starlette\middleware\errors.py", line 164, in __call__
    await self.app(scope, receive, _send)
  File "D:\ControlledCopy\Inidawish\backend\venv\Lib\site-packages\starlette\middleware\cors.py", line 95, in __call__
    await self.simple_response(scope, receive, send, request_headers=headers)
  File "D:\ControlledCopy\Inidawish\backend\venv\Lib\site-packages\starlette\middleware\cors.py", line 153, in simple_response
    await self.app(scope, receive, send)
  File "D:\ControlledCopy\Inidawish\backend\venv\Lib\site-packages\starlette\middleware\exceptions.py", line 63, in __call__
    await wrap_app_handling_exceptions(self.app, conn)(scope, receive, send)
  File "D:\ControlledCopy\Inidawish\backend\venv\Lib\site-packages\starlette\_exception_handler.py", line 53, in wrapped_app
    raise exc
  File "D:\ControlledCopy\Inidawish\backend\venv\Lib\site-packages\starlette\_exception_handler.py", line 42, in wrapped_app
    await app(scope, receive, sender)
  File "D:\ControlledCopy\Inidawish\backend\venv\Lib\site-packages\fastapi\middleware\asyncexitstack.py", line 18, in __call__
    await self.app(scope, receive, send)
  File "D:\ControlledCopy\Inidawish\backend\venv\Lib\site-packages\starlette\routing.py", line 716, in __call__
    await self.middleware_stack(scope, receive, send)
  File "D:\ControlledCopy\Inidawish\backend\venv\Lib\site-packages\starlette\routing.py", line 736, in app
    await route.handle(scope, receive, send)
  File "D:\ControlledCopy\Inidawish\backend\venv\Lib\site-packages\starlette\routing.py", line 290, in handle
    await self.app(scope, receive, send)
  File "D:\ControlledCopy\Inidawish\backend\venv\Lib\site-packages\fastapi\routing.py", line 122, in app
    await wrap_app_handling_exceptions(app, request)(scope, receive, send)
  File "D:\ControlledCopy\Inidawish\backend\venv\Lib\site-packages\starlette\_exception_handler.py", line 53, in wrapped_app
    raise exc
  File "D:\ControlledCopy\Inidawish\backend\venv\Lib\site-packages\starlette\_exception_handler.py", line 42, in wrapped_app
    await app(scope, receive, sender)
  File "D:\ControlledCopy\Inidawish\backend\venv\Lib\site-packages\fastapi\routing.py", line 108, in app
    response = await f(request)
               ^^^^^^^^^^^^^^^^
  File "D:\ControlledCopy\Inidawish\backend\venv\Lib\site-packages\fastapi\routing.py", line 553, in app
    content = await serialize_response(
              ^^^^^^^^^^^^^^^^^^^^^^^^^
    ...<11 lines>...
    )
    ^
  File "D:\ControlledCopy\Inidawish\backend\venv\Lib\site-packages\fastapi\routing.py", line 288, in serialize_response
    raise ResponseValidationError(
    ...<3 lines>...
    )
fastapi.exceptions.ResponseValidationError: 1 validation error:
  {'type': 'string_type', 'loc': ('response', 0, 'category_id'), 'msg': 'Input should be a valid string', 'input': None}

  File "D:\ControlledCopy\Inidawish\backend\app\api\endpoints\marketplace.py", line 30, in get_my_listings
    GET /api/listings/my

Global exception caught: 12 validation errors:
  {'type': 'string_type', 'loc': ('response', 1, 'category_id'), 'msg': 'Input should be a valid string', 'input': None}
  {'type': 'string_type', 'loc': ('response', 2, 'category_id'), 'msg': 'Input should be a valid string', 'input': None}
  {'type': 'string_type', 'loc': ('response', 3, 'category_id'), 'msg': 'Input should be a valid string', 'input': None}
  {'type': 'string_type', 'loc': ('response', 4, 'category_id'), 'msg': 'Input should be a valid string', 'input': None}
  {'type': 'string_type', 'loc': ('response', 5, 'category_id'), 'msg': 'Input should be a valid string', 'input': None}
  {'type': 'string_type', 'loc': ('response', 6, 'category_id'), 'msg': 'Input should be a valid string', 'input': None}
  {'type': 'string_type', 'loc': ('response', 7, 'category_id'), 'msg': 'Input should be a valid string', 'input': None}
  {'type': 'string_type', 'loc': ('response', 8, 'category_id'), 'msg': 'Input should be a valid string', 'input': None}
  {'type': 'string_type', 'loc': ('response', 9, 'category_id'), 'msg': 'Input should be a valid string', 'input': None}
  {'type': 'string_type', 'loc': ('response', 10, 'category_id'), 'msg': 'Input should be a valid string', 'input': None}
  {'type': 'string_type', 'loc': ('response', 11, 'category_id'), 'msg': 'Input should be a valid string', 'input': None}
  {'type': 'string_type', 'loc': ('response', 12, 'category_id'), 'msg': 'Input should be a valid string', 'input': None}

  File "D:\ControlledCopy\Inidawish\backend\app\api\endpoints\marketplace.py", line 23, in get_listings
    GET /api/listings
Traceback (most recent call last):
  File "D:\ControlledCopy\Inidawish\backend\venv\Lib\site-packages\starlette\middleware\errors.py", line 164, in __call__
    await self.app(scope, receive, _send)
  File "D:\ControlledCopy\Inidawish\backend\venv\Lib\site-packages\starlette\middleware\cors.py", line 95, in __call__
    await self.simple_response(scope, receive, send, request_headers=headers)
  File "D:\ControlledCopy\Inidawish\backend\venv\Lib\site-packages\starlette\middleware\cors.py", line 153, in simple_response
    await self.app(scope, receive, send)
  File "D:\ControlledCopy\Inidawish\backend\venv\Lib\site-packages\starlette\middleware\exceptions.py", line 63, in __call__
    await wrap_app_handling_exceptions(self.app, conn)(scope, receive, send)
  File "D:\ControlledCopy\Inidawish\backend\venv\Lib\site-packages\starlette\_exception_handler.py", line 53, in wrapped_app
    raise exc
  File "D:\ControlledCopy\Inidawish\backend\venv\Lib\site-packages\starlette\_exception_handler.py", line 42, in wrapped_app
    await app(scope, receive, sender)
  File "D:\ControlledCopy\Inidawish\backend\venv\Lib\site-packages\fastapi\middleware\asyncexitstack.py", line 18, in __call__
    await self.app(scope, receive, send)
  File "D:\ControlledCopy\Inidawish\backend\venv\Lib\site-packages\starlette\routing.py", line 716, in __call__
    await self.middleware_stack(scope, receive, send)
  File "D:\ControlledCopy\Inidawish\backend\venv\Lib\site-packages\starlette\routing.py", line 736, in app
    await route.handle(scope, receive, send)
  File "D:\ControlledCopy\Inidawish\backend\venv\Lib\site-packages\starlette\routing.py", line 290, in handle
    await self.app(scope, receive, send)
  File "D:\ControlledCopy\Inidawish\backend\venv\Lib\site-packages\fastapi\routing.py", line 122, in app
    await wrap_app_handling_exceptions(app, request)(scope, receive, send)
  File "D:\ControlledCopy\Inidawish\backend\venv\Lib\site-packages\starlette\_exception_handler.py", line 53, in wrapped_app
    raise exc
  File "D:\ControlledCopy\Inidawish\backend\venv\Lib\site-packages\starlette\_exception_handler.py", line 42, in wrapped_app
    await app(scope, receive, sender)
  File "D:\ControlledCopy\Inidawish\backend\venv\Lib\site-packages\fastapi\routing.py", line 108, in app
    response = await f(request)
               ^^^^^^^^^^^^^^^^
  File "D:\ControlledCopy\Inidawish\backend\venv\Lib\site-packages\fastapi\routing.py", line 553, in app
    content = await serialize_response(
              ^^^^^^^^^^^^^^^^^^^^^^^^^
    ...<11 lines>...
    )
    ^
  File "D:\ControlledCopy\Inidawish\backend\venv\Lib\site-packages\fastapi\routing.py", line 288, in serialize_response
    raise ResponseValidationError(
    ...<3 lines>...
    )
fastapi.exceptions.ResponseValidationError: 12 validation errors:
  {'type': 'string_type', 'loc': ('response', 1, 'category_id'), 'msg': 'Input should be a valid string', 'input': None}
  {'type': 'string_type', 'loc': ('response', 2, 'category_id'), 'msg': 'Input should be a valid string', 'input': None}
  {'type': 'string_type', 'loc': ('response', 3, 'category_id'), 'msg': 'Input should be a valid string', 'input': None}
  {'type': 'string_type', 'loc': ('response', 4, 'category_id'), 'msg': 'Input should be a valid string', 'input': None}
  {'type': 'string_type', 'loc': ('response', 5, 'category_id'), 'msg': 'Input should be a valid string', 'input': None}
  {'type': 'string_type', 'loc': ('response', 6, 'category_id'), 'msg': 'Input should be a valid string', 'input': None}
  {'type': 'string_type', 'loc': ('response', 7, 'category_id'), 'msg': 'Input should be a valid string', 'input': None}
  {'type': 'string_type', 'loc': ('response', 8, 'category_id'), 'msg': 'Input should be a valid string', 'input': None}
  {'type': 'string_type', 'loc': ('response', 9, 'category_id'), 'msg': 'Input should be a valid string', 'input': None}
  {'type': 'string_type', 'loc': ('response', 10, 'category_id'), 'msg': 'Input should be a valid string', 'input': None}
  {'type': 'string_type', 'loc': ('response', 11, 'category_id'), 'msg': 'Input should be a valid string', 'input': None}
  {'type': 'string_type', 'loc': ('response', 12, 'category_id'), 'msg': 'Input should be a valid string', 'input': None}

  File "D:\ControlledCopy\Inidawish\backend\app\api\endpoints\marketplace.py", line 23, in get_listings
    GET /api/listings

Global exception caught: 12 validation errors:
  {'type': 'string_type', 'loc': ('response', 4, 'category_id'), 'msg': 'Input should be a valid string', 'input': None}
  {'type': 'string_type', 'loc': ('response', 5, 'category_id'), 'msg': 'Input should be a valid string', 'input': None}
  {'type': 'string_type', 'loc': ('response', 6, 'category_id'), 'msg': 'Input should be a valid string', 'input': None}
  {'type': 'string_type', 'loc': ('response', 7, 'category_id'), 'msg': 'Input should be a valid string', 'input': None}
  {'type': 'string_type', 'loc': ('response', 8, 'category_id'), 'msg': 'Input should be a valid string', 'input': None}
  {'type': 'string_type', 'loc': ('response', 9, 'category_id'), 'msg': 'Input should be a valid string', 'input': None}
  {'type': 'string_type', 'loc': ('response', 10, 'category_id'), 'msg': 'Input should be a valid string', 'input': None}
  {'type': 'string_type', 'loc': ('response', 11, 'category_id'), 'msg': 'Input should be a valid string', 'input': None}
  {'type': 'string_type', 'loc': ('response', 12, 'category_id'), 'msg': 'Input should be a valid string', 'input': None}
  {'type': 'string_type', 'loc': ('response', 13, 'category_id'), 'msg': 'Input should be a valid string', 'input': None}
  {'type': 'string_type', 'loc': ('response', 14, 'category_id'), 'msg': 'Input should be a valid string', 'input': None}
  {'type': 'string_type', 'loc': ('response', 16, 'category_id'), 'msg': 'Input should be a valid string', 'input': None}

  File "D:\ControlledCopy\Inidawish\backend\app\api\endpoints\marketplace.py", line 51, in get_fresh_recommendations
    GET /api/listings/home/fresh
Traceback (most recent call last):
  File "D:\ControlledCopy\Inidawish\backend\venv\Lib\site-packages\starlette\middleware\errors.py", line 164, in __call__
    await self.app(scope, receive, _send)
  File "D:\ControlledCopy\Inidawish\backend\venv\Lib\site-packages\starlette\middleware\cors.py", line 95, in __call__
    await self.simple_response(scope, receive, send, request_headers=headers)
  File "D:\ControlledCopy\Inidawish\backend\venv\Lib\site-packages\starlette\middleware\cors.py", line 153, in simple_response
    await self.app(scope, receive, send)
  File "D:\ControlledCopy\Inidawish\backend\venv\Lib\site-packages\starlette\middleware\exceptions.py", line 63, in __call__
    await wrap_app_handling_exceptions(self.app, conn)(scope, receive, send)
  File "D:\ControlledCopy\Inidawish\backend\venv\Lib\site-packages\starlette\_exception_handler.py", line 53, in wrapped_app
    raise exc
  File "D:\ControlledCopy\Inidawish\backend\venv\Lib\site-packages\starlette\_exception_handler.py", line 42, in wrapped_app
    await app(scope, receive, sender)
  File "D:\ControlledCopy\Inidawish\backend\venv\Lib\site-packages\fastapi\middleware\asyncexitstack.py", line 18, in __call__
    await self.app(scope, receive, send)
  File "D:\ControlledCopy\Inidawish\backend\venv\Lib\site-packages\starlette\routing.py", line 716, in __call__
    await self.middleware_stack(scope, receive, send)
  File "D:\ControlledCopy\Inidawish\backend\venv\Lib\site-packages\starlette\routing.py", line 736, in app
    await route.handle(scope, receive, send)
  File "D:\ControlledCopy\Inidawish\backend\venv\Lib\site-packages\starlette\routing.py", line 290, in handle
    await self.app(scope, receive, send)
  File "D:\ControlledCopy\Inidawish\backend\venv\Lib\site-packages\fastapi\routing.py", line 122, in app
    await wrap_app_handling_exceptions(app, request)(scope, receive, send)
  File "D:\ControlledCopy\Inidawish\backend\venv\Lib\site-packages\starlette\_exception_handler.py", line 53, in wrapped_app
    raise exc
  File "D:\ControlledCopy\Inidawish\backend\venv\Lib\site-packages\starlette\_exception_handler.py", line 42, in wrapped_app
    await app(scope, receive, sender)
  File "D:\ControlledCopy\Inidawish\backend\venv\Lib\site-packages\fastapi\routing.py", line 108, in app
    response = await f(request)
               ^^^^^^^^^^^^^^^^
  File "D:\ControlledCopy\Inidawish\backend\venv\Lib\site-packages\fastapi\routing.py", line 553, in app
    content = await serialize_response(
              ^^^^^^^^^^^^^^^^^^^^^^^^^
    ...<11 lines>...
    )
    ^
  File "D:\ControlledCopy\Inidawish\backend\venv\Lib\site-packages\fastapi\routing.py", line 288, in serialize_response
    raise ResponseValidationError(
    ...<3 lines>...
    )
fastapi.exceptions.ResponseValidationError: 12 validation errors:
  {'type': 'string_type', 'loc': ('response', 4, 'category_id'), 'msg': 'Input should be a valid string', 'input': None}
  {'type': 'string_type', 'loc': ('response', 5, 'category_id'), 'msg': 'Input should be a valid string', 'input': None}
  {'type': 'string_type', 'loc': ('response', 6, 'category_id'), 'msg': 'Input should be a valid string', 'input': None}
  {'type': 'string_type', 'loc': ('response', 7, 'category_id'), 'msg': 'Input should be a valid string', 'input': None}
  {'type': 'string_type', 'loc': ('response', 8, 'category_id'), 'msg': 'Input should be a valid string', 'input': None}
  {'type': 'string_type', 'loc': ('response', 9, 'category_id'), 'msg': 'Input should be a valid string', 'input': None}
  {'type': 'string_type', 'loc': ('response', 10, 'category_id'), 'msg': 'Input should be a valid string', 'input': None}
  {'type': 'string_type', 'loc': ('response', 11, 'category_id'), 'msg': 'Input should be a valid string', 'input': None}
  {'type': 'string_type', 'loc': ('response', 12, 'category_id'), 'msg': 'Input should be a valid string', 'input': None}
  {'type': 'string_type', 'loc': ('response', 13, 'category_id'), 'msg': 'Input should be a valid string', 'input': None}
  {'type': 'string_type', 'loc': ('response', 14, 'category_id'), 'msg': 'Input should be a valid string', 'input': None}
  {'type': 'string_type', 'loc': ('response', 16, 'category_id'), 'msg': 'Input should be a valid string', 'input': None}

  File "D:\ControlledCopy\Inidawish\backend\app\api\endpoints\marketplace.py", line 51, in get_fresh_recommendations
    GET /api/listings/home/fresh

Global exception caught: 6 validation errors:
  {'type': 'string_type', 'loc': ('response', 0, 'category_id'), 'msg': 'Input should be a valid string', 'input': None}
  {'type': 'string_type', 'loc': ('response', 1, 'category_id'), 'msg': 'Input should be a valid string', 'input': None}
  {'type': 'string_type', 'loc': ('response', 2, 'category_id'), 'msg': 'Input should be a valid string', 'input': None}
  {'type': 'string_type', 'loc': ('response', 3, 'category_id'), 'msg': 'Input should be a valid string', 'input': None}
  {'type': 'string_type', 'loc': ('response', 4, 'category_id'), 'msg': 'Input should be a valid string', 'input': None}
  {'type': 'string_type', 'loc': ('response', 5, 'category_id'), 'msg': 'Input should be a valid string', 'input': None}

  File "D:\ControlledCopy\Inidawish\backend\app\api\endpoints\marketplace.py", line 56, in get_recent_interactions
    GET /api/listings/home/recent
Traceback (most recent call last):
  File "D:\ControlledCopy\Inidawish\backend\venv\Lib\site-packages\starlette\middleware\errors.py", line 164, in __call__
    await self.app(scope, receive, _send)
  File "D:\ControlledCopy\Inidawish\backend\venv\Lib\site-packages\starlette\middleware\cors.py", line 95, in __call__
    await self.simple_response(scope, receive, send, request_headers=headers)
  File "D:\ControlledCopy\Inidawish\backend\venv\Lib\site-packages\starlette\middleware\cors.py", line 153, in simple_response
    await self.app(scope, receive, send)
  File "D:\ControlledCopy\Inidawish\backend\venv\Lib\site-packages\starlette\middleware\exceptions.py", line 63, in __call__
    await wrap_app_handling_exceptions(self.app, conn)(scope, receive, send)
  File "D:\ControlledCopy\Inidawish\backend\venv\Lib\site-packages\starlette\_exception_handler.py", line 53, in wrapped_app
    raise exc
  File "D:\ControlledCopy\Inidawish\backend\venv\Lib\site-packages\starlette\_exception_handler.py", line 42, in wrapped_app
    await app(scope, receive, sender)
  File "D:\ControlledCopy\Inidawish\backend\venv\Lib\site-packages\fastapi\middleware\asyncexitstack.py", line 18, in __call__
    await self.app(scope, receive, send)
  File "D:\ControlledCopy\Inidawish\backend\venv\Lib\site-packages\starlette\routing.py", line 716, in __call__
    await self.middleware_stack(scope, receive, send)
  File "D:\ControlledCopy\Inidawish\backend\venv\Lib\site-packages\starlette\routing.py", line 736, in app
    await route.handle(scope, receive, send)
  File "D:\ControlledCopy\Inidawish\backend\venv\Lib\site-packages\starlette\routing.py", line 290, in handle
    await self.app(scope, receive, send)
  File "D:\ControlledCopy\Inidawish\backend\venv\Lib\site-packages\fastapi\routing.py", line 122, in app
    await wrap_app_handling_exceptions(app, request)(scope, receive, send)
  File "D:\ControlledCopy\Inidawish\backend\venv\Lib\site-packages\starlette\_exception_handler.py", line 53, in wrapped_app
    raise exc
  File "D:\ControlledCopy\Inidawish\backend\venv\Lib\site-packages\starlette\_exception_handler.py", line 42, in wrapped_app
    await app(scope, receive, sender)
  File "D:\ControlledCopy\Inidawish\backend\venv\Lib\site-packages\fastapi\routing.py", line 108, in app
    response = await f(request)
               ^^^^^^^^^^^^^^^^
  File "D:\ControlledCopy\Inidawish\backend\venv\Lib\site-packages\fastapi\routing.py", line 553, in app
    content = await serialize_response(
              ^^^^^^^^^^^^^^^^^^^^^^^^^
    ...<11 lines>...
    )
    ^
  File "D:\ControlledCopy\Inidawish\backend\venv\Lib\site-packages\fastapi\routing.py", line 288, in serialize_response
    raise ResponseValidationError(
    ...<3 lines>...
    )
fastapi.exceptions.ResponseValidationError: 6 validation errors:
  {'type': 'string_type', 'loc': ('response', 0, 'category_id'), 'msg': 'Input should be a valid string', 'input': None}
  {'type': 'string_type', 'loc': ('response', 1, 'category_id'), 'msg': 'Input should be a valid string', 'input': None}
  {'type': 'string_type', 'loc': ('response', 2, 'category_id'), 'msg': 'Input should be a valid string', 'input': None}
  {'type': 'string_type', 'loc': ('response', 3, 'category_id'), 'msg': 'Input should be a valid string', 'input': None}
  {'type': 'string_type', 'loc': ('response', 4, 'category_id'), 'msg': 'Input should be a valid string', 'input': None}
  {'type': 'string_type', 'loc': ('response', 5, 'category_id'), 'msg': 'Input should be a valid string', 'input': None}

  File "D:\ControlledCopy\Inidawish\backend\app\api\endpoints\marketplace.py", line 56, in get_recent_interactions
    GET /api/listings/home/recent

Global exception caught: 1 validation error:
  {'type': 'string_type', 'loc': ('response', 0, 'category_id'), 'msg': 'Input should be a valid string', 'input': None}

  File "D:\ControlledCopy\Inidawish\backend\app\api\endpoints\marketplace.py", line 30, in get_my_listings
    GET /api/listings/my
Traceback (most recent call last):
  File "D:\ControlledCopy\Inidawish\backend\venv\Lib\site-packages\starlette\middleware\errors.py", line 164, in __call__
    await self.app(scope, receive, _send)
  File "D:\ControlledCopy\Inidawish\backend\venv\Lib\site-packages\starlette\middleware\cors.py", line 95, in __call__
    await self.simple_response(scope, receive, send, request_headers=headers)
  File "D:\ControlledCopy\Inidawish\backend\venv\Lib\site-packages\starlette\middleware\cors.py", line 153, in simple_response
    await self.app(scope, receive, send)
  File "D:\ControlledCopy\Inidawish\backend\venv\Lib\site-packages\starlette\middleware\exceptions.py", line 63, in __call__
    await wrap_app_handling_exceptions(self.app, conn)(scope, receive, send)
  File "D:\ControlledCopy\Inidawish\backend\venv\Lib\site-packages\starlette\_exception_handler.py", line 53, in wrapped_app
    raise exc
  File "D:\ControlledCopy\Inidawish\backend\venv\Lib\site-packages\starlette\_exception_handler.py", line 42, in wrapped_app
    await app(scope, receive, sender)
  File "D:\ControlledCopy\Inidawish\backend\venv\Lib\site-packages\fastapi\middleware\asyncexitstack.py", line 18, in __call__
    await self.app(scope, receive, send)
  File "D:\ControlledCopy\Inidawish\backend\venv\Lib\site-packages\starlette\routing.py", line 716, in __call__
    await self.middleware_stack(scope, receive, send)
  File "D:\ControlledCopy\Inidawish\backend\venv\Lib\site-packages\starlette\routing.py", line 736, in app
    await route.handle(scope, receive, send)
  File "D:\ControlledCopy\Inidawish\backend\venv\Lib\site-packages\starlette\routing.py", line 290, in handle
    await self.app(scope, receive, send)
  File "D:\ControlledCopy\Inidawish\backend\venv\Lib\site-packages\fastapi\routing.py", line 122, in app
    await wrap_app_handling_exceptions(app, request)(scope, receive, send)
  File "D:\ControlledCopy\Inidawish\backend\venv\Lib\site-packages\starlette\_exception_handler.py", line 53, in wrapped_app
    raise exc
  File "D:\ControlledCopy\Inidawish\backend\venv\Lib\site-packages\starlette\_exception_handler.py", line 42, in wrapped_app
    await app(scope, receive, sender)
  File "D:\ControlledCopy\Inidawish\backend\venv\Lib\site-packages\fastapi\routing.py", line 108, in app
    response = await f(request)
               ^^^^^^^^^^^^^^^^
  File "D:\ControlledCopy\Inidawish\backend\venv\Lib\site-packages\fastapi\routing.py", line 553, in app
    content = await serialize_response(
              ^^^^^^^^^^^^^^^^^^^^^^^^^
    ...<11 lines>...
    )
    ^
  File "D:\ControlledCopy\Inidawish\backend\venv\Lib\site-packages\fastapi\routing.py", line 288, in serialize_response
    raise ResponseValidationError(
    ...<3 lines>...
    )
fastapi.exceptions.ResponseValidationError: 1 validation error:
  {'type': 'string_type', 'loc': ('response', 0, 'category_id'), 'msg': 'Input should be a valid string', 'input': None}

  File "D:\ControlledCopy\Inidawish\backend\app\api\endpoints\marketplace.py", line 30, in get_my_listings
    GET /api/listings/my

Global exception caught: 12 validation errors:
  {'type': 'string_type', 'loc': ('response', 4, 'category_id'), 'msg': 'Input should be a valid string', 'input': None}
  {'type': 'string_type', 'loc': ('response', 5, 'category_id'), 'msg': 'Input should be a valid string', 'input': None}
  {'type': 'string_type', 'loc': ('response', 6, 'category_id'), 'msg': 'Input should be a valid string', 'input': None}
  {'type': 'string_type', 'loc': ('response', 7, 'category_id'), 'msg': 'Input should be a valid string', 'input': None}
  {'type': 'string_type', 'loc': ('response', 8, 'category_id'), 'msg': 'Input should be a valid string', 'input': None}
  {'type': 'string_type', 'loc': ('response', 9, 'category_id'), 'msg': 'Input should be a valid string', 'input': None}
  {'type': 'string_type', 'loc': ('response', 10, 'category_id'), 'msg': 'Input should be a valid string', 'input': None}
  {'type': 'string_type', 'loc': ('response', 11, 'category_id'), 'msg': 'Input should be a valid string', 'input': None}
  {'type': 'string_type', 'loc': ('response', 12, 'category_id'), 'msg': 'Input should be a valid string', 'input': None}
  {'type': 'string_type', 'loc': ('response', 13, 'category_id'), 'msg': 'Input should be a valid string', 'input': None}
  {'type': 'string_type', 'loc': ('response', 14, 'category_id'), 'msg': 'Input should be a valid string', 'input': None}
  {'type': 'string_type', 'loc': ('response', 16, 'category_id'), 'msg': 'Input should be a valid string', 'input': None}

  File "D:\ControlledCopy\Inidawish\backend\app\api\endpoints\marketplace.py", line 51, in get_fresh_recommendations
    GET /api/listings/home/fresh
Traceback (most recent call last):
  File "D:\ControlledCopy\Inidawish\backend\venv\Lib\site-packages\starlette\middleware\errors.py", line 164, in __call__
    await self.app(scope, receive, _send)
  File "D:\ControlledCopy\Inidawish\backend\venv\Lib\site-packages\starlette\middleware\cors.py", line 95, in __call__
    await self.simple_response(scope, receive, send, request_headers=headers)
  File "D:\ControlledCopy\Inidawish\backend\venv\Lib\site-packages\starlette\middleware\cors.py", line 153, in simple_response
    await self.app(scope, receive, send)
  File "D:\ControlledCopy\Inidawish\backend\venv\Lib\site-packages\starlette\middleware\exceptions.py", line 63, in __call__
    await wrap_app_handling_exceptions(self.app, conn)(scope, receive, send)
  File "D:\ControlledCopy\Inidawish\backend\venv\Lib\site-packages\starlette\_exception_handler.py", line 53, in wrapped_app
    raise exc
  File "D:\ControlledCopy\Inidawish\backend\venv\Lib\site-packages\starlette\_exception_handler.py", line 42, in wrapped_app
    await app(scope, receive, sender)
  File "D:\ControlledCopy\Inidawish\backend\venv\Lib\site-packages\fastapi\middleware\asyncexitstack.py", line 18, in __call__
    await self.app(scope, receive, send)
  File "D:\ControlledCopy\Inidawish\backend\venv\Lib\site-packages\starlette\routing.py", line 716, in __call__
    await self.middleware_stack(scope, receive, send)
  File "D:\ControlledCopy\Inidawish\backend\venv\Lib\site-packages\starlette\routing.py", line 736, in app
    await route.handle(scope, receive, send)
  File "D:\ControlledCopy\Inidawish\backend\venv\Lib\site-packages\starlette\routing.py", line 290, in handle
    await self.app(scope, receive, send)
  File "D:\ControlledCopy\Inidawish\backend\venv\Lib\site-packages\fastapi\routing.py", line 122, in app
    await wrap_app_handling_exceptions(app, request)(scope, receive, send)
  File "D:\ControlledCopy\Inidawish\backend\venv\Lib\site-packages\starlette\_exception_handler.py", line 53, in wrapped_app
    raise exc
  File "D:\ControlledCopy\Inidawish\backend\venv\Lib\site-packages\starlette\_exception_handler.py", line 42, in wrapped_app
    await app(scope, receive, sender)
  File "D:\ControlledCopy\Inidawish\backend\venv\Lib\site-packages\fastapi\routing.py", line 108, in app
    response = await f(request)
               ^^^^^^^^^^^^^^^^
  File "D:\ControlledCopy\Inidawish\backend\venv\Lib\site-packages\fastapi\routing.py", line 553, in app
    content = await serialize_response(
              ^^^^^^^^^^^^^^^^^^^^^^^^^
    ...<11 lines>...
    )
    ^
  File "D:\ControlledCopy\Inidawish\backend\venv\Lib\site-packages\fastapi\routing.py", line 288, in serialize_response
    raise ResponseValidationError(
    ...<3 lines>...
    )
fastapi.exceptions.ResponseValidationError: 12 validation errors:
  {'type': 'string_type', 'loc': ('response', 4, 'category_id'), 'msg': 'Input should be a valid string', 'input': None}
  {'type': 'string_type', 'loc': ('response', 5, 'category_id'), 'msg': 'Input should be a valid string', 'input': None}
  {'type': 'string_type', 'loc': ('response', 6, 'category_id'), 'msg': 'Input should be a valid string', 'input': None}
  {'type': 'string_type', 'loc': ('response', 7, 'category_id'), 'msg': 'Input should be a valid string', 'input': None}
  {'type': 'string_type', 'loc': ('response', 8, 'category_id'), 'msg': 'Input should be a valid string', 'input': None}
  {'type': 'string_type', 'loc': ('response', 9, 'category_id'), 'msg': 'Input should be a valid string', 'input': None}
  {'type': 'string_type', 'loc': ('response', 10, 'category_id'), 'msg': 'Input should be a valid string', 'input': None}
  {'type': 'string_type', 'loc': ('response', 11, 'category_id'), 'msg': 'Input should be a valid string', 'input': None}
  {'type': 'string_type', 'loc': ('response', 12, 'category_id'), 'msg': 'Input should be a valid string', 'input': None}
  {'type': 'string_type', 'loc': ('response', 13, 'category_id'), 'msg': 'Input should be a valid string', 'input': None}
  {'type': 'string_type', 'loc': ('response', 14, 'category_id'), 'msg': 'Input should be a valid string', 'input': None}
  {'type': 'string_type', 'loc': ('response', 16, 'category_id'), 'msg': 'Input should be a valid string', 'input': None}

  File "D:\ControlledCopy\Inidawish\backend\app\api\endpoints\marketplace.py", line 51, in get_fresh_recommendations
    GET /api/listings/home/fresh

Global exception caught: 12 validation errors:
  {'type': 'string_type', 'loc': ('response', 1, 'category_id'), 'msg': 'Input should be a valid string', 'input': None}
  {'type': 'string_type', 'loc': ('response', 2, 'category_id'), 'msg': 'Input should be a valid string', 'input': None}
  {'type': 'string_type', 'loc': ('response', 3, 'category_id'), 'msg': 'Input should be a valid string', 'input': None}
  {'type': 'string_type', 'loc': ('response', 4, 'category_id'), 'msg': 'Input should be a valid string', 'input': None}
  {'type': 'string_type', 'loc': ('response', 5, 'category_id'), 'msg': 'Input should be a valid string', 'input': None}
  {'type': 'string_type', 'loc': ('response', 6, 'category_id'), 'msg': 'Input should be a valid string', 'input': None}
  {'type': 'string_type', 'loc': ('response', 7, 'category_id'), 'msg': 'Input should be a valid string', 'input': None}
  {'type': 'string_type', 'loc': ('response', 8, 'category_id'), 'msg': 'Input should be a valid string', 'input': None}
  {'type': 'string_type', 'loc': ('response', 9, 'category_id'), 'msg': 'Input should be a valid string', 'input': None}
  {'type': 'string_type', 'loc': ('response', 10, 'category_id'), 'msg': 'Input should be a valid string', 'input': None}
  {'type': 'string_type', 'loc': ('response', 11, 'category_id'), 'msg': 'Input should be a valid string', 'input': None}
  {'type': 'string_type', 'loc': ('response', 12, 'category_id'), 'msg': 'Input should be a valid string', 'input': None}

  File "D:\ControlledCopy\Inidawish\backend\app\api\endpoints\marketplace.py", line 23, in get_listings
    GET /api/listings
Traceback (most recent call last):
  File "D:\ControlledCopy\Inidawish\backend\venv\Lib\site-packages\starlette\middleware\errors.py", line 164, in __call__
    await self.app(scope, receive, _send)
  File "D:\ControlledCopy\Inidawish\backend\venv\Lib\site-packages\starlette\middleware\cors.py", line 95, in __call__
    await self.simple_response(scope, receive, send, request_headers=headers)
  File "D:\ControlledCopy\Inidawish\backend\venv\Lib\site-packages\starlette\middleware\cors.py", line 153, in simple_response
    await self.app(scope, receive, send)
  File "D:\ControlledCopy\Inidawish\backend\venv\Lib\site-packages\starlette\middleware\exceptions.py", line 63, in __call__
    await wrap_app_handling_exceptions(self.app, conn)(scope, receive, send)
  File "D:\ControlledCopy\Inidawish\backend\venv\Lib\site-packages\starlette\_exception_handler.py", line 53, in wrapped_app
    raise exc
  File "D:\ControlledCopy\Inidawish\backend\venv\Lib\site-packages\starlette\_exception_handler.py", line 42, in wrapped_app
    await app(scope, receive, sender)
  File "D:\ControlledCopy\Inidawish\backend\venv\Lib\site-packages\fastapi\middleware\asyncexitstack.py", line 18, in __call__
    await self.app(scope, receive, send)
  File "D:\ControlledCopy\Inidawish\backend\venv\Lib\site-packages\starlette\routing.py", line 716, in __call__
    await self.middleware_stack(scope, receive, send)
  File "D:\ControlledCopy\Inidawish\backend\venv\Lib\site-packages\starlette\routing.py", line 736, in app
    await route.handle(scope, receive, send)
  File "D:\ControlledCopy\Inidawish\backend\venv\Lib\site-packages\starlette\routing.py", line 290, in handle
    await self.app(scope, receive, send)
  File "D:\ControlledCopy\Inidawish\backend\venv\Lib\site-packages\fastapi\routing.py", line 122, in app
    await wrap_app_handling_exceptions(app, request)(scope, receive, send)
  File "D:\ControlledCopy\Inidawish\backend\venv\Lib\site-packages\starlette\_exception_handler.py", line 53, in wrapped_app
    raise exc
  File "D:\ControlledCopy\Inidawish\backend\venv\Lib\site-packages\starlette\_exception_handler.py", line 42, in wrapped_app
    await app(scope, receive, sender)
  File "D:\ControlledCopy\Inidawish\backend\venv\Lib\site-packages\fastapi\routing.py", line 108, in app
    response = await f(request)
               ^^^^^^^^^^^^^^^^
  File "D:\ControlledCopy\Inidawish\backend\venv\Lib\site-packages\fastapi\routing.py", line 553, in app
    content = await serialize_response(
              ^^^^^^^^^^^^^^^^^^^^^^^^^
    ...<11 lines>...
    )
    ^
  File "D:\ControlledCopy\Inidawish\backend\venv\Lib\site-packages\fastapi\routing.py", line 288, in serialize_response
    raise ResponseValidationError(
    ...<3 lines>...
    )
fastapi.exceptions.ResponseValidationError: 12 validation errors:
  {'type': 'string_type', 'loc': ('response', 1, 'category_id'), 'msg': 'Input should be a valid string', 'input': None}
  {'type': 'string_type', 'loc': ('response', 2, 'category_id'), 'msg': 'Input should be a valid string', 'input': None}
  {'type': 'string_type', 'loc': ('response', 3, 'category_id'), 'msg': 'Input should be a valid string', 'input': None}
  {'type': 'string_type', 'loc': ('response', 4, 'category_id'), 'msg': 'Input should be a valid string', 'input': None}
  {'type': 'string_type', 'loc': ('response', 5, 'category_id'), 'msg': 'Input should be a valid string', 'input': None}
  {'type': 'string_type', 'loc': ('response', 6, 'category_id'), 'msg': 'Input should be a valid string', 'input': None}
  {'type': 'string_type', 'loc': ('response', 7, 'category_id'), 'msg': 'Input should be a valid string', 'input': None}
  {'type': 'string_type', 'loc': ('response', 8, 'category_id'), 'msg': 'Input should be a valid string', 'input': None}
  {'type': 'string_type', 'loc': ('response', 9, 'category_id'), 'msg': 'Input should be a valid string', 'input': None}
  {'type': 'string_type', 'loc': ('response', 10, 'category_id'), 'msg': 'Input should be a valid string', 'input': None}
  {'type': 'string_type', 'loc': ('response', 11, 'category_id'), 'msg': 'Input should be a valid string', 'input': None}
  {'type': 'string_type', 'loc': ('response', 12, 'category_id'), 'msg': 'Input should be a valid string', 'input': None}

  File "D:\ControlledCopy\Inidawish\backend\app\api\endpoints\marketplace.py", line 23, in get_listings
    GET /api/listings

Global exception caught: 6 validation errors:
  {'type': 'string_type', 'loc': ('response', 0, 'category_id'), 'msg': 'Input should be a valid string', 'input': None}
  {'type': 'string_type', 'loc': ('response', 1, 'category_id'), 'msg': 'Input should be a valid string', 'input': None}
  {'type': 'string_type', 'loc': ('response', 2, 'category_id'), 'msg': 'Input should be a valid string', 'input': None}
  {'type': 'string_type', 'loc': ('response', 3, 'category_id'), 'msg': 'Input should be a valid string', 'input': None}
  {'type': 'string_type', 'loc': ('response', 4, 'category_id'), 'msg': 'Input should be a valid string', 'input': None}
  {'type': 'string_type', 'loc': ('response', 5, 'category_id'), 'msg': 'Input should be a valid string', 'input': None}

  File "D:\ControlledCopy\Inidawish\backend\app\api\endpoints\marketplace.py", line 56, in get_recent_interactions
    GET /api/listings/home/recent
Traceback (most recent call last):
  File "D:\ControlledCopy\Inidawish\backend\venv\Lib\site-packages\starlette\middleware\errors.py", line 164, in __call__
    await self.app(scope, receive, _send)
  File "D:\ControlledCopy\Inidawish\backend\venv\Lib\site-packages\starlette\middleware\cors.py", line 95, in __call__
    await self.simple_response(scope, receive, send, request_headers=headers)
  File "D:\ControlledCopy\Inidawish\backend\venv\Lib\site-packages\starlette\middleware\cors.py", line 153, in simple_response
    await self.app(scope, receive, send)
  File "D:\ControlledCopy\Inidawish\backend\venv\Lib\site-packages\starlette\middleware\exceptions.py", line 63, in __call__
    await wrap_app_handling_exceptions(self.app, conn)(scope, receive, send)
  File "D:\ControlledCopy\Inidawish\backend\venv\Lib\site-packages\starlette\_exception_handler.py", line 53, in wrapped_app
    raise exc
  File "D:\ControlledCopy\Inidawish\backend\venv\Lib\site-packages\starlette\_exception_handler.py", line 42, in wrapped_app
    await app(scope, receive, sender)
  File "D:\ControlledCopy\Inidawish\backend\venv\Lib\site-packages\fastapi\middleware\asyncexitstack.py", line 18, in __call__
    await self.app(scope, receive, send)
  File "D:\ControlledCopy\Inidawish\backend\venv\Lib\site-packages\starlette\routing.py", line 716, in __call__
    await self.middleware_stack(scope, receive, send)
  File "D:\ControlledCopy\Inidawish\backend\venv\Lib\site-packages\starlette\routing.py", line 736, in app
    await route.handle(scope, receive, send)
  File "D:\ControlledCopy\Inidawish\backend\venv\Lib\site-packages\starlette\routing.py", line 290, in handle
    await self.app(scope, receive, send)
  File "D:\ControlledCopy\Inidawish\backend\venv\Lib\site-packages\fastapi\routing.py", line 122, in app
    await wrap_app_handling_exceptions(app, request)(scope, receive, send)
  File "D:\ControlledCopy\Inidawish\backend\venv\Lib\site-packages\starlette\_exception_handler.py", line 53, in wrapped_app
    raise exc
  File "D:\ControlledCopy\Inidawish\backend\venv\Lib\site-packages\starlette\_exception_handler.py", line 42, in wrapped_app
    await app(scope, receive, sender)
  File "D:\ControlledCopy\Inidawish\backend\venv\Lib\site-packages\fastapi\routing.py", line 108, in app
    response = await f(request)
               ^^^^^^^^^^^^^^^^
  File "D:\ControlledCopy\Inidawish\backend\venv\Lib\site-packages\fastapi\routing.py", line 553, in app
    content = await serialize_response(
              ^^^^^^^^^^^^^^^^^^^^^^^^^
    ...<11 lines>...
    )
    ^
  File "D:\ControlledCopy\Inidawish\backend\venv\Lib\site-packages\fastapi\routing.py", line 288, in serialize_response
    raise ResponseValidationError(
    ...<3 lines>...
    )
fastapi.exceptions.ResponseValidationError: 6 validation errors:
  {'type': 'string_type', 'loc': ('response', 0, 'category_id'), 'msg': 'Input should be a valid string', 'input': None}
  {'type': 'string_type', 'loc': ('response', 1, 'category_id'), 'msg': 'Input should be a valid string', 'input': None}
  {'type': 'string_type', 'loc': ('response', 2, 'category_id'), 'msg': 'Input should be a valid string', 'input': None}
  {'type': 'string_type', 'loc': ('response', 3, 'category_id'), 'msg': 'Input should be a valid string', 'input': None}
  {'type': 'string_type', 'loc': ('response', 4, 'category_id'), 'msg': 'Input should be a valid string', 'input': None}
  {'type': 'string_type', 'loc': ('response', 5, 'category_id'), 'msg': 'Input should be a valid string', 'input': None}

  File "D:\ControlledCopy\Inidawish\backend\app\api\endpoints\marketplace.py", line 56, in get_recent_interactions
    GET /api/listings/home/recent

Global exception caught: 12 validation errors:
  {'type': 'string_type', 'loc': ('response', 1, 'category_id'), 'msg': 'Input should be a valid string', 'input': None}
  {'type': 'string_type', 'loc': ('response', 2, 'category_id'), 'msg': 'Input should be a valid string', 'input': None}
  {'type': 'string_type', 'loc': ('response', 3, 'category_id'), 'msg': 'Input should be a valid string', 'input': None}
  {'type': 'string_type', 'loc': ('response', 4, 'category_id'), 'msg': 'Input should be a valid string', 'input': None}
  {'type': 'string_type', 'loc': ('response', 5, 'category_id'), 'msg': 'Input should be a valid string', 'input': None}
  {'type': 'string_type', 'loc': ('response', 6, 'category_id'), 'msg': 'Input should be a valid string', 'input': None}
  {'type': 'string_type', 'loc': ('response', 7, 'category_id'), 'msg': 'Input should be a valid string', 'input': None}
  {'type': 'string_type', 'loc': ('response', 8, 'category_id'), 'msg': 'Input should be a valid string', 'input': None}
  {'type': 'string_type', 'loc': ('response', 9, 'category_id'), 'msg': 'Input should be a valid string', 'input': None}
  {'type': 'string_type', 'loc': ('response', 10, 'category_id'), 'msg': 'Input should be a valid string', 'input': None}
  {'type': 'string_type', 'loc': ('response', 11, 'category_id'), 'msg': 'Input should be a valid string', 'input': None}
  {'type': 'string_type', 'loc': ('response', 12, 'category_id'), 'msg': 'Input should be a valid string', 'input': None}

  File "D:\ControlledCopy\Inidawish\backend\app\api\endpoints\marketplace.py", line 64, in get_listings
    GET /api/listings
Traceback (most recent call last):
  File "D:\ControlledCopy\Inidawish\backend\venv\Lib\site-packages\starlette\middleware\errors.py", line 164, in __call__
    await self.app(scope, receive, _send)
  File "D:\ControlledCopy\Inidawish\backend\venv\Lib\site-packages\starlette\middleware\cors.py", line 87, in __call__
    await self.app(scope, receive, send)
  File "D:\ControlledCopy\Inidawish\backend\venv\Lib\site-packages\starlette\middleware\exceptions.py", line 63, in __call__
    await wrap_app_handling_exceptions(self.app, conn)(scope, receive, send)
  File "D:\ControlledCopy\Inidawish\backend\venv\Lib\site-packages\starlette\_exception_handler.py", line 53, in wrapped_app
    raise exc
  File "D:\ControlledCopy\Inidawish\backend\venv\Lib\site-packages\starlette\_exception_handler.py", line 42, in wrapped_app
    await app(scope, receive, sender)
  File "D:\ControlledCopy\Inidawish\backend\venv\Lib\site-packages\fastapi\middleware\asyncexitstack.py", line 18, in __call__
    await self.app(scope, receive, send)
  File "D:\ControlledCopy\Inidawish\backend\venv\Lib\site-packages\starlette\routing.py", line 716, in __call__
    await self.middleware_stack(scope, receive, send)
  File "D:\ControlledCopy\Inidawish\backend\venv\Lib\site-packages\starlette\routing.py", line 736, in app
    await route.handle(scope, receive, send)
  File "D:\ControlledCopy\Inidawish\backend\venv\Lib\site-packages\starlette\routing.py", line 290, in handle
    await self.app(scope, receive, send)
  File "D:\ControlledCopy\Inidawish\backend\venv\Lib\site-packages\fastapi\routing.py", line 122, in app
    await wrap_app_handling_exceptions(app, request)(scope, receive, send)
  File "D:\ControlledCopy\Inidawish\backend\venv\Lib\site-packages\starlette\_exception_handler.py", line 53, in wrapped_app
    raise exc
  File "D:\ControlledCopy\Inidawish\backend\venv\Lib\site-packages\starlette\_exception_handler.py", line 42, in wrapped_app
    await app(scope, receive, sender)
  File "D:\ControlledCopy\Inidawish\backend\venv\Lib\site-packages\fastapi\routing.py", line 108, in app
    response = await f(request)
               ^^^^^^^^^^^^^^^^
  File "D:\ControlledCopy\Inidawish\backend\venv\Lib\site-packages\fastapi\routing.py", line 553, in app
    content = await serialize_response(
              ^^^^^^^^^^^^^^^^^^^^^^^^^
    ...<11 lines>...
    )
    ^
  File "D:\ControlledCopy\Inidawish\backend\venv\Lib\site-packages\fastapi\routing.py", line 288, in serialize_response
    raise ResponseValidationError(
    ...<3 lines>...
    )
fastapi.exceptions.ResponseValidationError: 12 validation errors:
  {'type': 'string_type', 'loc': ('response', 1, 'category_id'), 'msg': 'Input should be a valid string', 'input': None}
  {'type': 'string_type', 'loc': ('response', 2, 'category_id'), 'msg': 'Input should be a valid string', 'input': None}
  {'type': 'string_type', 'loc': ('response', 3, 'category_id'), 'msg': 'Input should be a valid string', 'input': None}
  {'type': 'string_type', 'loc': ('response', 4, 'category_id'), 'msg': 'Input should be a valid string', 'input': None}
  {'type': 'string_type', 'loc': ('response', 5, 'category_id'), 'msg': 'Input should be a valid string', 'input': None}
  {'type': 'string_type', 'loc': ('response', 6, 'category_id'), 'msg': 'Input should be a valid string', 'input': None}
  {'type': 'string_type', 'loc': ('response', 7, 'category_id'), 'msg': 'Input should be a valid string', 'input': None}
  {'type': 'string_type', 'loc': ('response', 8, 'category_id'), 'msg': 'Input should be a valid string', 'input': None}
  {'type': 'string_type', 'loc': ('response', 9, 'category_id'), 'msg': 'Input should be a valid string', 'input': None}
  {'type': 'string_type', 'loc': ('response', 10, 'category_id'), 'msg': 'Input should be a valid string', 'input': None}
  {'type': 'string_type', 'loc': ('response', 11, 'category_id'), 'msg': 'Input should be a valid string', 'input': None}
  {'type': 'string_type', 'loc': ('response', 12, 'category_id'), 'msg': 'Input should be a valid string', 'input': None}

  File "D:\ControlledCopy\Inidawish\backend\app\api\endpoints\marketplace.py", line 64, in get_listings
    GET /api/listings

Global exception caught: 12 validation errors:
  {'type': 'string_type', 'loc': ('response', 4, 'category_id'), 'msg': 'Input should be a valid string', 'input': None}
  {'type': 'string_type', 'loc': ('response', 5, 'category_id'), 'msg': 'Input should be a valid string', 'input': None}
  {'type': 'string_type', 'loc': ('response', 6, 'category_id'), 'msg': 'Input should be a valid string', 'input': None}
  {'type': 'string_type', 'loc': ('response', 7, 'category_id'), 'msg': 'Input should be a valid string', 'input': None}
  {'type': 'string_type', 'loc': ('response', 8, 'category_id'), 'msg': 'Input should be a valid string', 'input': None}
  {'type': 'string_type', 'loc': ('response', 9, 'category_id'), 'msg': 'Input should be a valid string', 'input': None}
  {'type': 'string_type', 'loc': ('response', 10, 'category_id'), 'msg': 'Input should be a valid string', 'input': None}
  {'type': 'string_type', 'loc': ('response', 11, 'category_id'), 'msg': 'Input should be a valid string', 'input': None}
  {'type': 'string_type', 'loc': ('response', 12, 'category_id'), 'msg': 'Input should be a valid string', 'input': None}
  {'type': 'string_type', 'loc': ('response', 13, 'category_id'), 'msg': 'Input should be a valid string', 'input': None}
  {'type': 'string_type', 'loc': ('response', 14, 'category_id'), 'msg': 'Input should be a valid string', 'input': None}
  {'type': 'string_type', 'loc': ('response', 16, 'category_id'), 'msg': 'Input should be a valid string', 'input': None}

  File "D:\ControlledCopy\Inidawish\backend\app\api\endpoints\marketplace.py", line 37, in get_fresh_recommendations
    GET /api/listings/home/fresh
Traceback (most recent call last):
  File "D:\ControlledCopy\Inidawish\backend\venv\Lib\site-packages\starlette\middleware\errors.py", line 164, in __call__
    await self.app(scope, receive, _send)
  File "D:\ControlledCopy\Inidawish\backend\venv\Lib\site-packages\starlette\middleware\cors.py", line 95, in __call__
    await self.simple_response(scope, receive, send, request_headers=headers)
  File "D:\ControlledCopy\Inidawish\backend\venv\Lib\site-packages\starlette\middleware\cors.py", line 153, in simple_response
    await self.app(scope, receive, send)
  File "D:\ControlledCopy\Inidawish\backend\venv\Lib\site-packages\starlette\middleware\exceptions.py", line 63, in __call__
    await wrap_app_handling_exceptions(self.app, conn)(scope, receive, send)
  File "D:\ControlledCopy\Inidawish\backend\venv\Lib\site-packages\starlette\_exception_handler.py", line 53, in wrapped_app
    raise exc
  File "D:\ControlledCopy\Inidawish\backend\venv\Lib\site-packages\starlette\_exception_handler.py", line 42, in wrapped_app
    await app(scope, receive, sender)
  File "D:\ControlledCopy\Inidawish\backend\venv\Lib\site-packages\fastapi\middleware\asyncexitstack.py", line 18, in __call__
    await self.app(scope, receive, send)
  File "D:\ControlledCopy\Inidawish\backend\venv\Lib\site-packages\starlette\routing.py", line 716, in __call__
    await self.middleware_stack(scope, receive, send)
  File "D:\ControlledCopy\Inidawish\backend\venv\Lib\site-packages\starlette\routing.py", line 736, in app
    await route.handle(scope, receive, send)
  File "D:\ControlledCopy\Inidawish\backend\venv\Lib\site-packages\starlette\routing.py", line 290, in handle
    await self.app(scope, receive, send)
  File "D:\ControlledCopy\Inidawish\backend\venv\Lib\site-packages\fastapi\routing.py", line 122, in app
    await wrap_app_handling_exceptions(app, request)(scope, receive, send)
  File "D:\ControlledCopy\Inidawish\backend\venv\Lib\site-packages\starlette\_exception_handler.py", line 53, in wrapped_app
    raise exc
  File "D:\ControlledCopy\Inidawish\backend\venv\Lib\site-packages\starlette\_exception_handler.py", line 42, in wrapped_app
    await app(scope, receive, sender)
  File "D:\ControlledCopy\Inidawish\backend\venv\Lib\site-packages\fastapi\routing.py", line 108, in app
    response = await f(request)
               ^^^^^^^^^^^^^^^^
  File "D:\ControlledCopy\Inidawish\backend\venv\Lib\site-packages\fastapi\routing.py", line 553, in app
    content = await serialize_response(
              ^^^^^^^^^^^^^^^^^^^^^^^^^
    ...<11 lines>...
    )
    ^
  File "D:\ControlledCopy\Inidawish\backend\venv\Lib\site-packages\fastapi\routing.py", line 288, in serialize_response
    raise ResponseValidationError(
    ...<3 lines>...
    )
fastapi.exceptions.ResponseValidationError: 12 validation errors:
  {'type': 'string_type', 'loc': ('response', 4, 'category_id'), 'msg': 'Input should be a valid string', 'input': None}
  {'type': 'string_type', 'loc': ('response', 5, 'category_id'), 'msg': 'Input should be a valid string', 'input': None}
  {'type': 'string_type', 'loc': ('response', 6, 'category_id'), 'msg': 'Input should be a valid string', 'input': None}
  {'type': 'string_type', 'loc': ('response', 7, 'category_id'), 'msg': 'Input should be a valid string', 'input': None}
  {'type': 'string_type', 'loc': ('response', 8, 'category_id'), 'msg': 'Input should be a valid string', 'input': None}
  {'type': 'string_type', 'loc': ('response', 9, 'category_id'), 'msg': 'Input should be a valid string', 'input': None}
  {'type': 'string_type', 'loc': ('response', 10, 'category_id'), 'msg': 'Input should be a valid string', 'input': None}
  {'type': 'string_type', 'loc': ('response', 11, 'category_id'), 'msg': 'Input should be a valid string', 'input': None}
  {'type': 'string_type', 'loc': ('response', 12, 'category_id'), 'msg': 'Input should be a valid string', 'input': None}
  {'type': 'string_type', 'loc': ('response', 13, 'category_id'), 'msg': 'Input should be a valid string', 'input': None}
  {'type': 'string_type', 'loc': ('response', 14, 'category_id'), 'msg': 'Input should be a valid string', 'input': None}
  {'type': 'string_type', 'loc': ('response', 16, 'category_id'), 'msg': 'Input should be a valid string', 'input': None}

  File "D:\ControlledCopy\Inidawish\backend\app\api\endpoints\marketplace.py", line 37, in get_fresh_recommendations
    GET /api/listings/home/fresh

Global exception caught: 12 validation errors:
  {'type': 'string_type', 'loc': ('response', 1, 'category_id'), 'msg': 'Input should be a valid string', 'input': None}
  {'type': 'string_type', 'loc': ('response', 2, 'category_id'), 'msg': 'Input should be a valid string', 'input': None}
  {'type': 'string_type', 'loc': ('response', 3, 'category_id'), 'msg': 'Input should be a valid string', 'input': None}
  {'type': 'string_type', 'loc': ('response', 4, 'category_id'), 'msg': 'Input should be a valid string', 'input': None}
  {'type': 'string_type', 'loc': ('response', 5, 'category_id'), 'msg': 'Input should be a valid string', 'input': None}
  {'type': 'string_type', 'loc': ('response', 6, 'category_id'), 'msg': 'Input should be a valid string', 'input': None}
  {'type': 'string_type', 'loc': ('response', 7, 'category_id'), 'msg': 'Input should be a valid string', 'input': None}
  {'type': 'string_type', 'loc': ('response', 8, 'category_id'), 'msg': 'Input should be a valid string', 'input': None}
  {'type': 'string_type', 'loc': ('response', 9, 'category_id'), 'msg': 'Input should be a valid string', 'input': None}
  {'type': 'string_type', 'loc': ('response', 10, 'category_id'), 'msg': 'Input should be a valid string', 'input': None}
  {'type': 'string_type', 'loc': ('response', 11, 'category_id'), 'msg': 'Input should be a valid string', 'input': None}
  {'type': 'string_type', 'loc': ('response', 12, 'category_id'), 'msg': 'Input should be a valid string', 'input': None}

  File "D:\ControlledCopy\Inidawish\backend\app\api\endpoints\marketplace.py", line 64, in get_listings
    GET /api/listings
Traceback (most recent call last):
  File "D:\ControlledCopy\Inidawish\backend\venv\Lib\site-packages\starlette\middleware\errors.py", line 164, in __call__
    await self.app(scope, receive, _send)
  File "D:\ControlledCopy\Inidawish\backend\venv\Lib\site-packages\starlette\middleware\cors.py", line 95, in __call__
    await self.simple_response(scope, receive, send, request_headers=headers)
  File "D:\ControlledCopy\Inidawish\backend\venv\Lib\site-packages\starlette\middleware\cors.py", line 153, in simple_response
    await self.app(scope, receive, send)
  File "D:\ControlledCopy\Inidawish\backend\venv\Lib\site-packages\starlette\middleware\exceptions.py", line 63, in __call__
    await wrap_app_handling_exceptions(self.app, conn)(scope, receive, send)
  File "D:\ControlledCopy\Inidawish\backend\venv\Lib\site-packages\starlette\_exception_handler.py", line 53, in wrapped_app
    raise exc
  File "D:\ControlledCopy\Inidawish\backend\venv\Lib\site-packages\starlette\_exception_handler.py", line 42, in wrapped_app
    await app(scope, receive, sender)
  File "D:\ControlledCopy\Inidawish\backend\venv\Lib\site-packages\fastapi\middleware\asyncexitstack.py", line 18, in __call__
    await self.app(scope, receive, send)
  File "D:\ControlledCopy\Inidawish\backend\venv\Lib\site-packages\starlette\routing.py", line 716, in __call__
    await self.middleware_stack(scope, receive, send)
  File "D:\ControlledCopy\Inidawish\backend\venv\Lib\site-packages\starlette\routing.py", line 736, in app
    await route.handle(scope, receive, send)
  File "D:\ControlledCopy\Inidawish\backend\venv\Lib\site-packages\starlette\routing.py", line 290, in handle
    await self.app(scope, receive, send)
  File "D:\ControlledCopy\Inidawish\backend\venv\Lib\site-packages\fastapi\routing.py", line 122, in app
    await wrap_app_handling_exceptions(app, request)(scope, receive, send)
  File "D:\ControlledCopy\Inidawish\backend\venv\Lib\site-packages\starlette\_exception_handler.py", line 53, in wrapped_app
    raise exc
  File "D:\ControlledCopy\Inidawish\backend\venv\Lib\site-packages\starlette\_exception_handler.py", line 42, in wrapped_app
    await app(scope, receive, sender)
  File "D:\ControlledCopy\Inidawish\backend\venv\Lib\site-packages\fastapi\routing.py", line 108, in app
    response = await f(request)
               ^^^^^^^^^^^^^^^^
  File "D:\ControlledCopy\Inidawish\backend\venv\Lib\site-packages\fastapi\routing.py", line 553, in app
    content = await serialize_response(
              ^^^^^^^^^^^^^^^^^^^^^^^^^
    ...<11 lines>...
    )
    ^
  File "D:\ControlledCopy\Inidawish\backend\venv\Lib\site-packages\fastapi\routing.py", line 288, in serialize_response
    raise ResponseValidationError(
    ...<3 lines>...
    )
fastapi.exceptions.ResponseValidationError: 12 validation errors:
  {'type': 'string_type', 'loc': ('response', 1, 'category_id'), 'msg': 'Input should be a valid string', 'input': None}
  {'type': 'string_type', 'loc': ('response', 2, 'category_id'), 'msg': 'Input should be a valid string', 'input': None}
  {'type': 'string_type', 'loc': ('response', 3, 'category_id'), 'msg': 'Input should be a valid string', 'input': None}
  {'type': 'string_type', 'loc': ('response', 4, 'category_id'), 'msg': 'Input should be a valid string', 'input': None}
  {'type': 'string_type', 'loc': ('response', 5, 'category_id'), 'msg': 'Input should be a valid string', 'input': None}
  {'type': 'string_type', 'loc': ('response', 6, 'category_id'), 'msg': 'Input should be a valid string', 'input': None}
  {'type': 'string_type', 'loc': ('response', 7, 'category_id'), 'msg': 'Input should be a valid string', 'input': None}
  {'type': 'string_type', 'loc': ('response', 8, 'category_id'), 'msg': 'Input should be a valid string', 'input': None}
  {'type': 'string_type', 'loc': ('response', 9, 'category_id'), 'msg': 'Input should be a valid string', 'input': None}
  {'type': 'string_type', 'loc': ('response', 10, 'category_id'), 'msg': 'Input should be a valid string', 'input': None}
  {'type': 'string_type', 'loc': ('response', 11, 'category_id'), 'msg': 'Input should be a valid string', 'input': None}
  {'type': 'string_type', 'loc': ('response', 12, 'category_id'), 'msg': 'Input should be a valid string', 'input': None}

  File "D:\ControlledCopy\Inidawish\backend\app\api\endpoints\marketplace.py", line 64, in get_listings
    GET /api/listings

Global exception caught: 12 validation errors:
  {'type': 'string_type', 'loc': ('response', 1, 'category_id'), 'msg': 'Input should be a valid string', 'input': None}
  {'type': 'string_type', 'loc': ('response', 2, 'category_id'), 'msg': 'Input should be a valid string', 'input': None}
  {'type': 'string_type', 'loc': ('response', 3, 'category_id'), 'msg': 'Input should be a valid string', 'input': None}
  {'type': 'string_type', 'loc': ('response', 4, 'category_id'), 'msg': 'Input should be a valid string', 'input': None}
  {'type': 'string_type', 'loc': ('response', 5, 'category_id'), 'msg': 'Input should be a valid string', 'input': None}
  {'type': 'string_type', 'loc': ('response', 6, 'category_id'), 'msg': 'Input should be a valid string', 'input': None}
  {'type': 'string_type', 'loc': ('response', 7, 'category_id'), 'msg': 'Input should be a valid string', 'input': None}
  {'type': 'string_type', 'loc': ('response', 8, 'category_id'), 'msg': 'Input should be a valid string', 'input': None}
  {'type': 'string_type', 'loc': ('response', 9, 'category_id'), 'msg': 'Input should be a valid string', 'input': None}
  {'type': 'string_type', 'loc': ('response', 10, 'category_id'), 'msg': 'Input should be a valid string', 'input': None}
  {'type': 'string_type', 'loc': ('response', 11, 'category_id'), 'msg': 'Input should be a valid string', 'input': None}
  {'type': 'string_type', 'loc': ('response', 12, 'category_id'), 'msg': 'Input should be a valid string', 'input': None}

  File "D:\ControlledCopy\Inidawish\backend\app\api\endpoints\marketplace.py", line 64, in get_listings
    GET /api/listings
Traceback (most recent call last):
  File "D:\ControlledCopy\Inidawish\backend\venv\Lib\site-packages\starlette\middleware\errors.py", line 164, in __call__
    await self.app(scope, receive, _send)
  File "D:\ControlledCopy\Inidawish\backend\venv\Lib\site-packages\starlette\middleware\cors.py", line 95, in __call__
    await self.simple_response(scope, receive, send, request_headers=headers)
  File "D:\ControlledCopy\Inidawish\backend\venv\Lib\site-packages\starlette\middleware\cors.py", line 153, in simple_response
    await self.app(scope, receive, send)
  File "D:\ControlledCopy\Inidawish\backend\venv\Lib\site-packages\starlette\middleware\exceptions.py", line 63, in __call__
    await wrap_app_handling_exceptions(self.app, conn)(scope, receive, send)
  File "D:\ControlledCopy\Inidawish\backend\venv\Lib\site-packages\starlette\_exception_handler.py", line 53, in wrapped_app
    raise exc
  File "D:\ControlledCopy\Inidawish\backend\venv\Lib\site-packages\starlette\_exception_handler.py", line 42, in wrapped_app
    await app(scope, receive, sender)
  File "D:\ControlledCopy\Inidawish\backend\venv\Lib\site-packages\fastapi\middleware\asyncexitstack.py", line 18, in __call__
    await self.app(scope, receive, send)
  File "D:\ControlledCopy\Inidawish\backend\venv\Lib\site-packages\starlette\routing.py", line 716, in __call__
    await self.middleware_stack(scope, receive, send)
  File "D:\ControlledCopy\Inidawish\backend\venv\Lib\site-packages\starlette\routing.py", line 736, in app
    await route.handle(scope, receive, send)
  File "D:\ControlledCopy\Inidawish\backend\venv\Lib\site-packages\starlette\routing.py", line 290, in handle
    await self.app(scope, receive, send)
  File "D:\ControlledCopy\Inidawish\backend\venv\Lib\site-packages\fastapi\routing.py", line 122, in app
    await wrap_app_handling_exceptions(app, request)(scope, receive, send)
  File "D:\ControlledCopy\Inidawish\backend\venv\Lib\site-packages\starlette\_exception_handler.py", line 53, in wrapped_app
    raise exc
  File "D:\ControlledCopy\Inidawish\backend\venv\Lib\site-packages\starlette\_exception_handler.py", line 42, in wrapped_app
    await app(scope, receive, sender)
  File "D:\ControlledCopy\Inidawish\backend\venv\Lib\site-packages\fastapi\routing.py", line 108, in app
    response = await f(request)
               ^^^^^^^^^^^^^^^^
  File "D:\ControlledCopy\Inidawish\backend\venv\Lib\site-packages\fastapi\routing.py", line 553, in app
    content = await serialize_response(
              ^^^^^^^^^^^^^^^^^^^^^^^^^
    ...<11 lines>...
    )
    ^
  File "D:\ControlledCopy\Inidawish\backend\venv\Lib\site-packages\fastapi\routing.py", line 288, in serialize_response
    raise ResponseValidationError(
    ...<3 lines>...
    )
fastapi.exceptions.ResponseValidationError: 12 validation errors:
  {'type': 'string_type', 'loc': ('response', 1, 'category_id'), 'msg': 'Input should be a valid string', 'input': None}
  {'type': 'string_type', 'loc': ('response', 2, 'category_id'), 'msg': 'Input should be a valid string', 'input': None}
  {'type': 'string_type', 'loc': ('response', 3, 'category_id'), 'msg': 'Input should be a valid string', 'input': None}
  {'type': 'string_type', 'loc': ('response', 4, 'category_id'), 'msg': 'Input should be a valid string', 'input': None}
  {'type': 'string_type', 'loc': ('response', 5, 'category_id'), 'msg': 'Input should be a valid string', 'input': None}
  {'type': 'string_type', 'loc': ('response', 6, 'category_id'), 'msg': 'Input should be a valid string', 'input': None}
  {'type': 'string_type', 'loc': ('response', 7, 'category_id'), 'msg': 'Input should be a valid string', 'input': None}
  {'type': 'string_type', 'loc': ('response', 8, 'category_id'), 'msg': 'Input should be a valid string', 'input': None}
  {'type': 'string_type', 'loc': ('response', 9, 'category_id'), 'msg': 'Input should be a valid string', 'input': None}
  {'type': 'string_type', 'loc': ('response', 10, 'category_id'), 'msg': 'Input should be a valid string', 'input': None}
  {'type': 'string_type', 'loc': ('response', 11, 'category_id'), 'msg': 'Input should be a valid string', 'input': None}
  {'type': 'string_type', 'loc': ('response', 12, 'category_id'), 'msg': 'Input should be a valid string', 'input': None}

  File "D:\ControlledCopy\Inidawish\backend\app\api\endpoints\marketplace.py", line 64, in get_listings
    GET /api/listings

Global exception caught: 12 validation errors:
  {'type': 'string_type', 'loc': ('response', 4, 'category_id'), 'msg': 'Input should be a valid string', 'input': None}
  {'type': 'string_type', 'loc': ('response', 5, 'category_id'), 'msg': 'Input should be a valid string', 'input': None}
  {'type': 'string_type', 'loc': ('response', 6, 'category_id'), 'msg': 'Input should be a valid string', 'input': None}
  {'type': 'string_type', 'loc': ('response', 7, 'category_id'), 'msg': 'Input should be a valid string', 'input': None}
  {'type': 'string_type', 'loc': ('response', 8, 'category_id'), 'msg': 'Input should be a valid string', 'input': None}
  {'type': 'string_type', 'loc': ('response', 9, 'category_id'), 'msg': 'Input should be a valid string', 'input': None}
  {'type': 'string_type', 'loc': ('response', 10, 'category_id'), 'msg': 'Input should be a valid string', 'input': None}
  {'type': 'string_type', 'loc': ('response', 11, 'category_id'), 'msg': 'Input should be a valid string', 'input': None}
  {'type': 'string_type', 'loc': ('response', 12, 'category_id'), 'msg': 'Input should be a valid string', 'input': None}
  {'type': 'string_type', 'loc': ('response', 13, 'category_id'), 'msg': 'Input should be a valid string', 'input': None}
  {'type': 'string_type', 'loc': ('response', 14, 'category_id'), 'msg': 'Input should be a valid string', 'input': None}
  {'type': 'string_type', 'loc': ('response', 16, 'category_id'), 'msg': 'Input should be a valid string', 'input': None}

  File "D:\ControlledCopy\Inidawish\backend\app\api\endpoints\marketplace.py", line 37, in get_fresh_recommendations
    GET /api/listings/home/fresh
Traceback (most recent call last):
  File "D:\ControlledCopy\Inidawish\backend\venv\Lib\site-packages\starlette\middleware\errors.py", line 164, in __call__
    await self.app(scope, receive, _send)
  File "D:\ControlledCopy\Inidawish\backend\venv\Lib\site-packages\starlette\middleware\cors.py", line 95, in __call__
    await self.simple_response(scope, receive, send, request_headers=headers)
  File "D:\ControlledCopy\Inidawish\backend\venv\Lib\site-packages\starlette\middleware\cors.py", line 153, in simple_response
    await self.app(scope, receive, send)
  File "D:\ControlledCopy\Inidawish\backend\venv\Lib\site-packages\starlette\middleware\exceptions.py", line 63, in __call__
    await wrap_app_handling_exceptions(self.app, conn)(scope, receive, send)
  File "D:\ControlledCopy\Inidawish\backend\venv\Lib\site-packages\starlette\_exception_handler.py", line 53, in wrapped_app
    raise exc
  File "D:\ControlledCopy\Inidawish\backend\venv\Lib\site-packages\starlette\_exception_handler.py", line 42, in wrapped_app
    await app(scope, receive, sender)
  File "D:\ControlledCopy\Inidawish\backend\venv\Lib\site-packages\fastapi\middleware\asyncexitstack.py", line 18, in __call__
    await self.app(scope, receive, send)
  File "D:\ControlledCopy\Inidawish\backend\venv\Lib\site-packages\starlette\routing.py", line 716, in __call__
    await self.middleware_stack(scope, receive, send)
  File "D:\ControlledCopy\Inidawish\backend\venv\Lib\site-packages\starlette\routing.py", line 736, in app
    await route.handle(scope, receive, send)
  File "D:\ControlledCopy\Inidawish\backend\venv\Lib\site-packages\starlette\routing.py", line 290, in handle
    await self.app(scope, receive, send)
  File "D:\ControlledCopy\Inidawish\backend\venv\Lib\site-packages\fastapi\routing.py", line 122, in app
    await wrap_app_handling_exceptions(app, request)(scope, receive, send)
  File "D:\ControlledCopy\Inidawish\backend\venv\Lib\site-packages\starlette\_exception_handler.py", line 53, in wrapped_app
    raise exc
  File "D:\ControlledCopy\Inidawish\backend\venv\Lib\site-packages\starlette\_exception_handler.py", line 42, in wrapped_app
    await app(scope, receive, sender)
  File "D:\ControlledCopy\Inidawish\backend\venv\Lib\site-packages\fastapi\routing.py", line 108, in app
    response = await f(request)
               ^^^^^^^^^^^^^^^^
  File "D:\ControlledCopy\Inidawish\backend\venv\Lib\site-packages\fastapi\routing.py", line 553, in app
    content = await serialize_response(
              ^^^^^^^^^^^^^^^^^^^^^^^^^
    ...<11 lines>...
    )
    ^
  File "D:\ControlledCopy\Inidawish\backend\venv\Lib\site-packages\fastapi\routing.py", line 288, in serialize_response
    raise ResponseValidationError(
    ...<3 lines>...
    )
fastapi.exceptions.ResponseValidationError: 12 validation errors:
  {'type': 'string_type', 'loc': ('response', 4, 'category_id'), 'msg': 'Input should be a valid string', 'input': None}
  {'type': 'string_type', 'loc': ('response', 5, 'category_id'), 'msg': 'Input should be a valid string', 'input': None}
  {'type': 'string_type', 'loc': ('response', 6, 'category_id'), 'msg': 'Input should be a valid string', 'input': None}
  {'type': 'string_type', 'loc': ('response', 7, 'category_id'), 'msg': 'Input should be a valid string', 'input': None}
  {'type': 'string_type', 'loc': ('response', 8, 'category_id'), 'msg': 'Input should be a valid string', 'input': None}
  {'type': 'string_type', 'loc': ('response', 9, 'category_id'), 'msg': 'Input should be a valid string', 'input': None}
  {'type': 'string_type', 'loc': ('response', 10, 'category_id'), 'msg': 'Input should be a valid string', 'input': None}
  {'type': 'string_type', 'loc': ('response', 11, 'category_id'), 'msg': 'Input should be a valid string', 'input': None}
  {'type': 'string_type', 'loc': ('response', 12, 'category_id'), 'msg': 'Input should be a valid string', 'input': None}
  {'type': 'string_type', 'loc': ('response', 13, 'category_id'), 'msg': 'Input should be a valid string', 'input': None}
  {'type': 'string_type', 'loc': ('response', 14, 'category_id'), 'msg': 'Input should be a valid string', 'input': None}
  {'type': 'string_type', 'loc': ('response', 16, 'category_id'), 'msg': 'Input should be a valid string', 'input': None}

  File "D:\ControlledCopy\Inidawish\backend\app\api\endpoints\marketplace.py", line 37, in get_fresh_recommendations
    GET /api/listings/home/fresh

Global exception caught: 1 validation error:
  {'type': 'string_type', 'loc': ('response', 0, 'category_id'), 'msg': 'Input should be a valid string', 'input': None}

  File "D:\ControlledCopy\Inidawish\backend\app\api\endpoints\marketplace.py", line 23, in get_my_listings
    GET /api/listings/my
Traceback (most recent call last):
  File "D:\ControlledCopy\Inidawish\backend\venv\Lib\site-packages\starlette\middleware\errors.py", line 164, in __call__
    await self.app(scope, receive, _send)
  File "D:\ControlledCopy\Inidawish\backend\venv\Lib\site-packages\starlette\middleware\cors.py", line 95, in __call__
    await self.simple_response(scope, receive, send, request_headers=headers)
  File "D:\ControlledCopy\Inidawish\backend\venv\Lib\site-packages\starlette\middleware\cors.py", line 153, in simple_response
    await self.app(scope, receive, send)
  File "D:\ControlledCopy\Inidawish\backend\venv\Lib\site-packages\starlette\middleware\exceptions.py", line 63, in __call__
    await wrap_app_handling_exceptions(self.app, conn)(scope, receive, send)
  File "D:\ControlledCopy\Inidawish\backend\venv\Lib\site-packages\starlette\_exception_handler.py", line 53, in wrapped_app
    raise exc
  File "D:\ControlledCopy\Inidawish\backend\venv\Lib\site-packages\starlette\_exception_handler.py", line 42, in wrapped_app
    await app(scope, receive, sender)
  File "D:\ControlledCopy\Inidawish\backend\venv\Lib\site-packages\fastapi\middleware\asyncexitstack.py", line 18, in __call__
    await self.app(scope, receive, send)
  File "D:\ControlledCopy\Inidawish\backend\venv\Lib\site-packages\starlette\routing.py", line 716, in __call__
    await self.middleware_stack(scope, receive, send)
  File "D:\ControlledCopy\Inidawish\backend\venv\Lib\site-packages\starlette\routing.py", line 736, in app
    await route.handle(scope, receive, send)
  File "D:\ControlledCopy\Inidawish\backend\venv\Lib\site-packages\starlette\routing.py", line 290, in handle
    await self.app(scope, receive, send)
  File "D:\ControlledCopy\Inidawish\backend\venv\Lib\site-packages\fastapi\routing.py", line 122, in app
    await wrap_app_handling_exceptions(app, request)(scope, receive, send)
  File "D:\ControlledCopy\Inidawish\backend\venv\Lib\site-packages\starlette\_exception_handler.py", line 53, in wrapped_app
    raise exc
  File "D:\ControlledCopy\Inidawish\backend\venv\Lib\site-packages\starlette\_exception_handler.py", line 42, in wrapped_app
    await app(scope, receive, sender)
  File "D:\ControlledCopy\Inidawish\backend\venv\Lib\site-packages\fastapi\routing.py", line 108, in app
    response = await f(request)
               ^^^^^^^^^^^^^^^^
  File "D:\ControlledCopy\Inidawish\backend\venv\Lib\site-packages\fastapi\routing.py", line 553, in app
    content = await serialize_response(
              ^^^^^^^^^^^^^^^^^^^^^^^^^
    ...<11 lines>...
    )
    ^
  File "D:\ControlledCopy\Inidawish\backend\venv\Lib\site-packages\fastapi\routing.py", line 288, in serialize_response
    raise ResponseValidationError(
    ...<3 lines>...
    )
fastapi.exceptions.ResponseValidationError: 1 validation error:
  {'type': 'string_type', 'loc': ('response', 0, 'category_id'), 'msg': 'Input should be a valid string', 'input': None}

  File "D:\ControlledCopy\Inidawish\backend\app\api\endpoints\marketplace.py", line 23, in get_my_listings
    GET /api/listings/my

Global exception caught: 6 validation errors:
  {'type': 'string_type', 'loc': ('response', 0, 'category_id'), 'msg': 'Input should be a valid string', 'input': None}
  {'type': 'string_type', 'loc': ('response', 1, 'category_id'), 'msg': 'Input should be a valid string', 'input': None}
  {'type': 'string_type', 'loc': ('response', 2, 'category_id'), 'msg': 'Input should be a valid string', 'input': None}
  {'type': 'string_type', 'loc': ('response', 3, 'category_id'), 'msg': 'Input should be a valid string', 'input': None}
  {'type': 'string_type', 'loc': ('response', 4, 'category_id'), 'msg': 'Input should be a valid string', 'input': None}
  {'type': 'string_type', 'loc': ('response', 5, 'category_id'), 'msg': 'Input should be a valid string', 'input': None}

  File "D:\ControlledCopy\Inidawish\backend\app\api\endpoints\marketplace.py", line 42, in get_recent_interactions
    GET /api/listings/home/recent
Traceback (most recent call last):
  File "D:\ControlledCopy\Inidawish\backend\venv\Lib\site-packages\starlette\middleware\errors.py", line 164, in __call__
    await self.app(scope, receive, _send)
  File "D:\ControlledCopy\Inidawish\backend\venv\Lib\site-packages\starlette\middleware\cors.py", line 95, in __call__
    await self.simple_response(scope, receive, send, request_headers=headers)
  File "D:\ControlledCopy\Inidawish\backend\venv\Lib\site-packages\starlette\middleware\cors.py", line 153, in simple_response
    await self.app(scope, receive, send)
  File "D:\ControlledCopy\Inidawish\backend\venv\Lib\site-packages\starlette\middleware\exceptions.py", line 63, in __call__
    await wrap_app_handling_exceptions(self.app, conn)(scope, receive, send)
  File "D:\ControlledCopy\Inidawish\backend\venv\Lib\site-packages\starlette\_exception_handler.py", line 53, in wrapped_app
    raise exc
  File "D:\ControlledCopy\Inidawish\backend\venv\Lib\site-packages\starlette\_exception_handler.py", line 42, in wrapped_app
    await app(scope, receive, sender)
  File "D:\ControlledCopy\Inidawish\backend\venv\Lib\site-packages\fastapi\middleware\asyncexitstack.py", line 18, in __call__
    await self.app(scope, receive, send)
  File "D:\ControlledCopy\Inidawish\backend\venv\Lib\site-packages\starlette\routing.py", line 716, in __call__
    await self.middleware_stack(scope, receive, send)
  File "D:\ControlledCopy\Inidawish\backend\venv\Lib\site-packages\starlette\routing.py", line 736, in app
    await route.handle(scope, receive, send)
  File "D:\ControlledCopy\Inidawish\backend\venv\Lib\site-packages\starlette\routing.py", line 290, in handle
    await self.app(scope, receive, send)
  File "D:\ControlledCopy\Inidawish\backend\venv\Lib\site-packages\fastapi\routing.py", line 122, in app
    await wrap_app_handling_exceptions(app, request)(scope, receive, send)
  File "D:\ControlledCopy\Inidawish\backend\venv\Lib\site-packages\starlette\_exception_handler.py", line 53, in wrapped_app
    raise exc
  File "D:\ControlledCopy\Inidawish\backend\venv\Lib\site-packages\starlette\_exception_handler.py", line 42, in wrapped_app
    await app(scope, receive, sender)
  File "D:\ControlledCopy\Inidawish\backend\venv\Lib\site-packages\fastapi\routing.py", line 108, in app
    response = await f(request)
               ^^^^^^^^^^^^^^^^
  File "D:\ControlledCopy\Inidawish\backend\venv\Lib\site-packages\fastapi\routing.py", line 553, in app
    content = await serialize_response(
              ^^^^^^^^^^^^^^^^^^^^^^^^^
    ...<11 lines>...
    )
    ^
  File "D:\ControlledCopy\Inidawish\backend\venv\Lib\site-packages\fastapi\routing.py", line 288, in serialize_response
    raise ResponseValidationError(
    ...<3 lines>...
    )
fastapi.exceptions.ResponseValidationError: 6 validation errors:
  {'type': 'string_type', 'loc': ('response', 0, 'category_id'), 'msg': 'Input should be a valid string', 'input': None}
  {'type': 'string_type', 'loc': ('response', 1, 'category_id'), 'msg': 'Input should be a valid string', 'input': None}
  {'type': 'string_type', 'loc': ('response', 2, 'category_id'), 'msg': 'Input should be a valid string', 'input': None}
  {'type': 'string_type', 'loc': ('response', 3, 'category_id'), 'msg': 'Input should be a valid string', 'input': None}
  {'type': 'string_type', 'loc': ('response', 4, 'category_id'), 'msg': 'Input should be a valid string', 'input': None}
  {'type': 'string_type', 'loc': ('response', 5, 'category_id'), 'msg': 'Input should be a valid string', 'input': None}

  File "D:\ControlledCopy\Inidawish\backend\app\api\endpoints\marketplace.py", line 42, in get_recent_interactions
    GET /api/listings/home/recent

Global exception caught: 12 validation errors:
  {'type': 'string_type', 'loc': ('response', 1, 'category_id'), 'msg': 'Input should be a valid string', 'input': None}
  {'type': 'string_type', 'loc': ('response', 2, 'category_id'), 'msg': 'Input should be a valid string', 'input': None}
  {'type': 'string_type', 'loc': ('response', 3, 'category_id'), 'msg': 'Input should be a valid string', 'input': None}
  {'type': 'string_type', 'loc': ('response', 4, 'category_id'), 'msg': 'Input should be a valid string', 'input': None}
  {'type': 'string_type', 'loc': ('response', 5, 'category_id'), 'msg': 'Input should be a valid string', 'input': None}
  {'type': 'string_type', 'loc': ('response', 6, 'category_id'), 'msg': 'Input should be a valid string', 'input': None}
  {'type': 'string_type', 'loc': ('response', 7, 'category_id'), 'msg': 'Input should be a valid string', 'input': None}
  {'type': 'string_type', 'loc': ('response', 8, 'category_id'), 'msg': 'Input should be a valid string', 'input': None}
  {'type': 'string_type', 'loc': ('response', 9, 'category_id'), 'msg': 'Input should be a valid string', 'input': None}
  {'type': 'string_type', 'loc': ('response', 10, 'category_id'), 'msg': 'Input should be a valid string', 'input': None}
  {'type': 'string_type', 'loc': ('response', 11, 'category_id'), 'msg': 'Input should be a valid string', 'input': None}
  {'type': 'string_type', 'loc': ('response', 12, 'category_id'), 'msg': 'Input should be a valid string', 'input': None}

  File "D:\ControlledCopy\Inidawish\backend\app\api\endpoints\marketplace.py", line 64, in get_listings
    GET /api/listings
Traceback (most recent call last):
  File "D:\ControlledCopy\Inidawish\backend\venv\Lib\site-packages\starlette\middleware\errors.py", line 164, in __call__
    await self.app(scope, receive, _send)
  File "D:\ControlledCopy\Inidawish\backend\venv\Lib\site-packages\starlette\middleware\cors.py", line 95, in __call__
    await self.simple_response(scope, receive, send, request_headers=headers)
  File "D:\ControlledCopy\Inidawish\backend\venv\Lib\site-packages\starlette\middleware\cors.py", line 153, in simple_response
    await self.app(scope, receive, send)
  File "D:\ControlledCopy\Inidawish\backend\venv\Lib\site-packages\starlette\middleware\exceptions.py", line 63, in __call__
    await wrap_app_handling_exceptions(self.app, conn)(scope, receive, send)
  File "D:\ControlledCopy\Inidawish\backend\venv\Lib\site-packages\starlette\_exception_handler.py", line 53, in wrapped_app
    raise exc
  File "D:\ControlledCopy\Inidawish\backend\venv\Lib\site-packages\starlette\_exception_handler.py", line 42, in wrapped_app
    await app(scope, receive, sender)
  File "D:\ControlledCopy\Inidawish\backend\venv\Lib\site-packages\fastapi\middleware\asyncexitstack.py", line 18, in __call__
    await self.app(scope, receive, send)
  File "D:\ControlledCopy\Inidawish\backend\venv\Lib\site-packages\starlette\routing.py", line 716, in __call__
    await self.middleware_stack(scope, receive, send)
  File "D:\ControlledCopy\Inidawish\backend\venv\Lib\site-packages\starlette\routing.py", line 736, in app
    await route.handle(scope, receive, send)
  File "D:\ControlledCopy\Inidawish\backend\venv\Lib\site-packages\starlette\routing.py", line 290, in handle
    await self.app(scope, receive, send)
  File "D:\ControlledCopy\Inidawish\backend\venv\Lib\site-packages\fastapi\routing.py", line 122, in app
    await wrap_app_handling_exceptions(app, request)(scope, receive, send)
  File "D:\ControlledCopy\Inidawish\backend\venv\Lib\site-packages\starlette\_exception_handler.py", line 53, in wrapped_app
    raise exc
  File "D:\ControlledCopy\Inidawish\backend\venv\Lib\site-packages\starlette\_exception_handler.py", line 42, in wrapped_app
    await app(scope, receive, sender)
  File "D:\ControlledCopy\Inidawish\backend\venv\Lib\site-packages\fastapi\routing.py", line 108, in app
    response = await f(request)
               ^^^^^^^^^^^^^^^^
  File "D:\ControlledCopy\Inidawish\backend\venv\Lib\site-packages\fastapi\routing.py", line 553, in app
    content = await serialize_response(
              ^^^^^^^^^^^^^^^^^^^^^^^^^
    ...<11 lines>...
    )
    ^
  File "D:\ControlledCopy\Inidawish\backend\venv\Lib\site-packages\fastapi\routing.py", line 288, in serialize_response
    raise ResponseValidationError(
    ...<3 lines>...
    )
fastapi.exceptions.ResponseValidationError: 12 validation errors:
  {'type': 'string_type', 'loc': ('response', 1, 'category_id'), 'msg': 'Input should be a valid string', 'input': None}
  {'type': 'string_type', 'loc': ('response', 2, 'category_id'), 'msg': 'Input should be a valid string', 'input': None}
  {'type': 'string_type', 'loc': ('response', 3, 'category_id'), 'msg': 'Input should be a valid string', 'input': None}
  {'type': 'string_type', 'loc': ('response', 4, 'category_id'), 'msg': 'Input should be a valid string', 'input': None}
  {'type': 'string_type', 'loc': ('response', 5, 'category_id'), 'msg': 'Input should be a valid string', 'input': None}
  {'type': 'string_type', 'loc': ('response', 6, 'category_id'), 'msg': 'Input should be a valid string', 'input': None}
  {'type': 'string_type', 'loc': ('response', 7, 'category_id'), 'msg': 'Input should be a valid string', 'input': None}
  {'type': 'string_type', 'loc': ('response', 8, 'category_id'), 'msg': 'Input should be a valid string', 'input': None}
  {'type': 'string_type', 'loc': ('response', 9, 'category_id'), 'msg': 'Input should be a valid string', 'input': None}
  {'type': 'string_type', 'loc': ('response', 10, 'category_id'), 'msg': 'Input should be a valid string', 'input': None}
  {'type': 'string_type', 'loc': ('response', 11, 'category_id'), 'msg': 'Input should be a valid string', 'input': None}
  {'type': 'string_type', 'loc': ('response', 12, 'category_id'), 'msg': 'Input should be a valid string', 'input': None}

  File "D:\ControlledCopy\Inidawish\backend\app\api\endpoints\marketplace.py", line 64, in get_listings
    GET /api/listings

Global exception caught: 12 validation errors:
  {'type': 'string_type', 'loc': ('response', 5, 'category_id'), 'msg': 'Input should be a valid string', 'input': None}
  {'type': 'string_type', 'loc': ('response', 6, 'category_id'), 'msg': 'Input should be a valid string', 'input': None}
  {'type': 'string_type', 'loc': ('response', 7, 'category_id'), 'msg': 'Input should be a valid string', 'input': None}
  {'type': 'string_type', 'loc': ('response', 8, 'category_id'), 'msg': 'Input should be a valid string', 'input': None}
  {'type': 'string_type', 'loc': ('response', 9, 'category_id'), 'msg': 'Input should be a valid string', 'input': None}
  {'type': 'string_type', 'loc': ('response', 10, 'category_id'), 'msg': 'Input should be a valid string', 'input': None}
  {'type': 'string_type', 'loc': ('response', 11, 'category_id'), 'msg': 'Input should be a valid string', 'input': None}
  {'type': 'string_type', 'loc': ('response', 12, 'category_id'), 'msg': 'Input should be a valid string', 'input': None}
  {'type': 'string_type', 'loc': ('response', 13, 'category_id'), 'msg': 'Input should be a valid string', 'input': None}
  {'type': 'string_type', 'loc': ('response', 14, 'category_id'), 'msg': 'Input should be a valid string', 'input': None}
  {'type': 'string_type', 'loc': ('response', 15, 'category_id'), 'msg': 'Input should be a valid string', 'input': None}
  {'type': 'string_type', 'loc': ('response', 17, 'category_id'), 'msg': 'Input should be a valid string', 'input': None}

  File "D:\ControlledCopy\Inidawish\backend\app\api\endpoints\marketplace.py", line 37, in get_fresh_recommendations
    GET /api/listings/home/fresh
Traceback (most recent call last):
  File "D:\ControlledCopy\Inidawish\backend\venv\Lib\site-packages\starlette\middleware\errors.py", line 164, in __call__
    await self.app(scope, receive, _send)
  File "D:\ControlledCopy\Inidawish\backend\venv\Lib\site-packages\starlette\middleware\cors.py", line 95, in __call__
    await self.simple_response(scope, receive, send, request_headers=headers)
  File "D:\ControlledCopy\Inidawish\backend\venv\Lib\site-packages\starlette\middleware\cors.py", line 153, in simple_response
    await self.app(scope, receive, send)
  File "D:\ControlledCopy\Inidawish\backend\venv\Lib\site-packages\starlette\middleware\exceptions.py", line 63, in __call__
    await wrap_app_handling_exceptions(self.app, conn)(scope, receive, send)
  File "D:\ControlledCopy\Inidawish\backend\venv\Lib\site-packages\starlette\_exception_handler.py", line 53, in wrapped_app
    raise exc
  File "D:\ControlledCopy\Inidawish\backend\venv\Lib\site-packages\starlette\_exception_handler.py", line 42, in wrapped_app
    await app(scope, receive, sender)
  File "D:\ControlledCopy\Inidawish\backend\venv\Lib\site-packages\fastapi\middleware\asyncexitstack.py", line 18, in __call__
    await self.app(scope, receive, send)
  File "D:\ControlledCopy\Inidawish\backend\venv\Lib\site-packages\starlette\routing.py", line 716, in __call__
    await self.middleware_stack(scope, receive, send)
  File "D:\ControlledCopy\Inidawish\backend\venv\Lib\site-packages\starlette\routing.py", line 736, in app
    await route.handle(scope, receive, send)
  File "D:\ControlledCopy\Inidawish\backend\venv\Lib\site-packages\starlette\routing.py", line 290, in handle
    await self.app(scope, receive, send)
  File "D:\ControlledCopy\Inidawish\backend\venv\Lib\site-packages\fastapi\routing.py", line 122, in app
    await wrap_app_handling_exceptions(app, request)(scope, receive, send)
  File "D:\ControlledCopy\Inidawish\backend\venv\Lib\site-packages\starlette\_exception_handler.py", line 53, in wrapped_app
    raise exc
  File "D:\ControlledCopy\Inidawish\backend\venv\Lib\site-packages\starlette\_exception_handler.py", line 42, in wrapped_app
    await app(scope, receive, sender)
  File "D:\ControlledCopy\Inidawish\backend\venv\Lib\site-packages\fastapi\routing.py", line 108, in app
    response = await f(request)
               ^^^^^^^^^^^^^^^^
  File "D:\ControlledCopy\Inidawish\backend\venv\Lib\site-packages\fastapi\routing.py", line 553, in app
    content = await serialize_response(
              ^^^^^^^^^^^^^^^^^^^^^^^^^
    ...<11 lines>...
    )
    ^
  File "D:\ControlledCopy\Inidawish\backend\venv\Lib\site-packages\fastapi\routing.py", line 288, in serialize_response
    raise ResponseValidationError(
    ...<3 lines>...
    )
fastapi.exceptions.ResponseValidationError: 12 validation errors:
  {'type': 'string_type', 'loc': ('response', 5, 'category_id'), 'msg': 'Input should be a valid string', 'input': None}
  {'type': 'string_type', 'loc': ('response', 6, 'category_id'), 'msg': 'Input should be a valid string', 'input': None}
  {'type': 'string_type', 'loc': ('response', 7, 'category_id'), 'msg': 'Input should be a valid string', 'input': None}
  {'type': 'string_type', 'loc': ('response', 8, 'category_id'), 'msg': 'Input should be a valid string', 'input': None}
  {'type': 'string_type', 'loc': ('response', 9, 'category_id'), 'msg': 'Input should be a valid string', 'input': None}
  {'type': 'string_type', 'loc': ('response', 10, 'category_id'), 'msg': 'Input should be a valid string', 'input': None}
  {'type': 'string_type', 'loc': ('response', 11, 'category_id'), 'msg': 'Input should be a valid string', 'input': None}
  {'type': 'string_type', 'loc': ('response', 12, 'category_id'), 'msg': 'Input should be a valid string', 'input': None}
  {'type': 'string_type', 'loc': ('response', 13, 'category_id'), 'msg': 'Input should be a valid string', 'input': None}
  {'type': 'string_type', 'loc': ('response', 14, 'category_id'), 'msg': 'Input should be a valid string', 'input': None}
  {'type': 'string_type', 'loc': ('response', 15, 'category_id'), 'msg': 'Input should be a valid string', 'input': None}
  {'type': 'string_type', 'loc': ('response', 17, 'category_id'), 'msg': 'Input should be a valid string', 'input': None}

  File "D:\ControlledCopy\Inidawish\backend\app\api\endpoints\marketplace.py", line 37, in get_fresh_recommendations
    GET /api/listings/home/fresh

Global exception caught: 12 validation errors:
  {'type': 'string_type', 'loc': ('response', 1, 'category_id'), 'msg': 'Input should be a valid string', 'input': None}
  {'type': 'string_type', 'loc': ('response', 2, 'category_id'), 'msg': 'Input should be a valid string', 'input': None}
  {'type': 'string_type', 'loc': ('response', 3, 'category_id'), 'msg': 'Input should be a valid string', 'input': None}
  {'type': 'string_type', 'loc': ('response', 4, 'category_id'), 'msg': 'Input should be a valid string', 'input': None}
  {'type': 'string_type', 'loc': ('response', 5, 'category_id'), 'msg': 'Input should be a valid string', 'input': None}
  {'type': 'string_type', 'loc': ('response', 6, 'category_id'), 'msg': 'Input should be a valid string', 'input': None}
  {'type': 'string_type', 'loc': ('response', 7, 'category_id'), 'msg': 'Input should be a valid string', 'input': None}
  {'type': 'string_type', 'loc': ('response', 8, 'category_id'), 'msg': 'Input should be a valid string', 'input': None}
  {'type': 'string_type', 'loc': ('response', 9, 'category_id'), 'msg': 'Input should be a valid string', 'input': None}
  {'type': 'string_type', 'loc': ('response', 10, 'category_id'), 'msg': 'Input should be a valid string', 'input': None}
  {'type': 'string_type', 'loc': ('response', 11, 'category_id'), 'msg': 'Input should be a valid string', 'input': None}
  {'type': 'string_type', 'loc': ('response', 12, 'category_id'), 'msg': 'Input should be a valid string', 'input': None}

  File "D:\ControlledCopy\Inidawish\backend\app\api\endpoints\marketplace.py", line 64, in get_listings
    GET /api/listings
Traceback (most recent call last):
  File "D:\ControlledCopy\Inidawish\backend\venv\Lib\site-packages\starlette\middleware\errors.py", line 164, in __call__
    await self.app(scope, receive, _send)
  File "D:\ControlledCopy\Inidawish\backend\venv\Lib\site-packages\starlette\middleware\cors.py", line 95, in __call__
    await self.simple_response(scope, receive, send, request_headers=headers)
  File "D:\ControlledCopy\Inidawish\backend\venv\Lib\site-packages\starlette\middleware\cors.py", line 153, in simple_response
    await self.app(scope, receive, send)
  File "D:\ControlledCopy\Inidawish\backend\venv\Lib\site-packages\starlette\middleware\exceptions.py", line 63, in __call__
    await wrap_app_handling_exceptions(self.app, conn)(scope, receive, send)
  File "D:\ControlledCopy\Inidawish\backend\venv\Lib\site-packages\starlette\_exception_handler.py", line 53, in wrapped_app
    raise exc
  File "D:\ControlledCopy\Inidawish\backend\venv\Lib\site-packages\starlette\_exception_handler.py", line 42, in wrapped_app
    await app(scope, receive, sender)
  File "D:\ControlledCopy\Inidawish\backend\venv\Lib\site-packages\fastapi\middleware\asyncexitstack.py", line 18, in __call__
    await self.app(scope, receive, send)
  File "D:\ControlledCopy\Inidawish\backend\venv\Lib\site-packages\starlette\routing.py", line 716, in __call__
    await self.middleware_stack(scope, receive, send)
  File "D:\ControlledCopy\Inidawish\backend\venv\Lib\site-packages\starlette\routing.py", line 736, in app
    await route.handle(scope, receive, send)
  File "D:\ControlledCopy\Inidawish\backend\venv\Lib\site-packages\starlette\routing.py", line 290, in handle
    await self.app(scope, receive, send)
  File "D:\ControlledCopy\Inidawish\backend\venv\Lib\site-packages\fastapi\routing.py", line 122, in app
    await wrap_app_handling_exceptions(app, request)(scope, receive, send)
  File "D:\ControlledCopy\Inidawish\backend\venv\Lib\site-packages\starlette\_exception_handler.py", line 53, in wrapped_app
    raise exc
  File "D:\ControlledCopy\Inidawish\backend\venv\Lib\site-packages\starlette\_exception_handler.py", line 42, in wrapped_app
    await app(scope, receive, sender)
  File "D:\ControlledCopy\Inidawish\backend\venv\Lib\site-packages\fastapi\routing.py", line 108, in app
    response = await f(request)
               ^^^^^^^^^^^^^^^^
  File "D:\ControlledCopy\Inidawish\backend\venv\Lib\site-packages\fastapi\routing.py", line 553, in app
    content = await serialize_response(
              ^^^^^^^^^^^^^^^^^^^^^^^^^
    ...<11 lines>...
    )
    ^
  File "D:\ControlledCopy\Inidawish\backend\venv\Lib\site-packages\fastapi\routing.py", line 288, in serialize_response
    raise ResponseValidationError(
    ...<3 lines>...
    )
fastapi.exceptions.ResponseValidationError: 12 validation errors:
  {'type': 'string_type', 'loc': ('response', 1, 'category_id'), 'msg': 'Input should be a valid string', 'input': None}
  {'type': 'string_type', 'loc': ('response', 2, 'category_id'), 'msg': 'Input should be a valid string', 'input': None}
  {'type': 'string_type', 'loc': ('response', 3, 'category_id'), 'msg': 'Input should be a valid string', 'input': None}
  {'type': 'string_type', 'loc': ('response', 4, 'category_id'), 'msg': 'Input should be a valid string', 'input': None}
  {'type': 'string_type', 'loc': ('response', 5, 'category_id'), 'msg': 'Input should be a valid string', 'input': None}
  {'type': 'string_type', 'loc': ('response', 6, 'category_id'), 'msg': 'Input should be a valid string', 'input': None}
  {'type': 'string_type', 'loc': ('response', 7, 'category_id'), 'msg': 'Input should be a valid string', 'input': None}
  {'type': 'string_type', 'loc': ('response', 8, 'category_id'), 'msg': 'Input should be a valid string', 'input': None}
  {'type': 'string_type', 'loc': ('response', 9, 'category_id'), 'msg': 'Input should be a valid string', 'input': None}
  {'type': 'string_type', 'loc': ('response', 10, 'category_id'), 'msg': 'Input should be a valid string', 'input': None}
  {'type': 'string_type', 'loc': ('response', 11, 'category_id'), 'msg': 'Input should be a valid string', 'input': None}
  {'type': 'string_type', 'loc': ('response', 12, 'category_id'), 'msg': 'Input should be a valid string', 'input': None}

  File "D:\ControlledCopy\Inidawish\backend\app\api\endpoints\marketplace.py", line 64, in get_listings
    GET /api/listings

Global exception caught: 12 validation errors:
  {'type': 'string_type', 'loc': ('response', 5, 'category_id'), 'msg': 'Input should be a valid string', 'input': None}
  {'type': 'string_type', 'loc': ('response', 6, 'category_id'), 'msg': 'Input should be a valid string', 'input': None}
  {'type': 'string_type', 'loc': ('response', 7, 'category_id'), 'msg': 'Input should be a valid string', 'input': None}
  {'type': 'string_type', 'loc': ('response', 8, 'category_id'), 'msg': 'Input should be a valid string', 'input': None}
  {'type': 'string_type', 'loc': ('response', 9, 'category_id'), 'msg': 'Input should be a valid string', 'input': None}
  {'type': 'string_type', 'loc': ('response', 10, 'category_id'), 'msg': 'Input should be a valid string', 'input': None}
  {'type': 'string_type', 'loc': ('response', 11, 'category_id'), 'msg': 'Input should be a valid string', 'input': None}
  {'type': 'string_type', 'loc': ('response', 12, 'category_id'), 'msg': 'Input should be a valid string', 'input': None}
  {'type': 'string_type', 'loc': ('response', 13, 'category_id'), 'msg': 'Input should be a valid string', 'input': None}
  {'type': 'string_type', 'loc': ('response', 14, 'category_id'), 'msg': 'Input should be a valid string', 'input': None}
  {'type': 'string_type', 'loc': ('response', 15, 'category_id'), 'msg': 'Input should be a valid string', 'input': None}
  {'type': 'string_type', 'loc': ('response', 17, 'category_id'), 'msg': 'Input should be a valid string', 'input': None}

  File "D:\ControlledCopy\Inidawish\backend\app\api\endpoints\marketplace.py", line 37, in get_fresh_recommendations
    GET /api/listings/home/fresh
Traceback (most recent call last):
  File "D:\ControlledCopy\Inidawish\backend\venv\Lib\site-packages\starlette\middleware\errors.py", line 164, in __call__
    await self.app(scope, receive, _send)
  File "D:\ControlledCopy\Inidawish\backend\venv\Lib\site-packages\starlette\middleware\cors.py", line 95, in __call__
    await self.simple_response(scope, receive, send, request_headers=headers)
  File "D:\ControlledCopy\Inidawish\backend\venv\Lib\site-packages\starlette\middleware\cors.py", line 153, in simple_response
    await self.app(scope, receive, send)
  File "D:\ControlledCopy\Inidawish\backend\venv\Lib\site-packages\starlette\middleware\exceptions.py", line 63, in __call__
    await wrap_app_handling_exceptions(self.app, conn)(scope, receive, send)
  File "D:\ControlledCopy\Inidawish\backend\venv\Lib\site-packages\starlette\_exception_handler.py", line 53, in wrapped_app
    raise exc
  File "D:\ControlledCopy\Inidawish\backend\venv\Lib\site-packages\starlette\_exception_handler.py", line 42, in wrapped_app
    await app(scope, receive, sender)
  File "D:\ControlledCopy\Inidawish\backend\venv\Lib\site-packages\fastapi\middleware\asyncexitstack.py", line 18, in __call__
    await self.app(scope, receive, send)
  File "D:\ControlledCopy\Inidawish\backend\venv\Lib\site-packages\starlette\routing.py", line 716, in __call__
    await self.middleware_stack(scope, receive, send)
  File "D:\ControlledCopy\Inidawish\backend\venv\Lib\site-packages\starlette\routing.py", line 736, in app
    await route.handle(scope, receive, send)
  File "D:\ControlledCopy\Inidawish\backend\venv\Lib\site-packages\starlette\routing.py", line 290, in handle
    await self.app(scope, receive, send)
  File "D:\ControlledCopy\Inidawish\backend\venv\Lib\site-packages\fastapi\routing.py", line 122, in app
    await wrap_app_handling_exceptions(app, request)(scope, receive, send)
  File "D:\ControlledCopy\Inidawish\backend\venv\Lib\site-packages\starlette\_exception_handler.py", line 53, in wrapped_app
    raise exc
  File "D:\ControlledCopy\Inidawish\backend\venv\Lib\site-packages\starlette\_exception_handler.py", line 42, in wrapped_app
    await app(scope, receive, sender)
  File "D:\ControlledCopy\Inidawish\backend\venv\Lib\site-packages\fastapi\routing.py", line 108, in app
    response = await f(request)
               ^^^^^^^^^^^^^^^^
  File "D:\ControlledCopy\Inidawish\backend\venv\Lib\site-packages\fastapi\routing.py", line 553, in app
    content = await serialize_response(
              ^^^^^^^^^^^^^^^^^^^^^^^^^
    ...<11 lines>...
    )
    ^
  File "D:\ControlledCopy\Inidawish\backend\venv\Lib\site-packages\fastapi\routing.py", line 288, in serialize_response
    raise ResponseValidationError(
    ...<3 lines>...
    )
fastapi.exceptions.ResponseValidationError: 12 validation errors:
  {'type': 'string_type', 'loc': ('response', 5, 'category_id'), 'msg': 'Input should be a valid string', 'input': None}
  {'type': 'string_type', 'loc': ('response', 6, 'category_id'), 'msg': 'Input should be a valid string', 'input': None}
  {'type': 'string_type', 'loc': ('response', 7, 'category_id'), 'msg': 'Input should be a valid string', 'input': None}
  {'type': 'string_type', 'loc': ('response', 8, 'category_id'), 'msg': 'Input should be a valid string', 'input': None}
  {'type': 'string_type', 'loc': ('response', 9, 'category_id'), 'msg': 'Input should be a valid string', 'input': None}
  {'type': 'string_type', 'loc': ('response', 10, 'category_id'), 'msg': 'Input should be a valid string', 'input': None}
  {'type': 'string_type', 'loc': ('response', 11, 'category_id'), 'msg': 'Input should be a valid string', 'input': None}
  {'type': 'string_type', 'loc': ('response', 12, 'category_id'), 'msg': 'Input should be a valid string', 'input': None}
  {'type': 'string_type', 'loc': ('response', 13, 'category_id'), 'msg': 'Input should be a valid string', 'input': None}
  {'type': 'string_type', 'loc': ('response', 14, 'category_id'), 'msg': 'Input should be a valid string', 'input': None}
  {'type': 'string_type', 'loc': ('response', 15, 'category_id'), 'msg': 'Input should be a valid string', 'input': None}
  {'type': 'string_type', 'loc': ('response', 17, 'category_id'), 'msg': 'Input should be a valid string', 'input': None}

  File "D:\ControlledCopy\Inidawish\backend\app\api\endpoints\marketplace.py", line 37, in get_fresh_recommendations
    GET /api/listings/home/fresh

Global exception caught: 12 validation errors:
  {'type': 'string_type', 'loc': ('response', 1, 'category_id'), 'msg': 'Input should be a valid string', 'input': None}
  {'type': 'string_type', 'loc': ('response', 2, 'category_id'), 'msg': 'Input should be a valid string', 'input': None}
  {'type': 'string_type', 'loc': ('response', 3, 'category_id'), 'msg': 'Input should be a valid string', 'input': None}
  {'type': 'string_type', 'loc': ('response', 4, 'category_id'), 'msg': 'Input should be a valid string', 'input': None}
  {'type': 'string_type', 'loc': ('response', 5, 'category_id'), 'msg': 'Input should be a valid string', 'input': None}
  {'type': 'string_type', 'loc': ('response', 6, 'category_id'), 'msg': 'Input should be a valid string', 'input': None}
  {'type': 'string_type', 'loc': ('response', 7, 'category_id'), 'msg': 'Input should be a valid string', 'input': None}
  {'type': 'string_type', 'loc': ('response', 8, 'category_id'), 'msg': 'Input should be a valid string', 'input': None}
  {'type': 'string_type', 'loc': ('response', 9, 'category_id'), 'msg': 'Input should be a valid string', 'input': None}
  {'type': 'string_type', 'loc': ('response', 10, 'category_id'), 'msg': 'Input should be a valid string', 'input': None}
  {'type': 'string_type', 'loc': ('response', 11, 'category_id'), 'msg': 'Input should be a valid string', 'input': None}
  {'type': 'string_type', 'loc': ('response', 12, 'category_id'), 'msg': 'Input should be a valid string', 'input': None}

  File "D:\ControlledCopy\Inidawish\backend\app\api\endpoints\marketplace.py", line 64, in get_listings
    GET /api/listings
Traceback (most recent call last):
  File "D:\ControlledCopy\Inidawish\backend\venv\Lib\site-packages\starlette\middleware\errors.py", line 164, in __call__
    await self.app(scope, receive, _send)
  File "D:\ControlledCopy\Inidawish\backend\venv\Lib\site-packages\starlette\middleware\cors.py", line 95, in __call__
    await self.simple_response(scope, receive, send, request_headers=headers)
  File "D:\ControlledCopy\Inidawish\backend\venv\Lib\site-packages\starlette\middleware\cors.py", line 153, in simple_response
    await self.app(scope, receive, send)
  File "D:\ControlledCopy\Inidawish\backend\venv\Lib\site-packages\starlette\middleware\exceptions.py", line 63, in __call__
    await wrap_app_handling_exceptions(self.app, conn)(scope, receive, send)
  File "D:\ControlledCopy\Inidawish\backend\venv\Lib\site-packages\starlette\_exception_handler.py", line 53, in wrapped_app
    raise exc
  File "D:\ControlledCopy\Inidawish\backend\venv\Lib\site-packages\starlette\_exception_handler.py", line 42, in wrapped_app
    await app(scope, receive, sender)
  File "D:\ControlledCopy\Inidawish\backend\venv\Lib\site-packages\fastapi\middleware\asyncexitstack.py", line 18, in __call__
    await self.app(scope, receive, send)
  File "D:\ControlledCopy\Inidawish\backend\venv\Lib\site-packages\starlette\routing.py", line 716, in __call__
    await self.middleware_stack(scope, receive, send)
  File "D:\ControlledCopy\Inidawish\backend\venv\Lib\site-packages\starlette\routing.py", line 736, in app
    await route.handle(scope, receive, send)
  File "D:\ControlledCopy\Inidawish\backend\venv\Lib\site-packages\starlette\routing.py", line 290, in handle
    await self.app(scope, receive, send)
  File "D:\ControlledCopy\Inidawish\backend\venv\Lib\site-packages\fastapi\routing.py", line 122, in app
    await wrap_app_handling_exceptions(app, request)(scope, receive, send)
  File "D:\ControlledCopy\Inidawish\backend\venv\Lib\site-packages\starlette\_exception_handler.py", line 53, in wrapped_app
    raise exc
  File "D:\ControlledCopy\Inidawish\backend\venv\Lib\site-packages\starlette\_exception_handler.py", line 42, in wrapped_app
    await app(scope, receive, sender)
  File "D:\ControlledCopy\Inidawish\backend\venv\Lib\site-packages\fastapi\routing.py", line 108, in app
    response = await f(request)
               ^^^^^^^^^^^^^^^^
  File "D:\ControlledCopy\Inidawish\backend\venv\Lib\site-packages\fastapi\routing.py", line 553, in app
    content = await serialize_response(
              ^^^^^^^^^^^^^^^^^^^^^^^^^
    ...<11 lines>...
    )
    ^
  File "D:\ControlledCopy\Inidawish\backend\venv\Lib\site-packages\fastapi\routing.py", line 288, in serialize_response
    raise ResponseValidationError(
    ...<3 lines>...
    )
fastapi.exceptions.ResponseValidationError: 12 validation errors:
  {'type': 'string_type', 'loc': ('response', 1, 'category_id'), 'msg': 'Input should be a valid string', 'input': None}
  {'type': 'string_type', 'loc': ('response', 2, 'category_id'), 'msg': 'Input should be a valid string', 'input': None}
  {'type': 'string_type', 'loc': ('response', 3, 'category_id'), 'msg': 'Input should be a valid string', 'input': None}
  {'type': 'string_type', 'loc': ('response', 4, 'category_id'), 'msg': 'Input should be a valid string', 'input': None}
  {'type': 'string_type', 'loc': ('response', 5, 'category_id'), 'msg': 'Input should be a valid string', 'input': None}
  {'type': 'string_type', 'loc': ('response', 6, 'category_id'), 'msg': 'Input should be a valid string', 'input': None}
  {'type': 'string_type', 'loc': ('response', 7, 'category_id'), 'msg': 'Input should be a valid string', 'input': None}
  {'type': 'string_type', 'loc': ('response', 8, 'category_id'), 'msg': 'Input should be a valid string', 'input': None}
  {'type': 'string_type', 'loc': ('response', 9, 'category_id'), 'msg': 'Input should be a valid string', 'input': None}
  {'type': 'string_type', 'loc': ('response', 10, 'category_id'), 'msg': 'Input should be a valid string', 'input': None}
  {'type': 'string_type', 'loc': ('response', 11, 'category_id'), 'msg': 'Input should be a valid string', 'input': None}
  {'type': 'string_type', 'loc': ('response', 12, 'category_id'), 'msg': 'Input should be a valid string', 'input': None}

  File "D:\ControlledCopy\Inidawish\backend\app\api\endpoints\marketplace.py", line 64, in get_listings
    GET /api/listings

Global exception caught: 12 validation errors:
  {'type': 'string_type', 'loc': ('response', 5, 'category_id'), 'msg': 'Input should be a valid string', 'input': None}
  {'type': 'string_type', 'loc': ('response', 6, 'category_id'), 'msg': 'Input should be a valid string', 'input': None}
  {'type': 'string_type', 'loc': ('response', 7, 'category_id'), 'msg': 'Input should be a valid string', 'input': None}
  {'type': 'string_type', 'loc': ('response', 8, 'category_id'), 'msg': 'Input should be a valid string', 'input': None}
  {'type': 'string_type', 'loc': ('response', 9, 'category_id'), 'msg': 'Input should be a valid string', 'input': None}
  {'type': 'string_type', 'loc': ('response', 10, 'category_id'), 'msg': 'Input should be a valid string', 'input': None}
  {'type': 'string_type', 'loc': ('response', 11, 'category_id'), 'msg': 'Input should be a valid string', 'input': None}
  {'type': 'string_type', 'loc': ('response', 12, 'category_id'), 'msg': 'Input should be a valid string', 'input': None}
  {'type': 'string_type', 'loc': ('response', 13, 'category_id'), 'msg': 'Input should be a valid string', 'input': None}
  {'type': 'string_type', 'loc': ('response', 14, 'category_id'), 'msg': 'Input should be a valid string', 'input': None}
  {'type': 'string_type', 'loc': ('response', 15, 'category_id'), 'msg': 'Input should be a valid string', 'input': None}
  {'type': 'string_type', 'loc': ('response', 17, 'category_id'), 'msg': 'Input should be a valid string', 'input': None}

  File "D:\ControlledCopy\Inidawish\backend\app\api\endpoints\marketplace.py", line 37, in get_fresh_recommendations
    GET /api/listings/home/fresh
Traceback (most recent call last):
  File "D:\ControlledCopy\Inidawish\backend\venv\Lib\site-packages\starlette\middleware\errors.py", line 164, in __call__
    await self.app(scope, receive, _send)
  File "D:\ControlledCopy\Inidawish\backend\venv\Lib\site-packages\starlette\middleware\cors.py", line 95, in __call__
    await self.simple_response(scope, receive, send, request_headers=headers)
  File "D:\ControlledCopy\Inidawish\backend\venv\Lib\site-packages\starlette\middleware\cors.py", line 153, in simple_response
    await self.app(scope, receive, send)
  File "D:\ControlledCopy\Inidawish\backend\venv\Lib\site-packages\starlette\middleware\exceptions.py", line 63, in __call__
    await wrap_app_handling_exceptions(self.app, conn)(scope, receive, send)
  File "D:\ControlledCopy\Inidawish\backend\venv\Lib\site-packages\starlette\_exception_handler.py", line 53, in wrapped_app
    raise exc
  File "D:\ControlledCopy\Inidawish\backend\venv\Lib\site-packages\starlette\_exception_handler.py", line 42, in wrapped_app
    await app(scope, receive, sender)
  File "D:\ControlledCopy\Inidawish\backend\venv\Lib\site-packages\fastapi\middleware\asyncexitstack.py", line 18, in __call__
    await self.app(scope, receive, send)
  File "D:\ControlledCopy\Inidawish\backend\venv\Lib\site-packages\starlette\routing.py", line 716, in __call__
    await self.middleware_stack(scope, receive, send)
  File "D:\ControlledCopy\Inidawish\backend\venv\Lib\site-packages\starlette\routing.py", line 736, in app
    await route.handle(scope, receive, send)
  File "D:\ControlledCopy\Inidawish\backend\venv\Lib\site-packages\starlette\routing.py", line 290, in handle
    await self.app(scope, receive, send)
  File "D:\ControlledCopy\Inidawish\backend\venv\Lib\site-packages\fastapi\routing.py", line 122, in app
    await wrap_app_handling_exceptions(app, request)(scope, receive, send)
  File "D:\ControlledCopy\Inidawish\backend\venv\Lib\site-packages\starlette\_exception_handler.py", line 53, in wrapped_app
    raise exc
  File "D:\ControlledCopy\Inidawish\backend\venv\Lib\site-packages\starlette\_exception_handler.py", line 42, in wrapped_app
    await app(scope, receive, sender)
  File "D:\ControlledCopy\Inidawish\backend\venv\Lib\site-packages\fastapi\routing.py", line 108, in app
    response = await f(request)
               ^^^^^^^^^^^^^^^^
  File "D:\ControlledCopy\Inidawish\backend\venv\Lib\site-packages\fastapi\routing.py", line 553, in app
    content = await serialize_response(
              ^^^^^^^^^^^^^^^^^^^^^^^^^
    ...<11 lines>...
    )
    ^
  File "D:\ControlledCopy\Inidawish\backend\venv\Lib\site-packages\fastapi\routing.py", line 288, in serialize_response
    raise ResponseValidationError(
    ...<3 lines>...
    )
fastapi.exceptions.ResponseValidationError: 12 validation errors:
  {'type': 'string_type', 'loc': ('response', 5, 'category_id'), 'msg': 'Input should be a valid string', 'input': None}
  {'type': 'string_type', 'loc': ('response', 6, 'category_id'), 'msg': 'Input should be a valid string', 'input': None}
  {'type': 'string_type', 'loc': ('response', 7, 'category_id'), 'msg': 'Input should be a valid string', 'input': None}
  {'type': 'string_type', 'loc': ('response', 8, 'category_id'), 'msg': 'Input should be a valid string', 'input': None}
  {'type': 'string_type', 'loc': ('response', 9, 'category_id'), 'msg': 'Input should be a valid string', 'input': None}
  {'type': 'string_type', 'loc': ('response', 10, 'category_id'), 'msg': 'Input should be a valid string', 'input': None}
  {'type': 'string_type', 'loc': ('response', 11, 'category_id'), 'msg': 'Input should be a valid string', 'input': None}
  {'type': 'string_type', 'loc': ('response', 12, 'category_id'), 'msg': 'Input should be a valid string', 'input': None}
  {'type': 'string_type', 'loc': ('response', 13, 'category_id'), 'msg': 'Input should be a valid string', 'input': None}
  {'type': 'string_type', 'loc': ('response', 14, 'category_id'), 'msg': 'Input should be a valid string', 'input': None}
  {'type': 'string_type', 'loc': ('response', 15, 'category_id'), 'msg': 'Input should be a valid string', 'input': None}
  {'type': 'string_type', 'loc': ('response', 17, 'category_id'), 'msg': 'Input should be a valid string', 'input': None}

  File "D:\ControlledCopy\Inidawish\backend\app\api\endpoints\marketplace.py", line 37, in get_fresh_recommendations
    GET /api/listings/home/fresh

Global exception caught: 12 validation errors:
  {'type': 'string_type', 'loc': ('response', 5, 'category_id'), 'msg': 'Input should be a valid string', 'input': None}
  {'type': 'string_type', 'loc': ('response', 6, 'category_id'), 'msg': 'Input should be a valid string', 'input': None}
  {'type': 'string_type', 'loc': ('response', 7, 'category_id'), 'msg': 'Input should be a valid string', 'input': None}
  {'type': 'string_type', 'loc': ('response', 8, 'category_id'), 'msg': 'Input should be a valid string', 'input': None}
  {'type': 'string_type', 'loc': ('response', 9, 'category_id'), 'msg': 'Input should be a valid string', 'input': None}
  {'type': 'string_type', 'loc': ('response', 10, 'category_id'), 'msg': 'Input should be a valid string', 'input': None}
  {'type': 'string_type', 'loc': ('response', 11, 'category_id'), 'msg': 'Input should be a valid string', 'input': None}
  {'type': 'string_type', 'loc': ('response', 12, 'category_id'), 'msg': 'Input should be a valid string', 'input': None}
  {'type': 'string_type', 'loc': ('response', 13, 'category_id'), 'msg': 'Input should be a valid string', 'input': None}
  {'type': 'string_type', 'loc': ('response', 14, 'category_id'), 'msg': 'Input should be a valid string', 'input': None}
  {'type': 'string_type', 'loc': ('response', 15, 'category_id'), 'msg': 'Input should be a valid string', 'input': None}
  {'type': 'string_type', 'loc': ('response', 17, 'category_id'), 'msg': 'Input should be a valid string', 'input': None}

  File "D:\ControlledCopy\Inidawish\backend\app\api\endpoints\marketplace.py", line 37, in get_fresh_recommendations
    GET /api/listings/home/fresh
Traceback (most recent call last):
  File "D:\ControlledCopy\Inidawish\backend\venv\Lib\site-packages\starlette\middleware\errors.py", line 164, in __call__
    await self.app(scope, receive, _send)
  File "D:\ControlledCopy\Inidawish\backend\venv\Lib\site-packages\starlette\middleware\cors.py", line 95, in __call__
    await self.simple_response(scope, receive, send, request_headers=headers)
  File "D:\ControlledCopy\Inidawish\backend\venv\Lib\site-packages\starlette\middleware\cors.py", line 153, in simple_response
    await self.app(scope, receive, send)
  File "D:\ControlledCopy\Inidawish\backend\venv\Lib\site-packages\starlette\middleware\exceptions.py", line 63, in __call__
    await wrap_app_handling_exceptions(self.app, conn)(scope, receive, send)
  File "D:\ControlledCopy\Inidawish\backend\venv\Lib\site-packages\starlette\_exception_handler.py", line 53, in wrapped_app
    raise exc
  File "D:\ControlledCopy\Inidawish\backend\venv\Lib\site-packages\starlette\_exception_handler.py", line 42, in wrapped_app
    await app(scope, receive, sender)
  File "D:\ControlledCopy\Inidawish\backend\venv\Lib\site-packages\fastapi\middleware\asyncexitstack.py", line 18, in __call__
    await self.app(scope, receive, send)
  File "D:\ControlledCopy\Inidawish\backend\venv\Lib\site-packages\starlette\routing.py", line 716, in __call__
    await self.middleware_stack(scope, receive, send)
  File "D:\ControlledCopy\Inidawish\backend\venv\Lib\site-packages\starlette\routing.py", line 736, in app
    await route.handle(scope, receive, send)
  File "D:\ControlledCopy\Inidawish\backend\venv\Lib\site-packages\starlette\routing.py", line 290, in handle
    await self.app(scope, receive, send)
  File "D:\ControlledCopy\Inidawish\backend\venv\Lib\site-packages\fastapi\routing.py", line 122, in app
    await wrap_app_handling_exceptions(app, request)(scope, receive, send)
  File "D:\ControlledCopy\Inidawish\backend\venv\Lib\site-packages\starlette\_exception_handler.py", line 53, in wrapped_app
    raise exc
  File "D:\ControlledCopy\Inidawish\backend\venv\Lib\site-packages\starlette\_exception_handler.py", line 42, in wrapped_app
    await app(scope, receive, sender)
  File "D:\ControlledCopy\Inidawish\backend\venv\Lib\site-packages\fastapi\routing.py", line 108, in app
    response = await f(request)
               ^^^^^^^^^^^^^^^^
  File "D:\ControlledCopy\Inidawish\backend\venv\Lib\site-packages\fastapi\routing.py", line 553, in app
    content = await serialize_response(
              ^^^^^^^^^^^^^^^^^^^^^^^^^
    ...<11 lines>...
    )
    ^
  File "D:\ControlledCopy\Inidawish\backend\venv\Lib\site-packages\fastapi\routing.py", line 288, in serialize_response
    raise ResponseValidationError(
    ...<3 lines>...
    )
fastapi.exceptions.ResponseValidationError: 12 validation errors:
  {'type': 'string_type', 'loc': ('response', 5, 'category_id'), 'msg': 'Input should be a valid string', 'input': None}
  {'type': 'string_type', 'loc': ('response', 6, 'category_id'), 'msg': 'Input should be a valid string', 'input': None}
  {'type': 'string_type', 'loc': ('response', 7, 'category_id'), 'msg': 'Input should be a valid string', 'input': None}
  {'type': 'string_type', 'loc': ('response', 8, 'category_id'), 'msg': 'Input should be a valid string', 'input': None}
  {'type': 'string_type', 'loc': ('response', 9, 'category_id'), 'msg': 'Input should be a valid string', 'input': None}
  {'type': 'string_type', 'loc': ('response', 10, 'category_id'), 'msg': 'Input should be a valid string', 'input': None}
  {'type': 'string_type', 'loc': ('response', 11, 'category_id'), 'msg': 'Input should be a valid string', 'input': None}
  {'type': 'string_type', 'loc': ('response', 12, 'category_id'), 'msg': 'Input should be a valid string', 'input': None}
  {'type': 'string_type', 'loc': ('response', 13, 'category_id'), 'msg': 'Input should be a valid string', 'input': None}
  {'type': 'string_type', 'loc': ('response', 14, 'category_id'), 'msg': 'Input should be a valid string', 'input': None}
  {'type': 'string_type', 'loc': ('response', 15, 'category_id'), 'msg': 'Input should be a valid string', 'input': None}
  {'type': 'string_type', 'loc': ('response', 17, 'category_id'), 'msg': 'Input should be a valid string', 'input': None}

  File "D:\ControlledCopy\Inidawish\backend\app\api\endpoints\marketplace.py", line 37, in get_fresh_recommendations
    GET /api/listings/home/fresh

Global exception caught: 12 validation errors:
  {'type': 'string_type', 'loc': ('response', 1, 'category_id'), 'msg': 'Input should be a valid string', 'input': None}
  {'type': 'string_type', 'loc': ('response', 2, 'category_id'), 'msg': 'Input should be a valid string', 'input': None}
  {'type': 'string_type', 'loc': ('response', 3, 'category_id'), 'msg': 'Input should be a valid string', 'input': None}
  {'type': 'string_type', 'loc': ('response', 4, 'category_id'), 'msg': 'Input should be a valid string', 'input': None}
  {'type': 'string_type', 'loc': ('response', 5, 'category_id'), 'msg': 'Input should be a valid string', 'input': None}
  {'type': 'string_type', 'loc': ('response', 6, 'category_id'), 'msg': 'Input should be a valid string', 'input': None}
  {'type': 'string_type', 'loc': ('response', 7, 'category_id'), 'msg': 'Input should be a valid string', 'input': None}
  {'type': 'string_type', 'loc': ('response', 8, 'category_id'), 'msg': 'Input should be a valid string', 'input': None}
  {'type': 'string_type', 'loc': ('response', 9, 'category_id'), 'msg': 'Input should be a valid string', 'input': None}
  {'type': 'string_type', 'loc': ('response', 10, 'category_id'), 'msg': 'Input should be a valid string', 'input': None}
  {'type': 'string_type', 'loc': ('response', 11, 'category_id'), 'msg': 'Input should be a valid string', 'input': None}
  {'type': 'string_type', 'loc': ('response', 12, 'category_id'), 'msg': 'Input should be a valid string', 'input': None}

  File "D:\ControlledCopy\Inidawish\backend\app\api\endpoints\marketplace.py", line 64, in get_listings
    GET /api/listings
Traceback (most recent call last):
  File "D:\ControlledCopy\Inidawish\backend\venv\Lib\site-packages\starlette\middleware\errors.py", line 164, in __call__
    await self.app(scope, receive, _send)
  File "D:\ControlledCopy\Inidawish\backend\venv\Lib\site-packages\starlette\middleware\cors.py", line 95, in __call__
    await self.simple_response(scope, receive, send, request_headers=headers)
  File "D:\ControlledCopy\Inidawish\backend\venv\Lib\site-packages\starlette\middleware\cors.py", line 153, in simple_response
    await self.app(scope, receive, send)
  File "D:\ControlledCopy\Inidawish\backend\venv\Lib\site-packages\starlette\middleware\exceptions.py", line 63, in __call__
    await wrap_app_handling_exceptions(self.app, conn)(scope, receive, send)
  File "D:\ControlledCopy\Inidawish\backend\venv\Lib\site-packages\starlette\_exception_handler.py", line 53, in wrapped_app
    raise exc
  File "D:\ControlledCopy\Inidawish\backend\venv\Lib\site-packages\starlette\_exception_handler.py", line 42, in wrapped_app
    await app(scope, receive, sender)
  File "D:\ControlledCopy\Inidawish\backend\venv\Lib\site-packages\fastapi\middleware\asyncexitstack.py", line 18, in __call__
    await self.app(scope, receive, send)
  File "D:\ControlledCopy\Inidawish\backend\venv\Lib\site-packages\starlette\routing.py", line 716, in __call__
    await self.middleware_stack(scope, receive, send)
  File "D:\ControlledCopy\Inidawish\backend\venv\Lib\site-packages\starlette\routing.py", line 736, in app
    await route.handle(scope, receive, send)
  File "D:\ControlledCopy\Inidawish\backend\venv\Lib\site-packages\starlette\routing.py", line 290, in handle
    await self.app(scope, receive, send)
  File "D:\ControlledCopy\Inidawish\backend\venv\Lib\site-packages\fastapi\routing.py", line 122, in app
    await wrap_app_handling_exceptions(app, request)(scope, receive, send)
  File "D:\ControlledCopy\Inidawish\backend\venv\Lib\site-packages\starlette\_exception_handler.py", line 53, in wrapped_app
    raise exc
  File "D:\ControlledCopy\Inidawish\backend\venv\Lib\site-packages\starlette\_exception_handler.py", line 42, in wrapped_app
    await app(scope, receive, sender)
  File "D:\ControlledCopy\Inidawish\backend\venv\Lib\site-packages\fastapi\routing.py", line 108, in app
    response = await f(request)
               ^^^^^^^^^^^^^^^^
  File "D:\ControlledCopy\Inidawish\backend\venv\Lib\site-packages\fastapi\routing.py", line 553, in app
    content = await serialize_response(
              ^^^^^^^^^^^^^^^^^^^^^^^^^
    ...<11 lines>...
    )
    ^
  File "D:\ControlledCopy\Inidawish\backend\venv\Lib\site-packages\fastapi\routing.py", line 288, in serialize_response
    raise ResponseValidationError(
    ...<3 lines>...
    )
fastapi.exceptions.ResponseValidationError: 12 validation errors:
  {'type': 'string_type', 'loc': ('response', 1, 'category_id'), 'msg': 'Input should be a valid string', 'input': None}
  {'type': 'string_type', 'loc': ('response', 2, 'category_id'), 'msg': 'Input should be a valid string', 'input': None}
  {'type': 'string_type', 'loc': ('response', 3, 'category_id'), 'msg': 'Input should be a valid string', 'input': None}
  {'type': 'string_type', 'loc': ('response', 4, 'category_id'), 'msg': 'Input should be a valid string', 'input': None}
  {'type': 'string_type', 'loc': ('response', 5, 'category_id'), 'msg': 'Input should be a valid string', 'input': None}
  {'type': 'string_type', 'loc': ('response', 6, 'category_id'), 'msg': 'Input should be a valid string', 'input': None}
  {'type': 'string_type', 'loc': ('response', 7, 'category_id'), 'msg': 'Input should be a valid string', 'input': None}
  {'type': 'string_type', 'loc': ('response', 8, 'category_id'), 'msg': 'Input should be a valid string', 'input': None}
  {'type': 'string_type', 'loc': ('response', 9, 'category_id'), 'msg': 'Input should be a valid string', 'input': None}
  {'type': 'string_type', 'loc': ('response', 10, 'category_id'), 'msg': 'Input should be a valid string', 'input': None}
  {'type': 'string_type', 'loc': ('response', 11, 'category_id'), 'msg': 'Input should be a valid string', 'input': None}
  {'type': 'string_type', 'loc': ('response', 12, 'category_id'), 'msg': 'Input should be a valid string', 'input': None}

  File "D:\ControlledCopy\Inidawish\backend\app\api\endpoints\marketplace.py", line 64, in get_listings
    GET /api/listings

